Sender: LSF System <lsfadmin@m002>
Subject: Job 13742367: <abl_night_all> in cluster <hpc> Done

Job <abl_night_all> was submitted from host <login1> by user <ytw_tangzq> in cluster <hpc> at Tue Jul 14 21:25:17 2026
Job was executed on host(s) <6*m002>, in queue <723090ib>, as user <ytw_tangzq> in cluster <hpc> at Tue Jul 14 21:25:18 2026
</fsb/home/yutingwang/ytw_tangzq> was used as the home directory.
</fsb/home/yutingwang/ytw_tangzq/schrodinger-bridge-sr-micrometeorology> was used as the working directory.
Started at Tue Jul 14 21:25:18 2026
Terminated at Tue Jul 14 22:07:00 2026
Results reported at Tue Jul 14 22:07:00 2026

Your job looked like:

------------------------------------------------------------
# LSBATCH: User input
#!/bin/bash
# ============================================
# LSF — Day/Night Ablation: All10 (baseline) (night)
# 128x128 + inner_ch=32 + pure L2 + GPU
# ============================================
#BSUB -q 723090ib
#BSUB -gpu "num=1:mode=exclusive_process"
#BSUB -n 4
#BSUB -R "rusage[mem=32000]"
#BSUB -J abl_night_all
#BSUB -o logs/abl_night_all_%J.out
#BSUB -e logs/abl_night_all_%J.err

module load anaconda/3
module load cuda/11.8.0
source activate wind3d

cd $LS_SUBCWD
mkdir -p logs

echo "=== Ablation: All10 (baseline) | Filter: night ==="
echo "Config: configs/config_wind_3d_ablation_all_night.yml"
echo "Host: $(hostname)"
echo "GPU:  $(nvidia-smi --query-gpu=name,memory.total --format=csv,noheader 2>/dev/null || echo 'N/A')"
echo "Start: $(date)"
echo ""

python scripts/train_schrodinger_bridge_model.py \
  --config_path configs/config_wind_3d_ablation_all_night.yml \
  --experiment_name ExperimentSchrodingerBridge3dWind \
  --device cuda:0

echo ""
echo "End: $(date)"

------------------------------------------------------------

Successfully completed.

Resource usage summary:

    CPU time :                                   2623.81 sec.
    Max Memory :                                 2123 MB
    Average Memory :                             2004.76 MB
    Total Requested Memory :                     32000.00 MB
    Delta Memory :                               29877.00 MB
    Max Swap :                                   -
    Max Processes :                              8
    Max Threads :                                48
    Run time :                                   2501 sec.
    Turnaround time :                            2503 sec.

The output (if any) follows:

=== Ablation: All10 (baseline) | Filter: night ===
Config: configs/config_wind_3d_ablation_all_night.yml
Host: m002
GPU:  NVIDIA GeForce RTX 3090, 24576 MiB
Start: Tue Jul 14 21:25:21 CST 2026

Experiment Schrodinger-Bridge 3D Wind Model is selected.

**************************************************
Show configuration
**************************************************

experiment_name='ExperimentSchrodingerBridge3dWind'
config_name='config_wind_3d_ablation_all_night'
config_path='configs/config_wind_3d_ablation_all_night.yml'
result_dir_path='/fsb/home/yutingwang/ytw_tangzq/schrodinger-bridge-sr-micrometeorology/data/DL_result/ExperimentSchrodingerBridge3dWind/config_wind_3d_ablation_all_night'

Input config = {
  "data": {
    "target_variable_names": [
      "hr_u_ml0",
      "hr_v_ml0",
      "hr_w_ml0",
      "hr_u_ml1",
      "hr_v_ml1",
      "hr_w_ml1",
      "hr_u_ml2",
      "hr_v_ml2",
      "hr_w_ml2",
      "hr_u_ml3",
      "hr_v_ml3",
      "hr_w_ml3",
      "hr_u_ml5",
      "hr_v_ml5",
      "hr_w_ml5",
      "hr_u_ml10",
      "hr_v_ml10",
      "hr_w_ml10"
    ],
    "input_variable_names": [
      "t2",
      "z",
      "lu",
      "tsk",
      "swdown",
      "glw",
      "hfx",
      "lh",
      "psfc",
      "pblh"
    ],
    "biases": {
      "hr_u_ml0": -1.95426,
      "hr_v_ml0": 2.778181,
      "hr_w_ml0": -0.005726,
      "lr_u_ml0": -1.95424,
      "lr_v_ml0": 2.778251,
      "lr_w_ml0": -0.00573,
      "hr_u_ml1": -2.236401,
      "hr_v_ml1": 3.337655,
      "hr_w_ml1": -0.005083,
      "lr_u_ml1": -2.236384,
      "lr_v_ml1": 3.337749,
      "lr_w_ml1": -0.005087,
      "hr_u_ml2": -2.376027,
      "hr_v_ml2": 3.760786,
      "hr_w_ml2": -0.003274,
      "lr_u_ml2": -2.37602,
      "lr_v_ml2": 3.760872,
      "lr_w_ml2": -0.003278,
      "hr_u_ml3": -2.451712,
      "hr_v_ml3": 4.141908,
      "hr_w_ml3": -0.000605,
      "lr_u_ml3": -2.451715,
      "lr_v_ml3": 4.141976,
      "lr_w_ml3": -0.000607,
      "hr_u_ml5": -2.441044,
      "hr_v_ml5": 4.68079,
      "hr_w_ml5": 0.005137,
      "lr_u_ml5": -2.441062,
      "lr_v_ml5": 4.680834,
      "lr_w_ml5": 0.005142,
      "hr_u_ml10": -2.472078,
      "hr_v_ml10": 3.227569,
      "hr_w_ml10": 0.008199,
      "lr_u_ml10": -2.472082,
      "lr_v_ml10": 3.227579,
      "lr_w_ml10": 0.008219,
      "t2": 301.998962,
      "z": 37.488346,
      "lu": 16.725618,
      "tsk": 303.561615,
      "swdown": 269.639557,
      "glw": 431.122955,
      "hfx": 42.14484,
      "lh": 96.566574,
      "psfc": 99869.882812,
      "pblh": 525.545227
    },
    "scales": {
      "hr_u_ml0": 4.402796,
      "hr_v_ml0": 3.525334,
      "hr_w_ml0": 0.148159,
      "lr_u_ml0": 4.364602,
      "lr_v_ml0": 3.472649,
      "lr_w_ml0": 0.083609,
      "hr_u_ml1": 5.105578,
      "hr_v_ml1": 3.983906,
      "hr_w_ml1": 0.191652,
      "lr_u_ml1": 5.07354,
      "lr_v_ml1": 3.939374,
      "lr_w_ml1": 0.105055,
      "hr_u_ml2": 5.622042,
      "hr_v_ml2": 4.207778,
      "hr_w_ml2": 0.220411,
      "lr_u_ml2": 5.597043,
      "lr_v_ml2": 4.172642,
      "lr_w_ml2": 0.12159,
      "hr_u_ml3": 6.141271,
      "hr_v_ml3": 4.357533,
      "hr_w_ml3": 0.247615,
      "lr_u_ml3": 6.121758,
      "lr_v_ml3": 4.329672,
      "lr_w_ml3": 0.137457,
      "hr_u_ml5": 7.334366,
      "hr_v_ml5": 4.558024,
      "hr_w_ml5": 0.295489,
      "lr_u_ml5": 7.32196,
      "lr_v_ml5": 4.538525,
      "lr_w_ml5": 0.168024,
      "hr_u_ml10": 7.964198,
      "hr_v_ml10": 4.241252,
      "hr_w_ml10": 0.334629,
      "lr_u_ml10": 7.956287,
      "lr_v_ml10": 4.225603,
      "lr_w_ml10": 0.198061,
      "t2": 2.14623,
      "z": 79.458443,
      "lu": 9.772256,
      "tsk": 4.892428,
      "swdown": 347.248718,
      "glw": 14.475859,
      "hfx": 85.938927,
      "lh": 118.271515,
      "psfc": 908.404907,
      "pblh": 357.77951
    },
    "is_clipped": false,
    "min_clipped_value": null,
    "max_clipped_value": null,
    "missing_value": 0.0,
    "hr_data_shape": [
      128,
      128
    ],
    "hr_cropped_shape": [
      128,
      128
    ],
    "dtype": "float32",
    "discarded_minute_range": [
      1,
      30
    ],
    "day_night_filter": "night"
  },
  "loader": {
    "batch_size": 2,
    "dl_data_ver": "wrf_3d_v1",
    "train_valid_test_ratios": [
      0.7,
      0.145,
      0.155
    ],
    "num_workers": 4,
    "seed": 42
  },
  "train": {
    "epochs": 400,
    "early_stopping_patience": 400,
    "seed": 78268,
    "learning_rate": 0.0005,
    "optim_name": "AdamW",
    "loss": {
      "loss_name": "L2"
    },
    "use_amp": false,
    "ema_decay": null,
    "save_interval": 100
  },
  "model": {
    "in_channel": 28,
    "inner_channel": 32,
    "out_channel": 18,
    "res_blocks": 1,
    "channel_mults": [
      1,
      2,
      4,
      8,
      8
    ],
    "attn_res": [
      16
    ],
    "channels_each_head": 16,
    "dropout": 0.2,
    "resblock_updown": true,
    "max_period": 10.0
  },
  "si": {
    "n_timestep": 10,
    "eps": 0.2,
    "formula": "quadratic",
    "loss_type": "L2",
    "channel_weights": null,
    "divergence_weight": 0.0,
    "vorticity_weight": 0.0
  }
}

dataset_config.dataset_name='Dataset3dWind'
The total files = 480. A part of them is used for training.
train: 146/335 samples kept after day_night_filter=night
valid: 31/70 samples kept after day_night_filter=night
test: 35/75 samples kept after day_night_filter=night
All files give to dataset are 146.
Reading all files.
train: dataset size = 146, batch num = 73

All files give to dataset are 31.
Reading all files.
valid: dataset size = 31, batch num = 16

DEBUG-DICT_LOADERS:73
UNetDDPMVer01 is created
EMA self.decay=None
Optimizer is AdamW.
No checkpoint found at '/fsb/home/yutingwang/ytw_tangzq/schrodinger-bridge-sr-micrometeorology/data/DL_result/ExperimentSchrodingerBridge3dWind/config_wind_3d_ablation_all_night/checkpoint.pth'. Starting training from scratch.

**************************************************
Train model
**************************************************

Train start: 2026-07-14 13:26:47.684518+00:00 UTC
Saving interval = 100
EMA decay rate = None
Epoch 1 / 400
train error: avg loss = 0.63699221
Best loss is updated and ES count is reset.
Checkpoint saved to '/fsb/home/yutingwang/ytw_tangzq/schrodinger-bridge-sr-micrometeorology/data/DL_result/ExperimentSchrodingerBridge3dWind/config_wind_3d_ablation_all_night/checkpoint.pth'
Elapsed time = 10.243156909942627 sec
----------
Epoch 2 / 400
train error: avg loss = 0.50150121
Best loss is updated and ES count is reset.
Checkpoint saved to '/fsb/home/yutingwang/ytw_tangzq/schrodinger-bridge-sr-micrometeorology/data/DL_result/ExperimentSchrodingerBridge3dWind/config_wind_3d_ablation_all_night/checkpoint.pth'
Elapsed time = 5.645001649856567 sec
----------
Epoch 3 / 400
train error: avg loss = 0.40790987
Best loss is updated and ES count is reset.
Checkpoint saved to '/fsb/home/yutingwang/ytw_tangzq/schrodinger-bridge-sr-micrometeorology/data/DL_result/ExperimentSchrodingerBridge3dWind/config_wind_3d_ablation_all_night/checkpoint.pth'
Elapsed time = 5.979082345962524 sec
----------
Epoch 4 / 400
train error: avg loss = 0.34879540
Best loss is updated and ES count is reset.
Checkpoint saved to '/fsb/home/yutingwang/ytw_tangzq/schrodinger-bridge-sr-micrometeorology/data/DL_result/ExperimentSchrodingerBridge3dWind/config_wind_3d_ablation_all_night/checkpoint.pth'
Elapsed time = 5.924131870269775 sec
----------
Epoch 5 / 400
train error: avg loss = 0.30472704
Best loss is updated and ES count is reset.
Checkpoint saved to '/fsb/home/yutingwang/ytw_tangzq/schrodinger-bridge-sr-micrometeorology/data/DL_result/ExperimentSchrodingerBridge3dWind/config_wind_3d_ablation_all_night/checkpoint.pth'
Elapsed time = 5.95325779914856 sec
----------
Epoch 6 / 400
train error: avg loss = 0.26427002
Best loss is updated and ES count is reset.
Checkpoint saved to '/fsb/home/yutingwang/ytw_tangzq/schrodinger-bridge-sr-micrometeorology/data/DL_result/ExperimentSchrodingerBridge3dWind/config_wind_3d_ablation_all_night/checkpoint.pth'
Elapsed time = 6.0193986892700195 sec
----------
Epoch 7 / 400
train error: avg loss = 0.24046995
Best loss is updated and ES count is reset.
Checkpoint saved to '/fsb/home/yutingwang/ytw_tangzq/schrodinger-bridge-sr-micrometeorology/data/DL_result/ExperimentSchrodingerBridge3dWind/config_wind_3d_ablation_all_night/checkpoint.pth'
Elapsed time = 6.030717611312866 sec
----------
Epoch 8 / 400
train error: avg loss = 0.23571668
Best loss is updated and ES count is reset.
Checkpoint saved to '/fsb/home/yutingwang/ytw_tangzq/schrodinger-bridge-sr-micrometeorology/data/DL_result/ExperimentSchrodingerBridge3dWind/config_wind_3d_ablation_all_night/checkpoint.pth'
Elapsed time = 6.121189117431641 sec
----------
Epoch 9 / 400
train error: avg loss = 0.19627017
Best loss is updated and ES count is reset.
Checkpoint saved to '/fsb/home/yutingwang/ytw_tangzq/schrodinger-bridge-sr-micrometeorology/data/DL_result/ExperimentSchrodingerBridge3dWind/config_wind_3d_ablation_all_night/checkpoint.pth'
Elapsed time = 6.256743431091309 sec
----------
Epoch 10 / 400
train error: avg loss = 0.16455360
Best loss is updated and ES count is reset.
Checkpoint saved to '/fsb/home/yutingwang/ytw_tangzq/schrodinger-bridge-sr-micrometeorology/data/DL_result/ExperimentSchrodingerBridge3dWind/config_wind_3d_ablation_all_night/checkpoint.pth'
Elapsed time = 5.83222508430481 sec
----------
Epoch 11 / 400
train error: avg loss = 0.17960259
ES count = 1
Elapsed time = 5.64570689201355 sec
----------
Epoch 12 / 400
train error: avg loss = 0.16725605
ES count = 2
Elapsed time = 5.5388782024383545 sec
----------
Epoch 13 / 400
train error: avg loss = 0.15100447
Best loss is updated and ES count is reset.
Checkpoint saved to '/fsb/home/yutingwang/ytw_tangzq/schrodinger-bridge-sr-micrometeorology/data/DL_result/ExperimentSchrodingerBridge3dWind/config_wind_3d_ablation_all_night/checkpoint.pth'
Elapsed time = 5.872684955596924 sec
----------
Epoch 14 / 400
train error: avg loss = 0.15538804
ES count = 1
Elapsed time = 5.896527290344238 sec
----------
Epoch 15 / 400
train error: avg loss = 0.15455967
ES count = 2
Elapsed time = 6.040910243988037 sec
----------
Epoch 16 / 400
train error: avg loss = 0.13449221
Best loss is updated and ES count is reset.
Checkpoint saved to '/fsb/home/yutingwang/ytw_tangzq/schrodinger-bridge-sr-micrometeorology/data/DL_result/ExperimentSchrodingerBridge3dWind/config_wind_3d_ablation_all_night/checkpoint.pth'
Elapsed time = 5.996942520141602 sec
----------
Epoch 17 / 400
train error: avg loss = 0.14492251
ES count = 1
Elapsed time = 5.57766580581665 sec
----------
Epoch 18 / 400
train error: avg loss = 0.13950450
ES count = 2
Elapsed time = 5.8027825355529785 sec
----------
Epoch 19 / 400
train error: avg loss = 0.12598393
Best loss is updated and ES count is reset.
Checkpoint saved to '/fsb/home/yutingwang/ytw_tangzq/schrodinger-bridge-sr-micrometeorology/data/DL_result/ExperimentSchrodingerBridge3dWind/config_wind_3d_ablation_all_night/checkpoint.pth'
Elapsed time = 6.128504753112793 sec
----------
Epoch 20 / 400
train error: avg loss = 0.12370686
Best loss is updated and ES count is reset.
Checkpoint saved to '/fsb/home/yutingwang/ytw_tangzq/schrodinger-bridge-sr-micrometeorology/data/DL_result/ExperimentSchrodingerBridge3dWind/config_wind_3d_ablation_all_night/checkpoint.pth'
Elapsed time = 6.134814262390137 sec
----------
Epoch 21 / 400
train error: avg loss = 0.14015467
ES count = 1
Elapsed time = 5.677510023117065 sec
----------
Epoch 22 / 400
train error: avg loss = 0.14142015
ES count = 2
Elapsed time = 5.912806749343872 sec
----------
Epoch 23 / 400
train error: avg loss = 0.14111543
ES count = 3
Elapsed time = 5.829360723495483 sec
----------
Epoch 24 / 400
train error: avg loss = 0.12218019
Best loss is updated and ES count is reset.
Checkpoint saved to '/fsb/home/yutingwang/ytw_tangzq/schrodinger-bridge-sr-micrometeorology/data/DL_result/ExperimentSchrodingerBridge3dWind/config_wind_3d_ablation_all_night/checkpoint.pth'
Elapsed time = 6.172222137451172 sec
----------
Epoch 25 / 400
train error: avg loss = 0.10220570
Best loss is updated and ES count is reset.
Checkpoint saved to '/fsb/home/yutingwang/ytw_tangzq/schrodinger-bridge-sr-micrometeorology/data/DL_result/ExperimentSchrodingerBridge3dWind/config_wind_3d_ablation_all_night/checkpoint.pth'
Elapsed time = 6.032959938049316 sec
----------
Epoch 26 / 400
train error: avg loss = 0.11966166
ES count = 1
Elapsed time = 5.784781217575073 sec
----------
Epoch 27 / 400
train error: avg loss = 0.11906616
ES count = 2
Elapsed time = 5.978779554367065 sec
----------
Epoch 28 / 400
train error: avg loss = 0.10821967
ES count = 3
Elapsed time = 5.887429237365723 sec
----------
Epoch 29 / 400
train error: avg loss = 0.10821008
ES count = 4
Elapsed time = 5.948007583618164 sec
----------
Epoch 30 / 400
train error: avg loss = 0.12350592
ES count = 5
Elapsed time = 5.940001010894775 sec
----------
Epoch 31 / 400
train error: avg loss = 0.12087068
ES count = 6
Elapsed time = 5.845589876174927 sec
----------
Epoch 32 / 400
train error: avg loss = 0.11079619
ES count = 7
Elapsed time = 5.987483978271484 sec
----------
Epoch 33 / 400
train error: avg loss = 0.11282731
ES count = 8
Elapsed time = 5.877795457839966 sec
----------
Epoch 34 / 400
train error: avg loss = 0.11106751
ES count = 9
Elapsed time = 5.891242980957031 sec
----------
Epoch 35 / 400
train error: avg loss = 0.10749292
ES count = 10
Elapsed time = 5.801677942276001 sec
----------
Epoch 36 / 400
train error: avg loss = 0.10446139
ES count = 11
Elapsed time = 5.694735765457153 sec
----------
Epoch 37 / 400
train error: avg loss = 0.10281384
ES count = 12
Elapsed time = 5.609843730926514 sec
----------
Epoch 38 / 400
train error: avg loss = 0.10048116
Best loss is updated and ES count is reset.
Checkpoint saved to '/fsb/home/yutingwang/ytw_tangzq/schrodinger-bridge-sr-micrometeorology/data/DL_result/ExperimentSchrodingerBridge3dWind/config_wind_3d_ablation_all_night/checkpoint.pth'
Elapsed time = 6.209176301956177 sec
----------
Epoch 39 / 400
train error: avg loss = 0.10691422
ES count = 1
Elapsed time = 5.722350597381592 sec
----------
Epoch 40 / 400
train error: avg loss = 0.10232737
ES count = 2
Elapsed time = 5.7244837284088135 sec
----------
Epoch 41 / 400
train error: avg loss = 0.10081560
ES count = 3
Elapsed time = 5.655513763427734 sec
----------
Epoch 42 / 400
train error: avg loss = 0.09448509
Best loss is updated and ES count is reset.
Checkpoint saved to '/fsb/home/yutingwang/ytw_tangzq/schrodinger-bridge-sr-micrometeorology/data/DL_result/ExperimentSchrodingerBridge3dWind/config_wind_3d_ablation_all_night/checkpoint.pth'
Elapsed time = 6.1584508419036865 sec
----------
Epoch 43 / 400
train error: avg loss = 0.09381904
Best loss is updated and ES count is reset.
Checkpoint saved to '/fsb/home/yutingwang/ytw_tangzq/schrodinger-bridge-sr-micrometeorology/data/DL_result/ExperimentSchrodingerBridge3dWind/config_wind_3d_ablation_all_night/checkpoint.pth'
Elapsed time = 6.251198768615723 sec
----------
Epoch 44 / 400
train error: avg loss = 0.09169764
Best loss is updated and ES count is reset.
Checkpoint saved to '/fsb/home/yutingwang/ytw_tangzq/schrodinger-bridge-sr-micrometeorology/data/DL_result/ExperimentSchrodingerBridge3dWind/config_wind_3d_ablation_all_night/checkpoint.pth'
Elapsed time = 6.313323259353638 sec
----------
Epoch 45 / 400
train error: avg loss = 0.09001204
Best loss is updated and ES count is reset.
Checkpoint saved to '/fsb/home/yutingwang/ytw_tangzq/schrodinger-bridge-sr-micrometeorology/data/DL_result/ExperimentSchrodingerBridge3dWind/config_wind_3d_ablation_all_night/checkpoint.pth'
Elapsed time = 6.051482200622559 sec
----------
Epoch 46 / 400
train error: avg loss = 0.08987078
Best loss is updated and ES count is reset.
Checkpoint saved to '/fsb/home/yutingwang/ytw_tangzq/schrodinger-bridge-sr-micrometeorology/data/DL_result/ExperimentSchrodingerBridge3dWind/config_wind_3d_ablation_all_night/checkpoint.pth'
Elapsed time = 5.924159288406372 sec
----------
Epoch 47 / 400
train error: avg loss = 0.09287695
ES count = 1
Elapsed time = 5.728011608123779 sec
----------
Epoch 48 / 400
train error: avg loss = 0.09656875
ES count = 2
Elapsed time = 5.771832466125488 sec
----------
Epoch 49 / 400
train error: avg loss = 0.09074266
ES count = 3
Elapsed time = 5.84863543510437 sec
----------
Epoch 50 / 400
train error: avg loss = 0.08932459
Best loss is updated and ES count is reset.
Checkpoint saved to '/fsb/home/yutingwang/ytw_tangzq/schrodinger-bridge-sr-micrometeorology/data/DL_result/ExperimentSchrodingerBridge3dWind/config_wind_3d_ablation_all_night/checkpoint.pth'
Elapsed time = 6.188058376312256 sec
----------
Epoch 51 / 400
train error: avg loss = 0.08744544
Best loss is updated and ES count is reset.
Checkpoint saved to '/fsb/home/yutingwang/ytw_tangzq/schrodinger-bridge-sr-micrometeorology/data/DL_result/ExperimentSchrodingerBridge3dWind/config_wind_3d_ablation_all_night/checkpoint.pth'
Elapsed time = 6.330173492431641 sec
----------
Epoch 52 / 400
train error: avg loss = 0.08500896
Best loss is updated and ES count is reset.
Checkpoint saved to '/fsb/home/yutingwang/ytw_tangzq/schrodinger-bridge-sr-micrometeorology/data/DL_result/ExperimentSchrodingerBridge3dWind/config_wind_3d_ablation_all_night/checkpoint.pth'
Elapsed time = 6.260598182678223 sec
----------
Epoch 53 / 400
train error: avg loss = 0.08663894
ES count = 1
Elapsed time = 5.945128917694092 sec
----------
Epoch 54 / 400
train error: avg loss = 0.09035766
ES count = 2
Elapsed time = 5.926796913146973 sec
----------
Epoch 55 / 400
train error: avg loss = 0.08738351
ES count = 3
Elapsed time = 5.969722270965576 sec
----------
Epoch 56 / 400
train error: avg loss = 0.07439911
Best loss is updated and ES count is reset.
Checkpoint saved to '/fsb/home/yutingwang/ytw_tangzq/schrodinger-bridge-sr-micrometeorology/data/DL_result/ExperimentSchrodingerBridge3dWind/config_wind_3d_ablation_all_night/checkpoint.pth'
Elapsed time = 5.980190753936768 sec
----------
Epoch 57 / 400
train error: avg loss = 0.08136202
ES count = 1
Elapsed time = 5.870180606842041 sec
----------
Epoch 58 / 400
train error: avg loss = 0.08502416
ES count = 2
Elapsed time = 5.78172492980957 sec
----------
Epoch 59 / 400
train error: avg loss = 0.08182622
ES count = 3
Elapsed time = 6.05377459526062 sec
----------
Epoch 60 / 400
train error: avg loss = 0.07851819
ES count = 4
Elapsed time = 5.870037078857422 sec
----------
Epoch 61 / 400
train error: avg loss = 0.08779353
ES count = 5
Elapsed time = 5.931774139404297 sec
----------
Epoch 62 / 400
train error: avg loss = 0.08387858
ES count = 6
Elapsed time = 5.922282457351685 sec
----------
Epoch 63 / 400
train error: avg loss = 0.08429759
ES count = 7
Elapsed time = 5.924034595489502 sec
----------
Epoch 64 / 400
train error: avg loss = 0.07755470
ES count = 8
Elapsed time = 5.728283405303955 sec
----------
Epoch 65 / 400
train error: avg loss = 0.07076812
Best loss is updated and ES count is reset.
Checkpoint saved to '/fsb/home/yutingwang/ytw_tangzq/schrodinger-bridge-sr-micrometeorology/data/DL_result/ExperimentSchrodingerBridge3dWind/config_wind_3d_ablation_all_night/checkpoint.pth'
Elapsed time = 6.197346925735474 sec
----------
Epoch 66 / 400
train error: avg loss = 0.07564558
ES count = 1
Elapsed time = 5.883777856826782 sec
----------
Epoch 67 / 400
train error: avg loss = 0.07724050
ES count = 2
Elapsed time = 5.924302101135254 sec
----------
Epoch 68 / 400
train error: avg loss = 0.08176155
ES count = 3
Elapsed time = 5.886292934417725 sec
----------
Epoch 69 / 400
train error: avg loss = 0.07896183
ES count = 4
Elapsed time = 5.926146745681763 sec
----------
Epoch 70 / 400
train error: avg loss = 0.07695734
ES count = 5
Elapsed time = 5.696056365966797 sec
----------
Epoch 71 / 400
train error: avg loss = 0.08016863
ES count = 6
Elapsed time = 5.74387264251709 sec
----------
Epoch 72 / 400
train error: avg loss = 0.07093404
ES count = 7
Elapsed time = 5.839944124221802 sec
----------
Epoch 73 / 400
train error: avg loss = 0.07684698
ES count = 8
Elapsed time = 5.807173728942871 sec
----------
Epoch 74 / 400
train error: avg loss = 0.07482080
ES count = 9
Elapsed time = 5.8643248081207275 sec
----------
Epoch 75 / 400
train error: avg loss = 0.07599968
ES count = 10
Elapsed time = 5.978829383850098 sec
----------
Epoch 76 / 400
train error: avg loss = 0.07267736
ES count = 11
Elapsed time = 5.766037940979004 sec
----------
Epoch 77 / 400
train error: avg loss = 0.06973636
Best loss is updated and ES count is reset.
Checkpoint saved to '/fsb/home/yutingwang/ytw_tangzq/schrodinger-bridge-sr-micrometeorology/data/DL_result/ExperimentSchrodingerBridge3dWind/config_wind_3d_ablation_all_night/checkpoint.pth'
Elapsed time = 6.067552328109741 sec
----------
Epoch 78 / 400
train error: avg loss = 0.06882059
Best loss is updated and ES count is reset.
Checkpoint saved to '/fsb/home/yutingwang/ytw_tangzq/schrodinger-bridge-sr-micrometeorology/data/DL_result/ExperimentSchrodingerBridge3dWind/config_wind_3d_ablation_all_night/checkpoint.pth'
Elapsed time = 6.239113807678223 sec
----------
Epoch 79 / 400
train error: avg loss = 0.07254385
ES count = 1
Elapsed time = 5.897521734237671 sec
----------
Epoch 80 / 400
train error: avg loss = 0.07076653
ES count = 2
Elapsed time = 5.973208904266357 sec
----------
Epoch 81 / 400
train error: avg loss = 0.07060335
ES count = 3
Elapsed time = 6.0812132358551025 sec
----------
Epoch 82 / 400
train error: avg loss = 0.07609975
ES count = 4
Elapsed time = 5.871028661727905 sec
----------
Epoch 83 / 400
train error: avg loss = 0.07798416
ES count = 5
Elapsed time = 5.937214136123657 sec
----------
Epoch 84 / 400
train error: avg loss = 0.06984310
ES count = 6
Elapsed time = 5.91143798828125 sec
----------
Epoch 85 / 400
train error: avg loss = 0.06905899
ES count = 7
Elapsed time = 5.928999662399292 sec
----------
Epoch 86 / 400
train error: avg loss = 0.07124142
ES count = 8
Elapsed time = 6.038322687149048 sec
----------
Epoch 87 / 400
train error: avg loss = 0.07085090
ES count = 9
Elapsed time = 5.981388092041016 sec
----------
Epoch 88 / 400
train error: avg loss = 0.06779726
Best loss is updated and ES count is reset.
Checkpoint saved to '/fsb/home/yutingwang/ytw_tangzq/schrodinger-bridge-sr-micrometeorology/data/DL_result/ExperimentSchrodingerBridge3dWind/config_wind_3d_ablation_all_night/checkpoint.pth'
Elapsed time = 6.344038486480713 sec
----------
Epoch 89 / 400
train error: avg loss = 0.06703706
Best loss is updated and ES count is reset.
Checkpoint saved to '/fsb/home/yutingwang/ytw_tangzq/schrodinger-bridge-sr-micrometeorology/data/DL_result/ExperimentSchrodingerBridge3dWind/config_wind_3d_ablation_all_night/checkpoint.pth'
Elapsed time = 6.089561462402344 sec
----------
Epoch 90 / 400
train error: avg loss = 0.06808702
ES count = 1
Elapsed time = 5.838316202163696 sec
----------
Epoch 91 / 400
train error: avg loss = 0.06751273
ES count = 2
Elapsed time = 5.840601444244385 sec
----------
Epoch 92 / 400
train error: avg loss = 0.07044522
ES count = 3
Elapsed time = 5.8570709228515625 sec
----------
Epoch 93 / 400
train error: avg loss = 0.06886379
ES count = 4
Elapsed time = 5.839405298233032 sec
----------
Epoch 94 / 400
train error: avg loss = 0.07050694
ES count = 5
Elapsed time = 5.854652404785156 sec
----------
Epoch 95 / 400
train error: avg loss = 0.07669402
ES count = 6
Elapsed time = 5.754052400588989 sec
----------
Epoch 96 / 400
train error: avg loss = 0.07081268
ES count = 7
Elapsed time = 5.76677680015564 sec
----------
Epoch 97 / 400
train error: avg loss = 0.06663820
Best loss is updated and ES count is reset.
Checkpoint saved to '/fsb/home/yutingwang/ytw_tangzq/schrodinger-bridge-sr-micrometeorology/data/DL_result/ExperimentSchrodingerBridge3dWind/config_wind_3d_ablation_all_night/checkpoint.pth'
Elapsed time = 5.955998182296753 sec
----------
Epoch 98 / 400
train error: avg loss = 0.06449190
Best loss is updated and ES count is reset.
Checkpoint saved to '/fsb/home/yutingwang/ytw_tangzq/schrodinger-bridge-sr-micrometeorology/data/DL_result/ExperimentSchrodingerBridge3dWind/config_wind_3d_ablation_all_night/checkpoint.pth'
Elapsed time = 6.182921886444092 sec
----------
Epoch 99 / 400
train error: avg loss = 0.06532388
ES count = 1
Elapsed time = 6.015943765640259 sec
----------
Epoch 100 / 400
train error: avg loss = 0.06892833
ES count = 2
Epoch = 100. Save a periodic model snapshot.
Elapsed time = 6.112314224243164 sec
----------
Epoch 101 / 400
train error: avg loss = 0.06956451
ES count = 3
Elapsed time = 6.004457235336304 sec
----------
Epoch 102 / 400
train error: avg loss = 0.06724581
ES count = 4
Elapsed time = 5.772334337234497 sec
----------
Epoch 103 / 400
train error: avg loss = 0.06810150
ES count = 5
Elapsed time = 6.092722177505493 sec
----------
Epoch 104 / 400
train error: avg loss = 0.06754983
ES count = 6
Elapsed time = 5.8611462116241455 sec
----------
Epoch 105 / 400
train error: avg loss = 0.06778905
ES count = 7
Elapsed time = 5.873192310333252 sec
----------
Epoch 106 / 400
train error: avg loss = 0.06411879
Best loss is updated and ES count is reset.
Checkpoint saved to '/fsb/home/yutingwang/ytw_tangzq/schrodinger-bridge-sr-micrometeorology/data/DL_result/ExperimentSchrodingerBridge3dWind/config_wind_3d_ablation_all_night/checkpoint.pth'
Elapsed time = 6.246300458908081 sec
----------
Epoch 107 / 400
train error: avg loss = 0.06262277
Best loss is updated and ES count is reset.
Checkpoint saved to '/fsb/home/yutingwang/ytw_tangzq/schrodinger-bridge-sr-micrometeorology/data/DL_result/ExperimentSchrodingerBridge3dWind/config_wind_3d_ablation_all_night/checkpoint.pth'
Elapsed time = 6.3622119426727295 sec
----------
Epoch 108 / 400
train error: avg loss = 0.06694870
ES count = 1
Elapsed time = 5.861359357833862 sec
----------
Epoch 109 / 400
train error: avg loss = 0.05985148
Best loss is updated and ES count is reset.
Checkpoint saved to '/fsb/home/yutingwang/ytw_tangzq/schrodinger-bridge-sr-micrometeorology/data/DL_result/ExperimentSchrodingerBridge3dWind/config_wind_3d_ablation_all_night/checkpoint.pth'
Elapsed time = 6.219959497451782 sec
----------
Epoch 110 / 400
train error: avg loss = 0.06651948
ES count = 1
Elapsed time = 6.038804769515991 sec
----------
Epoch 111 / 400
train error: avg loss = 0.06706457
ES count = 2
Elapsed time = 5.789024829864502 sec
----------
Epoch 112 / 400
train error: avg loss = 0.06288336
ES count = 3
Elapsed time = 5.8910486698150635 sec
----------
Epoch 113 / 400
train error: avg loss = 0.06567811
ES count = 4
Elapsed time = 5.820510387420654 sec
----------
Epoch 114 / 400
train error: avg loss = 0.06274835
ES count = 5
Elapsed time = 5.974447011947632 sec
----------
Epoch 115 / 400
train error: avg loss = 0.07067038
ES count = 6
Elapsed time = 5.958892345428467 sec
----------
Epoch 116 / 400
train error: avg loss = 0.06222154
ES count = 7
Elapsed time = 6.011141538619995 sec
----------
Epoch 117 / 400
train error: avg loss = 0.06188974
ES count = 8
Elapsed time = 6.034383058547974 sec
----------
Epoch 118 / 400
train error: avg loss = 0.06924455
ES count = 9
Elapsed time = 5.8726043701171875 sec
----------
Epoch 119 / 400
train error: avg loss = 0.06410606
ES count = 10
Elapsed time = 5.969979286193848 sec
----------
Epoch 120 / 400
train error: avg loss = 0.06586937
ES count = 11
Elapsed time = 5.792557716369629 sec
----------
Epoch 121 / 400
train error: avg loss = 0.06636010
ES count = 12
Elapsed time = 5.771735906600952 sec
----------
Epoch 122 / 400
train error: avg loss = 0.06544253
ES count = 13
Elapsed time = 5.755737066268921 sec
----------
Epoch 123 / 400
train error: avg loss = 0.06378468
ES count = 14
Elapsed time = 5.798347473144531 sec
----------
Epoch 124 / 400
train error: avg loss = 0.06220600
ES count = 15
Elapsed time = 5.955082416534424 sec
----------
Epoch 125 / 400
train error: avg loss = 0.06462000
ES count = 16
Elapsed time = 5.862043857574463 sec
----------
Epoch 126 / 400
train error: avg loss = 0.06490336
ES count = 17
Elapsed time = 5.851525783538818 sec
----------
Epoch 127 / 400
train error: avg loss = 0.06588854
ES count = 18
Elapsed time = 6.201922416687012 sec
----------
Epoch 128 / 400
train error: avg loss = 0.06199702
ES count = 19
Elapsed time = 5.984098434448242 sec
----------
Epoch 129 / 400
train error: avg loss = 0.06389627
ES count = 20
Elapsed time = 5.905651092529297 sec
----------
Epoch 130 / 400
train error: avg loss = 0.05896084
Best loss is updated and ES count is reset.
Checkpoint saved to '/fsb/home/yutingwang/ytw_tangzq/schrodinger-bridge-sr-micrometeorology/data/DL_result/ExperimentSchrodingerBridge3dWind/config_wind_3d_ablation_all_night/checkpoint.pth'
Elapsed time = 6.248956203460693 sec
----------
Epoch 131 / 400
train error: avg loss = 0.06397798
ES count = 1
Elapsed time = 5.812956809997559 sec
----------
Epoch 132 / 400
train error: avg loss = 0.06160411
ES count = 2
Elapsed time = 5.958906650543213 sec
----------
Epoch 133 / 400
train error: avg loss = 0.06373427
ES count = 3
Elapsed time = 5.947084903717041 sec
----------
Epoch 134 / 400
train error: avg loss = 0.05842759
Best loss is updated and ES count is reset.
Checkpoint saved to '/fsb/home/yutingwang/ytw_tangzq/schrodinger-bridge-sr-micrometeorology/data/DL_result/ExperimentSchrodingerBridge3dWind/config_wind_3d_ablation_all_night/checkpoint.pth'
Elapsed time = 6.264711856842041 sec
----------
Epoch 135 / 400
train error: avg loss = 0.05970192
ES count = 1
Elapsed time = 5.923056125640869 sec
----------
Epoch 136 / 400
train error: avg loss = 0.06174937
ES count = 2
Elapsed time = 5.951012372970581 sec
----------
Epoch 137 / 400
train error: avg loss = 0.06237063
ES count = 3
Elapsed time = 6.112534284591675 sec
----------
Epoch 138 / 400
train error: avg loss = 0.06202380
ES count = 4
Elapsed time = 5.9423134326934814 sec
----------
Epoch 139 / 400
train error: avg loss = 0.06108777
ES count = 5
Elapsed time = 5.982704162597656 sec
----------
Epoch 140 / 400
train error: avg loss = 0.06507911
ES count = 6
Elapsed time = 5.893012046813965 sec
----------
Epoch 141 / 400
train error: avg loss = 0.06006420
ES count = 7
Elapsed time = 5.906860828399658 sec
----------
Epoch 142 / 400
train error: avg loss = 0.05703490
Best loss is updated and ES count is reset.
Checkpoint saved to '/fsb/home/yutingwang/ytw_tangzq/schrodinger-bridge-sr-micrometeorology/data/DL_result/ExperimentSchrodingerBridge3dWind/config_wind_3d_ablation_all_night/checkpoint.pth'
Elapsed time = 6.0733113288879395 sec
----------
Epoch 143 / 400
train error: avg loss = 0.05793845
ES count = 1
Elapsed time = 5.8982367515563965 sec
----------
Epoch 144 / 400
train error: avg loss = 0.05705318
ES count = 2
Elapsed time = 5.923927068710327 sec
----------
Epoch 145 / 400
train error: avg loss = 0.05791911
ES count = 3
Elapsed time = 6.040364980697632 sec
----------
Epoch 146 / 400
train error: avg loss = 0.05580230
Best loss is updated and ES count is reset.
Checkpoint saved to '/fsb/home/yutingwang/ytw_tangzq/schrodinger-bridge-sr-micrometeorology/data/DL_result/ExperimentSchrodingerBridge3dWind/config_wind_3d_ablation_all_night/checkpoint.pth'
Elapsed time = 6.178587913513184 sec
----------
Epoch 147 / 400
train error: avg loss = 0.05942108
ES count = 1
Elapsed time = 5.899953603744507 sec
----------
Epoch 148 / 400
train error: avg loss = 0.05921127
ES count = 2
Elapsed time = 6.030228137969971 sec
----------
Epoch 149 / 400
train error: avg loss = 0.06010949
ES count = 3
Elapsed time = 6.040495872497559 sec
----------
Epoch 150 / 400
train error: avg loss = 0.05956075
ES count = 4
Elapsed time = 6.044167995452881 sec
----------
Epoch 151 / 400
train error: avg loss = 0.05950002
ES count = 5
Elapsed time = 5.938953638076782 sec
----------
Epoch 152 / 400
train error: avg loss = 0.05431604
Best loss is updated and ES count is reset.
Checkpoint saved to '/fsb/home/yutingwang/ytw_tangzq/schrodinger-bridge-sr-micrometeorology/data/DL_result/ExperimentSchrodingerBridge3dWind/config_wind_3d_ablation_all_night/checkpoint.pth'
Elapsed time = 6.2398741245269775 sec
----------
Epoch 153 / 400
train error: avg loss = 0.05855359
ES count = 1
Elapsed time = 5.95930814743042 sec
----------
Epoch 154 / 400
train error: avg loss = 0.05859124
ES count = 2
Elapsed time = 5.83617091178894 sec
----------
Epoch 155 / 400
train error: avg loss = 0.05896209
ES count = 3
Elapsed time = 5.786533355712891 sec
----------
Epoch 156 / 400
train error: avg loss = 0.05748530
ES count = 4
Elapsed time = 5.920760631561279 sec
----------
Epoch 157 / 400
train error: avg loss = 0.05956101
ES count = 5
Elapsed time = 5.884199142456055 sec
----------
Epoch 158 / 400
train error: avg loss = 0.05680003
ES count = 6
Elapsed time = 5.82682466506958 sec
----------
Epoch 159 / 400
train error: avg loss = 0.05747110
ES count = 7
Elapsed time = 5.86943244934082 sec
----------
Epoch 160 / 400
train error: avg loss = 0.05947223
ES count = 8
Elapsed time = 5.8953492641448975 sec
----------
Epoch 161 / 400
train error: avg loss = 0.05538908
ES count = 9
Elapsed time = 5.879285573959351 sec
----------
Epoch 162 / 400
train error: avg loss = 0.06074594
ES count = 10
Elapsed time = 5.859236717224121 sec
----------
Epoch 163 / 400
train error: avg loss = 0.06114857
ES count = 11
Elapsed time = 5.96071720123291 sec
----------
Epoch 164 / 400
train error: avg loss = 0.06177030
ES count = 12
Elapsed time = 5.921269655227661 sec
----------
Epoch 165 / 400
train error: avg loss = 0.05555006
ES count = 13
Elapsed time = 5.891725540161133 sec
----------
Epoch 166 / 400
train error: avg loss = 0.05845241
ES count = 14
Elapsed time = 6.00220251083374 sec
----------
Epoch 167 / 400
train error: avg loss = 0.05681768
ES count = 15
Elapsed time = 5.96654486656189 sec
----------
Epoch 168 / 400
train error: avg loss = 0.05654123
ES count = 16
Elapsed time = 5.830245733261108 sec
----------
Epoch 169 / 400
train error: avg loss = 0.05459607
ES count = 17
Elapsed time = 5.705416679382324 sec
----------
Epoch 170 / 400
train error: avg loss = 0.05859772
ES count = 18
Elapsed time = 6.114832639694214 sec
----------
Epoch 171 / 400
train error: avg loss = 0.05663216
ES count = 19
Elapsed time = 5.8523948192596436 sec
----------
Epoch 172 / 400
train error: avg loss = 0.05774171
ES count = 20
Elapsed time = 6.025810241699219 sec
----------
Epoch 173 / 400
train error: avg loss = 0.05412647
Best loss is updated and ES count is reset.
Checkpoint saved to '/fsb/home/yutingwang/ytw_tangzq/schrodinger-bridge-sr-micrometeorology/data/DL_result/ExperimentSchrodingerBridge3dWind/config_wind_3d_ablation_all_night/checkpoint.pth'
Elapsed time = 6.1928770542144775 sec
----------
Epoch 174 / 400
train error: avg loss = 0.05278363
Best loss is updated and ES count is reset.
Checkpoint saved to '/fsb/home/yutingwang/ytw_tangzq/schrodinger-bridge-sr-micrometeorology/data/DL_result/ExperimentSchrodingerBridge3dWind/config_wind_3d_ablation_all_night/checkpoint.pth'
Elapsed time = 6.237703800201416 sec
----------
Epoch 175 / 400
train error: avg loss = 0.05324464
ES count = 1
Elapsed time = 5.953975439071655 sec
----------
Epoch 176 / 400
train error: avg loss = 0.05416756
ES count = 2
Elapsed time = 5.834579229354858 sec
----------
Epoch 177 / 400
train error: avg loss = 0.05617729
ES count = 3
Elapsed time = 5.971677780151367 sec
----------
Epoch 178 / 400
train error: avg loss = 0.05904199
ES count = 4
Elapsed time = 5.637262344360352 sec
----------
Epoch 179 / 400
train error: avg loss = 0.05568375
ES count = 5
Elapsed time = 5.83447527885437 sec
----------
Epoch 180 / 400
train error: avg loss = 0.05788148
ES count = 6
Elapsed time = 5.765378475189209 sec
----------
Epoch 181 / 400
train error: avg loss = 0.05839506
ES count = 7
Elapsed time = 5.835350275039673 sec
----------
Epoch 182 / 400
train error: avg loss = 0.05367443
ES count = 8
Elapsed time = 6.012200355529785 sec
----------
Epoch 183 / 400
train error: avg loss = 0.05455717
ES count = 9
Elapsed time = 5.8448121547698975 sec
----------
Epoch 184 / 400
train error: avg loss = 0.05621853
ES count = 10
Elapsed time = 5.9991960525512695 sec
----------
Epoch 185 / 400
train error: avg loss = 0.05152046
Best loss is updated and ES count is reset.
Checkpoint saved to '/fsb/home/yutingwang/ytw_tangzq/schrodinger-bridge-sr-micrometeorology/data/DL_result/ExperimentSchrodingerBridge3dWind/config_wind_3d_ablation_all_night/checkpoint.pth'
Elapsed time = 6.061370372772217 sec
----------
Epoch 186 / 400
train error: avg loss = 0.05373635
ES count = 1
Elapsed time = 6.041270017623901 sec
----------
Epoch 187 / 400
train error: avg loss = 0.05721585
ES count = 2
Elapsed time = 5.906797409057617 sec
----------
Epoch 188 / 400
train error: avg loss = 0.05229335
ES count = 3
Elapsed time = 5.965285062789917 sec
----------
Epoch 189 / 400
train error: avg loss = 0.05750845
ES count = 4
Elapsed time = 5.964204549789429 sec
----------
Epoch 190 / 400
train error: avg loss = 0.05392551
ES count = 5
Elapsed time = 5.985109090805054 sec
----------
Epoch 191 / 400
train error: avg loss = 0.05888760
ES count = 6
Elapsed time = 6.058629512786865 sec
----------
Epoch 192 / 400
train error: avg loss = 0.05023303
Best loss is updated and ES count is reset.
Checkpoint saved to '/fsb/home/yutingwang/ytw_tangzq/schrodinger-bridge-sr-micrometeorology/data/DL_result/ExperimentSchrodingerBridge3dWind/config_wind_3d_ablation_all_night/checkpoint.pth'
Elapsed time = 6.32613730430603 sec
----------
Epoch 193 / 400
train error: avg loss = 0.05149666
ES count = 1
Elapsed time = 5.828135013580322 sec
----------
Epoch 194 / 400
train error: avg loss = 0.05063851
ES count = 2
Elapsed time = 5.856021881103516 sec
----------
Epoch 195 / 400
train error: avg loss = 0.05441017
ES count = 3
Elapsed time = 5.8400068283081055 sec
----------
Epoch 196 / 400
train error: avg loss = 0.05530552
ES count = 4
Elapsed time = 5.887376546859741 sec
----------
Epoch 197 / 400
train error: avg loss = 0.05280140
ES count = 5
Elapsed time = 5.99401593208313 sec
----------
Epoch 198 / 400
train error: avg loss = 0.05501361
ES count = 6
Elapsed time = 5.867267847061157 sec
----------
Epoch 199 / 400
train error: avg loss = 0.05337635
ES count = 7
Elapsed time = 5.877144813537598 sec
----------
Epoch 200 / 400
train error: avg loss = 0.05685303
ES count = 8
Epoch = 200. Save a periodic model snapshot.
Elapsed time = 6.119751453399658 sec
----------
Epoch 201 / 400
train error: avg loss = 0.05277891
ES count = 9
Elapsed time = 6.197257995605469 sec
----------
Epoch 202 / 400
train error: avg loss = 0.05824628
ES count = 10
Elapsed time = 6.06223726272583 sec
----------
Epoch 203 / 400
train error: avg loss = 0.05671518
ES count = 11
Elapsed time = 6.026930332183838 sec
----------
Epoch 204 / 400
train error: avg loss = 0.05336773
ES count = 12
Elapsed time = 5.943885326385498 sec
----------
Epoch 205 / 400
train error: avg loss = 0.05143955
ES count = 13
Elapsed time = 5.990625381469727 sec
----------
Epoch 206 / 400
train error: avg loss = 0.05350681
ES count = 14
Elapsed time = 5.932481527328491 sec
----------
Epoch 207 / 400
train error: avg loss = 0.05319530
ES count = 15
Elapsed time = 5.996709108352661 sec
----------
Epoch 208 / 400
train error: avg loss = 0.04990393
Best loss is updated and ES count is reset.
Checkpoint saved to '/fsb/home/yutingwang/ytw_tangzq/schrodinger-bridge-sr-micrometeorology/data/DL_result/ExperimentSchrodingerBridge3dWind/config_wind_3d_ablation_all_night/checkpoint.pth'
Elapsed time = 6.172699928283691 sec
----------
Epoch 209 / 400
train error: avg loss = 0.05566999
ES count = 1
Elapsed time = 5.897594213485718 sec
----------
Epoch 210 / 400
train error: avg loss = 0.05196865
ES count = 2
Elapsed time = 5.874615430831909 sec
----------
Epoch 211 / 400
train error: avg loss = 0.05335788
ES count = 3
Elapsed time = 6.031010866165161 sec
----------
Epoch 212 / 400
train error: avg loss = 0.05082750
ES count = 4
Elapsed time = 5.929407119750977 sec
----------
Epoch 213 / 400
train error: avg loss = 0.04959163
Best loss is updated and ES count is reset.
Checkpoint saved to '/fsb/home/yutingwang/ytw_tangzq/schrodinger-bridge-sr-micrometeorology/data/DL_result/ExperimentSchrodingerBridge3dWind/config_wind_3d_ablation_all_night/checkpoint.pth'
Elapsed time = 6.251695394515991 sec
----------
Epoch 214 / 400
train error: avg loss = 0.05354128
ES count = 1
Elapsed time = 5.979617357254028 sec
----------
Epoch 215 / 400
train error: avg loss = 0.06067542
ES count = 2
Elapsed time = 5.891140699386597 sec
----------
Epoch 216 / 400
train error: avg loss = 0.05377352
ES count = 3
Elapsed time = 5.901106119155884 sec
----------
Epoch 217 / 400
train error: avg loss = 0.05715858
ES count = 4
Elapsed time = 5.843416690826416 sec
----------
Epoch 218 / 400
train error: avg loss = 0.04820881
Best loss is updated and ES count is reset.
Checkpoint saved to '/fsb/home/yutingwang/ytw_tangzq/schrodinger-bridge-sr-micrometeorology/data/DL_result/ExperimentSchrodingerBridge3dWind/config_wind_3d_ablation_all_night/checkpoint.pth'
Elapsed time = 6.226156711578369 sec
----------
Epoch 219 / 400
train error: avg loss = 0.04922242
ES count = 1
Elapsed time = 5.937371492385864 sec
----------
Epoch 220 / 400
train error: avg loss = 0.05524199
ES count = 2
Elapsed time = 5.968810319900513 sec
----------
Epoch 221 / 400
train error: avg loss = 0.05170882
ES count = 3
Elapsed time = 5.8637871742248535 sec
----------
Epoch 222 / 400
train error: avg loss = 0.05150370
ES count = 4
Elapsed time = 5.87193489074707 sec
----------
Epoch 223 / 400
train error: avg loss = 0.05141200
ES count = 5
Elapsed time = 5.828713893890381 sec
----------
Epoch 224 / 400
train error: avg loss = 0.04864513
ES count = 6
Elapsed time = 5.95642614364624 sec
----------
Epoch 225 / 400
train error: avg loss = 0.05429245
ES count = 7
Elapsed time = 5.830819606781006 sec
----------
Epoch 226 / 400
train error: avg loss = 0.04689614
Best loss is updated and ES count is reset.
Checkpoint saved to '/fsb/home/yutingwang/ytw_tangzq/schrodinger-bridge-sr-micrometeorology/data/DL_result/ExperimentSchrodingerBridge3dWind/config_wind_3d_ablation_all_night/checkpoint.pth'
Elapsed time = 6.152899265289307 sec
----------
Epoch 227 / 400
train error: avg loss = 0.04679104
Best loss is updated and ES count is reset.
Checkpoint saved to '/fsb/home/yutingwang/ytw_tangzq/schrodinger-bridge-sr-micrometeorology/data/DL_result/ExperimentSchrodingerBridge3dWind/config_wind_3d_ablation_all_night/checkpoint.pth'
Elapsed time = 6.112598180770874 sec
----------
Epoch 228 / 400
train error: avg loss = 0.05096883
ES count = 1
Elapsed time = 5.848118305206299 sec
----------
Epoch 229 / 400
train error: avg loss = 0.05119409
ES count = 2
Elapsed time = 5.92319655418396 sec
----------
Epoch 230 / 400
train error: avg loss = 0.04840291
ES count = 3
Elapsed time = 6.031601667404175 sec
----------
Epoch 231 / 400
train error: avg loss = 0.04759144
ES count = 4
Elapsed time = 6.0063316822052 sec
----------
Epoch 232 / 400
train error: avg loss = 0.05138659
ES count = 5
Elapsed time = 5.967816114425659 sec
----------
Epoch 233 / 400
train error: avg loss = 0.05411287
ES count = 6
Elapsed time = 5.9400718212127686 sec
----------
Epoch 234 / 400
train error: avg loss = 0.04996764
ES count = 7
Elapsed time = 6.0108702182769775 sec
----------
Epoch 235 / 400
train error: avg loss = 0.04697511
ES count = 8
Elapsed time = 6.041271686553955 sec
----------
Epoch 236 / 400
train error: avg loss = 0.05041532
ES count = 9
Elapsed time = 6.022647142410278 sec
----------
Epoch 237 / 400
train error: avg loss = 0.04692290
ES count = 10
Elapsed time = 6.035829067230225 sec
----------
Epoch 238 / 400
train error: avg loss = 0.04553682
Best loss is updated and ES count is reset.
Checkpoint saved to '/fsb/home/yutingwang/ytw_tangzq/schrodinger-bridge-sr-micrometeorology/data/DL_result/ExperimentSchrodingerBridge3dWind/config_wind_3d_ablation_all_night/checkpoint.pth'
Elapsed time = 6.243761777877808 sec
----------
Epoch 239 / 400
train error: avg loss = 0.05146152
ES count = 1
Elapsed time = 5.883191108703613 sec
----------
Epoch 240 / 400
train error: avg loss = 0.05057024
ES count = 2
Elapsed time = 5.913041114807129 sec
----------
Epoch 241 / 400
train error: avg loss = 0.05276726
ES count = 3
Elapsed time = 6.22547173500061 sec
----------
Epoch 242 / 400
train error: avg loss = 0.04944449
ES count = 4
Elapsed time = 5.943705081939697 sec
----------
Epoch 243 / 400
train error: avg loss = 0.05324709
ES count = 5
Elapsed time = 6.0325047969818115 sec
----------
Epoch 244 / 400
train error: avg loss = 0.05312693
ES count = 6
Elapsed time = 5.904918909072876 sec
----------
Epoch 245 / 400
train error: avg loss = 0.05210000
ES count = 7
Elapsed time = 6.006608486175537 sec
----------
Epoch 246 / 400
train error: avg loss = 0.05054129
ES count = 8
Elapsed time = 5.891080856323242 sec
----------
Epoch 247 / 400
train error: avg loss = 0.04811212
ES count = 9
Elapsed time = 5.935253143310547 sec
----------
Epoch 248 / 400
train error: avg loss = 0.04773101
ES count = 10
Elapsed time = 5.897432327270508 sec
----------
Epoch 249 / 400
train error: avg loss = 0.05009154
ES count = 11
Elapsed time = 5.897230863571167 sec
----------
Epoch 250 / 400
train error: avg loss = 0.04961663
ES count = 12
Elapsed time = 5.995709419250488 sec
----------
Epoch 251 / 400
train error: avg loss = 0.04976321
ES count = 13
Elapsed time = 6.221885681152344 sec
----------
Epoch 252 / 400
train error: avg loss = 0.05118732
ES count = 14
Elapsed time = 6.289878845214844 sec
----------
Epoch 253 / 400
train error: avg loss = 0.04912612
ES count = 15
Elapsed time = 5.8568196296691895 sec
----------
Epoch 254 / 400
train error: avg loss = 0.04722149
ES count = 16
Elapsed time = 5.953275680541992 sec
----------
Epoch 255 / 400
train error: avg loss = 0.04894448
ES count = 17
Elapsed time = 5.942353010177612 sec
----------
Epoch 256 / 400
train error: avg loss = 0.05107228
ES count = 18
Elapsed time = 6.119405746459961 sec
----------
Epoch 257 / 400
train error: avg loss = 0.04864107
ES count = 19
Elapsed time = 5.8529767990112305 sec
----------
Epoch 258 / 400
train error: avg loss = 0.04941991
ES count = 20
Elapsed time = 5.946302890777588 sec
----------
Epoch 259 / 400
train error: avg loss = 0.04802366
ES count = 21
Elapsed time = 5.914932012557983 sec
----------
Epoch 260 / 400
train error: avg loss = 0.04384375
Best loss is updated and ES count is reset.
Checkpoint saved to '/fsb/home/yutingwang/ytw_tangzq/schrodinger-bridge-sr-micrometeorology/data/DL_result/ExperimentSchrodingerBridge3dWind/config_wind_3d_ablation_all_night/checkpoint.pth'
Elapsed time = 6.009313344955444 sec
----------
Epoch 261 / 400
train error: avg loss = 0.04853191
ES count = 1
Elapsed time = 5.75214409828186 sec
----------
Epoch 262 / 400
train error: avg loss = 0.04570547
ES count = 2
Elapsed time = 6.073278427124023 sec
----------
Epoch 263 / 400
train error: avg loss = 0.04860946
ES count = 3
Elapsed time = 5.817436218261719 sec
----------
Epoch 264 / 400
train error: avg loss = 0.04873950
ES count = 4
Elapsed time = 5.608685731887817 sec
----------
Epoch 265 / 400
train error: avg loss = 0.05367603
ES count = 5
Elapsed time = 5.776298522949219 sec
----------
Epoch 266 / 400
train error: avg loss = 0.04937465
ES count = 6
Elapsed time = 5.8135576248168945 sec
----------
Epoch 267 / 400
train error: avg loss = 0.04932037
ES count = 7
Elapsed time = 5.990816116333008 sec
----------
Epoch 268 / 400
train error: avg loss = 0.04997050
ES count = 8
Elapsed time = 5.768753528594971 sec
----------
Epoch 269 / 400
train error: avg loss = 0.04840318
ES count = 9
Elapsed time = 5.8489861488342285 sec
----------
Epoch 270 / 400
train error: avg loss = 0.04736634
ES count = 10
Elapsed time = 6.058493375778198 sec
----------
Epoch 271 / 400
train error: avg loss = 0.04767351
ES count = 11
Elapsed time = 5.885908126831055 sec
----------
Epoch 272 / 400
train error: avg loss = 0.04561607
ES count = 12
Elapsed time = 5.769235610961914 sec
----------
Epoch 273 / 400
train error: avg loss = 0.04751212
ES count = 13
Elapsed time = 5.785623550415039 sec
----------
Epoch 274 / 400
train error: avg loss = 0.05394699
ES count = 14
Elapsed time = 5.864363193511963 sec
----------
Epoch 275 / 400
train error: avg loss = 0.05219376
ES count = 15
Elapsed time = 5.871314764022827 sec
----------
Epoch 276 / 400
train error: avg loss = 0.05074218
ES count = 16
Elapsed time = 5.928376197814941 sec
----------
Epoch 277 / 400
train error: avg loss = 0.04874284
ES count = 17
Elapsed time = 5.980389356613159 sec
----------
Epoch 278 / 400
train error: avg loss = 0.04801152
ES count = 18
Elapsed time = 6.010180711746216 sec
----------
Epoch 279 / 400
train error: avg loss = 0.05168811
ES count = 19
Elapsed time = 5.93713903427124 sec
----------
Epoch 280 / 400
train error: avg loss = 0.04758415
ES count = 20
Elapsed time = 6.008115768432617 sec
----------
Epoch 281 / 400
train error: avg loss = 0.04824352
ES count = 21
Elapsed time = 6.014941453933716 sec
----------
Epoch 282 / 400
train error: avg loss = 0.04995372
ES count = 22
Elapsed time = 5.950643062591553 sec
----------
Epoch 283 / 400
train error: avg loss = 0.04888030
ES count = 23
Elapsed time = 5.939140558242798 sec
----------
Epoch 284 / 400
train error: avg loss = 0.04451019
ES count = 24
Elapsed time = 5.997362852096558 sec
----------
Epoch 285 / 400
train error: avg loss = 0.05270332
ES count = 25
Elapsed time = 5.894230127334595 sec
----------
Epoch 286 / 400
train error: avg loss = 0.04526056
ES count = 26
Elapsed time = 5.92972731590271 sec
----------
Epoch 287 / 400
train error: avg loss = 0.04846364
ES count = 27
Elapsed time = 6.043854713439941 sec
----------
Epoch 288 / 400
train error: avg loss = 0.04530807
ES count = 28
Elapsed time = 5.851924180984497 sec
----------
Epoch 289 / 400
train error: avg loss = 0.04462982
ES count = 29
Elapsed time = 5.875473499298096 sec
----------
Epoch 290 / 400
train error: avg loss = 0.04544442
ES count = 30
Elapsed time = 5.9359166622161865 sec
----------
Epoch 291 / 400
train error: avg loss = 0.04521244
ES count = 31
Elapsed time = 5.875673294067383 sec
----------
Epoch 292 / 400
train error: avg loss = 0.04797601
ES count = 32
Elapsed time = 5.821699380874634 sec
----------
Epoch 293 / 400
train error: avg loss = 0.04823160
ES count = 33
Elapsed time = 5.937013387680054 sec
----------
Epoch 294 / 400
train error: avg loss = 0.04714746
ES count = 34
Elapsed time = 6.041775465011597 sec
----------
Epoch 295 / 400
train error: avg loss = 0.04895707
ES count = 35
Elapsed time = 5.897250413894653 sec
----------
Epoch 296 / 400
train error: avg loss = 0.04913269
ES count = 36
Elapsed time = 6.014219045639038 sec
----------
Epoch 297 / 400
train error: avg loss = 0.04977972
ES count = 37
Elapsed time = 5.91525936126709 sec
----------
Epoch 298 / 400
train error: avg loss = 0.05196028
ES count = 38
Elapsed time = 6.050583362579346 sec
----------
Epoch 299 / 400
train error: avg loss = 0.04749719
ES count = 39
Elapsed time = 6.00986909866333 sec
----------
Epoch 300 / 400
train error: avg loss = 0.04397691
ES count = 40
Epoch = 300. Save a periodic model snapshot.
Elapsed time = 6.080752372741699 sec
----------
Epoch 301 / 400
train error: avg loss = 0.05820286
ES count = 41
Elapsed time = 6.020273685455322 sec
----------
Epoch 302 / 400
train error: avg loss = 0.04915329
ES count = 42
Elapsed time = 5.9484498500823975 sec
----------
Epoch 303 / 400
train error: avg loss = 0.04463368
ES count = 43
Elapsed time = 5.769276142120361 sec
----------
Epoch 304 / 400
train error: avg loss = 0.04929354
ES count = 44
Elapsed time = 6.027707099914551 sec
----------
Epoch 305 / 400
train error: avg loss = 0.04768164
ES count = 45
Elapsed time = 6.002559185028076 sec
----------
Epoch 306 / 400
train error: avg loss = 0.04353088
Best loss is updated and ES count is reset.
Checkpoint saved to '/fsb/home/yutingwang/ytw_tangzq/schrodinger-bridge-sr-micrometeorology/data/DL_result/ExperimentSchrodingerBridge3dWind/config_wind_3d_ablation_all_night/checkpoint.pth'
Elapsed time = 6.233545780181885 sec
----------
Epoch 307 / 400
train error: avg loss = 0.04637336
ES count = 1
Elapsed time = 6.045061349868774 sec
----------
Epoch 308 / 400
train error: avg loss = 0.04873060
ES count = 2
Elapsed time = 5.720521688461304 sec
----------
Epoch 309 / 400
train error: avg loss = 0.04476962
ES count = 3
Elapsed time = 5.880226135253906 sec
----------
Epoch 310 / 400
train error: avg loss = 0.04529757
ES count = 4
Elapsed time = 5.843451261520386 sec
----------
Epoch 311 / 400
train error: avg loss = 0.04437637
ES count = 5
Elapsed time = 5.937182188034058 sec
----------
Epoch 312 / 400
train error: avg loss = 0.04681281
ES count = 6
Elapsed time = 5.919923782348633 sec
----------
Epoch 313 / 400
train error: avg loss = 0.04851441
ES count = 7
Elapsed time = 5.855571985244751 sec
----------
Epoch 314 / 400
train error: avg loss = 0.04434193
ES count = 8
Elapsed time = 5.862158536911011 sec
----------
Epoch 315 / 400
train error: avg loss = 0.04710563
ES count = 9
Elapsed time = 5.981147527694702 sec
----------
Epoch 316 / 400
train error: avg loss = 0.04536376
ES count = 10
Elapsed time = 6.001260042190552 sec
----------
Epoch 317 / 400
train error: avg loss = 0.04642787
ES count = 11
Elapsed time = 5.889713764190674 sec
----------
Epoch 318 / 400
train error: avg loss = 0.04585521
ES count = 12
Elapsed time = 5.993563175201416 sec
----------
Epoch 319 / 400
train error: avg loss = 0.04897830
ES count = 13
Elapsed time = 5.8977556228637695 sec
----------
Epoch 320 / 400
train error: avg loss = 0.04773595
ES count = 14
Elapsed time = 5.875073194503784 sec
----------
Epoch 321 / 400
train error: avg loss = 0.04981997
ES count = 15
Elapsed time = 5.968205213546753 sec
----------
Epoch 322 / 400
train error: avg loss = 0.04861797
ES count = 16
Elapsed time = 6.026633024215698 sec
----------
Epoch 323 / 400
train error: avg loss = 0.04859146
ES count = 17
Elapsed time = 5.836098670959473 sec
----------
Epoch 324 / 400
train error: avg loss = 0.04302589
Best loss is updated and ES count is reset.
Checkpoint saved to '/fsb/home/yutingwang/ytw_tangzq/schrodinger-bridge-sr-micrometeorology/data/DL_result/ExperimentSchrodingerBridge3dWind/config_wind_3d_ablation_all_night/checkpoint.pth'
Elapsed time = 6.215360403060913 sec
----------
Epoch 325 / 400
train error: avg loss = 0.04729440
ES count = 1
Elapsed time = 5.9408838748931885 sec
----------
Epoch 326 / 400
train error: avg loss = 0.04916370
ES count = 2
Elapsed time = 5.954904556274414 sec
----------
Epoch 327 / 400
train error: avg loss = 0.04372592
ES count = 3
Elapsed time = 5.971402883529663 sec
----------
Epoch 328 / 400
train error: avg loss = 0.04397698
ES count = 4
Elapsed time = 5.830603837966919 sec
----------
Epoch 329 / 400
train error: avg loss = 0.04346724
ES count = 5
Elapsed time = 6.027465105056763 sec
----------
Epoch 330 / 400
train error: avg loss = 0.04704076
ES count = 6
Elapsed time = 5.781461238861084 sec
----------
Epoch 331 / 400
train error: avg loss = 0.04540497
ES count = 7
Elapsed time = 5.813683032989502 sec
----------
Epoch 332 / 400
train error: avg loss = 0.04265923
Best loss is updated and ES count is reset.
Checkpoint saved to '/fsb/home/yutingwang/ytw_tangzq/schrodinger-bridge-sr-micrometeorology/data/DL_result/ExperimentSchrodingerBridge3dWind/config_wind_3d_ablation_all_night/checkpoint.pth'
Elapsed time = 6.274714231491089 sec
----------
Epoch 333 / 400
train error: avg loss = 0.04504561
ES count = 1
Elapsed time = 5.968327760696411 sec
----------
Epoch 334 / 400
train error: avg loss = 0.04878113
ES count = 2
Elapsed time = 5.925091505050659 sec
----------
Epoch 335 / 400
train error: avg loss = 0.04712023
ES count = 3
Elapsed time = 6.0691258907318115 sec
----------
Epoch 336 / 400
train error: avg loss = 0.04452449
ES count = 4
Elapsed time = 5.98914647102356 sec
----------
Epoch 337 / 400
train error: avg loss = 0.04276218
ES count = 5
Elapsed time = 6.000343322753906 sec
----------
Epoch 338 / 400
train error: avg loss = 0.04709017
ES count = 6
Elapsed time = 5.938034534454346 sec
----------
Epoch 339 / 400
train error: avg loss = 0.04333275
ES count = 7
Elapsed time = 6.17566180229187 sec
----------
Epoch 340 / 400
train error: avg loss = 0.04692441
ES count = 8
Elapsed time = 5.888505220413208 sec
----------
Epoch 341 / 400
train error: avg loss = 0.04414731
ES count = 9
Elapsed time = 5.9320666790008545 sec
----------
Epoch 342 / 400
train error: avg loss = 0.04389165
ES count = 10
Elapsed time = 5.899142265319824 sec
----------
Epoch 343 / 400
train error: avg loss = 0.04486320
ES count = 11
Elapsed time = 5.806223154067993 sec
----------
Epoch 344 / 400
train error: avg loss = 0.04401121
ES count = 12
Elapsed time = 5.915186405181885 sec
----------
Epoch 345 / 400
train error: avg loss = 0.04781699
ES count = 13
Elapsed time = 5.942114353179932 sec
----------
Epoch 346 / 400
train error: avg loss = 0.04516380
ES count = 14
Elapsed time = 5.744397401809692 sec
----------
Epoch 347 / 400
train error: avg loss = 0.04273024
ES count = 15
Elapsed time = 5.800724029541016 sec
----------
Epoch 348 / 400
train error: avg loss = 0.04650133
ES count = 16
Elapsed time = 5.860753297805786 sec
----------
Epoch 349 / 400
train error: avg loss = 0.04482688
ES count = 17
Elapsed time = 5.84792160987854 sec
----------
Epoch 350 / 400
train error: avg loss = 0.04689242
ES count = 18
Elapsed time = 5.922640562057495 sec
----------
Epoch 351 / 400
train error: avg loss = 0.04667818
ES count = 19
Elapsed time = 5.819572448730469 sec
----------
Epoch 352 / 400
train error: avg loss = 0.04555056
ES count = 20
Elapsed time = 5.98776912689209 sec
----------
Epoch 353 / 400
train error: avg loss = 0.04612842
ES count = 21
Elapsed time = 5.847342252731323 sec
----------
Epoch 354 / 400
train error: avg loss = 0.04648640
ES count = 22
Elapsed time = 5.897019147872925 sec
----------
Epoch 355 / 400
train error: avg loss = 0.04531599
ES count = 23
Elapsed time = 5.7841949462890625 sec
----------
Epoch 356 / 400
train error: avg loss = 0.04413606
ES count = 24
Elapsed time = 5.7863945960998535 sec
----------
Epoch 357 / 400
train error: avg loss = 0.04517984
ES count = 25
Elapsed time = 5.877192258834839 sec
----------
Epoch 358 / 400
train error: avg loss = 0.04190514
Best loss is updated and ES count is reset.
Checkpoint saved to '/fsb/home/yutingwang/ytw_tangzq/schrodinger-bridge-sr-micrometeorology/data/DL_result/ExperimentSchrodingerBridge3dWind/config_wind_3d_ablation_all_night/checkpoint.pth'
Elapsed time = 6.086203575134277 sec
----------
Epoch 359 / 400
train error: avg loss = 0.04452975
ES count = 1
Elapsed time = 5.833248853683472 sec
----------
Epoch 360 / 400
train error: avg loss = 0.04676782
ES count = 2
Elapsed time = 5.8383049964904785 sec
----------
Epoch 361 / 400
train error: avg loss = 0.04536174
ES count = 3
Elapsed time = 5.802337646484375 sec
----------
Epoch 362 / 400
train error: avg loss = 0.04136686
Best loss is updated and ES count is reset.
Checkpoint saved to '/fsb/home/yutingwang/ytw_tangzq/schrodinger-bridge-sr-micrometeorology/data/DL_result/ExperimentSchrodingerBridge3dWind/config_wind_3d_ablation_all_night/checkpoint.pth'
Elapsed time = 6.137892007827759 sec
----------
Epoch 363 / 400
train error: avg loss = 0.04602847
ES count = 1
Elapsed time = 5.722738027572632 sec
----------
Epoch 364 / 400
train error: avg loss = 0.04652993
ES count = 2
Elapsed time = 5.8533360958099365 sec
----------
Epoch 365 / 400
train error: avg loss = 0.04447269
ES count = 3
Elapsed time = 5.906053304672241 sec
----------
Epoch 366 / 400
train error: avg loss = 0.04333050
ES count = 4
Elapsed time = 6.059801816940308 sec
----------
Epoch 367 / 400
train error: avg loss = 0.04721688
ES count = 5
Elapsed time = 5.823541641235352 sec
----------
Epoch 368 / 400
train error: avg loss = 0.04490046
ES count = 6
Elapsed time = 5.746904134750366 sec
----------
Epoch 369 / 400
train error: avg loss = 0.04712212
ES count = 7
Elapsed time = 5.980694770812988 sec
----------
Epoch 370 / 400
train error: avg loss = 0.04379578
ES count = 8
Elapsed time = 5.940675497055054 sec
----------
Epoch 371 / 400
train error: avg loss = 0.04334454
ES count = 9
Elapsed time = 6.003551959991455 sec
----------
Epoch 372 / 400
train error: avg loss = 0.04289713
ES count = 10
Elapsed time = 6.020421743392944 sec
----------
Epoch 373 / 400
train error: avg loss = 0.04841071
ES count = 11
Elapsed time = 5.8173534870147705 sec
----------
Epoch 374 / 400
train error: avg loss = 0.04554057
ES count = 12
Elapsed time = 5.865521192550659 sec
----------
Epoch 375 / 400
train error: avg loss = 0.04250533
ES count = 13
Elapsed time = 5.951725721359253 sec
----------
Epoch 376 / 400
train error: avg loss = 0.04306412
ES count = 14
Elapsed time = 5.9786131381988525 sec
----------
Epoch 377 / 400
train error: avg loss = 0.04340023
ES count = 15
Elapsed time = 6.0634355545043945 sec
----------
Epoch 378 / 400
train error: avg loss = 0.04053741
Best loss is updated and ES count is reset.
Checkpoint saved to '/fsb/home/yutingwang/ytw_tangzq/schrodinger-bridge-sr-micrometeorology/data/DL_result/ExperimentSchrodingerBridge3dWind/config_wind_3d_ablation_all_night/checkpoint.pth'
Elapsed time = 6.225643634796143 sec
----------
Epoch 379 / 400
train error: avg loss = 0.04467326
ES count = 1
Elapsed time = 6.120217561721802 sec
----------
Epoch 380 / 400
train error: avg loss = 0.04729571
ES count = 2
Elapsed time = 5.755394697189331 sec
----------
Epoch 381 / 400
train error: avg loss = 0.04586646
ES count = 3
Elapsed time = 5.920490980148315 sec
----------
Epoch 382 / 400
train error: avg loss = 0.04317104
ES count = 4
Elapsed time = 5.886603832244873 sec
----------
Epoch 383 / 400
train error: avg loss = 0.04002723
Best loss is updated and ES count is reset.
Checkpoint saved to '/fsb/home/yutingwang/ytw_tangzq/schrodinger-bridge-sr-micrometeorology/data/DL_result/ExperimentSchrodingerBridge3dWind/config_wind_3d_ablation_all_night/checkpoint.pth'
Elapsed time = 6.119030714035034 sec
----------
Epoch 384 / 400
train error: avg loss = 0.04116926
ES count = 1
Elapsed time = 5.860792875289917 sec
----------
Epoch 385 / 400
train error: avg loss = 0.04363078
ES count = 2
Elapsed time = 5.957579612731934 sec
----------
Epoch 386 / 400
train error: avg loss = 0.04033191
ES count = 3
Elapsed time = 5.900870084762573 sec
----------
Epoch 387 / 400
train error: avg loss = 0.04438749
ES count = 4
Elapsed time = 5.947183609008789 sec
----------
Epoch 388 / 400
train error: avg loss = 0.04853568
ES count = 5
Elapsed time = 5.9473536014556885 sec
----------
Epoch 389 / 400
train error: avg loss = 0.04399642
ES count = 6
Elapsed time = 5.955852746963501 sec
----------
Epoch 390 / 400
train error: avg loss = 0.04054338
ES count = 7
Elapsed time = 5.98028039932251 sec
----------
Epoch 391 / 400
train error: avg loss = 0.04408083
ES count = 8
Elapsed time = 5.936266660690308 sec
----------
Epoch 392 / 400
train error: avg loss = 0.04292236
ES count = 9
Elapsed time = 5.9856181144714355 sec
----------
Epoch 393 / 400
train error: avg loss = 0.04211151
ES count = 10
Elapsed time = 6.167727708816528 sec
----------
Epoch 394 / 400
train error: avg loss = 0.04191117
ES count = 11
Elapsed time = 6.106318950653076 sec
----------
Epoch 395 / 400
train error: avg loss = 0.04630689
ES count = 12
Elapsed time = 5.931735992431641 sec
----------
Epoch 396 / 400
train error: avg loss = 0.04321791
ES count = 13
Elapsed time = 5.90173864364624 sec
----------
Epoch 397 / 400
train error: avg loss = 0.04440524
ES count = 14
Elapsed time = 5.959787130355835 sec
----------
Epoch 398 / 400
train error: avg loss = 0.04374701
ES count = 15
Elapsed time = 5.959768056869507 sec
----------
Epoch 399 / 400
train error: avg loss = 0.04245505
ES count = 16
Elapsed time = 5.73805570602417 sec
----------
Epoch 400 / 400
train error: avg loss = 0.04261412
ES count = 17
Epoch = 400. Save a periodic model snapshot.
Elapsed time = 6.025824308395386 sec
----------
Epoch 401 / 400
train error: avg loss = 0.04327794
ES count = 18
Elapsed time = 6.021885633468628 sec
----------
Train end: 2026-07-14T14:06:36.544381+00:00 UTC
Best epoch: 383, best_loss: 0.04002723
Total elapsed time = 39.814100507895155 min

**************************************************
Make inference
**************************************************


Inference at epoch 100.
UNetDDPMVer01 is created
dataset_config.dataset_name='Dataset3dWind'
The total files = 480. A part of them is used for training.
train: 146/335 samples kept after day_night_filter=night
valid: 31/70 samples kept after day_night_filter=night
test: 35/75 samples kept after day_night_filter=night
All files give to dataset are 31.
Reading all files.
valid: dataset size = 31, batch num = 16

Requested 60 samples, but only 31 are available. Using all available data.
Inference out = /fsb/home/yutingwang/ytw_tangzq/schrodinger-bridge-sr-micrometeorology/data/DL_result/ExperimentSchrodingerBridge3dWind/config_wind_3d_ablation_all_night/inference_0100.pickle
Total elapsed time = 0.10472439527511597 min


Inference at epoch 200.
UNetDDPMVer01 is created
dataset_config.dataset_name='Dataset3dWind'
The total files = 480. A part of them is used for training.
train: 146/335 samples kept after day_night_filter=night
valid: 31/70 samples kept after day_night_filter=night
test: 35/75 samples kept after day_night_filter=night
All files give to dataset are 31.
Reading all files.
valid: dataset size = 31, batch num = 16

Requested 60 samples, but only 31 are available. Using all available data.
Inference out = /fsb/home/yutingwang/ytw_tangzq/schrodinger-bridge-sr-micrometeorology/data/DL_result/ExperimentSchrodingerBridge3dWind/config_wind_3d_ablation_all_night/inference_0200.pickle
Total elapsed time = 0.08255696694056193 min


Inference at epoch 300.
UNetDDPMVer01 is created
dataset_config.dataset_name='Dataset3dWind'
The total files = 480. A part of them is used for training.
train: 146/335 samples kept after day_night_filter=night
valid: 31/70 samples kept after day_night_filter=night
test: 35/75 samples kept after day_night_filter=night
All files give to dataset are 31.
Reading all files.
valid: dataset size = 31, batch num = 16

Requested 60 samples, but only 31 are available. Using all available data.
Inference out = /fsb/home/yutingwang/ytw_tangzq/schrodinger-bridge-sr-micrometeorology/data/DL_result/ExperimentSchrodingerBridge3dWind/config_wind_3d_ablation_all_night/inference_0300.pickle
Total elapsed time = 0.0850266416867574 min


Inference at epoch 400.
UNetDDPMVer01 is created
dataset_config.dataset_name='Dataset3dWind'
The total files = 480. A part of them is used for training.
train: 146/335 samples kept after day_night_filter=night
valid: 31/70 samples kept after day_night_filter=night
test: 35/75 samples kept after day_night_filter=night
All files give to dataset are 31.
Reading all files.
valid: dataset size = 31, batch num = 16

Requested 60 samples, but only 31 are available. Using all available data.
Inference out = /fsb/home/yutingwang/ytw_tangzq/schrodinger-bridge-sr-micrometeorology/data/DL_result/ExperimentSchrodingerBridge3dWind/config_wind_3d_ablation_all_night/inference_0400.pickle
Total elapsed time = 0.08081015348434448 min

End all inference processes.

End: Tue Jul 14 22:06:59 CST 2026


PS:

Read file <logs/abl_night_all_13742367.err> for stderr output of this job.

