Sender: LSF System <lsfadmin@m003>
Subject: Job 13742370: <abl_day_no_thermal> in cluster <hpc> Done

Job <abl_day_no_thermal> was submitted from host <login1> by user <ytw_tangzq> in cluster <hpc> at Tue Jul 14 21:25:17 2026
Job was executed on host(s) <6*m003>, in queue <723090ib>, as user <ytw_tangzq> in cluster <hpc> at Tue Jul 14 21:25:18 2026
</fsb/home/yutingwang/ytw_tangzq> was used as the home directory.
</fsb/home/yutingwang/ytw_tangzq/schrodinger-bridge-sr-micrometeorology> was used as the working directory.
Started at Tue Jul 14 21:25:18 2026
Terminated at Tue Jul 14 22:41:11 2026
Results reported at Tue Jul 14 22:41:11 2026

Your job looked like:

------------------------------------------------------------
# LSBATCH: User input
#!/bin/bash
# ============================================
# LSF — Day/Night Ablation: NoThermal (day)
# 128x128 + inner_ch=32 + pure L2 + GPU
# ============================================
#BSUB -q 723090ib
#BSUB -gpu "num=1:mode=exclusive_process"
#BSUB -n 4
#BSUB -R "rusage[mem=32000]"
#BSUB -J abl_day_no_thermal
#BSUB -o logs/abl_day_no_thermal_%J.out
#BSUB -e logs/abl_day_no_thermal_%J.err

module load anaconda/3
module load cuda/11.8.0
source activate wind3d

cd $LS_SUBCWD
mkdir -p logs

echo "=== Ablation: NoThermal | Filter: day ==="
echo "Config: configs/config_wind_3d_ablation_no_thermal_day.yml"
echo "Host: $(hostname)"
echo "GPU:  $(nvidia-smi --query-gpu=name,memory.total --format=csv,noheader 2>/dev/null || echo 'N/A')"
echo "Start: $(date)"
echo ""

python scripts/train_schrodinger_bridge_model.py \
  --config_path configs/config_wind_3d_ablation_no_thermal_day.yml \
  --experiment_name ExperimentSchrodingerBridge3dWind \
  --device cuda:0

echo ""
echo "End: $(date)"

------------------------------------------------------------

Successfully completed.

Resource usage summary:

    CPU time :                                   4806.64 sec.
    Max Memory :                                 2324 MB
    Average Memory :                             2195.22 MB
    Total Requested Memory :                     32000.00 MB
    Delta Memory :                               29676.00 MB
    Max Swap :                                   -
    Max Processes :                              8
    Max Threads :                                48
    Run time :                                   4552 sec.
    Turnaround time :                            4554 sec.

The output (if any) follows:

=== Ablation: NoThermal | Filter: day ===
Config: configs/config_wind_3d_ablation_no_thermal_day.yml
Host: m003
GPU:  NVIDIA GeForce RTX 3090, 24576 MiB
Start: Tue Jul 14 21:25:21 CST 2026

Experiment Schrodinger-Bridge 3D Wind Model is selected.

**************************************************
Show configuration
**************************************************

experiment_name='ExperimentSchrodingerBridge3dWind'
config_name='config_wind_3d_ablation_no_thermal_day'
config_path='configs/config_wind_3d_ablation_no_thermal_day.yml'
result_dir_path='/fsb/home/yutingwang/ytw_tangzq/schrodinger-bridge-sr-micrometeorology/data/DL_result/ExperimentSchrodingerBridge3dWind/config_wind_3d_ablation_no_thermal_day'

Input config = {
  "data": {
    "target_variable_names": [
      "hr_u_ml0",
      "hr_v_ml0",
      "hr_w_ml0",
      "hr_u_ml1",
      "hr_v_ml1",
      "hr_w_ml1",
      "hr_u_ml2",
      "hr_v_ml2",
      "hr_w_ml2",
      "hr_u_ml3",
      "hr_v_ml3",
      "hr_w_ml3",
      "hr_u_ml5",
      "hr_v_ml5",
      "hr_w_ml5",
      "hr_u_ml10",
      "hr_v_ml10",
      "hr_w_ml10"
    ],
    "input_variable_names": [
      "z",
      "lu",
      "psfc",
      "pblh"
    ],
    "biases": {
      "hr_u_ml0": -1.95426,
      "hr_v_ml0": 2.778181,
      "hr_w_ml0": -0.005726,
      "lr_u_ml0": -1.95424,
      "lr_v_ml0": 2.778251,
      "lr_w_ml0": -0.00573,
      "hr_u_ml1": -2.236401,
      "hr_v_ml1": 3.337655,
      "hr_w_ml1": -0.005083,
      "lr_u_ml1": -2.236384,
      "lr_v_ml1": 3.337749,
      "lr_w_ml1": -0.005087,
      "hr_u_ml2": -2.376027,
      "hr_v_ml2": 3.760786,
      "hr_w_ml2": -0.003274,
      "lr_u_ml2": -2.37602,
      "lr_v_ml2": 3.760872,
      "lr_w_ml2": -0.003278,
      "hr_u_ml3": -2.451712,
      "hr_v_ml3": 4.141908,
      "hr_w_ml3": -0.000605,
      "lr_u_ml3": -2.451715,
      "lr_v_ml3": 4.141976,
      "lr_w_ml3": -0.000607,
      "hr_u_ml5": -2.441044,
      "hr_v_ml5": 4.68079,
      "hr_w_ml5": 0.005137,
      "lr_u_ml5": -2.441062,
      "lr_v_ml5": 4.680834,
      "lr_w_ml5": 0.005142,
      "hr_u_ml10": -2.472078,
      "hr_v_ml10": 3.227569,
      "hr_w_ml10": 0.008199,
      "lr_u_ml10": -2.472082,
      "lr_v_ml10": 3.227579,
      "lr_w_ml10": 0.008219,
      "t2": 301.998962,
      "z": 37.488346,
      "lu": 16.725618,
      "tsk": 303.561615,
      "swdown": 269.639557,
      "glw": 431.122955,
      "hfx": 42.14484,
      "lh": 96.566574,
      "psfc": 99869.882812,
      "pblh": 525.545227
    },
    "scales": {
      "hr_u_ml0": 4.402796,
      "hr_v_ml0": 3.525334,
      "hr_w_ml0": 0.148159,
      "lr_u_ml0": 4.364602,
      "lr_v_ml0": 3.472649,
      "lr_w_ml0": 0.083609,
      "hr_u_ml1": 5.105578,
      "hr_v_ml1": 3.983906,
      "hr_w_ml1": 0.191652,
      "lr_u_ml1": 5.07354,
      "lr_v_ml1": 3.939374,
      "lr_w_ml1": 0.105055,
      "hr_u_ml2": 5.622042,
      "hr_v_ml2": 4.207778,
      "hr_w_ml2": 0.220411,
      "lr_u_ml2": 5.597043,
      "lr_v_ml2": 4.172642,
      "lr_w_ml2": 0.12159,
      "hr_u_ml3": 6.141271,
      "hr_v_ml3": 4.357533,
      "hr_w_ml3": 0.247615,
      "lr_u_ml3": 6.121758,
      "lr_v_ml3": 4.329672,
      "lr_w_ml3": 0.137457,
      "hr_u_ml5": 7.334366,
      "hr_v_ml5": 4.558024,
      "hr_w_ml5": 0.295489,
      "lr_u_ml5": 7.32196,
      "lr_v_ml5": 4.538525,
      "lr_w_ml5": 0.168024,
      "hr_u_ml10": 7.964198,
      "hr_v_ml10": 4.241252,
      "hr_w_ml10": 0.334629,
      "lr_u_ml10": 7.956287,
      "lr_v_ml10": 4.225603,
      "lr_w_ml10": 0.198061,
      "t2": 2.14623,
      "z": 79.458443,
      "lu": 9.772256,
      "tsk": 4.892428,
      "swdown": 347.248718,
      "glw": 14.475859,
      "hfx": 85.938927,
      "lh": 118.271515,
      "psfc": 908.404907,
      "pblh": 357.77951
    },
    "is_clipped": false,
    "min_clipped_value": null,
    "max_clipped_value": null,
    "missing_value": 0.0,
    "hr_data_shape": [
      128,
      128
    ],
    "hr_cropped_shape": [
      128,
      128
    ],
    "dtype": "float32",
    "discarded_minute_range": [
      1,
      30
    ],
    "day_night_filter": "day"
  },
  "loader": {
    "batch_size": 2,
    "dl_data_ver": "wrf_3d_v1",
    "train_valid_test_ratios": [
      0.7,
      0.145,
      0.155
    ],
    "num_workers": 4,
    "seed": 42
  },
  "train": {
    "epochs": 400,
    "early_stopping_patience": 400,
    "seed": 78268,
    "learning_rate": 0.0005,
    "optim_name": "AdamW",
    "loss": {
      "loss_name": "L2"
    },
    "use_amp": false,
    "ema_decay": null,
    "save_interval": 100
  },
  "model": {
    "in_channel": 22,
    "inner_channel": 32,
    "out_channel": 18,
    "res_blocks": 1,
    "channel_mults": [
      1,
      2,
      4,
      8,
      8
    ],
    "attn_res": [
      16
    ],
    "channels_each_head": 16,
    "dropout": 0.2,
    "resblock_updown": true,
    "max_period": 10.0
  },
  "si": {
    "n_timestep": 10,
    "eps": 0.2,
    "formula": "quadratic",
    "loss_type": "L2",
    "channel_weights": null,
    "divergence_weight": 0.0,
    "vorticity_weight": 0.0
  }
}

dataset_config.dataset_name='Dataset3dWind'
The total files = 480. A part of them is used for training.
train: 167/335 samples kept after day_night_filter=day
valid: 36/70 samples kept after day_night_filter=day
test: 37/75 samples kept after day_night_filter=day
All files give to dataset are 167.
Reading all files.
train: dataset size = 167, batch num = 83

All files give to dataset are 36.
Reading all files.
valid: dataset size = 36, batch num = 18

DEBUG-DICT_LOADERS:83
UNetDDPMVer01 is created
EMA self.decay=None
Optimizer is AdamW.
No checkpoint found at '/fsb/home/yutingwang/ytw_tangzq/schrodinger-bridge-sr-micrometeorology/data/DL_result/ExperimentSchrodingerBridge3dWind/config_wind_3d_ablation_no_thermal_day/checkpoint.pth'. Starting training from scratch.

**************************************************
Train model
**************************************************

Train start: 2026-07-14 13:26:47.686465+00:00 UTC
Saving interval = 100
EMA decay rate = None
Epoch 1 / 400
train error: avg loss = 0.79957667
Best loss is updated and ES count is reset.
Checkpoint saved to '/fsb/home/yutingwang/ytw_tangzq/schrodinger-bridge-sr-micrometeorology/data/DL_result/ExperimentSchrodingerBridge3dWind/config_wind_3d_ablation_no_thermal_day/checkpoint.pth'
Elapsed time = 15.488582611083984 sec
----------
Epoch 2 / 400
train error: avg loss = 0.63567111
Best loss is updated and ES count is reset.
Checkpoint saved to '/fsb/home/yutingwang/ytw_tangzq/schrodinger-bridge-sr-micrometeorology/data/DL_result/ExperimentSchrodingerBridge3dWind/config_wind_3d_ablation_no_thermal_day/checkpoint.pth'
Elapsed time = 11.141294240951538 sec
----------
Epoch 3 / 400
train error: avg loss = 0.52016716
Best loss is updated and ES count is reset.
Checkpoint saved to '/fsb/home/yutingwang/ytw_tangzq/schrodinger-bridge-sr-micrometeorology/data/DL_result/ExperimentSchrodingerBridge3dWind/config_wind_3d_ablation_no_thermal_day/checkpoint.pth'
Elapsed time = 11.211289167404175 sec
----------
Epoch 4 / 400
train error: avg loss = 0.41147751
Best loss is updated and ES count is reset.
Checkpoint saved to '/fsb/home/yutingwang/ytw_tangzq/schrodinger-bridge-sr-micrometeorology/data/DL_result/ExperimentSchrodingerBridge3dWind/config_wind_3d_ablation_no_thermal_day/checkpoint.pth'
Elapsed time = 11.082346200942993 sec
----------
Epoch 5 / 400
train error: avg loss = 0.38622950
Best loss is updated and ES count is reset.
Checkpoint saved to '/fsb/home/yutingwang/ytw_tangzq/schrodinger-bridge-sr-micrometeorology/data/DL_result/ExperimentSchrodingerBridge3dWind/config_wind_3d_ablation_no_thermal_day/checkpoint.pth'
Elapsed time = 11.251053094863892 sec
----------
Epoch 6 / 400
train error: avg loss = 0.34760537
Best loss is updated and ES count is reset.
Checkpoint saved to '/fsb/home/yutingwang/ytw_tangzq/schrodinger-bridge-sr-micrometeorology/data/DL_result/ExperimentSchrodingerBridge3dWind/config_wind_3d_ablation_no_thermal_day/checkpoint.pth'
Elapsed time = 11.09650731086731 sec
----------
Epoch 7 / 400
train error: avg loss = 0.38932749
ES count = 1
Elapsed time = 10.95273494720459 sec
----------
Epoch 8 / 400
train error: avg loss = 0.36073562
ES count = 2
Elapsed time = 11.027194023132324 sec
----------
Epoch 9 / 400
train error: avg loss = 0.30339983
Best loss is updated and ES count is reset.
Checkpoint saved to '/fsb/home/yutingwang/ytw_tangzq/schrodinger-bridge-sr-micrometeorology/data/DL_result/ExperimentSchrodingerBridge3dWind/config_wind_3d_ablation_no_thermal_day/checkpoint.pth'
Elapsed time = 11.300272941589355 sec
----------
Epoch 10 / 400
train error: avg loss = 0.26500174
Best loss is updated and ES count is reset.
Checkpoint saved to '/fsb/home/yutingwang/ytw_tangzq/schrodinger-bridge-sr-micrometeorology/data/DL_result/ExperimentSchrodingerBridge3dWind/config_wind_3d_ablation_no_thermal_day/checkpoint.pth'
Elapsed time = 11.303972721099854 sec
----------
Epoch 11 / 400
train error: avg loss = 0.23624700
Best loss is updated and ES count is reset.
Checkpoint saved to '/fsb/home/yutingwang/ytw_tangzq/schrodinger-bridge-sr-micrometeorology/data/DL_result/ExperimentSchrodingerBridge3dWind/config_wind_3d_ablation_no_thermal_day/checkpoint.pth'
Elapsed time = 11.330775737762451 sec
----------
Epoch 12 / 400
train error: avg loss = 0.22026447
Best loss is updated and ES count is reset.
Checkpoint saved to '/fsb/home/yutingwang/ytw_tangzq/schrodinger-bridge-sr-micrometeorology/data/DL_result/ExperimentSchrodingerBridge3dWind/config_wind_3d_ablation_no_thermal_day/checkpoint.pth'
Elapsed time = 11.256069421768188 sec
----------
Epoch 13 / 400
train error: avg loss = 0.20825737
Best loss is updated and ES count is reset.
Checkpoint saved to '/fsb/home/yutingwang/ytw_tangzq/schrodinger-bridge-sr-micrometeorology/data/DL_result/ExperimentSchrodingerBridge3dWind/config_wind_3d_ablation_no_thermal_day/checkpoint.pth'
Elapsed time = 11.328105688095093 sec
----------
Epoch 14 / 400
train error: avg loss = 0.19659947
Best loss is updated and ES count is reset.
Checkpoint saved to '/fsb/home/yutingwang/ytw_tangzq/schrodinger-bridge-sr-micrometeorology/data/DL_result/ExperimentSchrodingerBridge3dWind/config_wind_3d_ablation_no_thermal_day/checkpoint.pth'
Elapsed time = 11.30366063117981 sec
----------
Epoch 15 / 400
train error: avg loss = 0.19531942
Best loss is updated and ES count is reset.
Checkpoint saved to '/fsb/home/yutingwang/ytw_tangzq/schrodinger-bridge-sr-micrometeorology/data/DL_result/ExperimentSchrodingerBridge3dWind/config_wind_3d_ablation_no_thermal_day/checkpoint.pth'
Elapsed time = 11.223371505737305 sec
----------
Epoch 16 / 400
train error: avg loss = 0.19308367
Best loss is updated and ES count is reset.
Checkpoint saved to '/fsb/home/yutingwang/ytw_tangzq/schrodinger-bridge-sr-micrometeorology/data/DL_result/ExperimentSchrodingerBridge3dWind/config_wind_3d_ablation_no_thermal_day/checkpoint.pth'
Elapsed time = 11.248709917068481 sec
----------
Epoch 17 / 400
train error: avg loss = 0.19628482
ES count = 1
Elapsed time = 10.943912744522095 sec
----------
Epoch 18 / 400
train error: avg loss = 0.18131215
Best loss is updated and ES count is reset.
Checkpoint saved to '/fsb/home/yutingwang/ytw_tangzq/schrodinger-bridge-sr-micrometeorology/data/DL_result/ExperimentSchrodingerBridge3dWind/config_wind_3d_ablation_no_thermal_day/checkpoint.pth'
Elapsed time = 11.15911865234375 sec
----------
Epoch 19 / 400
train error: avg loss = 0.19241289
ES count = 1
Elapsed time = 11.16442584991455 sec
----------
Epoch 20 / 400
train error: avg loss = 0.17859830
Best loss is updated and ES count is reset.
Checkpoint saved to '/fsb/home/yutingwang/ytw_tangzq/schrodinger-bridge-sr-micrometeorology/data/DL_result/ExperimentSchrodingerBridge3dWind/config_wind_3d_ablation_no_thermal_day/checkpoint.pth'
Elapsed time = 11.348823070526123 sec
----------
Epoch 21 / 400
train error: avg loss = 0.18683663
ES count = 1
Elapsed time = 11.121937990188599 sec
----------
Epoch 22 / 400
train error: avg loss = 0.16389893
Best loss is updated and ES count is reset.
Checkpoint saved to '/fsb/home/yutingwang/ytw_tangzq/schrodinger-bridge-sr-micrometeorology/data/DL_result/ExperimentSchrodingerBridge3dWind/config_wind_3d_ablation_no_thermal_day/checkpoint.pth'
Elapsed time = 11.431591510772705 sec
----------
Epoch 23 / 400
train error: avg loss = 0.17498140
ES count = 1
Elapsed time = 11.291225671768188 sec
----------
Epoch 24 / 400
train error: avg loss = 0.17470556
ES count = 2
Elapsed time = 11.124644994735718 sec
----------
Epoch 25 / 400
train error: avg loss = 0.16006634
Best loss is updated and ES count is reset.
Checkpoint saved to '/fsb/home/yutingwang/ytw_tangzq/schrodinger-bridge-sr-micrometeorology/data/DL_result/ExperimentSchrodingerBridge3dWind/config_wind_3d_ablation_no_thermal_day/checkpoint.pth'
Elapsed time = 11.31468152999878 sec
----------
Epoch 26 / 400
train error: avg loss = 0.18163667
ES count = 1
Elapsed time = 11.154567956924438 sec
----------
Epoch 27 / 400
train error: avg loss = 0.16607807
ES count = 2
Elapsed time = 11.057303190231323 sec
----------
Epoch 28 / 400
train error: avg loss = 0.17124213
ES count = 3
Elapsed time = 11.049971342086792 sec
----------
Epoch 29 / 400
train error: avg loss = 0.16415527
ES count = 4
Elapsed time = 11.10099983215332 sec
----------
Epoch 30 / 400
train error: avg loss = 0.15587730
Best loss is updated and ES count is reset.
Checkpoint saved to '/fsb/home/yutingwang/ytw_tangzq/schrodinger-bridge-sr-micrometeorology/data/DL_result/ExperimentSchrodingerBridge3dWind/config_wind_3d_ablation_no_thermal_day/checkpoint.pth'
Elapsed time = 11.459730863571167 sec
----------
Epoch 31 / 400
train error: avg loss = 0.14765447
Best loss is updated and ES count is reset.
Checkpoint saved to '/fsb/home/yutingwang/ytw_tangzq/schrodinger-bridge-sr-micrometeorology/data/DL_result/ExperimentSchrodingerBridge3dWind/config_wind_3d_ablation_no_thermal_day/checkpoint.pth'
Elapsed time = 11.476461172103882 sec
----------
Epoch 32 / 400
train error: avg loss = 0.14052624
Best loss is updated and ES count is reset.
Checkpoint saved to '/fsb/home/yutingwang/ytw_tangzq/schrodinger-bridge-sr-micrometeorology/data/DL_result/ExperimentSchrodingerBridge3dWind/config_wind_3d_ablation_no_thermal_day/checkpoint.pth'
Elapsed time = 11.400602579116821 sec
----------
Epoch 33 / 400
train error: avg loss = 0.16097094
ES count = 1
Elapsed time = 11.070745468139648 sec
----------
Epoch 34 / 400
train error: avg loss = 0.14225962
ES count = 2
Elapsed time = 10.972941398620605 sec
----------
Epoch 35 / 400
train error: avg loss = 0.14174132
ES count = 3
Elapsed time = 11.164531230926514 sec
----------
Epoch 36 / 400
train error: avg loss = 0.13977865
Best loss is updated and ES count is reset.
Checkpoint saved to '/fsb/home/yutingwang/ytw_tangzq/schrodinger-bridge-sr-micrometeorology/data/DL_result/ExperimentSchrodingerBridge3dWind/config_wind_3d_ablation_no_thermal_day/checkpoint.pth'
Elapsed time = 11.334508419036865 sec
----------
Epoch 37 / 400
train error: avg loss = 0.13811459
Best loss is updated and ES count is reset.
Checkpoint saved to '/fsb/home/yutingwang/ytw_tangzq/schrodinger-bridge-sr-micrometeorology/data/DL_result/ExperimentSchrodingerBridge3dWind/config_wind_3d_ablation_no_thermal_day/checkpoint.pth'
Elapsed time = 11.219090461730957 sec
----------
Epoch 38 / 400
train error: avg loss = 0.13295576
Best loss is updated and ES count is reset.
Checkpoint saved to '/fsb/home/yutingwang/ytw_tangzq/schrodinger-bridge-sr-micrometeorology/data/DL_result/ExperimentSchrodingerBridge3dWind/config_wind_3d_ablation_no_thermal_day/checkpoint.pth'
Elapsed time = 11.081452369689941 sec
----------
Epoch 39 / 400
train error: avg loss = 0.13469598
ES count = 1
Elapsed time = 10.98768663406372 sec
----------
Epoch 40 / 400
train error: avg loss = 0.12489549
Best loss is updated and ES count is reset.
Checkpoint saved to '/fsb/home/yutingwang/ytw_tangzq/schrodinger-bridge-sr-micrometeorology/data/DL_result/ExperimentSchrodingerBridge3dWind/config_wind_3d_ablation_no_thermal_day/checkpoint.pth'
Elapsed time = 11.228736400604248 sec
----------
Epoch 41 / 400
train error: avg loss = 0.13346646
ES count = 1
Elapsed time = 11.053566455841064 sec
----------
Epoch 42 / 400
train error: avg loss = 0.13492522
ES count = 2
Elapsed time = 10.846788167953491 sec
----------
Epoch 43 / 400
train error: avg loss = 0.12723041
ES count = 3
Elapsed time = 11.07494854927063 sec
----------
Epoch 44 / 400
train error: avg loss = 0.12735284
ES count = 4
Elapsed time = 11.00788426399231 sec
----------
Epoch 45 / 400
train error: avg loss = 0.12922274
ES count = 5
Elapsed time = 11.003257751464844 sec
----------
Epoch 46 / 400
train error: avg loss = 0.12908672
ES count = 6
Elapsed time = 11.190181732177734 sec
----------
Epoch 47 / 400
train error: avg loss = 0.12252685
Best loss is updated and ES count is reset.
Checkpoint saved to '/fsb/home/yutingwang/ytw_tangzq/schrodinger-bridge-sr-micrometeorology/data/DL_result/ExperimentSchrodingerBridge3dWind/config_wind_3d_ablation_no_thermal_day/checkpoint.pth'
Elapsed time = 11.398117542266846 sec
----------
Epoch 48 / 400
train error: avg loss = 0.11710066
Best loss is updated and ES count is reset.
Checkpoint saved to '/fsb/home/yutingwang/ytw_tangzq/schrodinger-bridge-sr-micrometeorology/data/DL_result/ExperimentSchrodingerBridge3dWind/config_wind_3d_ablation_no_thermal_day/checkpoint.pth'
Elapsed time = 11.117024421691895 sec
----------
Epoch 49 / 400
train error: avg loss = 0.11745175
ES count = 1
Elapsed time = 11.168890714645386 sec
----------
Epoch 50 / 400
train error: avg loss = 0.10697606
Best loss is updated and ES count is reset.
Checkpoint saved to '/fsb/home/yutingwang/ytw_tangzq/schrodinger-bridge-sr-micrometeorology/data/DL_result/ExperimentSchrodingerBridge3dWind/config_wind_3d_ablation_no_thermal_day/checkpoint.pth'
Elapsed time = 11.31338906288147 sec
----------
Epoch 51 / 400
train error: avg loss = 0.11519197
ES count = 1
Elapsed time = 11.050713777542114 sec
----------
Epoch 52 / 400
train error: avg loss = 0.11092008
ES count = 2
Elapsed time = 10.988821268081665 sec
----------
Epoch 53 / 400
train error: avg loss = 0.11329942
ES count = 3
Elapsed time = 10.935818195343018 sec
----------
Epoch 54 / 400
train error: avg loss = 0.13094440
ES count = 4
Elapsed time = 11.018208265304565 sec
----------
Epoch 55 / 400
train error: avg loss = 0.11449062
ES count = 5
Elapsed time = 11.001442432403564 sec
----------
Epoch 56 / 400
train error: avg loss = 0.10785730
ES count = 6
Elapsed time = 11.25002408027649 sec
----------
Epoch 57 / 400
train error: avg loss = 0.10324632
Best loss is updated and ES count is reset.
Checkpoint saved to '/fsb/home/yutingwang/ytw_tangzq/schrodinger-bridge-sr-micrometeorology/data/DL_result/ExperimentSchrodingerBridge3dWind/config_wind_3d_ablation_no_thermal_day/checkpoint.pth'
Elapsed time = 11.197745323181152 sec
----------
Epoch 58 / 400
train error: avg loss = 0.10830684
ES count = 1
Elapsed time = 10.92211365699768 sec
----------
Epoch 59 / 400
train error: avg loss = 0.10807490
ES count = 2
Elapsed time = 10.923169612884521 sec
----------
Epoch 60 / 400
train error: avg loss = 0.11081923
ES count = 3
Elapsed time = 11.13977599143982 sec
----------
Epoch 61 / 400
train error: avg loss = 0.10536913
ES count = 4
Elapsed time = 10.876665115356445 sec
----------
Epoch 62 / 400
train error: avg loss = 0.11045186
ES count = 5
Elapsed time = 11.027008771896362 sec
----------
Epoch 63 / 400
train error: avg loss = 0.10047136
Best loss is updated and ES count is reset.
Checkpoint saved to '/fsb/home/yutingwang/ytw_tangzq/schrodinger-bridge-sr-micrometeorology/data/DL_result/ExperimentSchrodingerBridge3dWind/config_wind_3d_ablation_no_thermal_day/checkpoint.pth'
Elapsed time = 11.31113576889038 sec
----------
Epoch 64 / 400
train error: avg loss = 0.10567345
ES count = 1
Elapsed time = 10.955373048782349 sec
----------
Epoch 65 / 400
train error: avg loss = 0.10836957
ES count = 2
Elapsed time = 10.9607515335083 sec
----------
Epoch 66 / 400
train error: avg loss = 0.10257612
ES count = 3
Elapsed time = 11.000880718231201 sec
----------
Epoch 67 / 400
train error: avg loss = 0.10306063
ES count = 4
Elapsed time = 10.88518500328064 sec
----------
Epoch 68 / 400
train error: avg loss = 0.09709738
Best loss is updated and ES count is reset.
Checkpoint saved to '/fsb/home/yutingwang/ytw_tangzq/schrodinger-bridge-sr-micrometeorology/data/DL_result/ExperimentSchrodingerBridge3dWind/config_wind_3d_ablation_no_thermal_day/checkpoint.pth'
Elapsed time = 11.107553958892822 sec
----------
Epoch 69 / 400
train error: avg loss = 0.09468983
Best loss is updated and ES count is reset.
Checkpoint saved to '/fsb/home/yutingwang/ytw_tangzq/schrodinger-bridge-sr-micrometeorology/data/DL_result/ExperimentSchrodingerBridge3dWind/config_wind_3d_ablation_no_thermal_day/checkpoint.pth'
Elapsed time = 11.219878196716309 sec
----------
Epoch 70 / 400
train error: avg loss = 0.09445846
Best loss is updated and ES count is reset.
Checkpoint saved to '/fsb/home/yutingwang/ytw_tangzq/schrodinger-bridge-sr-micrometeorology/data/DL_result/ExperimentSchrodingerBridge3dWind/config_wind_3d_ablation_no_thermal_day/checkpoint.pth'
Elapsed time = 11.333111763000488 sec
----------
Epoch 71 / 400
train error: avg loss = 0.09860372
ES count = 1
Elapsed time = 10.898493528366089 sec
----------
Epoch 72 / 400
train error: avg loss = 0.10107622
ES count = 2
Elapsed time = 11.219255924224854 sec
----------
Epoch 73 / 400
train error: avg loss = 0.09961564
ES count = 3
Elapsed time = 11.088958024978638 sec
----------
Epoch 74 / 400
train error: avg loss = 0.09254208
Best loss is updated and ES count is reset.
Checkpoint saved to '/fsb/home/yutingwang/ytw_tangzq/schrodinger-bridge-sr-micrometeorology/data/DL_result/ExperimentSchrodingerBridge3dWind/config_wind_3d_ablation_no_thermal_day/checkpoint.pth'
Elapsed time = 11.527129173278809 sec
----------
Epoch 75 / 400
train error: avg loss = 0.09455309
ES count = 1
Elapsed time = 11.082018852233887 sec
----------
Epoch 76 / 400
train error: avg loss = 0.09389181
ES count = 2
Elapsed time = 11.05685544013977 sec
----------
Epoch 77 / 400
train error: avg loss = 0.09482175
ES count = 3
Elapsed time = 11.121540546417236 sec
----------
Epoch 78 / 400
train error: avg loss = 0.09376354
ES count = 4
Elapsed time = 11.18670129776001 sec
----------
Epoch 79 / 400
train error: avg loss = 0.09120380
Best loss is updated and ES count is reset.
Checkpoint saved to '/fsb/home/yutingwang/ytw_tangzq/schrodinger-bridge-sr-micrometeorology/data/DL_result/ExperimentSchrodingerBridge3dWind/config_wind_3d_ablation_no_thermal_day/checkpoint.pth'
Elapsed time = 11.417104005813599 sec
----------
Epoch 80 / 400
train error: avg loss = 0.09936492
ES count = 1
Elapsed time = 11.021246910095215 sec
----------
Epoch 81 / 400
train error: avg loss = 0.09294767
ES count = 2
Elapsed time = 11.176646947860718 sec
----------
Epoch 82 / 400
train error: avg loss = 0.09171348
ES count = 3
Elapsed time = 11.246949911117554 sec
----------
Epoch 83 / 400
train error: avg loss = 0.09402341
ES count = 4
Elapsed time = 11.086400032043457 sec
----------
Epoch 84 / 400
train error: avg loss = 0.09280244
ES count = 5
Elapsed time = 11.046116590499878 sec
----------
Epoch 85 / 400
train error: avg loss = 0.08938098
Best loss is updated and ES count is reset.
Checkpoint saved to '/fsb/home/yutingwang/ytw_tangzq/schrodinger-bridge-sr-micrometeorology/data/DL_result/ExperimentSchrodingerBridge3dWind/config_wind_3d_ablation_no_thermal_day/checkpoint.pth'
Elapsed time = 11.432065963745117 sec
----------
Epoch 86 / 400
train error: avg loss = 0.08843097
Best loss is updated and ES count is reset.
Checkpoint saved to '/fsb/home/yutingwang/ytw_tangzq/schrodinger-bridge-sr-micrometeorology/data/DL_result/ExperimentSchrodingerBridge3dWind/config_wind_3d_ablation_no_thermal_day/checkpoint.pth'
Elapsed time = 11.432804584503174 sec
----------
Epoch 87 / 400
train error: avg loss = 0.08563136
Best loss is updated and ES count is reset.
Checkpoint saved to '/fsb/home/yutingwang/ytw_tangzq/schrodinger-bridge-sr-micrometeorology/data/DL_result/ExperimentSchrodingerBridge3dWind/config_wind_3d_ablation_no_thermal_day/checkpoint.pth'
Elapsed time = 11.261863470077515 sec
----------
Epoch 88 / 400
train error: avg loss = 0.09136302
ES count = 1
Elapsed time = 11.200026750564575 sec
----------
Epoch 89 / 400
train error: avg loss = 0.09566163
ES count = 2
Elapsed time = 10.989012002944946 sec
----------
Epoch 90 / 400
train error: avg loss = 0.08880627
ES count = 3
Elapsed time = 11.06593942642212 sec
----------
Epoch 91 / 400
train error: avg loss = 0.09040922
ES count = 4
Elapsed time = 11.018117666244507 sec
----------
Epoch 92 / 400
train error: avg loss = 0.08968350
ES count = 5
Elapsed time = 10.794190645217896 sec
----------
Epoch 93 / 400
train error: avg loss = 0.08965675
ES count = 6
Elapsed time = 10.95814323425293 sec
----------
Epoch 94 / 400
train error: avg loss = 0.08332535
Best loss is updated and ES count is reset.
Checkpoint saved to '/fsb/home/yutingwang/ytw_tangzq/schrodinger-bridge-sr-micrometeorology/data/DL_result/ExperimentSchrodingerBridge3dWind/config_wind_3d_ablation_no_thermal_day/checkpoint.pth'
Elapsed time = 11.193982601165771 sec
----------
Epoch 95 / 400
train error: avg loss = 0.08898369
ES count = 1
Elapsed time = 11.025334358215332 sec
----------
Epoch 96 / 400
train error: avg loss = 0.08471097
ES count = 2
Elapsed time = 10.925756692886353 sec
----------
Epoch 97 / 400
train error: avg loss = 0.09262613
ES count = 3
Elapsed time = 10.993725538253784 sec
----------
Epoch 98 / 400
train error: avg loss = 0.09007214
ES count = 4
Elapsed time = 11.097446203231812 sec
----------
Epoch 99 / 400
train error: avg loss = 0.08554182
ES count = 5
Elapsed time = 10.913079500198364 sec
----------
Epoch 100 / 400
train error: avg loss = 0.08364792
ES count = 6
Epoch = 100. Save a periodic model snapshot.
Elapsed time = 10.985657453536987 sec
----------
Epoch 101 / 400
train error: avg loss = 0.08686827
ES count = 7
Elapsed time = 11.0075044631958 sec
----------
Epoch 102 / 400
train error: avg loss = 0.08213734
Best loss is updated and ES count is reset.
Checkpoint saved to '/fsb/home/yutingwang/ytw_tangzq/schrodinger-bridge-sr-micrometeorology/data/DL_result/ExperimentSchrodingerBridge3dWind/config_wind_3d_ablation_no_thermal_day/checkpoint.pth'
Elapsed time = 11.131832361221313 sec
----------
Epoch 103 / 400
train error: avg loss = 0.08228398
ES count = 1
Elapsed time = 11.203138828277588 sec
----------
Epoch 104 / 400
train error: avg loss = 0.08394848
ES count = 2
Elapsed time = 11.014981508255005 sec
----------
Epoch 105 / 400
train error: avg loss = 0.08404703
ES count = 3
Elapsed time = 10.928609371185303 sec
----------
Epoch 106 / 400
train error: avg loss = 0.08316776
ES count = 4
Elapsed time = 11.07460355758667 sec
----------
Epoch 107 / 400
train error: avg loss = 0.08404834
ES count = 5
Elapsed time = 11.088852167129517 sec
----------
Epoch 108 / 400
train error: avg loss = 0.07926726
Best loss is updated and ES count is reset.
Checkpoint saved to '/fsb/home/yutingwang/ytw_tangzq/schrodinger-bridge-sr-micrometeorology/data/DL_result/ExperimentSchrodingerBridge3dWind/config_wind_3d_ablation_no_thermal_day/checkpoint.pth'
Elapsed time = 11.238385677337646 sec
----------
Epoch 109 / 400
train error: avg loss = 0.08082456
ES count = 1
Elapsed time = 11.047591209411621 sec
----------
Epoch 110 / 400
train error: avg loss = 0.08322715
ES count = 2
Elapsed time = 10.978275537490845 sec
----------
Epoch 111 / 400
train error: avg loss = 0.08319242
ES count = 3
Elapsed time = 10.819959878921509 sec
----------
Epoch 112 / 400
train error: avg loss = 0.08381199
ES count = 4
Elapsed time = 10.948872327804565 sec
----------
Epoch 113 / 400
train error: avg loss = 0.08213487
ES count = 5
Elapsed time = 11.001463174819946 sec
----------
Epoch 114 / 400
train error: avg loss = 0.07562625
Best loss is updated and ES count is reset.
Checkpoint saved to '/fsb/home/yutingwang/ytw_tangzq/schrodinger-bridge-sr-micrometeorology/data/DL_result/ExperimentSchrodingerBridge3dWind/config_wind_3d_ablation_no_thermal_day/checkpoint.pth'
Elapsed time = 11.182570457458496 sec
----------
Epoch 115 / 400
train error: avg loss = 0.08133398
ES count = 1
Elapsed time = 10.943317413330078 sec
----------
Epoch 116 / 400
train error: avg loss = 0.08215907
ES count = 2
Elapsed time = 11.089299201965332 sec
----------
Epoch 117 / 400
train error: avg loss = 0.08574712
ES count = 3
Elapsed time = 10.906572818756104 sec
----------
Epoch 118 / 400
train error: avg loss = 0.07705127
ES count = 4
Elapsed time = 11.061043739318848 sec
----------
Epoch 119 / 400
train error: avg loss = 0.07610500
ES count = 5
Elapsed time = 10.944295406341553 sec
----------
Epoch 120 / 400
train error: avg loss = 0.08118076
ES count = 6
Elapsed time = 10.965977430343628 sec
----------
Epoch 121 / 400
train error: avg loss = 0.08386674
ES count = 7
Elapsed time = 10.875125169754028 sec
----------
Epoch 122 / 400
train error: avg loss = 0.07839381
ES count = 8
Elapsed time = 10.836011409759521 sec
----------
Epoch 123 / 400
train error: avg loss = 0.07697877
ES count = 9
Elapsed time = 10.771553754806519 sec
----------
Epoch 124 / 400
train error: avg loss = 0.08145096
ES count = 10
Elapsed time = 11.002814054489136 sec
----------
Epoch 125 / 400
train error: avg loss = 0.07795232
ES count = 11
Elapsed time = 10.986774444580078 sec
----------
Epoch 126 / 400
train error: avg loss = 0.07702467
ES count = 12
Elapsed time = 11.085665464401245 sec
----------
Epoch 127 / 400
train error: avg loss = 0.07839690
ES count = 13
Elapsed time = 10.969290256500244 sec
----------
Epoch 128 / 400
train error: avg loss = 0.07295142
Best loss is updated and ES count is reset.
Checkpoint saved to '/fsb/home/yutingwang/ytw_tangzq/schrodinger-bridge-sr-micrometeorology/data/DL_result/ExperimentSchrodingerBridge3dWind/config_wind_3d_ablation_no_thermal_day/checkpoint.pth'
Elapsed time = 11.515716791152954 sec
----------
Epoch 129 / 400
train error: avg loss = 0.07807731
ES count = 1
Elapsed time = 10.960590124130249 sec
----------
Epoch 130 / 400
train error: avg loss = 0.07951615
ES count = 2
Elapsed time = 10.978687286376953 sec
----------
Epoch 131 / 400
train error: avg loss = 0.07441369
ES count = 3
Elapsed time = 11.063628435134888 sec
----------
Epoch 132 / 400
train error: avg loss = 0.07948604
ES count = 4
Elapsed time = 10.98262619972229 sec
----------
Epoch 133 / 400
train error: avg loss = 0.07590216
ES count = 5
Elapsed time = 11.054259777069092 sec
----------
Epoch 134 / 400
train error: avg loss = 0.07225643
Best loss is updated and ES count is reset.
Checkpoint saved to '/fsb/home/yutingwang/ytw_tangzq/schrodinger-bridge-sr-micrometeorology/data/DL_result/ExperimentSchrodingerBridge3dWind/config_wind_3d_ablation_no_thermal_day/checkpoint.pth'
Elapsed time = 11.494333267211914 sec
----------
Epoch 135 / 400
train error: avg loss = 0.07174623
Best loss is updated and ES count is reset.
Checkpoint saved to '/fsb/home/yutingwang/ytw_tangzq/schrodinger-bridge-sr-micrometeorology/data/DL_result/ExperimentSchrodingerBridge3dWind/config_wind_3d_ablation_no_thermal_day/checkpoint.pth'
Elapsed time = 11.395380735397339 sec
----------
Epoch 136 / 400
train error: avg loss = 0.07645597
ES count = 1
Elapsed time = 11.214996576309204 sec
----------
Epoch 137 / 400
train error: avg loss = 0.07457145
ES count = 2
Elapsed time = 10.942427396774292 sec
----------
Epoch 138 / 400
train error: avg loss = 0.07694041
ES count = 3
Elapsed time = 11.10638952255249 sec
----------
Epoch 139 / 400
train error: avg loss = 0.07290638
ES count = 4
Elapsed time = 10.959962368011475 sec
----------
Epoch 140 / 400
train error: avg loss = 0.07731871
ES count = 5
Elapsed time = 11.016322612762451 sec
----------
Epoch 141 / 400
train error: avg loss = 0.08006756
ES count = 6
Elapsed time = 11.095724821090698 sec
----------
Epoch 142 / 400
train error: avg loss = 0.08135618
ES count = 7
Elapsed time = 11.12824010848999 sec
----------
Epoch 143 / 400
train error: avg loss = 0.07476716
ES count = 8
Elapsed time = 10.972485065460205 sec
----------
Epoch 144 / 400
train error: avg loss = 0.07606115
ES count = 9
Elapsed time = 11.107659578323364 sec
----------
Epoch 145 / 400
train error: avg loss = 0.07247495
ES count = 10
Elapsed time = 11.03568434715271 sec
----------
Epoch 146 / 400
train error: avg loss = 0.07579831
ES count = 11
Elapsed time = 11.097409963607788 sec
----------
Epoch 147 / 400
train error: avg loss = 0.07249422
ES count = 12
Elapsed time = 11.06740689277649 sec
----------
Epoch 148 / 400
train error: avg loss = 0.07325168
ES count = 13
Elapsed time = 11.01886796951294 sec
----------
Epoch 149 / 400
train error: avg loss = 0.07174294
Best loss is updated and ES count is reset.
Checkpoint saved to '/fsb/home/yutingwang/ytw_tangzq/schrodinger-bridge-sr-micrometeorology/data/DL_result/ExperimentSchrodingerBridge3dWind/config_wind_3d_ablation_no_thermal_day/checkpoint.pth'
Elapsed time = 11.189171075820923 sec
----------
Epoch 150 / 400
train error: avg loss = 0.07333856
ES count = 1
Elapsed time = 11.087264060974121 sec
----------
Epoch 151 / 400
train error: avg loss = 0.07926309
ES count = 2
Elapsed time = 10.880526781082153 sec
----------
Epoch 152 / 400
train error: avg loss = 0.07087010
Best loss is updated and ES count is reset.
Checkpoint saved to '/fsb/home/yutingwang/ytw_tangzq/schrodinger-bridge-sr-micrometeorology/data/DL_result/ExperimentSchrodingerBridge3dWind/config_wind_3d_ablation_no_thermal_day/checkpoint.pth'
Elapsed time = 11.107698440551758 sec
----------
Epoch 153 / 400
train error: avg loss = 0.06989872
Best loss is updated and ES count is reset.
Checkpoint saved to '/fsb/home/yutingwang/ytw_tangzq/schrodinger-bridge-sr-micrometeorology/data/DL_result/ExperimentSchrodingerBridge3dWind/config_wind_3d_ablation_no_thermal_day/checkpoint.pth'
Elapsed time = 11.338847398757935 sec
----------
Epoch 154 / 400
train error: avg loss = 0.06941455
Best loss is updated and ES count is reset.
Checkpoint saved to '/fsb/home/yutingwang/ytw_tangzq/schrodinger-bridge-sr-micrometeorology/data/DL_result/ExperimentSchrodingerBridge3dWind/config_wind_3d_ablation_no_thermal_day/checkpoint.pth'
Elapsed time = 11.329039335250854 sec
----------
Epoch 155 / 400
train error: avg loss = 0.07083656
ES count = 1
Elapsed time = 11.00400710105896 sec
----------
Epoch 156 / 400
train error: avg loss = 0.07543661
ES count = 2
Elapsed time = 11.051171779632568 sec
----------
Epoch 157 / 400
train error: avg loss = 0.07210023
ES count = 3
Elapsed time = 10.719955682754517 sec
----------
Epoch 158 / 400
train error: avg loss = 0.07757594
ES count = 4
Elapsed time = 10.890608787536621 sec
----------
Epoch 159 / 400
train error: avg loss = 0.07172855
ES count = 5
Elapsed time = 11.184628009796143 sec
----------
Epoch 160 / 400
train error: avg loss = 0.06786714
Best loss is updated and ES count is reset.
Checkpoint saved to '/fsb/home/yutingwang/ytw_tangzq/schrodinger-bridge-sr-micrometeorology/data/DL_result/ExperimentSchrodingerBridge3dWind/config_wind_3d_ablation_no_thermal_day/checkpoint.pth'
Elapsed time = 11.097731113433838 sec
----------
Epoch 161 / 400
train error: avg loss = 0.06767691
Best loss is updated and ES count is reset.
Checkpoint saved to '/fsb/home/yutingwang/ytw_tangzq/schrodinger-bridge-sr-micrometeorology/data/DL_result/ExperimentSchrodingerBridge3dWind/config_wind_3d_ablation_no_thermal_day/checkpoint.pth'
Elapsed time = 11.431443452835083 sec
----------
Epoch 162 / 400
train error: avg loss = 0.06883861
ES count = 1
Elapsed time = 10.94001293182373 sec
----------
Epoch 163 / 400
train error: avg loss = 0.06715545
Best loss is updated and ES count is reset.
Checkpoint saved to '/fsb/home/yutingwang/ytw_tangzq/schrodinger-bridge-sr-micrometeorology/data/DL_result/ExperimentSchrodingerBridge3dWind/config_wind_3d_ablation_no_thermal_day/checkpoint.pth'
Elapsed time = 11.28012466430664 sec
----------
Epoch 164 / 400
train error: avg loss = 0.07319636
ES count = 1
Elapsed time = 10.947441577911377 sec
----------
Epoch 165 / 400
train error: avg loss = 0.07319524
ES count = 2
Elapsed time = 11.02795147895813 sec
----------
Epoch 166 / 400
train error: avg loss = 0.07078345
ES count = 3
Elapsed time = 11.060351848602295 sec
----------
Epoch 167 / 400
train error: avg loss = 0.06942291
ES count = 4
Elapsed time = 11.225045680999756 sec
----------
Epoch 168 / 400
train error: avg loss = 0.07720158
ES count = 5
Elapsed time = 11.177323341369629 sec
----------
Epoch 169 / 400
train error: avg loss = 0.06827146
ES count = 6
Elapsed time = 10.847748279571533 sec
----------
Epoch 170 / 400
train error: avg loss = 0.06994796
ES count = 7
Elapsed time = 10.947492599487305 sec
----------
Epoch 171 / 400
train error: avg loss = 0.07139388
ES count = 8
Elapsed time = 10.972828149795532 sec
----------
Epoch 172 / 400
train error: avg loss = 0.06822237
ES count = 9
Elapsed time = 10.98112440109253 sec
----------
Epoch 173 / 400
train error: avg loss = 0.06812979
ES count = 10
Elapsed time = 10.935693979263306 sec
----------
Epoch 174 / 400
train error: avg loss = 0.07514433
ES count = 11
Elapsed time = 10.990598678588867 sec
----------
Epoch 175 / 400
train error: avg loss = 0.07327460
ES count = 12
Elapsed time = 11.044352769851685 sec
----------
Epoch 176 / 400
train error: avg loss = 0.07777146
ES count = 13
Elapsed time = 11.151731491088867 sec
----------
Epoch 177 / 400
train error: avg loss = 0.07393441
ES count = 14
Elapsed time = 11.295051574707031 sec
----------
Epoch 178 / 400
train error: avg loss = 0.07093671
ES count = 15
Elapsed time = 11.090298891067505 sec
----------
Epoch 179 / 400
train error: avg loss = 0.06999734
ES count = 16
Elapsed time = 11.079487800598145 sec
----------
Epoch 180 / 400
train error: avg loss = 0.06607339
Best loss is updated and ES count is reset.
Checkpoint saved to '/fsb/home/yutingwang/ytw_tangzq/schrodinger-bridge-sr-micrometeorology/data/DL_result/ExperimentSchrodingerBridge3dWind/config_wind_3d_ablation_no_thermal_day/checkpoint.pth'
Elapsed time = 11.340513944625854 sec
----------
Epoch 181 / 400
train error: avg loss = 0.06737702
ES count = 1
Elapsed time = 11.146906614303589 sec
----------
Epoch 182 / 400
train error: avg loss = 0.06908248
ES count = 2
Elapsed time = 11.004133462905884 sec
----------
Epoch 183 / 400
train error: avg loss = 0.06702212
ES count = 3
Elapsed time = 11.30783486366272 sec
----------
Epoch 184 / 400
train error: avg loss = 0.07633089
ES count = 4
Elapsed time = 11.080235481262207 sec
----------
Epoch 185 / 400
train error: avg loss = 0.06665745
ES count = 5
Elapsed time = 10.954604625701904 sec
----------
Epoch 186 / 400
train error: avg loss = 0.06999309
ES count = 6
Elapsed time = 10.986096143722534 sec
----------
Epoch 187 / 400
train error: avg loss = 0.06632883
ES count = 7
Elapsed time = 11.094308614730835 sec
----------
Epoch 188 / 400
train error: avg loss = 0.06485610
Best loss is updated and ES count is reset.
Checkpoint saved to '/fsb/home/yutingwang/ytw_tangzq/schrodinger-bridge-sr-micrometeorology/data/DL_result/ExperimentSchrodingerBridge3dWind/config_wind_3d_ablation_no_thermal_day/checkpoint.pth'
Elapsed time = 11.404428720474243 sec
----------
Epoch 189 / 400
train error: avg loss = 0.06906178
ES count = 1
Elapsed time = 11.112392902374268 sec
----------
Epoch 190 / 400
train error: avg loss = 0.06982974
ES count = 2
Elapsed time = 11.117536306381226 sec
----------
Epoch 191 / 400
train error: avg loss = 0.06839337
ES count = 3
Elapsed time = 11.087980270385742 sec
----------
Epoch 192 / 400
train error: avg loss = 0.06520426
ES count = 4
Elapsed time = 11.10082745552063 sec
----------
Epoch 193 / 400
train error: avg loss = 0.06833229
ES count = 5
Elapsed time = 10.962055206298828 sec
----------
Epoch 194 / 400
train error: avg loss = 0.06801738
ES count = 6
Elapsed time = 11.068802833557129 sec
----------
Epoch 195 / 400
train error: avg loss = 0.06836228
ES count = 7
Elapsed time = 11.15739130973816 sec
----------
Epoch 196 / 400
train error: avg loss = 0.06480102
Best loss is updated and ES count is reset.
Checkpoint saved to '/fsb/home/yutingwang/ytw_tangzq/schrodinger-bridge-sr-micrometeorology/data/DL_result/ExperimentSchrodingerBridge3dWind/config_wind_3d_ablation_no_thermal_day/checkpoint.pth'
Elapsed time = 11.43610405921936 sec
----------
Epoch 197 / 400
train error: avg loss = 0.06477903
Best loss is updated and ES count is reset.
Checkpoint saved to '/fsb/home/yutingwang/ytw_tangzq/schrodinger-bridge-sr-micrometeorology/data/DL_result/ExperimentSchrodingerBridge3dWind/config_wind_3d_ablation_no_thermal_day/checkpoint.pth'
Elapsed time = 11.361725091934204 sec
----------
Epoch 198 / 400
train error: avg loss = 0.06638201
ES count = 1
Elapsed time = 11.16371774673462 sec
----------
Epoch 199 / 400
train error: avg loss = 0.06275655
Best loss is updated and ES count is reset.
Checkpoint saved to '/fsb/home/yutingwang/ytw_tangzq/schrodinger-bridge-sr-micrometeorology/data/DL_result/ExperimentSchrodingerBridge3dWind/config_wind_3d_ablation_no_thermal_day/checkpoint.pth'
Elapsed time = 11.319257020950317 sec
----------
Epoch 200 / 400
train error: avg loss = 0.06717788
ES count = 1
Epoch = 200. Save a periodic model snapshot.
Elapsed time = 11.10792875289917 sec
----------
Epoch 201 / 400
train error: avg loss = 0.06945771
ES count = 2
Elapsed time = 11.0887291431427 sec
----------
Epoch 202 / 400
train error: avg loss = 0.06529253
ES count = 3
Elapsed time = 11.168549537658691 sec
----------
Epoch 203 / 400
train error: avg loss = 0.06227431
Best loss is updated and ES count is reset.
Checkpoint saved to '/fsb/home/yutingwang/ytw_tangzq/schrodinger-bridge-sr-micrometeorology/data/DL_result/ExperimentSchrodingerBridge3dWind/config_wind_3d_ablation_no_thermal_day/checkpoint.pth'
Elapsed time = 11.524635791778564 sec
----------
Epoch 204 / 400
train error: avg loss = 0.06492124
ES count = 1
Elapsed time = 10.793647527694702 sec
----------
Epoch 205 / 400
train error: avg loss = 0.06870581
ES count = 2
Elapsed time = 10.691011190414429 sec
----------
Epoch 206 / 400
train error: avg loss = 0.06411358
ES count = 3
Elapsed time = 10.684151887893677 sec
----------
Epoch 207 / 400
train error: avg loss = 0.06374775
ES count = 4
Elapsed time = 10.808197975158691 sec
----------
Epoch 208 / 400
train error: avg loss = 0.07005325
ES count = 5
Elapsed time = 10.782456398010254 sec
----------
Epoch 209 / 400
train error: avg loss = 0.06097371
Best loss is updated and ES count is reset.
Checkpoint saved to '/fsb/home/yutingwang/ytw_tangzq/schrodinger-bridge-sr-micrometeorology/data/DL_result/ExperimentSchrodingerBridge3dWind/config_wind_3d_ablation_no_thermal_day/checkpoint.pth'
Elapsed time = 11.305270671844482 sec
----------
Epoch 210 / 400
train error: avg loss = 0.06777330
ES count = 1
Elapsed time = 11.015321493148804 sec
----------
Epoch 211 / 400
train error: avg loss = 0.06679975
ES count = 2
Elapsed time = 11.109153509140015 sec
----------
Epoch 212 / 400
train error: avg loss = 0.06715173
ES count = 3
Elapsed time = 11.0485680103302 sec
----------
Epoch 213 / 400
train error: avg loss = 0.06224194
ES count = 4
Elapsed time = 11.194205045700073 sec
----------
Epoch 214 / 400
train error: avg loss = 0.06578383
ES count = 5
Elapsed time = 11.179767370223999 sec
----------
Epoch 215 / 400
train error: avg loss = 0.06915305
ES count = 6
Elapsed time = 10.990508794784546 sec
----------
Epoch 216 / 400
train error: avg loss = 0.07163208
ES count = 7
Elapsed time = 11.079874277114868 sec
----------
Epoch 217 / 400
train error: avg loss = 0.06158906
ES count = 8
Elapsed time = 11.033435106277466 sec
----------
Epoch 218 / 400
train error: avg loss = 0.06137824
ES count = 9
Elapsed time = 11.105780363082886 sec
----------
Epoch 219 / 400
train error: avg loss = 0.06215602
ES count = 10
Elapsed time = 10.918460369110107 sec
----------
Epoch 220 / 400
train error: avg loss = 0.06368337
ES count = 11
Elapsed time = 10.984585046768188 sec
----------
Epoch 221 / 400
train error: avg loss = 0.06675922
ES count = 12
Elapsed time = 11.157355785369873 sec
----------
Epoch 222 / 400
train error: avg loss = 0.06912018
ES count = 13
Elapsed time = 10.973119497299194 sec
----------
Epoch 223 / 400
train error: avg loss = 0.06840570
ES count = 14
Elapsed time = 11.061015129089355 sec
----------
Epoch 224 / 400
train error: avg loss = 0.06224304
ES count = 15
Elapsed time = 11.014887809753418 sec
----------
Epoch 225 / 400
train error: avg loss = 0.06059345
Best loss is updated and ES count is reset.
Checkpoint saved to '/fsb/home/yutingwang/ytw_tangzq/schrodinger-bridge-sr-micrometeorology/data/DL_result/ExperimentSchrodingerBridge3dWind/config_wind_3d_ablation_no_thermal_day/checkpoint.pth'
Elapsed time = 11.09067988395691 sec
----------
Epoch 226 / 400
train error: avg loss = 0.06235959
ES count = 1
Elapsed time = 10.920002460479736 sec
----------
Epoch 227 / 400
train error: avg loss = 0.06796093
ES count = 2
Elapsed time = 11.061511754989624 sec
----------
Epoch 228 / 400
train error: avg loss = 0.06438536
ES count = 3
Elapsed time = 10.970370531082153 sec
----------
Epoch 229 / 400
train error: avg loss = 0.06004742
Best loss is updated and ES count is reset.
Checkpoint saved to '/fsb/home/yutingwang/ytw_tangzq/schrodinger-bridge-sr-micrometeorology/data/DL_result/ExperimentSchrodingerBridge3dWind/config_wind_3d_ablation_no_thermal_day/checkpoint.pth'
Elapsed time = 11.393992185592651 sec
----------
Epoch 230 / 400
train error: avg loss = 0.06075143
ES count = 1
Elapsed time = 11.084064960479736 sec
----------
Epoch 231 / 400
train error: avg loss = 0.06202124
ES count = 2
Elapsed time = 10.908342123031616 sec
----------
Epoch 232 / 400
train error: avg loss = 0.06413851
ES count = 3
Elapsed time = 10.834786653518677 sec
----------
Epoch 233 / 400
train error: avg loss = 0.07025816
ES count = 4
Elapsed time = 10.825392484664917 sec
----------
Epoch 234 / 400
train error: avg loss = 0.07024278
ES count = 5
Elapsed time = 10.83137035369873 sec
----------
Epoch 235 / 400
train error: avg loss = 0.06450623
ES count = 6
Elapsed time = 10.876111030578613 sec
----------
Epoch 236 / 400
train error: avg loss = 0.06217760
ES count = 7
Elapsed time = 10.772510766983032 sec
----------
Epoch 237 / 400
train error: avg loss = 0.06074021
ES count = 8
Elapsed time = 10.76381802558899 sec
----------
Epoch 238 / 400
train error: avg loss = 0.06228697
ES count = 9
Elapsed time = 10.742159128189087 sec
----------
Epoch 239 / 400
train error: avg loss = 0.05866756
Best loss is updated and ES count is reset.
Checkpoint saved to '/fsb/home/yutingwang/ytw_tangzq/schrodinger-bridge-sr-micrometeorology/data/DL_result/ExperimentSchrodingerBridge3dWind/config_wind_3d_ablation_no_thermal_day/checkpoint.pth'
Elapsed time = 11.175535202026367 sec
----------
Epoch 240 / 400
train error: avg loss = 0.05819868
Best loss is updated and ES count is reset.
Checkpoint saved to '/fsb/home/yutingwang/ytw_tangzq/schrodinger-bridge-sr-micrometeorology/data/DL_result/ExperimentSchrodingerBridge3dWind/config_wind_3d_ablation_no_thermal_day/checkpoint.pth'
Elapsed time = 11.09440279006958 sec
----------
Epoch 241 / 400
train error: avg loss = 0.06390462
ES count = 1
Elapsed time = 10.871743202209473 sec
----------
Epoch 242 / 400
train error: avg loss = 0.06283672
ES count = 2
Elapsed time = 10.72784686088562 sec
----------
Epoch 243 / 400
train error: avg loss = 0.06274653
ES count = 3
Elapsed time = 10.866833209991455 sec
----------
Epoch 244 / 400
train error: avg loss = 0.06248992
ES count = 4
Elapsed time = 10.786063432693481 sec
----------
Epoch 245 / 400
train error: avg loss = 0.06272695
ES count = 5
Elapsed time = 10.759504318237305 sec
----------
Epoch 246 / 400
train error: avg loss = 0.06198827
ES count = 6
Elapsed time = 10.74425983428955 sec
----------
Epoch 247 / 400
train error: avg loss = 0.06225598
ES count = 7
Elapsed time = 10.815165758132935 sec
----------
Epoch 248 / 400
train error: avg loss = 0.06555920
ES count = 8
Elapsed time = 10.81974172592163 sec
----------
Epoch 249 / 400
train error: avg loss = 0.06378052
ES count = 9
Elapsed time = 10.794061183929443 sec
----------
Epoch 250 / 400
train error: avg loss = 0.06240969
ES count = 10
Elapsed time = 10.785697937011719 sec
----------
Epoch 251 / 400
train error: avg loss = 0.06494313
ES count = 11
Elapsed time = 10.823402643203735 sec
----------
Epoch 252 / 400
train error: avg loss = 0.05981372
ES count = 12
Elapsed time = 10.82436203956604 sec
----------
Epoch 253 / 400
train error: avg loss = 0.05744296
Best loss is updated and ES count is reset.
Checkpoint saved to '/fsb/home/yutingwang/ytw_tangzq/schrodinger-bridge-sr-micrometeorology/data/DL_result/ExperimentSchrodingerBridge3dWind/config_wind_3d_ablation_no_thermal_day/checkpoint.pth'
Elapsed time = 11.03220009803772 sec
----------
Epoch 254 / 400
train error: avg loss = 0.06275382
ES count = 1
Elapsed time = 10.81763219833374 sec
----------
Epoch 255 / 400
train error: avg loss = 0.05949927
ES count = 2
Elapsed time = 10.749148845672607 sec
----------
Epoch 256 / 400
train error: avg loss = 0.06129508
ES count = 3
Elapsed time = 10.819377899169922 sec
----------
Epoch 257 / 400
train error: avg loss = 0.06448535
ES count = 4
Elapsed time = 10.762347221374512 sec
----------
Epoch 258 / 400
train error: avg loss = 0.06274824
ES count = 5
Elapsed time = 10.790210962295532 sec
----------
Epoch 259 / 400
train error: avg loss = 0.06045300
ES count = 6
Elapsed time = 10.9409019947052 sec
----------
Epoch 260 / 400
train error: avg loss = 0.06006256
ES count = 7
Elapsed time = 10.871913194656372 sec
----------
Epoch 261 / 400
train error: avg loss = 0.06884472
ES count = 8
Elapsed time = 10.89767599105835 sec
----------
Epoch 262 / 400
train error: avg loss = 0.06052928
ES count = 9
Elapsed time = 10.777860164642334 sec
----------
Epoch 263 / 400
train error: avg loss = 0.06130531
ES count = 10
Elapsed time = 10.808968305587769 sec
----------
Epoch 264 / 400
train error: avg loss = 0.05843233
ES count = 11
Elapsed time = 10.842505693435669 sec
----------
Epoch 265 / 400
train error: avg loss = 0.06323669
ES count = 12
Elapsed time = 10.816998481750488 sec
----------
Epoch 266 / 400
train error: avg loss = 0.06485320
ES count = 13
Elapsed time = 10.8122878074646 sec
----------
Epoch 267 / 400
train error: avg loss = 0.06166761
ES count = 14
Elapsed time = 10.829148054122925 sec
----------
Epoch 268 / 400
train error: avg loss = 0.05993272
ES count = 15
Elapsed time = 10.857362747192383 sec
----------
Epoch 269 / 400
train error: avg loss = 0.05798070
ES count = 16
Elapsed time = 10.798117399215698 sec
----------
Epoch 270 / 400
train error: avg loss = 0.06070586
ES count = 17
Elapsed time = 10.700380086898804 sec
----------
Epoch 271 / 400
train error: avg loss = 0.06189648
ES count = 18
Elapsed time = 10.763736248016357 sec
----------
Epoch 272 / 400
train error: avg loss = 0.05417983
Best loss is updated and ES count is reset.
Checkpoint saved to '/fsb/home/yutingwang/ytw_tangzq/schrodinger-bridge-sr-micrometeorology/data/DL_result/ExperimentSchrodingerBridge3dWind/config_wind_3d_ablation_no_thermal_day/checkpoint.pth'
Elapsed time = 11.071873664855957 sec
----------
Epoch 273 / 400
train error: avg loss = 0.06048280
ES count = 1
Elapsed time = 10.811213970184326 sec
----------
Epoch 274 / 400
train error: avg loss = 0.06286457
ES count = 2
Elapsed time = 10.89117980003357 sec
----------
Epoch 275 / 400
train error: avg loss = 0.05999182
ES count = 3
Elapsed time = 10.767000436782837 sec
----------
Epoch 276 / 400
train error: avg loss = 0.06019691
ES count = 4
Elapsed time = 10.701723337173462 sec
----------
Epoch 277 / 400
train error: avg loss = 0.05929348
ES count = 5
Elapsed time = 10.80990719795227 sec
----------
Epoch 278 / 400
train error: avg loss = 0.05633391
ES count = 6
Elapsed time = 10.774595975875854 sec
----------
Epoch 279 / 400
train error: avg loss = 0.05808810
ES count = 7
Elapsed time = 10.844723224639893 sec
----------
Epoch 280 / 400
train error: avg loss = 0.05699861
ES count = 8
Elapsed time = 10.800957441329956 sec
----------
Epoch 281 / 400
train error: avg loss = 0.06195577
ES count = 9
Elapsed time = 10.744718551635742 sec
----------
Epoch 282 / 400
train error: avg loss = 0.06529015
ES count = 10
Elapsed time = 10.840812921524048 sec
----------
Epoch 283 / 400
train error: avg loss = 0.06239409
ES count = 11
Elapsed time = 10.770121574401855 sec
----------
Epoch 284 / 400
train error: avg loss = 0.06035325
ES count = 12
Elapsed time = 10.710637331008911 sec
----------
Epoch 285 / 400
train error: avg loss = 0.05816439
ES count = 13
Elapsed time = 10.691499471664429 sec
----------
Epoch 286 / 400
train error: avg loss = 0.06991693
ES count = 14
Elapsed time = 10.894379615783691 sec
----------
Epoch 287 / 400
train error: avg loss = 0.06090047
ES count = 15
Elapsed time = 10.841807126998901 sec
----------
Epoch 288 / 400
train error: avg loss = 0.05731157
ES count = 16
Elapsed time = 10.82619047164917 sec
----------
Epoch 289 / 400
train error: avg loss = 0.05594972
ES count = 17
Elapsed time = 10.946420431137085 sec
----------
Epoch 290 / 400
train error: avg loss = 0.05917985
ES count = 18
Elapsed time = 10.780935764312744 sec
----------
Epoch 291 / 400
train error: avg loss = 0.05569165
ES count = 19
Elapsed time = 10.813240766525269 sec
----------
Epoch 292 / 400
train error: avg loss = 0.05779617
ES count = 20
Elapsed time = 10.77219533920288 sec
----------
Epoch 293 / 400
train error: avg loss = 0.06070520
ES count = 21
Elapsed time = 10.869960069656372 sec
----------
Epoch 294 / 400
train error: avg loss = 0.05867150
ES count = 22
Elapsed time = 10.771533727645874 sec
----------
Epoch 295 / 400
train error: avg loss = 0.05691947
ES count = 23
Elapsed time = 10.829265356063843 sec
----------
Epoch 296 / 400
train error: avg loss = 0.05423055
ES count = 24
Elapsed time = 10.888103008270264 sec
----------
Epoch 297 / 400
train error: avg loss = 0.05525685
ES count = 25
Elapsed time = 10.846546411514282 sec
----------
Epoch 298 / 400
train error: avg loss = 0.05656417
ES count = 26
Elapsed time = 10.795183897018433 sec
----------
Epoch 299 / 400
train error: avg loss = 0.05745113
ES count = 27
Elapsed time = 10.87518858909607 sec
----------
Epoch 300 / 400
train error: avg loss = 0.05808057
ES count = 28
Epoch = 300. Save a periodic model snapshot.
Elapsed time = 10.96531057357788 sec
----------
Epoch 301 / 400
train error: avg loss = 0.05654366
ES count = 29
Elapsed time = 10.72573709487915 sec
----------
Epoch 302 / 400
train error: avg loss = 0.05920366
ES count = 30
Elapsed time = 10.846354961395264 sec
----------
Epoch 303 / 400
train error: avg loss = 0.05719406
ES count = 31
Elapsed time = 10.805228233337402 sec
----------
Epoch 304 / 400
train error: avg loss = 0.06356099
ES count = 32
Elapsed time = 10.82882285118103 sec
----------
Epoch 305 / 400
train error: avg loss = 0.06069881
ES count = 33
Elapsed time = 10.828715324401855 sec
----------
Epoch 306 / 400
train error: avg loss = 0.06025020
ES count = 34
Elapsed time = 10.802212238311768 sec
----------
Epoch 307 / 400
train error: avg loss = 0.05859938
ES count = 35
Elapsed time = 10.824622631072998 sec
----------
Epoch 308 / 400
train error: avg loss = 0.06026199
ES count = 36
Elapsed time = 10.789581298828125 sec
----------
Epoch 309 / 400
train error: avg loss = 0.05689965
ES count = 37
Elapsed time = 10.644395589828491 sec
----------
Epoch 310 / 400
train error: avg loss = 0.05931193
ES count = 38
Elapsed time = 10.872086763381958 sec
----------
Epoch 311 / 400
train error: avg loss = 0.05590746
ES count = 39
Elapsed time = 10.873425245285034 sec
----------
Epoch 312 / 400
train error: avg loss = 0.05661000
ES count = 40
Elapsed time = 10.847712516784668 sec
----------
Epoch 313 / 400
train error: avg loss = 0.05346153
Best loss is updated and ES count is reset.
Checkpoint saved to '/fsb/home/yutingwang/ytw_tangzq/schrodinger-bridge-sr-micrometeorology/data/DL_result/ExperimentSchrodingerBridge3dWind/config_wind_3d_ablation_no_thermal_day/checkpoint.pth'
Elapsed time = 10.997770071029663 sec
----------
Epoch 314 / 400
train error: avg loss = 0.05452856
ES count = 1
Elapsed time = 10.754574537277222 sec
----------
Epoch 315 / 400
train error: avg loss = 0.05576493
ES count = 2
Elapsed time = 10.901147365570068 sec
----------
Epoch 316 / 400
train error: avg loss = 0.06009653
ES count = 3
Elapsed time = 10.824687957763672 sec
----------
Epoch 317 / 400
train error: avg loss = 0.05745471
ES count = 4
Elapsed time = 10.677297830581665 sec
----------
Epoch 318 / 400
train error: avg loss = 0.05439521
ES count = 5
Elapsed time = 10.762265682220459 sec
----------
Epoch 319 / 400
train error: avg loss = 0.05566390
ES count = 6
Elapsed time = 10.782298803329468 sec
----------
Epoch 320 / 400
train error: avg loss = 0.05775114
ES count = 7
Elapsed time = 10.860039949417114 sec
----------
Epoch 321 / 400
train error: avg loss = 0.06095295
ES count = 8
Elapsed time = 10.76237416267395 sec
----------
Epoch 322 / 400
train error: avg loss = 0.05622019
ES count = 9
Elapsed time = 10.769996166229248 sec
----------
Epoch 323 / 400
train error: avg loss = 0.06155366
ES count = 10
Elapsed time = 10.827276706695557 sec
----------
Epoch 324 / 400
train error: avg loss = 0.05890412
ES count = 11
Elapsed time = 10.866978168487549 sec
----------
Epoch 325 / 400
train error: avg loss = 0.05504619
ES count = 12
Elapsed time = 10.771095991134644 sec
----------
Epoch 326 / 400
train error: avg loss = 0.05613031
ES count = 13
Elapsed time = 10.739868879318237 sec
----------
Epoch 327 / 400
train error: avg loss = 0.05626493
ES count = 14
Elapsed time = 10.908751726150513 sec
----------
Epoch 328 / 400
train error: avg loss = 0.05713820
ES count = 15
Elapsed time = 10.84616756439209 sec
----------
Epoch 329 / 400
train error: avg loss = 0.05328993
Best loss is updated and ES count is reset.
Checkpoint saved to '/fsb/home/yutingwang/ytw_tangzq/schrodinger-bridge-sr-micrometeorology/data/DL_result/ExperimentSchrodingerBridge3dWind/config_wind_3d_ablation_no_thermal_day/checkpoint.pth'
Elapsed time = 11.02992558479309 sec
----------
Epoch 330 / 400
train error: avg loss = 0.05562330
ES count = 1
Elapsed time = 10.777961730957031 sec
----------
Epoch 331 / 400
train error: avg loss = 0.05508981
ES count = 2
Elapsed time = 10.831319808959961 sec
----------
Epoch 332 / 400
train error: avg loss = 0.05204697
Best loss is updated and ES count is reset.
Checkpoint saved to '/fsb/home/yutingwang/ytw_tangzq/schrodinger-bridge-sr-micrometeorology/data/DL_result/ExperimentSchrodingerBridge3dWind/config_wind_3d_ablation_no_thermal_day/checkpoint.pth'
Elapsed time = 11.052449226379395 sec
----------
Epoch 333 / 400
train error: avg loss = 0.05730462
ES count = 1
Elapsed time = 10.910701513290405 sec
----------
Epoch 334 / 400
train error: avg loss = 0.05907897
ES count = 2
Elapsed time = 10.80765700340271 sec
----------
Epoch 335 / 400
train error: avg loss = 0.05691535
ES count = 3
Elapsed time = 10.901460886001587 sec
----------
Epoch 336 / 400
train error: avg loss = 0.05537760
ES count = 4
Elapsed time = 10.858520269393921 sec
----------
Epoch 337 / 400
train error: avg loss = 0.05418792
ES count = 5
Elapsed time = 10.866189956665039 sec
----------
Epoch 338 / 400
train error: avg loss = 0.06065808
ES count = 6
Elapsed time = 10.744974374771118 sec
----------
Epoch 339 / 400
train error: avg loss = 0.05641254
ES count = 7
Elapsed time = 10.816981315612793 sec
----------
Epoch 340 / 400
train error: avg loss = 0.05686361
ES count = 8
Elapsed time = 10.836327075958252 sec
----------
Epoch 341 / 400
train error: avg loss = 0.05507878
ES count = 9
Elapsed time = 10.783689737319946 sec
----------
Epoch 342 / 400
train error: avg loss = 0.05716153
ES count = 10
Elapsed time = 10.813709259033203 sec
----------
Epoch 343 / 400
train error: avg loss = 0.05292831
ES count = 11
Elapsed time = 10.892207622528076 sec
----------
Epoch 344 / 400
train error: avg loss = 0.05687700
ES count = 12
Elapsed time = 10.797606706619263 sec
----------
Epoch 345 / 400
train error: avg loss = 0.05869075
ES count = 13
Elapsed time = 10.811933994293213 sec
----------
Epoch 346 / 400
train error: avg loss = 0.05786703
ES count = 14
Elapsed time = 10.731225967407227 sec
----------
Epoch 347 / 400
train error: avg loss = 0.05365816
ES count = 15
Elapsed time = 10.793108224868774 sec
----------
Epoch 348 / 400
train error: avg loss = 0.05687808
ES count = 16
Elapsed time = 10.772789478302002 sec
----------
Epoch 349 / 400
train error: avg loss = 0.05391193
ES count = 17
Elapsed time = 10.668983697891235 sec
----------
Epoch 350 / 400
train error: avg loss = 0.05353291
ES count = 18
Elapsed time = 10.936757802963257 sec
----------
Epoch 351 / 400
train error: avg loss = 0.05329526
ES count = 19
Elapsed time = 10.841393947601318 sec
----------
Epoch 352 / 400
train error: avg loss = 0.05549332
ES count = 20
Elapsed time = 10.795913457870483 sec
----------
Epoch 353 / 400
train error: avg loss = 0.05548081
ES count = 21
Elapsed time = 10.777838230133057 sec
----------
Epoch 354 / 400
train error: avg loss = 0.05890896
ES count = 22
Elapsed time = 10.81365418434143 sec
----------
Epoch 355 / 400
train error: avg loss = 0.05485245
ES count = 23
Elapsed time = 10.89039659500122 sec
----------
Epoch 356 / 400
train error: avg loss = 0.05555239
ES count = 24
Elapsed time = 10.966590642929077 sec
----------
Epoch 357 / 400
train error: avg loss = 0.05833159
ES count = 25
Elapsed time = 10.747178792953491 sec
----------
Epoch 358 / 400
train error: avg loss = 0.06025501
ES count = 26
Elapsed time = 10.912183046340942 sec
----------
Epoch 359 / 400
train error: avg loss = 0.05654028
ES count = 27
Elapsed time = 10.813230037689209 sec
----------
Epoch 360 / 400
train error: avg loss = 0.05585576
ES count = 28
Elapsed time = 10.94217300415039 sec
----------
Epoch 361 / 400
train error: avg loss = 0.05430080
ES count = 29
Elapsed time = 10.775310277938843 sec
----------
Epoch 362 / 400
train error: avg loss = 0.05095912
Best loss is updated and ES count is reset.
Checkpoint saved to '/fsb/home/yutingwang/ytw_tangzq/schrodinger-bridge-sr-micrometeorology/data/DL_result/ExperimentSchrodingerBridge3dWind/config_wind_3d_ablation_no_thermal_day/checkpoint.pth'
Elapsed time = 11.110735416412354 sec
----------
Epoch 363 / 400
train error: avg loss = 0.05730392
ES count = 1
Elapsed time = 10.885447978973389 sec
----------
Epoch 364 / 400
train error: avg loss = 0.05423483
ES count = 2
Elapsed time = 10.728304147720337 sec
----------
Epoch 365 / 400
train error: avg loss = 0.05419606
ES count = 3
Elapsed time = 10.878996849060059 sec
----------
Epoch 366 / 400
train error: avg loss = 0.05301018
ES count = 4
Elapsed time = 10.694864749908447 sec
----------
Epoch 367 / 400
train error: avg loss = 0.05319871
ES count = 5
Elapsed time = 10.748424530029297 sec
----------
Epoch 368 / 400
train error: avg loss = 0.05505198
ES count = 6
Elapsed time = 10.797300577163696 sec
----------
Epoch 369 / 400
train error: avg loss = 0.05493055
ES count = 7
Elapsed time = 10.839783191680908 sec
----------
Epoch 370 / 400
train error: avg loss = 0.05776418
ES count = 8
Elapsed time = 10.873908281326294 sec
----------
Epoch 371 / 400
train error: avg loss = 0.05783028
ES count = 9
Elapsed time = 10.880935430526733 sec
----------
Epoch 372 / 400
train error: avg loss = 0.05535046
ES count = 10
Elapsed time = 10.878196001052856 sec
----------
Epoch 373 / 400
train error: avg loss = 0.05198705
ES count = 11
Elapsed time = 10.95552396774292 sec
----------
Epoch 374 / 400
train error: avg loss = 0.05495813
ES count = 12
Elapsed time = 10.780414819717407 sec
----------
Epoch 375 / 400
train error: avg loss = 0.05536250
ES count = 13
Elapsed time = 10.854519128799438 sec
----------
Epoch 376 / 400
train error: avg loss = 0.05464745
ES count = 14
Elapsed time = 10.80533242225647 sec
----------
Epoch 377 / 400
train error: avg loss = 0.05440747
ES count = 15
Elapsed time = 10.79979944229126 sec
----------
Epoch 378 / 400
train error: avg loss = 0.05536183
ES count = 16
Elapsed time = 10.767972946166992 sec
----------
Epoch 379 / 400
train error: avg loss = 0.05158968
ES count = 17
Elapsed time = 10.794189929962158 sec
----------
Epoch 380 / 400
train error: avg loss = 0.05329014
ES count = 18
Elapsed time = 10.916192770004272 sec
----------
Epoch 381 / 400
train error: avg loss = 0.05299983
ES count = 19
Elapsed time = 11.347930669784546 sec
----------
Epoch 382 / 400
train error: avg loss = 0.05418294
ES count = 20
Elapsed time = 11.250024795532227 sec
----------
Epoch 383 / 400
train error: avg loss = 0.05604399
ES count = 21
Elapsed time = 11.225907325744629 sec
----------
Epoch 384 / 400
train error: avg loss = 0.05185381
ES count = 22
Elapsed time = 11.29454231262207 sec
----------
Epoch 385 / 400
train error: avg loss = 0.05505391
ES count = 23
Elapsed time = 11.264418840408325 sec
----------
Epoch 386 / 400
train error: avg loss = 0.05268531
ES count = 24
Elapsed time = 11.31650686264038 sec
----------
Epoch 387 / 400
train error: avg loss = 0.05389770
ES count = 25
Elapsed time = 11.276945352554321 sec
----------
Epoch 388 / 400
train error: avg loss = 0.05509655
ES count = 26
Elapsed time = 11.340264081954956 sec
----------
Epoch 389 / 400
train error: avg loss = 0.05397494
ES count = 27
Elapsed time = 11.361778020858765 sec
----------
Epoch 390 / 400
train error: avg loss = 0.05196912
ES count = 28
Elapsed time = 11.255457639694214 sec
----------
Epoch 391 / 400
train error: avg loss = 0.05552312
ES count = 29
Elapsed time = 11.290501117706299 sec
----------
Epoch 392 / 400
train error: avg loss = 0.05396592
ES count = 30
Elapsed time = 11.218113660812378 sec
----------
Epoch 393 / 400
train error: avg loss = 0.05564193
ES count = 31
Elapsed time = 11.34114956855774 sec
----------
Epoch 394 / 400
train error: avg loss = 0.05647219
ES count = 32
Elapsed time = 11.204618215560913 sec
----------
Epoch 395 / 400
train error: avg loss = 0.05551795
ES count = 33
Elapsed time = 11.354723691940308 sec
----------
Epoch 396 / 400
train error: avg loss = 0.05254115
ES count = 34
Elapsed time = 11.2705717086792 sec
----------
Epoch 397 / 400
train error: avg loss = 0.05623245
ES count = 35
Elapsed time = 11.186549663543701 sec
----------
Epoch 398 / 400
train error: avg loss = 0.05247306
ES count = 36
Elapsed time = 11.310482501983643 sec
----------
Epoch 399 / 400
train error: avg loss = 0.05360965
ES count = 37
Elapsed time = 11.382020235061646 sec
----------
Epoch 400 / 400
train error: avg loss = 0.05203991
ES count = 38
Epoch = 400. Save a periodic model snapshot.
Elapsed time = 11.28024172782898 sec
----------
Epoch 401 / 400
train error: avg loss = 0.04964404
Best loss is updated and ES count is reset.
Checkpoint saved to '/fsb/home/yutingwang/ytw_tangzq/schrodinger-bridge-sr-micrometeorology/data/DL_result/ExperimentSchrodingerBridge3dWind/config_wind_3d_ablation_no_thermal_day/checkpoint.pth'
Elapsed time = 11.43532395362854 sec
----------
Train end: 2026-07-14T14:40:26.759715+00:00 UTC
Best epoch: 401, best_loss: 0.04964404
Total elapsed time = 73.65102077325186 min

**************************************************
Make inference
**************************************************


Inference at epoch 100.
UNetDDPMVer01 is created
dataset_config.dataset_name='Dataset3dWind'
The total files = 480. A part of them is used for training.
train: 167/335 samples kept after day_night_filter=day
valid: 36/70 samples kept after day_night_filter=day
test: 37/75 samples kept after day_night_filter=day
All files give to dataset are 36.
Reading all files.
valid: dataset size = 36, batch num = 18

Requested 60 samples, but only 36 are available. Using all available data.
Inference out = /fsb/home/yutingwang/ytw_tangzq/schrodinger-bridge-sr-micrometeorology/data/DL_result/ExperimentSchrodingerBridge3dWind/config_wind_3d_ablation_no_thermal_day/inference_0100.pickle
Total elapsed time = 0.17863287925720214 min


Inference at epoch 200.
UNetDDPMVer01 is created
dataset_config.dataset_name='Dataset3dWind'
The total files = 480. A part of them is used for training.
train: 167/335 samples kept after day_night_filter=day
valid: 36/70 samples kept after day_night_filter=day
test: 37/75 samples kept after day_night_filter=day
All files give to dataset are 36.
Reading all files.
valid: dataset size = 36, batch num = 18

Requested 60 samples, but only 36 are available. Using all available data.
Inference out = /fsb/home/yutingwang/ytw_tangzq/schrodinger-bridge-sr-micrometeorology/data/DL_result/ExperimentSchrodingerBridge3dWind/config_wind_3d_ablation_no_thermal_day/inference_0200.pickle
Total elapsed time = 0.17151748339335124 min


Inference at epoch 300.
UNetDDPMVer01 is created
dataset_config.dataset_name='Dataset3dWind'
The total files = 480. A part of them is used for training.
train: 167/335 samples kept after day_night_filter=day
valid: 36/70 samples kept after day_night_filter=day
test: 37/75 samples kept after day_night_filter=day
All files give to dataset are 36.
Reading all files.
valid: dataset size = 36, batch num = 18

Requested 60 samples, but only 36 are available. Using all available data.
Inference out = /fsb/home/yutingwang/ytw_tangzq/schrodinger-bridge-sr-micrometeorology/data/DL_result/ExperimentSchrodingerBridge3dWind/config_wind_3d_ablation_no_thermal_day/inference_0300.pickle
Total elapsed time = 0.17902092536290487 min


Inference at epoch 400.
UNetDDPMVer01 is created
dataset_config.dataset_name='Dataset3dWind'
The total files = 480. A part of them is used for training.
train: 167/335 samples kept after day_night_filter=day
valid: 36/70 samples kept after day_night_filter=day
test: 37/75 samples kept after day_night_filter=day
All files give to dataset are 36.
Reading all files.
valid: dataset size = 36, batch num = 18

Requested 60 samples, but only 36 are available. Using all available data.
Inference out = /fsb/home/yutingwang/ytw_tangzq/schrodinger-bridge-sr-micrometeorology/data/DL_result/ExperimentSchrodingerBridge3dWind/config_wind_3d_ablation_no_thermal_day/inference_0400.pickle
Total elapsed time = 0.1738793929417928 min

End all inference processes.

End: Tue Jul 14 22:41:10 CST 2026


PS:

Read file <logs/abl_day_no_thermal_13742370.err> for stderr output of this job.

