Sender: LSF System <lsfadmin@m003>
Subject: Job 13742369: <abl_night_no_terrain> in cluster <hpc> Done

Job <abl_night_no_terrain> was submitted from host <login1> by user <ytw_tangzq> in cluster <hpc> at Tue Jul 14 21:25:17 2026
Job was executed on host(s) <6*m003>, in queue <723090ib>, as user <ytw_tangzq> in cluster <hpc> at Tue Jul 14 21:25:18 2026
</fsb/home/yutingwang/ytw_tangzq> was used as the home directory.
</fsb/home/yutingwang/ytw_tangzq/schrodinger-bridge-sr-micrometeorology> was used as the working directory.
Started at Tue Jul 14 21:25:18 2026
Terminated at Tue Jul 14 22:04:22 2026
Results reported at Tue Jul 14 22:04:22 2026

Your job looked like:

------------------------------------------------------------
# LSBATCH: User input
#!/bin/bash
# ============================================
# LSF — Day/Night Ablation: NoTerrain (night)
# 128x128 + inner_ch=32 + pure L2 + GPU
# ============================================
#BSUB -q 723090ib
#BSUB -gpu "num=1:mode=exclusive_process"
#BSUB -n 4
#BSUB -R "rusage[mem=32000]"
#BSUB -J abl_night_no_terrain
#BSUB -o logs/abl_night_no_terrain_%J.out
#BSUB -e logs/abl_night_no_terrain_%J.err

module load anaconda/3
module load cuda/11.8.0
source activate wind3d

cd $LS_SUBCWD
mkdir -p logs

echo "=== Ablation: NoTerrain | Filter: night ==="
echo "Config: configs/config_wind_3d_ablation_no_terrain_night.yml"
echo "Host: $(hostname)"
echo "GPU:  $(nvidia-smi --query-gpu=name,memory.total --format=csv,noheader 2>/dev/null || echo 'N/A')"
echo "Start: $(date)"
echo ""

python scripts/train_schrodinger_bridge_model.py \
  --config_path configs/config_wind_3d_ablation_no_terrain_night.yml \
  --experiment_name ExperimentSchrodingerBridge3dWind \
  --device cuda:0

echo ""
echo "End: $(date)"

------------------------------------------------------------

Successfully completed.

Resource usage summary:

    CPU time :                                   2543.01 sec.
    Max Memory :                                 2127 MB
    Average Memory :                             1976.54 MB
    Total Requested Memory :                     32000.00 MB
    Delta Memory :                               29873.00 MB
    Max Swap :                                   -
    Max Processes :                              8
    Max Threads :                                48
    Run time :                                   2343 sec.
    Turnaround time :                            2345 sec.

The output (if any) follows:

=== Ablation: NoTerrain | Filter: night ===
Config: configs/config_wind_3d_ablation_no_terrain_night.yml
Host: m003
GPU:  NVIDIA GeForce RTX 3090, 24576 MiB
Start: Tue Jul 14 21:25:21 CST 2026

Experiment Schrodinger-Bridge 3D Wind Model is selected.

**************************************************
Show configuration
**************************************************

experiment_name='ExperimentSchrodingerBridge3dWind'
config_name='config_wind_3d_ablation_no_terrain_night'
config_path='configs/config_wind_3d_ablation_no_terrain_night.yml'
result_dir_path='/fsb/home/yutingwang/ytw_tangzq/schrodinger-bridge-sr-micrometeorology/data/DL_result/ExperimentSchrodingerBridge3dWind/config_wind_3d_ablation_no_terrain_night'

Input config = {
  "data": {
    "target_variable_names": [
      "hr_u_ml0",
      "hr_v_ml0",
      "hr_w_ml0",
      "hr_u_ml1",
      "hr_v_ml1",
      "hr_w_ml1",
      "hr_u_ml2",
      "hr_v_ml2",
      "hr_w_ml2",
      "hr_u_ml3",
      "hr_v_ml3",
      "hr_w_ml3",
      "hr_u_ml5",
      "hr_v_ml5",
      "hr_w_ml5",
      "hr_u_ml10",
      "hr_v_ml10",
      "hr_w_ml10"
    ],
    "input_variable_names": [
      "t2",
      "tsk",
      "swdown",
      "glw",
      "hfx",
      "lh",
      "psfc",
      "pblh"
    ],
    "biases": {
      "hr_u_ml0": -1.95426,
      "hr_v_ml0": 2.778181,
      "hr_w_ml0": -0.005726,
      "lr_u_ml0": -1.95424,
      "lr_v_ml0": 2.778251,
      "lr_w_ml0": -0.00573,
      "hr_u_ml1": -2.236401,
      "hr_v_ml1": 3.337655,
      "hr_w_ml1": -0.005083,
      "lr_u_ml1": -2.236384,
      "lr_v_ml1": 3.337749,
      "lr_w_ml1": -0.005087,
      "hr_u_ml2": -2.376027,
      "hr_v_ml2": 3.760786,
      "hr_w_ml2": -0.003274,
      "lr_u_ml2": -2.37602,
      "lr_v_ml2": 3.760872,
      "lr_w_ml2": -0.003278,
      "hr_u_ml3": -2.451712,
      "hr_v_ml3": 4.141908,
      "hr_w_ml3": -0.000605,
      "lr_u_ml3": -2.451715,
      "lr_v_ml3": 4.141976,
      "lr_w_ml3": -0.000607,
      "hr_u_ml5": -2.441044,
      "hr_v_ml5": 4.68079,
      "hr_w_ml5": 0.005137,
      "lr_u_ml5": -2.441062,
      "lr_v_ml5": 4.680834,
      "lr_w_ml5": 0.005142,
      "hr_u_ml10": -2.472078,
      "hr_v_ml10": 3.227569,
      "hr_w_ml10": 0.008199,
      "lr_u_ml10": -2.472082,
      "lr_v_ml10": 3.227579,
      "lr_w_ml10": 0.008219,
      "t2": 301.998962,
      "z": 37.488346,
      "lu": 16.725618,
      "tsk": 303.561615,
      "swdown": 269.639557,
      "glw": 431.122955,
      "hfx": 42.14484,
      "lh": 96.566574,
      "psfc": 99869.882812,
      "pblh": 525.545227
    },
    "scales": {
      "hr_u_ml0": 4.402796,
      "hr_v_ml0": 3.525334,
      "hr_w_ml0": 0.148159,
      "lr_u_ml0": 4.364602,
      "lr_v_ml0": 3.472649,
      "lr_w_ml0": 0.083609,
      "hr_u_ml1": 5.105578,
      "hr_v_ml1": 3.983906,
      "hr_w_ml1": 0.191652,
      "lr_u_ml1": 5.07354,
      "lr_v_ml1": 3.939374,
      "lr_w_ml1": 0.105055,
      "hr_u_ml2": 5.622042,
      "hr_v_ml2": 4.207778,
      "hr_w_ml2": 0.220411,
      "lr_u_ml2": 5.597043,
      "lr_v_ml2": 4.172642,
      "lr_w_ml2": 0.12159,
      "hr_u_ml3": 6.141271,
      "hr_v_ml3": 4.357533,
      "hr_w_ml3": 0.247615,
      "lr_u_ml3": 6.121758,
      "lr_v_ml3": 4.329672,
      "lr_w_ml3": 0.137457,
      "hr_u_ml5": 7.334366,
      "hr_v_ml5": 4.558024,
      "hr_w_ml5": 0.295489,
      "lr_u_ml5": 7.32196,
      "lr_v_ml5": 4.538525,
      "lr_w_ml5": 0.168024,
      "hr_u_ml10": 7.964198,
      "hr_v_ml10": 4.241252,
      "hr_w_ml10": 0.334629,
      "lr_u_ml10": 7.956287,
      "lr_v_ml10": 4.225603,
      "lr_w_ml10": 0.198061,
      "t2": 2.14623,
      "z": 79.458443,
      "lu": 9.772256,
      "tsk": 4.892428,
      "swdown": 347.248718,
      "glw": 14.475859,
      "hfx": 85.938927,
      "lh": 118.271515,
      "psfc": 908.404907,
      "pblh": 357.77951
    },
    "is_clipped": false,
    "min_clipped_value": null,
    "max_clipped_value": null,
    "missing_value": 0.0,
    "hr_data_shape": [
      128,
      128
    ],
    "hr_cropped_shape": [
      128,
      128
    ],
    "dtype": "float32",
    "discarded_minute_range": [
      1,
      30
    ],
    "day_night_filter": "night"
  },
  "loader": {
    "batch_size": 2,
    "dl_data_ver": "wrf_3d_v1",
    "train_valid_test_ratios": [
      0.7,
      0.145,
      0.155
    ],
    "num_workers": 4,
    "seed": 42
  },
  "train": {
    "epochs": 400,
    "early_stopping_patience": 400,
    "seed": 78268,
    "learning_rate": 0.0005,
    "optim_name": "AdamW",
    "loss": {
      "loss_name": "L2"
    },
    "use_amp": false,
    "ema_decay": null,
    "save_interval": 100
  },
  "model": {
    "in_channel": 26,
    "inner_channel": 32,
    "out_channel": 18,
    "res_blocks": 1,
    "channel_mults": [
      1,
      2,
      4,
      8,
      8
    ],
    "attn_res": [
      16
    ],
    "channels_each_head": 16,
    "dropout": 0.2,
    "resblock_updown": true,
    "max_period": 10.0
  },
  "si": {
    "n_timestep": 10,
    "eps": 0.2,
    "formula": "quadratic",
    "loss_type": "L2",
    "channel_weights": null,
    "divergence_weight": 0.0,
    "vorticity_weight": 0.0
  }
}

dataset_config.dataset_name='Dataset3dWind'
The total files = 480. A part of them is used for training.
train: 146/335 samples kept after day_night_filter=night
valid: 31/70 samples kept after day_night_filter=night
test: 35/75 samples kept after day_night_filter=night
All files give to dataset are 146.
Reading all files.
train: dataset size = 146, batch num = 73

All files give to dataset are 31.
Reading all files.
valid: dataset size = 31, batch num = 16

DEBUG-DICT_LOADERS:73
UNetDDPMVer01 is created
EMA self.decay=None
Optimizer is AdamW.
No checkpoint found at '/fsb/home/yutingwang/ytw_tangzq/schrodinger-bridge-sr-micrometeorology/data/DL_result/ExperimentSchrodingerBridge3dWind/config_wind_3d_ablation_no_terrain_night/checkpoint.pth'. Starting training from scratch.

**************************************************
Train model
**************************************************

Train start: 2026-07-14 13:26:47.689292+00:00 UTC
Saving interval = 100
EMA decay rate = None
Epoch 1 / 400
train error: avg loss = 0.63417943
Best loss is updated and ES count is reset.
Checkpoint saved to '/fsb/home/yutingwang/ytw_tangzq/schrodinger-bridge-sr-micrometeorology/data/DL_result/ExperimentSchrodingerBridge3dWind/config_wind_3d_ablation_no_terrain_night/checkpoint.pth'
Elapsed time = 9.95751142501831 sec
----------
Epoch 2 / 400
train error: avg loss = 0.48798497
Best loss is updated and ES count is reset.
Checkpoint saved to '/fsb/home/yutingwang/ytw_tangzq/schrodinger-bridge-sr-micrometeorology/data/DL_result/ExperimentSchrodingerBridge3dWind/config_wind_3d_ablation_no_terrain_night/checkpoint.pth'
Elapsed time = 5.646713495254517 sec
----------
Epoch 3 / 400
train error: avg loss = 0.40776801
Best loss is updated and ES count is reset.
Checkpoint saved to '/fsb/home/yutingwang/ytw_tangzq/schrodinger-bridge-sr-micrometeorology/data/DL_result/ExperimentSchrodingerBridge3dWind/config_wind_3d_ablation_no_terrain_night/checkpoint.pth'
Elapsed time = 5.948517560958862 sec
----------
Epoch 4 / 400
train error: avg loss = 0.35625870
Best loss is updated and ES count is reset.
Checkpoint saved to '/fsb/home/yutingwang/ytw_tangzq/schrodinger-bridge-sr-micrometeorology/data/DL_result/ExperimentSchrodingerBridge3dWind/config_wind_3d_ablation_no_terrain_night/checkpoint.pth'
Elapsed time = 5.878108978271484 sec
----------
Epoch 5 / 400
train error: avg loss = 0.31660922
Best loss is updated and ES count is reset.
Checkpoint saved to '/fsb/home/yutingwang/ytw_tangzq/schrodinger-bridge-sr-micrometeorology/data/DL_result/ExperimentSchrodingerBridge3dWind/config_wind_3d_ablation_no_terrain_night/checkpoint.pth'
Elapsed time = 5.782557487487793 sec
----------
Epoch 6 / 400
train error: avg loss = 0.27522687
Best loss is updated and ES count is reset.
Checkpoint saved to '/fsb/home/yutingwang/ytw_tangzq/schrodinger-bridge-sr-micrometeorology/data/DL_result/ExperimentSchrodingerBridge3dWind/config_wind_3d_ablation_no_terrain_night/checkpoint.pth'
Elapsed time = 5.631146669387817 sec
----------
Epoch 7 / 400
train error: avg loss = 0.25843851
Best loss is updated and ES count is reset.
Checkpoint saved to '/fsb/home/yutingwang/ytw_tangzq/schrodinger-bridge-sr-micrometeorology/data/DL_result/ExperimentSchrodingerBridge3dWind/config_wind_3d_ablation_no_terrain_night/checkpoint.pth'
Elapsed time = 5.658060789108276 sec
----------
Epoch 8 / 400
train error: avg loss = 0.28294320
ES count = 1
Elapsed time = 5.5176100730896 sec
----------
Epoch 9 / 400
train error: avg loss = 0.20791131
Best loss is updated and ES count is reset.
Checkpoint saved to '/fsb/home/yutingwang/ytw_tangzq/schrodinger-bridge-sr-micrometeorology/data/DL_result/ExperimentSchrodingerBridge3dWind/config_wind_3d_ablation_no_terrain_night/checkpoint.pth'
Elapsed time = 5.8009209632873535 sec
----------
Epoch 10 / 400
train error: avg loss = 0.17961124
Best loss is updated and ES count is reset.
Checkpoint saved to '/fsb/home/yutingwang/ytw_tangzq/schrodinger-bridge-sr-micrometeorology/data/DL_result/ExperimentSchrodingerBridge3dWind/config_wind_3d_ablation_no_terrain_night/checkpoint.pth'
Elapsed time = 5.781290054321289 sec
----------
Epoch 11 / 400
train error: avg loss = 0.19148526
ES count = 1
Elapsed time = 5.61986780166626 sec
----------
Epoch 12 / 400
train error: avg loss = 0.17374368
Best loss is updated and ES count is reset.
Checkpoint saved to '/fsb/home/yutingwang/ytw_tangzq/schrodinger-bridge-sr-micrometeorology/data/DL_result/ExperimentSchrodingerBridge3dWind/config_wind_3d_ablation_no_terrain_night/checkpoint.pth'
Elapsed time = 5.9304587841033936 sec
----------
Epoch 13 / 400
train error: avg loss = 0.15914659
Best loss is updated and ES count is reset.
Checkpoint saved to '/fsb/home/yutingwang/ytw_tangzq/schrodinger-bridge-sr-micrometeorology/data/DL_result/ExperimentSchrodingerBridge3dWind/config_wind_3d_ablation_no_terrain_night/checkpoint.pth'
Elapsed time = 5.779563665390015 sec
----------
Epoch 14 / 400
train error: avg loss = 0.15807766
Best loss is updated and ES count is reset.
Checkpoint saved to '/fsb/home/yutingwang/ytw_tangzq/schrodinger-bridge-sr-micrometeorology/data/DL_result/ExperimentSchrodingerBridge3dWind/config_wind_3d_ablation_no_terrain_night/checkpoint.pth'
Elapsed time = 5.691744804382324 sec
----------
Epoch 15 / 400
train error: avg loss = 0.15600887
Best loss is updated and ES count is reset.
Checkpoint saved to '/fsb/home/yutingwang/ytw_tangzq/schrodinger-bridge-sr-micrometeorology/data/DL_result/ExperimentSchrodingerBridge3dWind/config_wind_3d_ablation_no_terrain_night/checkpoint.pth'
Elapsed time = 5.923118829727173 sec
----------
Epoch 16 / 400
train error: avg loss = 0.13852403
Best loss is updated and ES count is reset.
Checkpoint saved to '/fsb/home/yutingwang/ytw_tangzq/schrodinger-bridge-sr-micrometeorology/data/DL_result/ExperimentSchrodingerBridge3dWind/config_wind_3d_ablation_no_terrain_night/checkpoint.pth'
Elapsed time = 5.899772644042969 sec
----------
Epoch 17 / 400
train error: avg loss = 0.14712424
ES count = 1
Elapsed time = 5.572117328643799 sec
----------
Epoch 18 / 400
train error: avg loss = 0.14182645
ES count = 2
Elapsed time = 5.58439826965332 sec
----------
Epoch 19 / 400
train error: avg loss = 0.12900616
Best loss is updated and ES count is reset.
Checkpoint saved to '/fsb/home/yutingwang/ytw_tangzq/schrodinger-bridge-sr-micrometeorology/data/DL_result/ExperimentSchrodingerBridge3dWind/config_wind_3d_ablation_no_terrain_night/checkpoint.pth'
Elapsed time = 5.8436362743377686 sec
----------
Epoch 20 / 400
train error: avg loss = 0.12703931
Best loss is updated and ES count is reset.
Checkpoint saved to '/fsb/home/yutingwang/ytw_tangzq/schrodinger-bridge-sr-micrometeorology/data/DL_result/ExperimentSchrodingerBridge3dWind/config_wind_3d_ablation_no_terrain_night/checkpoint.pth'
Elapsed time = 5.50029182434082 sec
----------
Epoch 21 / 400
train error: avg loss = 0.15026593
ES count = 1
Elapsed time = 5.328209400177002 sec
----------
Epoch 22 / 400
train error: avg loss = 0.13640313
ES count = 2
Elapsed time = 5.479054927825928 sec
----------
Epoch 23 / 400
train error: avg loss = 0.13467947
ES count = 3
Elapsed time = 5.42323112487793 sec
----------
Epoch 24 / 400
train error: avg loss = 0.12538018
Best loss is updated and ES count is reset.
Checkpoint saved to '/fsb/home/yutingwang/ytw_tangzq/schrodinger-bridge-sr-micrometeorology/data/DL_result/ExperimentSchrodingerBridge3dWind/config_wind_3d_ablation_no_terrain_night/checkpoint.pth'
Elapsed time = 5.705679178237915 sec
----------
Epoch 25 / 400
train error: avg loss = 0.10420431
Best loss is updated and ES count is reset.
Checkpoint saved to '/fsb/home/yutingwang/ytw_tangzq/schrodinger-bridge-sr-micrometeorology/data/DL_result/ExperimentSchrodingerBridge3dWind/config_wind_3d_ablation_no_terrain_night/checkpoint.pth'
Elapsed time = 5.898687362670898 sec
----------
Epoch 26 / 400
train error: avg loss = 0.12070430
ES count = 1
Elapsed time = 5.49272084236145 sec
----------
Epoch 27 / 400
train error: avg loss = 0.11724813
ES count = 2
Elapsed time = 5.570382118225098 sec
----------
Epoch 28 / 400
train error: avg loss = 0.11200522
ES count = 3
Elapsed time = 5.789477825164795 sec
----------
Epoch 29 / 400
train error: avg loss = 0.11182686
ES count = 4
Elapsed time = 5.724451780319214 sec
----------
Epoch 30 / 400
train error: avg loss = 0.12212426
ES count = 5
Elapsed time = 5.855158567428589 sec
----------
Epoch 31 / 400
train error: avg loss = 0.11983139
ES count = 6
Elapsed time = 5.454938173294067 sec
----------
Epoch 32 / 400
train error: avg loss = 0.11176660
ES count = 7
Elapsed time = 5.670185804367065 sec
----------
Epoch 33 / 400
train error: avg loss = 0.11673764
ES count = 8
Elapsed time = 5.303024053573608 sec
----------
Epoch 34 / 400
train error: avg loss = 0.11502391
ES count = 9
Elapsed time = 5.567798852920532 sec
----------
Epoch 35 / 400
train error: avg loss = 0.10886026
ES count = 10
Elapsed time = 5.475350856781006 sec
----------
Epoch 36 / 400
train error: avg loss = 0.10363569
Best loss is updated and ES count is reset.
Checkpoint saved to '/fsb/home/yutingwang/ytw_tangzq/schrodinger-bridge-sr-micrometeorology/data/DL_result/ExperimentSchrodingerBridge3dWind/config_wind_3d_ablation_no_terrain_night/checkpoint.pth'
Elapsed time = 5.555251359939575 sec
----------
Epoch 37 / 400
train error: avg loss = 0.10433822
ES count = 1
Elapsed time = 5.547860622406006 sec
----------
Epoch 38 / 400
train error: avg loss = 0.09847197
Best loss is updated and ES count is reset.
Checkpoint saved to '/fsb/home/yutingwang/ytw_tangzq/schrodinger-bridge-sr-micrometeorology/data/DL_result/ExperimentSchrodingerBridge3dWind/config_wind_3d_ablation_no_terrain_night/checkpoint.pth'
Elapsed time = 5.7711474895477295 sec
----------
Epoch 39 / 400
train error: avg loss = 0.10214158
ES count = 1
Elapsed time = 5.391000270843506 sec
----------
Epoch 40 / 400
train error: avg loss = 0.10026061
ES count = 2
Elapsed time = 5.373833656311035 sec
----------
Epoch 41 / 400
train error: avg loss = 0.09865625
ES count = 3
Elapsed time = 5.313679218292236 sec
----------
Epoch 42 / 400
train error: avg loss = 0.09501758
Best loss is updated and ES count is reset.
Checkpoint saved to '/fsb/home/yutingwang/ytw_tangzq/schrodinger-bridge-sr-micrometeorology/data/DL_result/ExperimentSchrodingerBridge3dWind/config_wind_3d_ablation_no_terrain_night/checkpoint.pth'
Elapsed time = 5.9395081996917725 sec
----------
Epoch 43 / 400
train error: avg loss = 0.09421120
Best loss is updated and ES count is reset.
Checkpoint saved to '/fsb/home/yutingwang/ytw_tangzq/schrodinger-bridge-sr-micrometeorology/data/DL_result/ExperimentSchrodingerBridge3dWind/config_wind_3d_ablation_no_terrain_night/checkpoint.pth'
Elapsed time = 5.675196170806885 sec
----------
Epoch 44 / 400
train error: avg loss = 0.08779583
Best loss is updated and ES count is reset.
Checkpoint saved to '/fsb/home/yutingwang/ytw_tangzq/schrodinger-bridge-sr-micrometeorology/data/DL_result/ExperimentSchrodingerBridge3dWind/config_wind_3d_ablation_no_terrain_night/checkpoint.pth'
Elapsed time = 5.715906858444214 sec
----------
Epoch 45 / 400
train error: avg loss = 0.09130447
ES count = 1
Elapsed time = 5.495203256607056 sec
----------
Epoch 46 / 400
train error: avg loss = 0.08900863
ES count = 2
Elapsed time = 5.779072999954224 sec
----------
Epoch 47 / 400
train error: avg loss = 0.09454214
ES count = 3
Elapsed time = 5.5481858253479 sec
----------
Epoch 48 / 400
train error: avg loss = 0.09769435
ES count = 4
Elapsed time = 5.457157611846924 sec
----------
Epoch 49 / 400
train error: avg loss = 0.09229296
ES count = 5
Elapsed time = 5.556108474731445 sec
----------
Epoch 50 / 400
train error: avg loss = 0.08970499
ES count = 6
Elapsed time = 5.636275291442871 sec
----------
Epoch 51 / 400
train error: avg loss = 0.08917051
ES count = 7
Elapsed time = 5.620332479476929 sec
----------
Epoch 52 / 400
train error: avg loss = 0.08648936
Best loss is updated and ES count is reset.
Checkpoint saved to '/fsb/home/yutingwang/ytw_tangzq/schrodinger-bridge-sr-micrometeorology/data/DL_result/ExperimentSchrodingerBridge3dWind/config_wind_3d_ablation_no_terrain_night/checkpoint.pth'
Elapsed time = 5.86604642868042 sec
----------
Epoch 53 / 400
train error: avg loss = 0.08733127
ES count = 1
Elapsed time = 5.598908424377441 sec
----------
Epoch 54 / 400
train error: avg loss = 0.08652400
ES count = 2
Elapsed time = 5.3651063442230225 sec
----------
Epoch 55 / 400
train error: avg loss = 0.08800938
ES count = 3
Elapsed time = 5.804699420928955 sec
----------
Epoch 56 / 400
train error: avg loss = 0.07714218
Best loss is updated and ES count is reset.
Checkpoint saved to '/fsb/home/yutingwang/ytw_tangzq/schrodinger-bridge-sr-micrometeorology/data/DL_result/ExperimentSchrodingerBridge3dWind/config_wind_3d_ablation_no_terrain_night/checkpoint.pth'
Elapsed time = 5.819605350494385 sec
----------
Epoch 57 / 400
train error: avg loss = 0.08088431
ES count = 1
Elapsed time = 5.500405788421631 sec
----------
Epoch 58 / 400
train error: avg loss = 0.08787671
ES count = 2
Elapsed time = 5.517762660980225 sec
----------
Epoch 59 / 400
train error: avg loss = 0.08359393
ES count = 3
Elapsed time = 5.543988943099976 sec
----------
Epoch 60 / 400
train error: avg loss = 0.08087673
ES count = 4
Elapsed time = 5.394370794296265 sec
----------
Epoch 61 / 400
train error: avg loss = 0.08897090
ES count = 5
Elapsed time = 5.359300136566162 sec
----------
Epoch 62 / 400
train error: avg loss = 0.08537488
ES count = 6
Elapsed time = 5.622797012329102 sec
----------
Epoch 63 / 400
train error: avg loss = 0.08698158
ES count = 7
Elapsed time = 5.543938875198364 sec
----------
Epoch 64 / 400
train error: avg loss = 0.08083357
ES count = 8
Elapsed time = 5.495298147201538 sec
----------
Epoch 65 / 400
train error: avg loss = 0.07249636
Best loss is updated and ES count is reset.
Checkpoint saved to '/fsb/home/yutingwang/ytw_tangzq/schrodinger-bridge-sr-micrometeorology/data/DL_result/ExperimentSchrodingerBridge3dWind/config_wind_3d_ablation_no_terrain_night/checkpoint.pth'
Elapsed time = 5.8193676471710205 sec
----------
Epoch 66 / 400
train error: avg loss = 0.07854254
ES count = 1
Elapsed time = 5.382415294647217 sec
----------
Epoch 67 / 400
train error: avg loss = 0.07637824
ES count = 2
Elapsed time = 5.384941339492798 sec
----------
Epoch 68 / 400
train error: avg loss = 0.08036949
ES count = 3
Elapsed time = 5.409679412841797 sec
----------
Epoch 69 / 400
train error: avg loss = 0.07800976
ES count = 4
Elapsed time = 5.388977527618408 sec
----------
Epoch 70 / 400
train error: avg loss = 0.07666000
ES count = 5
Elapsed time = 5.665621757507324 sec
----------
Epoch 71 / 400
train error: avg loss = 0.07439341
ES count = 6
Elapsed time = 5.360419988632202 sec
----------
Epoch 72 / 400
train error: avg loss = 0.07017518
Best loss is updated and ES count is reset.
Checkpoint saved to '/fsb/home/yutingwang/ytw_tangzq/schrodinger-bridge-sr-micrometeorology/data/DL_result/ExperimentSchrodingerBridge3dWind/config_wind_3d_ablation_no_terrain_night/checkpoint.pth'
Elapsed time = 5.6770994663238525 sec
----------
Epoch 73 / 400
train error: avg loss = 0.07738255
ES count = 1
Elapsed time = 5.612728834152222 sec
----------
Epoch 74 / 400
train error: avg loss = 0.07402532
ES count = 2
Elapsed time = 5.503650665283203 sec
----------
Epoch 75 / 400
train error: avg loss = 0.07421050
ES count = 3
Elapsed time = 5.090398550033569 sec
----------
Epoch 76 / 400
train error: avg loss = 0.07429600
ES count = 4
Elapsed time = 5.502622842788696 sec
----------
Epoch 77 / 400
train error: avg loss = 0.07613299
ES count = 5
Elapsed time = 5.4513139724731445 sec
----------
Epoch 78 / 400
train error: avg loss = 0.06631218
Best loss is updated and ES count is reset.
Checkpoint saved to '/fsb/home/yutingwang/ytw_tangzq/schrodinger-bridge-sr-micrometeorology/data/DL_result/ExperimentSchrodingerBridge3dWind/config_wind_3d_ablation_no_terrain_night/checkpoint.pth'
Elapsed time = 5.662651300430298 sec
----------
Epoch 79 / 400
train error: avg loss = 0.07320557
ES count = 1
Elapsed time = 5.42620325088501 sec
----------
Epoch 80 / 400
train error: avg loss = 0.07075823
ES count = 2
Elapsed time = 5.718462944030762 sec
----------
Epoch 81 / 400
train error: avg loss = 0.07168586
ES count = 3
Elapsed time = 5.623047590255737 sec
----------
Epoch 82 / 400
train error: avg loss = 0.07463729
ES count = 4
Elapsed time = 5.694160461425781 sec
----------
Epoch 83 / 400
train error: avg loss = 0.07610413
ES count = 5
Elapsed time = 5.414484024047852 sec
----------
Epoch 84 / 400
train error: avg loss = 0.07026834
ES count = 6
Elapsed time = 5.223456859588623 sec
----------
Epoch 85 / 400
train error: avg loss = 0.06768873
ES count = 7
Elapsed time = 5.828224182128906 sec
----------
Epoch 86 / 400
train error: avg loss = 0.07047264
ES count = 8
Elapsed time = 5.24818229675293 sec
----------
Epoch 87 / 400
train error: avg loss = 0.07041949
ES count = 9
Elapsed time = 5.54657506942749 sec
----------
Epoch 88 / 400
train error: avg loss = 0.06651164
ES count = 10
Elapsed time = 5.511012315750122 sec
----------
Epoch 89 / 400
train error: avg loss = 0.07074914
ES count = 11
Elapsed time = 5.301972389221191 sec
----------
Epoch 90 / 400
train error: avg loss = 0.07003135
ES count = 12
Elapsed time = 5.525357246398926 sec
----------
Epoch 91 / 400
train error: avg loss = 0.06776833
ES count = 13
Elapsed time = 5.337130784988403 sec
----------
Epoch 92 / 400
train error: avg loss = 0.07045610
ES count = 14
Elapsed time = 5.414661407470703 sec
----------
Epoch 93 / 400
train error: avg loss = 0.06939947
ES count = 15
Elapsed time = 5.45361590385437 sec
----------
Epoch 94 / 400
train error: avg loss = 0.06885912
ES count = 16
Elapsed time = 5.316247463226318 sec
----------
Epoch 95 / 400
train error: avg loss = 0.07384561
ES count = 17
Elapsed time = 5.6257102489471436 sec
----------
Epoch 96 / 400
train error: avg loss = 0.07587934
ES count = 18
Elapsed time = 5.473598480224609 sec
----------
Epoch 97 / 400
train error: avg loss = 0.06485728
Best loss is updated and ES count is reset.
Checkpoint saved to '/fsb/home/yutingwang/ytw_tangzq/schrodinger-bridge-sr-micrometeorology/data/DL_result/ExperimentSchrodingerBridge3dWind/config_wind_3d_ablation_no_terrain_night/checkpoint.pth'
Elapsed time = 6.019826173782349 sec
----------
Epoch 98 / 400
train error: avg loss = 0.06300932
Best loss is updated and ES count is reset.
Checkpoint saved to '/fsb/home/yutingwang/ytw_tangzq/schrodinger-bridge-sr-micrometeorology/data/DL_result/ExperimentSchrodingerBridge3dWind/config_wind_3d_ablation_no_terrain_night/checkpoint.pth'
Elapsed time = 5.596559762954712 sec
----------
Epoch 99 / 400
train error: avg loss = 0.06590215
ES count = 1
Elapsed time = 5.42476487159729 sec
----------
Epoch 100 / 400
train error: avg loss = 0.07459500
ES count = 2
Epoch = 100. Save a periodic model snapshot.
Elapsed time = 5.4983251094818115 sec
----------
Epoch 101 / 400
train error: avg loss = 0.07549458
ES count = 3
Elapsed time = 5.535716772079468 sec
----------
Epoch 102 / 400
train error: avg loss = 0.06925007
ES count = 4
Elapsed time = 5.296231269836426 sec
----------
Epoch 103 / 400
train error: avg loss = 0.06633868
ES count = 5
Elapsed time = 5.386378526687622 sec
----------
Epoch 104 / 400
train error: avg loss = 0.06424773
ES count = 6
Elapsed time = 5.527714729309082 sec
----------
Epoch 105 / 400
train error: avg loss = 0.07060750
ES count = 7
Elapsed time = 5.42952561378479 sec
----------
Epoch 106 / 400
train error: avg loss = 0.06547132
ES count = 8
Elapsed time = 5.583776473999023 sec
----------
Epoch 107 / 400
train error: avg loss = 0.06645908
ES count = 9
Elapsed time = 5.501414775848389 sec
----------
Epoch 108 / 400
train error: avg loss = 0.06801246
ES count = 10
Elapsed time = 5.364072799682617 sec
----------
Epoch 109 / 400
train error: avg loss = 0.06209373
Best loss is updated and ES count is reset.
Checkpoint saved to '/fsb/home/yutingwang/ytw_tangzq/schrodinger-bridge-sr-micrometeorology/data/DL_result/ExperimentSchrodingerBridge3dWind/config_wind_3d_ablation_no_terrain_night/checkpoint.pth'
Elapsed time = 5.5588061809539795 sec
----------
Epoch 110 / 400
train error: avg loss = 0.06839942
ES count = 1
Elapsed time = 5.574551343917847 sec
----------
Epoch 111 / 400
train error: avg loss = 0.07602777
ES count = 2
Elapsed time = 5.426685333251953 sec
----------
Epoch 112 / 400
train error: avg loss = 0.06366915
ES count = 3
Elapsed time = 5.662127256393433 sec
----------
Epoch 113 / 400
train error: avg loss = 0.06303830
ES count = 4
Elapsed time = 5.49965500831604 sec
----------
Epoch 114 / 400
train error: avg loss = 0.06642908
ES count = 5
Elapsed time = 5.549617528915405 sec
----------
Epoch 115 / 400
train error: avg loss = 0.07236281
ES count = 6
Elapsed time = 5.397336959838867 sec
----------
Epoch 116 / 400
train error: avg loss = 0.06246991
ES count = 7
Elapsed time = 5.529638051986694 sec
----------
Epoch 117 / 400
train error: avg loss = 0.06234016
ES count = 8
Elapsed time = 5.55646276473999 sec
----------
Epoch 118 / 400
train error: avg loss = 0.06956517
ES count = 9
Elapsed time = 5.408985376358032 sec
----------
Epoch 119 / 400
train error: avg loss = 0.06458815
ES count = 10
Elapsed time = 5.344590663909912 sec
----------
Epoch 120 / 400
train error: avg loss = 0.06814737
ES count = 11
Elapsed time = 5.512391090393066 sec
----------
Epoch 121 / 400
train error: avg loss = 0.06535265
ES count = 12
Elapsed time = 5.451963901519775 sec
----------
Epoch 122 / 400
train error: avg loss = 0.06047269
Best loss is updated and ES count is reset.
Checkpoint saved to '/fsb/home/yutingwang/ytw_tangzq/schrodinger-bridge-sr-micrometeorology/data/DL_result/ExperimentSchrodingerBridge3dWind/config_wind_3d_ablation_no_terrain_night/checkpoint.pth'
Elapsed time = 5.796470642089844 sec
----------
Epoch 123 / 400
train error: avg loss = 0.06173209
ES count = 1
Elapsed time = 5.565210819244385 sec
----------
Epoch 124 / 400
train error: avg loss = 0.06124655
ES count = 2
Elapsed time = 5.548597812652588 sec
----------
Epoch 125 / 400
train error: avg loss = 0.06151057
ES count = 3
Elapsed time = 5.383787155151367 sec
----------
Epoch 126 / 400
train error: avg loss = 0.06316748
ES count = 4
Elapsed time = 5.374613046646118 sec
----------
Epoch 127 / 400
train error: avg loss = 0.06518947
ES count = 5
Elapsed time = 5.385833978652954 sec
----------
Epoch 128 / 400
train error: avg loss = 0.06369743
ES count = 6
Elapsed time = 5.769721269607544 sec
----------
Epoch 129 / 400
train error: avg loss = 0.06420426
ES count = 7
Elapsed time = 5.663222789764404 sec
----------
Epoch 130 / 400
train error: avg loss = 0.05844300
Best loss is updated and ES count is reset.
Checkpoint saved to '/fsb/home/yutingwang/ytw_tangzq/schrodinger-bridge-sr-micrometeorology/data/DL_result/ExperimentSchrodingerBridge3dWind/config_wind_3d_ablation_no_terrain_night/checkpoint.pth'
Elapsed time = 5.7886059284210205 sec
----------
Epoch 131 / 400
train error: avg loss = 0.06221708
ES count = 1
Elapsed time = 5.473532438278198 sec
----------
Epoch 132 / 400
train error: avg loss = 0.06232944
ES count = 2
Elapsed time = 5.605307340621948 sec
----------
Epoch 133 / 400
train error: avg loss = 0.06390418
ES count = 3
Elapsed time = 5.414882183074951 sec
----------
Epoch 134 / 400
train error: avg loss = 0.06013808
ES count = 4
Elapsed time = 5.346150159835815 sec
----------
Epoch 135 / 400
train error: avg loss = 0.06234541
ES count = 5
Elapsed time = 5.4621970653533936 sec
----------
Epoch 136 / 400
train error: avg loss = 0.06364505
ES count = 6
Elapsed time = 5.331342458724976 sec
----------
Epoch 137 / 400
train error: avg loss = 0.06420020
ES count = 7
Elapsed time = 5.2582268714904785 sec
----------
Epoch 138 / 400
train error: avg loss = 0.06381066
ES count = 8
Elapsed time = 5.518112897872925 sec
----------
Epoch 139 / 400
train error: avg loss = 0.06235148
ES count = 9
Elapsed time = 5.570818662643433 sec
----------
Epoch 140 / 400
train error: avg loss = 0.06224302
ES count = 10
Elapsed time = 5.625113487243652 sec
----------
Epoch 141 / 400
train error: avg loss = 0.05838893
Best loss is updated and ES count is reset.
Checkpoint saved to '/fsb/home/yutingwang/ytw_tangzq/schrodinger-bridge-sr-micrometeorology/data/DL_result/ExperimentSchrodingerBridge3dWind/config_wind_3d_ablation_no_terrain_night/checkpoint.pth'
Elapsed time = 5.840778350830078 sec
----------
Epoch 142 / 400
train error: avg loss = 0.05902905
ES count = 1
Elapsed time = 5.648948669433594 sec
----------
Epoch 143 / 400
train error: avg loss = 0.06382267
ES count = 2
Elapsed time = 5.623596906661987 sec
----------
Epoch 144 / 400
train error: avg loss = 0.05841913
ES count = 3
Elapsed time = 5.6078104972839355 sec
----------
Epoch 145 / 400
train error: avg loss = 0.05708936
Best loss is updated and ES count is reset.
Checkpoint saved to '/fsb/home/yutingwang/ytw_tangzq/schrodinger-bridge-sr-micrometeorology/data/DL_result/ExperimentSchrodingerBridge3dWind/config_wind_3d_ablation_no_terrain_night/checkpoint.pth'
Elapsed time = 5.570110082626343 sec
----------
Epoch 146 / 400
train error: avg loss = 0.05955906
ES count = 1
Elapsed time = 5.55002236366272 sec
----------
Epoch 147 / 400
train error: avg loss = 0.06025776
ES count = 2
Elapsed time = 5.36029577255249 sec
----------
Epoch 148 / 400
train error: avg loss = 0.05801226
ES count = 3
Elapsed time = 5.423185348510742 sec
----------
Epoch 149 / 400
train error: avg loss = 0.05522273
Best loss is updated and ES count is reset.
Checkpoint saved to '/fsb/home/yutingwang/ytw_tangzq/schrodinger-bridge-sr-micrometeorology/data/DL_result/ExperimentSchrodingerBridge3dWind/config_wind_3d_ablation_no_terrain_night/checkpoint.pth'
Elapsed time = 5.825037479400635 sec
----------
Epoch 150 / 400
train error: avg loss = 0.05923744
ES count = 1
Elapsed time = 5.3482301235198975 sec
----------
Epoch 151 / 400
train error: avg loss = 0.05943332
ES count = 2
Elapsed time = 5.462811708450317 sec
----------
Epoch 152 / 400
train error: avg loss = 0.05601266
ES count = 3
Elapsed time = 5.689331531524658 sec
----------
Epoch 153 / 400
train error: avg loss = 0.05753971
ES count = 4
Elapsed time = 5.52134108543396 sec
----------
Epoch 154 / 400
train error: avg loss = 0.06199476
ES count = 5
Elapsed time = 5.65858268737793 sec
----------
Epoch 155 / 400
train error: avg loss = 0.05880197
ES count = 6
Elapsed time = 5.449146032333374 sec
----------
Epoch 156 / 400
train error: avg loss = 0.05489048
Best loss is updated and ES count is reset.
Checkpoint saved to '/fsb/home/yutingwang/ytw_tangzq/schrodinger-bridge-sr-micrometeorology/data/DL_result/ExperimentSchrodingerBridge3dWind/config_wind_3d_ablation_no_terrain_night/checkpoint.pth'
Elapsed time = 5.750379323959351 sec
----------
Epoch 157 / 400
train error: avg loss = 0.06144502
ES count = 1
Elapsed time = 5.399576187133789 sec
----------
Epoch 158 / 400
train error: avg loss = 0.05705776
ES count = 2
Elapsed time = 5.28792667388916 sec
----------
Epoch 159 / 400
train error: avg loss = 0.05854708
ES count = 3
Elapsed time = 5.342525005340576 sec
----------
Epoch 160 / 400
train error: avg loss = 0.06032797
ES count = 4
Elapsed time = 5.30354905128479 sec
----------
Epoch 161 / 400
train error: avg loss = 0.05664868
ES count = 5
Elapsed time = 5.268853425979614 sec
----------
Epoch 162 / 400
train error: avg loss = 0.06256975
ES count = 6
Elapsed time = 5.624361753463745 sec
----------
Epoch 163 / 400
train error: avg loss = 0.06213689
ES count = 7
Elapsed time = 5.294389724731445 sec
----------
Epoch 164 / 400
train error: avg loss = 0.05975393
ES count = 8
Elapsed time = 5.622910499572754 sec
----------
Epoch 165 / 400
train error: avg loss = 0.06272097
ES count = 9
Elapsed time = 5.5442795753479 sec
----------
Epoch 166 / 400
train error: avg loss = 0.05898521
ES count = 10
Elapsed time = 5.275148630142212 sec
----------
Epoch 167 / 400
train error: avg loss = 0.05978749
ES count = 11
Elapsed time = 5.893505096435547 sec
----------
Epoch 168 / 400
train error: avg loss = 0.05933763
ES count = 12
Elapsed time = 5.345251560211182 sec
----------
Epoch 169 / 400
train error: avg loss = 0.05450220
Best loss is updated and ES count is reset.
Checkpoint saved to '/fsb/home/yutingwang/ytw_tangzq/schrodinger-bridge-sr-micrometeorology/data/DL_result/ExperimentSchrodingerBridge3dWind/config_wind_3d_ablation_no_terrain_night/checkpoint.pth'
Elapsed time = 5.730201721191406 sec
----------
Epoch 170 / 400
train error: avg loss = 0.05748962
ES count = 1
Elapsed time = 5.2527220249176025 sec
----------
Epoch 171 / 400
train error: avg loss = 0.05289945
Best loss is updated and ES count is reset.
Checkpoint saved to '/fsb/home/yutingwang/ytw_tangzq/schrodinger-bridge-sr-micrometeorology/data/DL_result/ExperimentSchrodingerBridge3dWind/config_wind_3d_ablation_no_terrain_night/checkpoint.pth'
Elapsed time = 5.8762781620025635 sec
----------
Epoch 172 / 400
train error: avg loss = 0.05583061
ES count = 1
Elapsed time = 5.455803871154785 sec
----------
Epoch 173 / 400
train error: avg loss = 0.05354765
ES count = 2
Elapsed time = 5.28978705406189 sec
----------
Epoch 174 / 400
train error: avg loss = 0.05203004
Best loss is updated and ES count is reset.
Checkpoint saved to '/fsb/home/yutingwang/ytw_tangzq/schrodinger-bridge-sr-micrometeorology/data/DL_result/ExperimentSchrodingerBridge3dWind/config_wind_3d_ablation_no_terrain_night/checkpoint.pth'
Elapsed time = 5.862735271453857 sec
----------
Epoch 175 / 400
train error: avg loss = 0.05506455
ES count = 1
Elapsed time = 5.339452505111694 sec
----------
Epoch 176 / 400
train error: avg loss = 0.05558921
ES count = 2
Elapsed time = 5.25665283203125 sec
----------
Epoch 177 / 400
train error: avg loss = 0.05279857
ES count = 3
Elapsed time = 5.447483777999878 sec
----------
Epoch 178 / 400
train error: avg loss = 0.05860645
ES count = 4
Elapsed time = 5.889010429382324 sec
----------
Epoch 179 / 400
train error: avg loss = 0.05527915
ES count = 5
Elapsed time = 5.35938286781311 sec
----------
Epoch 180 / 400
train error: avg loss = 0.05630246
ES count = 6
Elapsed time = 5.480948448181152 sec
----------
Epoch 181 / 400
train error: avg loss = 0.05972230
ES count = 7
Elapsed time = 5.495664834976196 sec
----------
Epoch 182 / 400
train error: avg loss = 0.05710075
ES count = 8
Elapsed time = 5.24012017250061 sec
----------
Epoch 183 / 400
train error: avg loss = 0.05290199
ES count = 9
Elapsed time = 5.597660541534424 sec
----------
Epoch 184 / 400
train error: avg loss = 0.05318256
ES count = 10
Elapsed time = 5.2826550006866455 sec
----------
Epoch 185 / 400
train error: avg loss = 0.05263153
ES count = 11
Elapsed time = 5.543514966964722 sec
----------
Epoch 186 / 400
train error: avg loss = 0.05352442
ES count = 12
Elapsed time = 5.422628402709961 sec
----------
Epoch 187 / 400
train error: avg loss = 0.05558135
ES count = 13
Elapsed time = 5.524170875549316 sec
----------
Epoch 188 / 400
train error: avg loss = 0.05571253
ES count = 14
Elapsed time = 5.411317825317383 sec
----------
Epoch 189 / 400
train error: avg loss = 0.05689646
ES count = 15
Elapsed time = 5.52203631401062 sec
----------
Epoch 190 / 400
train error: avg loss = 0.05192589
Best loss is updated and ES count is reset.
Checkpoint saved to '/fsb/home/yutingwang/ytw_tangzq/schrodinger-bridge-sr-micrometeorology/data/DL_result/ExperimentSchrodingerBridge3dWind/config_wind_3d_ablation_no_terrain_night/checkpoint.pth'
Elapsed time = 5.8675830364227295 sec
----------
Epoch 191 / 400
train error: avg loss = 0.05654155
ES count = 1
Elapsed time = 5.3683998584747314 sec
----------
Epoch 192 / 400
train error: avg loss = 0.05172856
Best loss is updated and ES count is reset.
Checkpoint saved to '/fsb/home/yutingwang/ytw_tangzq/schrodinger-bridge-sr-micrometeorology/data/DL_result/ExperimentSchrodingerBridge3dWind/config_wind_3d_ablation_no_terrain_night/checkpoint.pth'
Elapsed time = 5.716317415237427 sec
----------
Epoch 193 / 400
train error: avg loss = 0.05298348
ES count = 1
Elapsed time = 5.551371335983276 sec
----------
Epoch 194 / 400
train error: avg loss = 0.04940147
Best loss is updated and ES count is reset.
Checkpoint saved to '/fsb/home/yutingwang/ytw_tangzq/schrodinger-bridge-sr-micrometeorology/data/DL_result/ExperimentSchrodingerBridge3dWind/config_wind_3d_ablation_no_terrain_night/checkpoint.pth'
Elapsed time = 5.70156455039978 sec
----------
Epoch 195 / 400
train error: avg loss = 0.05351829
ES count = 1
Elapsed time = 5.298393487930298 sec
----------
Epoch 196 / 400
train error: avg loss = 0.05683325
ES count = 2
Elapsed time = 5.34522008895874 sec
----------
Epoch 197 / 400
train error: avg loss = 0.05195113
ES count = 3
Elapsed time = 5.289159059524536 sec
----------
Epoch 198 / 400
train error: avg loss = 0.05733684
ES count = 4
Elapsed time = 5.479684352874756 sec
----------
Epoch 199 / 400
train error: avg loss = 0.05484899
ES count = 5
Elapsed time = 5.5164794921875 sec
----------
Epoch 200 / 400
train error: avg loss = 0.05661862
ES count = 6
Epoch = 200. Save a periodic model snapshot.
Elapsed time = 5.553951740264893 sec
----------
Epoch 201 / 400
train error: avg loss = 0.05590695
ES count = 7
Elapsed time = 5.220109224319458 sec
----------
Epoch 202 / 400
train error: avg loss = 0.05662075
ES count = 8
Elapsed time = 5.601590871810913 sec
----------
Epoch 203 / 400
train error: avg loss = 0.05653471
ES count = 9
Elapsed time = 5.427224397659302 sec
----------
Epoch 204 / 400
train error: avg loss = 0.05502767
ES count = 10
Elapsed time = 5.462560415267944 sec
----------
Epoch 205 / 400
train error: avg loss = 0.05120272
ES count = 11
Elapsed time = 5.516528129577637 sec
----------
Epoch 206 / 400
train error: avg loss = 0.05193748
ES count = 12
Elapsed time = 5.525785446166992 sec
----------
Epoch 207 / 400
train error: avg loss = 0.05329881
ES count = 13
Elapsed time = 5.544928073883057 sec
----------
Epoch 208 / 400
train error: avg loss = 0.04907613
Best loss is updated and ES count is reset.
Checkpoint saved to '/fsb/home/yutingwang/ytw_tangzq/schrodinger-bridge-sr-micrometeorology/data/DL_result/ExperimentSchrodingerBridge3dWind/config_wind_3d_ablation_no_terrain_night/checkpoint.pth'
Elapsed time = 5.825266599655151 sec
----------
Epoch 209 / 400
train error: avg loss = 0.05607923
ES count = 1
Elapsed time = 5.44959282875061 sec
----------
Epoch 210 / 400
train error: avg loss = 0.05252915
ES count = 2
Elapsed time = 5.683387279510498 sec
----------
Epoch 211 / 400
train error: avg loss = 0.05345576
ES count = 3
Elapsed time = 5.371369123458862 sec
----------
Epoch 212 / 400
train error: avg loss = 0.05219729
ES count = 4
Elapsed time = 5.416788578033447 sec
----------
Epoch 213 / 400
train error: avg loss = 0.05027090
ES count = 5
Elapsed time = 5.251931190490723 sec
----------
Epoch 214 / 400
train error: avg loss = 0.05119637
ES count = 6
Elapsed time = 5.579243898391724 sec
----------
Epoch 215 / 400
train error: avg loss = 0.05602979
ES count = 7
Elapsed time = 5.379618406295776 sec
----------
Epoch 216 / 400
train error: avg loss = 0.05492824
ES count = 8
Elapsed time = 5.457160711288452 sec
----------
Epoch 217 / 400
train error: avg loss = 0.05566951
ES count = 9
Elapsed time = 5.577375411987305 sec
----------
Epoch 218 / 400
train error: avg loss = 0.04786729
Best loss is updated and ES count is reset.
Checkpoint saved to '/fsb/home/yutingwang/ytw_tangzq/schrodinger-bridge-sr-micrometeorology/data/DL_result/ExperimentSchrodingerBridge3dWind/config_wind_3d_ablation_no_terrain_night/checkpoint.pth'
Elapsed time = 5.922790765762329 sec
----------
Epoch 219 / 400
train error: avg loss = 0.04971000
ES count = 1
Elapsed time = 5.421051263809204 sec
----------
Epoch 220 / 400
train error: avg loss = 0.05027807
ES count = 2
Elapsed time = 5.501952648162842 sec
----------
Epoch 221 / 400
train error: avg loss = 0.04937243
ES count = 3
Elapsed time = 5.419504165649414 sec
----------
Epoch 222 / 400
train error: avg loss = 0.05073720
ES count = 4
Elapsed time = 5.640928506851196 sec
----------
Epoch 223 / 400
train error: avg loss = 0.05014446
ES count = 5
Elapsed time = 5.272559404373169 sec
----------
Epoch 224 / 400
train error: avg loss = 0.04848857
ES count = 6
Elapsed time = 5.64963173866272 sec
----------
Epoch 225 / 400
train error: avg loss = 0.05344296
ES count = 7
Elapsed time = 5.379958868026733 sec
----------
Epoch 226 / 400
train error: avg loss = 0.05046088
ES count = 8
Elapsed time = 5.611258268356323 sec
----------
Epoch 227 / 400
train error: avg loss = 0.04836712
ES count = 9
Elapsed time = 5.321942090988159 sec
----------
Epoch 228 / 400
train error: avg loss = 0.05212762
ES count = 10
Elapsed time = 5.743639707565308 sec
----------
Epoch 229 / 400
train error: avg loss = 0.05104671
ES count = 11
Elapsed time = 5.239393711090088 sec
----------
Epoch 230 / 400
train error: avg loss = 0.04986429
ES count = 12
Elapsed time = 5.387109994888306 sec
----------
Epoch 231 / 400
train error: avg loss = 0.04929603
ES count = 13
Elapsed time = 5.48771333694458 sec
----------
Epoch 232 / 400
train error: avg loss = 0.05240335
ES count = 14
Elapsed time = 5.485630035400391 sec
----------
Epoch 233 / 400
train error: avg loss = 0.05680898
ES count = 15
Elapsed time = 5.3070008754730225 sec
----------
Epoch 234 / 400
train error: avg loss = 0.04970053
ES count = 16
Elapsed time = 5.667947292327881 sec
----------
Epoch 235 / 400
train error: avg loss = 0.04641515
Best loss is updated and ES count is reset.
Checkpoint saved to '/fsb/home/yutingwang/ytw_tangzq/schrodinger-bridge-sr-micrometeorology/data/DL_result/ExperimentSchrodingerBridge3dWind/config_wind_3d_ablation_no_terrain_night/checkpoint.pth'
Elapsed time = 5.6889073848724365 sec
----------
Epoch 236 / 400
train error: avg loss = 0.05011360
ES count = 1
Elapsed time = 5.4181458950042725 sec
----------
Epoch 237 / 400
train error: avg loss = 0.04703173
ES count = 2
Elapsed time = 5.555498838424683 sec
----------
Epoch 238 / 400
train error: avg loss = 0.04545416
Best loss is updated and ES count is reset.
Checkpoint saved to '/fsb/home/yutingwang/ytw_tangzq/schrodinger-bridge-sr-micrometeorology/data/DL_result/ExperimentSchrodingerBridge3dWind/config_wind_3d_ablation_no_terrain_night/checkpoint.pth'
Elapsed time = 5.916844129562378 sec
----------
Epoch 239 / 400
train error: avg loss = 0.05054720
ES count = 1
Elapsed time = 5.2411582469940186 sec
----------
Epoch 240 / 400
train error: avg loss = 0.05085748
ES count = 2
Elapsed time = 5.686047077178955 sec
----------
Epoch 241 / 400
train error: avg loss = 0.05082114
ES count = 3
Elapsed time = 5.751031875610352 sec
----------
Epoch 242 / 400
train error: avg loss = 0.04823240
ES count = 4
Elapsed time = 5.424527406692505 sec
----------
Epoch 243 / 400
train error: avg loss = 0.05095670
ES count = 5
Elapsed time = 5.375943899154663 sec
----------
Epoch 244 / 400
train error: avg loss = 0.05118510
ES count = 6
Elapsed time = 5.485908269882202 sec
----------
Epoch 245 / 400
train error: avg loss = 0.05049943
ES count = 7
Elapsed time = 5.40325403213501 sec
----------
Epoch 246 / 400
train error: avg loss = 0.05080308
ES count = 8
Elapsed time = 5.562140703201294 sec
----------
Epoch 247 / 400
train error: avg loss = 0.04965607
ES count = 9
Elapsed time = 5.808022975921631 sec
----------
Epoch 248 / 400
train error: avg loss = 0.04840973
ES count = 10
Elapsed time = 5.295199632644653 sec
----------
Epoch 249 / 400
train error: avg loss = 0.04903773
ES count = 11
Elapsed time = 5.378157138824463 sec
----------
Epoch 250 / 400
train error: avg loss = 0.05052305
ES count = 12
Elapsed time = 5.49221658706665 sec
----------
Epoch 251 / 400
train error: avg loss = 0.04763323
ES count = 13
Elapsed time = 5.694552898406982 sec
----------
Epoch 252 / 400
train error: avg loss = 0.04804640
ES count = 14
Elapsed time = 5.550595283508301 sec
----------
Epoch 253 / 400
train error: avg loss = 0.05231318
ES count = 15
Elapsed time = 5.65800666809082 sec
----------
Epoch 254 / 400
train error: avg loss = 0.04955067
ES count = 16
Elapsed time = 5.474063158035278 sec
----------
Epoch 255 / 400
train error: avg loss = 0.04825705
ES count = 17
Elapsed time = 5.662617444992065 sec
----------
Epoch 256 / 400
train error: avg loss = 0.04886559
ES count = 18
Elapsed time = 5.51050877571106 sec
----------
Epoch 257 / 400
train error: avg loss = 0.04848082
ES count = 19
Elapsed time = 5.483996391296387 sec
----------
Epoch 258 / 400
train error: avg loss = 0.05134773
ES count = 20
Elapsed time = 5.4872636795043945 sec
----------
Epoch 259 / 400
train error: avg loss = 0.04829944
ES count = 21
Elapsed time = 5.590319395065308 sec
----------
Epoch 260 / 400
train error: avg loss = 0.04584305
ES count = 22
Elapsed time = 5.3949503898620605 sec
----------
Epoch 261 / 400
train error: avg loss = 0.04956329
ES count = 23
Elapsed time = 5.651239395141602 sec
----------
Epoch 262 / 400
train error: avg loss = 0.04578357
ES count = 24
Elapsed time = 5.872666358947754 sec
----------
Epoch 263 / 400
train error: avg loss = 0.04643749
ES count = 25
Elapsed time = 5.313706398010254 sec
----------
Epoch 264 / 400
train error: avg loss = 0.04767085
ES count = 26
Elapsed time = 5.476187229156494 sec
----------
Epoch 265 / 400
train error: avg loss = 0.05011731
ES count = 27
Elapsed time = 5.632962703704834 sec
----------
Epoch 266 / 400
train error: avg loss = 0.04952192
ES count = 28
Elapsed time = 5.40526008605957 sec
----------
Epoch 267 / 400
train error: avg loss = 0.05149838
ES count = 29
Elapsed time = 5.539780616760254 sec
----------
Epoch 268 / 400
train error: avg loss = 0.04808470
ES count = 30
Elapsed time = 5.406553268432617 sec
----------
Epoch 269 / 400
train error: avg loss = 0.04728294
ES count = 31
Elapsed time = 5.5878801345825195 sec
----------
Epoch 270 / 400
train error: avg loss = 0.04795226
ES count = 32
Elapsed time = 5.570363759994507 sec
----------
Epoch 271 / 400
train error: avg loss = 0.04692588
ES count = 33
Elapsed time = 5.6284215450286865 sec
----------
Epoch 272 / 400
train error: avg loss = 0.04517231
Best loss is updated and ES count is reset.
Checkpoint saved to '/fsb/home/yutingwang/ytw_tangzq/schrodinger-bridge-sr-micrometeorology/data/DL_result/ExperimentSchrodingerBridge3dWind/config_wind_3d_ablation_no_terrain_night/checkpoint.pth'
Elapsed time = 5.987664699554443 sec
----------
Epoch 273 / 400
train error: avg loss = 0.04635977
ES count = 1
Elapsed time = 5.44378924369812 sec
----------
Epoch 274 / 400
train error: avg loss = 0.04874764
ES count = 2
Elapsed time = 5.202602386474609 sec
----------
Epoch 275 / 400
train error: avg loss = 0.05061576
ES count = 3
Elapsed time = 5.575944423675537 sec
----------
Epoch 276 / 400
train error: avg loss = 0.05176613
ES count = 4
Elapsed time = 5.807039022445679 sec
----------
Epoch 277 / 400
train error: avg loss = 0.04810673
ES count = 5
Elapsed time = 5.608919620513916 sec
----------
Epoch 278 / 400
train error: avg loss = 0.04906893
ES count = 6
Elapsed time = 5.361457347869873 sec
----------
Epoch 279 / 400
train error: avg loss = 0.05234928
ES count = 7
Elapsed time = 5.5013532638549805 sec
----------
Epoch 280 / 400
train error: avg loss = 0.05081625
ES count = 8
Elapsed time = 5.547971963882446 sec
----------
Epoch 281 / 400
train error: avg loss = 0.04676565
ES count = 9
Elapsed time = 5.518376588821411 sec
----------
Epoch 282 / 400
train error: avg loss = 0.04990772
ES count = 10
Elapsed time = 5.536108732223511 sec
----------
Epoch 283 / 400
train error: avg loss = 0.04952688
ES count = 11
Elapsed time = 5.647773742675781 sec
----------
Epoch 284 / 400
train error: avg loss = 0.04503395
Best loss is updated and ES count is reset.
Checkpoint saved to '/fsb/home/yutingwang/ytw_tangzq/schrodinger-bridge-sr-micrometeorology/data/DL_result/ExperimentSchrodingerBridge3dWind/config_wind_3d_ablation_no_terrain_night/checkpoint.pth'
Elapsed time = 5.7505271434783936 sec
----------
Epoch 285 / 400
train error: avg loss = 0.05232049
ES count = 1
Elapsed time = 5.516192197799683 sec
----------
Epoch 286 / 400
train error: avg loss = 0.04401797
Best loss is updated and ES count is reset.
Checkpoint saved to '/fsb/home/yutingwang/ytw_tangzq/schrodinger-bridge-sr-micrometeorology/data/DL_result/ExperimentSchrodingerBridge3dWind/config_wind_3d_ablation_no_terrain_night/checkpoint.pth'
Elapsed time = 5.87255334854126 sec
----------
Epoch 287 / 400
train error: avg loss = 0.04988704
ES count = 1
Elapsed time = 5.393056392669678 sec
----------
Epoch 288 / 400
train error: avg loss = 0.04963916
ES count = 2
Elapsed time = 5.300890207290649 sec
----------
Epoch 289 / 400
train error: avg loss = 0.04629155
ES count = 3
Elapsed time = 5.53265380859375 sec
----------
Epoch 290 / 400
train error: avg loss = 0.04566983
ES count = 4
Elapsed time = 5.471755743026733 sec
----------
Epoch 291 / 400
train error: avg loss = 0.04514593
ES count = 5
Elapsed time = 5.566415309906006 sec
----------
Epoch 292 / 400
train error: avg loss = 0.04731953
ES count = 6
Elapsed time = 5.405700445175171 sec
----------
Epoch 293 / 400
train error: avg loss = 0.04680273
ES count = 7
Elapsed time = 5.6587066650390625 sec
----------
Epoch 294 / 400
train error: avg loss = 0.04683891
ES count = 8
Elapsed time = 5.507489919662476 sec
----------
Epoch 295 / 400
train error: avg loss = 0.04878155
ES count = 9
Elapsed time = 5.412770509719849 sec
----------
Epoch 296 / 400
train error: avg loss = 0.04769151
ES count = 10
Elapsed time = 5.27639365196228 sec
----------
Epoch 297 / 400
train error: avg loss = 0.04976436
ES count = 11
Elapsed time = 5.554572343826294 sec
----------
Epoch 298 / 400
train error: avg loss = 0.05027799
ES count = 12
Elapsed time = 5.408491611480713 sec
----------
Epoch 299 / 400
train error: avg loss = 0.04931490
ES count = 13
Elapsed time = 5.532784700393677 sec
----------
Epoch 300 / 400
train error: avg loss = 0.04498153
ES count = 14
Epoch = 300. Save a periodic model snapshot.
Elapsed time = 5.970349311828613 sec
----------
Epoch 301 / 400
train error: avg loss = 0.05025008
ES count = 15
Elapsed time = 5.370172023773193 sec
----------
Epoch 302 / 400
train error: avg loss = 0.04678779
ES count = 16
Elapsed time = 5.497992277145386 sec
----------
Epoch 303 / 400
train error: avg loss = 0.04825087
ES count = 17
Elapsed time = 5.341350078582764 sec
----------
Epoch 304 / 400
train error: avg loss = 0.05178093
ES count = 18
Elapsed time = 5.433727502822876 sec
----------
Epoch 305 / 400
train error: avg loss = 0.04731546
ES count = 19
Elapsed time = 5.568236827850342 sec
----------
Epoch 306 / 400
train error: avg loss = 0.04385937
Best loss is updated and ES count is reset.
Checkpoint saved to '/fsb/home/yutingwang/ytw_tangzq/schrodinger-bridge-sr-micrometeorology/data/DL_result/ExperimentSchrodingerBridge3dWind/config_wind_3d_ablation_no_terrain_night/checkpoint.pth'
Elapsed time = 5.88247275352478 sec
----------
Epoch 307 / 400
train error: avg loss = 0.04690037
ES count = 1
Elapsed time = 5.359771251678467 sec
----------
Epoch 308 / 400
train error: avg loss = 0.04823883
ES count = 2
Elapsed time = 5.5784289836883545 sec
----------
Epoch 309 / 400
train error: avg loss = 0.04384261
Best loss is updated and ES count is reset.
Checkpoint saved to '/fsb/home/yutingwang/ytw_tangzq/schrodinger-bridge-sr-micrometeorology/data/DL_result/ExperimentSchrodingerBridge3dWind/config_wind_3d_ablation_no_terrain_night/checkpoint.pth'
Elapsed time = 5.767261028289795 sec
----------
Epoch 310 / 400
train error: avg loss = 0.04475731
ES count = 1
Elapsed time = 5.339699983596802 sec
----------
Epoch 311 / 400
train error: avg loss = 0.04326675
Best loss is updated and ES count is reset.
Checkpoint saved to '/fsb/home/yutingwang/ytw_tangzq/schrodinger-bridge-sr-micrometeorology/data/DL_result/ExperimentSchrodingerBridge3dWind/config_wind_3d_ablation_no_terrain_night/checkpoint.pth'
Elapsed time = 5.887184381484985 sec
----------
Epoch 312 / 400
train error: avg loss = 0.04450386
ES count = 1
Elapsed time = 5.329547882080078 sec
----------
Epoch 313 / 400
train error: avg loss = 0.04588331
ES count = 2
Elapsed time = 5.475914716720581 sec
----------
Epoch 314 / 400
train error: avg loss = 0.04410762
ES count = 3
Elapsed time = 5.596769094467163 sec
----------
Epoch 315 / 400
train error: avg loss = 0.04987957
ES count = 4
Elapsed time = 5.175741672515869 sec
----------
Epoch 316 / 400
train error: avg loss = 0.04652303
ES count = 5
Elapsed time = 5.433546304702759 sec
----------
Epoch 317 / 400
train error: avg loss = 0.04689851
ES count = 6
Elapsed time = 5.421850681304932 sec
----------
Epoch 318 / 400
train error: avg loss = 0.04405790
ES count = 7
Elapsed time = 5.702178478240967 sec
----------
Epoch 319 / 400
train error: avg loss = 0.04912512
ES count = 8
Elapsed time = 5.572329044342041 sec
----------
Epoch 320 / 400
train error: avg loss = 0.04759684
ES count = 9
Elapsed time = 5.6519975662231445 sec
----------
Epoch 321 / 400
train error: avg loss = 0.04851285
ES count = 10
Elapsed time = 5.562539577484131 sec
----------
Epoch 322 / 400
train error: avg loss = 0.04698252
ES count = 11
Elapsed time = 5.5643861293792725 sec
----------
Epoch 323 / 400
train error: avg loss = 0.04845440
ES count = 12
Elapsed time = 5.784477472305298 sec
----------
Epoch 324 / 400
train error: avg loss = 0.04366928
ES count = 13
Elapsed time = 5.380978107452393 sec
----------
Epoch 325 / 400
train error: avg loss = 0.04590985
ES count = 14
Elapsed time = 5.798734903335571 sec
----------
Epoch 326 / 400
train error: avg loss = 0.05089165
ES count = 15
Elapsed time = 5.3951051235198975 sec
----------
Epoch 327 / 400
train error: avg loss = 0.04554460
ES count = 16
Elapsed time = 5.749989032745361 sec
----------
Epoch 328 / 400
train error: avg loss = 0.04339053
ES count = 17
Elapsed time = 5.369220972061157 sec
----------
Epoch 329 / 400
train error: avg loss = 0.04289340
Best loss is updated and ES count is reset.
Checkpoint saved to '/fsb/home/yutingwang/ytw_tangzq/schrodinger-bridge-sr-micrometeorology/data/DL_result/ExperimentSchrodingerBridge3dWind/config_wind_3d_ablation_no_terrain_night/checkpoint.pth'
Elapsed time = 5.7602386474609375 sec
----------
Epoch 330 / 400
train error: avg loss = 0.04487839
ES count = 1
Elapsed time = 5.790625333786011 sec
----------
Epoch 331 / 400
train error: avg loss = 0.04479426
ES count = 2
Elapsed time = 5.420150279998779 sec
----------
Epoch 332 / 400
train error: avg loss = 0.04259306
Best loss is updated and ES count is reset.
Checkpoint saved to '/fsb/home/yutingwang/ytw_tangzq/schrodinger-bridge-sr-micrometeorology/data/DL_result/ExperimentSchrodingerBridge3dWind/config_wind_3d_ablation_no_terrain_night/checkpoint.pth'
Elapsed time = 5.784912347793579 sec
----------
Epoch 333 / 400
train error: avg loss = 0.04780975
ES count = 1
Elapsed time = 5.690784692764282 sec
----------
Epoch 334 / 400
train error: avg loss = 0.04820979
ES count = 2
Elapsed time = 5.450780630111694 sec
----------
Epoch 335 / 400
train error: avg loss = 0.04865151
ES count = 3
Elapsed time = 5.643186092376709 sec
----------
Epoch 336 / 400
train error: avg loss = 0.04373741
ES count = 4
Elapsed time = 5.566484451293945 sec
----------
Epoch 337 / 400
train error: avg loss = 0.04169008
Best loss is updated and ES count is reset.
Checkpoint saved to '/fsb/home/yutingwang/ytw_tangzq/schrodinger-bridge-sr-micrometeorology/data/DL_result/ExperimentSchrodingerBridge3dWind/config_wind_3d_ablation_no_terrain_night/checkpoint.pth'
Elapsed time = 5.981531858444214 sec
----------
Epoch 338 / 400
train error: avg loss = 0.04577231
ES count = 1
Elapsed time = 5.526780843734741 sec
----------
Epoch 339 / 400
train error: avg loss = 0.04391623
ES count = 2
Elapsed time = 5.729193925857544 sec
----------
Epoch 340 / 400
train error: avg loss = 0.04795486
ES count = 3
Elapsed time = 5.446904182434082 sec
----------
Epoch 341 / 400
train error: avg loss = 0.04343886
ES count = 4
Elapsed time = 5.876116037368774 sec
----------
Epoch 342 / 400
train error: avg loss = 0.04423792
ES count = 5
Elapsed time = 5.6286561489105225 sec
----------
Epoch 343 / 400
train error: avg loss = 0.04601099
ES count = 6
Elapsed time = 5.6528425216674805 sec
----------
Epoch 344 / 400
train error: avg loss = 0.04449946
ES count = 7
Elapsed time = 5.403274774551392 sec
----------
Epoch 345 / 400
train error: avg loss = 0.04808416
ES count = 8
Elapsed time = 5.623992681503296 sec
----------
Epoch 346 / 400
train error: avg loss = 0.04666444
ES count = 9
Elapsed time = 5.818687438964844 sec
----------
Epoch 347 / 400
train error: avg loss = 0.04207904
ES count = 10
Elapsed time = 5.639245986938477 sec
----------
Epoch 348 / 400
train error: avg loss = 0.04539490
ES count = 11
Elapsed time = 5.62501072883606 sec
----------
Epoch 349 / 400
train error: avg loss = 0.04658020
ES count = 12
Elapsed time = 5.611774921417236 sec
----------
Epoch 350 / 400
train error: avg loss = 0.04749500
ES count = 13
Elapsed time = 5.639887094497681 sec
----------
Epoch 351 / 400
train error: avg loss = 0.04696093
ES count = 14
Elapsed time = 5.623005151748657 sec
----------
Epoch 352 / 400
train error: avg loss = 0.04723061
ES count = 15
Elapsed time = 5.736469984054565 sec
----------
Epoch 353 / 400
train error: avg loss = 0.04605961
ES count = 16
Elapsed time = 5.374639987945557 sec
----------
Epoch 354 / 400
train error: avg loss = 0.04542907
ES count = 17
Elapsed time = 5.780524969100952 sec
----------
Epoch 355 / 400
train error: avg loss = 0.04538450
ES count = 18
Elapsed time = 5.634622097015381 sec
----------
Epoch 356 / 400
train error: avg loss = 0.04447939
ES count = 19
Elapsed time = 5.542510271072388 sec
----------
Epoch 357 / 400
train error: avg loss = 0.04642829
ES count = 20
Elapsed time = 5.387531757354736 sec
----------
Epoch 358 / 400
train error: avg loss = 0.04219835
ES count = 21
Elapsed time = 5.54999566078186 sec
----------
Epoch 359 / 400
train error: avg loss = 0.04397138
ES count = 22
Elapsed time = 5.630115985870361 sec
----------
Epoch 360 / 400
train error: avg loss = 0.04471913
ES count = 23
Elapsed time = 5.603084087371826 sec
----------
Epoch 361 / 400
train error: avg loss = 0.04497282
ES count = 24
Elapsed time = 5.4910619258880615 sec
----------
Epoch 362 / 400
train error: avg loss = 0.04146965
Best loss is updated and ES count is reset.
Checkpoint saved to '/fsb/home/yutingwang/ytw_tangzq/schrodinger-bridge-sr-micrometeorology/data/DL_result/ExperimentSchrodingerBridge3dWind/config_wind_3d_ablation_no_terrain_night/checkpoint.pth'
Elapsed time = 5.9263787269592285 sec
----------
Epoch 363 / 400
train error: avg loss = 0.04651678
ES count = 1
Elapsed time = 5.465677499771118 sec
----------
Epoch 364 / 400
train error: avg loss = 0.04558821
ES count = 2
Elapsed time = 5.567505836486816 sec
----------
Epoch 365 / 400
train error: avg loss = 0.04473769
ES count = 3
Elapsed time = 5.489894866943359 sec
----------
Epoch 366 / 400
train error: avg loss = 0.04801464
ES count = 4
Elapsed time = 5.545513868331909 sec
----------
Epoch 367 / 400
train error: avg loss = 0.04729918
ES count = 5
Elapsed time = 5.514262437820435 sec
----------
Epoch 368 / 400
train error: avg loss = 0.04284849
ES count = 6
Elapsed time = 5.747711420059204 sec
----------
Epoch 369 / 400
train error: avg loss = 0.04409950
ES count = 7
Elapsed time = 5.704006910324097 sec
----------
Epoch 370 / 400
train error: avg loss = 0.04328712
ES count = 8
Elapsed time = 5.359645843505859 sec
----------
Epoch 371 / 400
train error: avg loss = 0.04246562
ES count = 9
Elapsed time = 5.775868892669678 sec
----------
Epoch 372 / 400
train error: avg loss = 0.04147832
ES count = 10
Elapsed time = 5.358514785766602 sec
----------
Epoch 373 / 400
train error: avg loss = 0.04683790
ES count = 11
Elapsed time = 5.7658913135528564 sec
----------
Epoch 374 / 400
train error: avg loss = 0.04549679
ES count = 12
Elapsed time = 5.506767511367798 sec
----------
Epoch 375 / 400
train error: avg loss = 0.04384394
ES count = 13
Elapsed time = 5.540898323059082 sec
----------
Epoch 376 / 400
train error: avg loss = 0.04334647
ES count = 14
Elapsed time = 5.546064853668213 sec
----------
Epoch 377 / 400
train error: avg loss = 0.04386279
ES count = 15
Elapsed time = 5.6349310874938965 sec
----------
Epoch 378 / 400
train error: avg loss = 0.04013106
Best loss is updated and ES count is reset.
Checkpoint saved to '/fsb/home/yutingwang/ytw_tangzq/schrodinger-bridge-sr-micrometeorology/data/DL_result/ExperimentSchrodingerBridge3dWind/config_wind_3d_ablation_no_terrain_night/checkpoint.pth'
Elapsed time = 6.018157720565796 sec
----------
Epoch 379 / 400
train error: avg loss = 0.04505975
ES count = 1
Elapsed time = 5.356126546859741 sec
----------
Epoch 380 / 400
train error: avg loss = 0.04702543
ES count = 2
Elapsed time = 5.581768751144409 sec
----------
Epoch 381 / 400
train error: avg loss = 0.05048899
ES count = 3
Elapsed time = 5.463122129440308 sec
----------
Epoch 382 / 400
train error: avg loss = 0.04647017
ES count = 4
Elapsed time = 5.648299694061279 sec
----------
Epoch 383 / 400
train error: avg loss = 0.04248538
ES count = 5
Elapsed time = 5.402376174926758 sec
----------
Epoch 384 / 400
train error: avg loss = 0.04178651
ES count = 6
Elapsed time = 5.480969667434692 sec
----------
Epoch 385 / 400
train error: avg loss = 0.04372716
ES count = 7
Elapsed time = 5.663739919662476 sec
----------
Epoch 386 / 400
train error: avg loss = 0.04060792
ES count = 8
Elapsed time = 5.504137992858887 sec
----------
Epoch 387 / 400
train error: avg loss = 0.04426951
ES count = 9
Elapsed time = 5.343116998672485 sec
----------
Epoch 388 / 400
train error: avg loss = 0.04638219
ES count = 10
Elapsed time = 5.518538475036621 sec
----------
Epoch 389 / 400
train error: avg loss = 0.04407156
ES count = 11
Elapsed time = 5.613814353942871 sec
----------
Epoch 390 / 400
train error: avg loss = 0.04210039
ES count = 12
Elapsed time = 5.541657209396362 sec
----------
Epoch 391 / 400
train error: avg loss = 0.04509210
ES count = 13
Elapsed time = 5.585961580276489 sec
----------
Epoch 392 / 400
train error: avg loss = 0.04207472
ES count = 14
Elapsed time = 5.388378620147705 sec
----------
Epoch 393 / 400
train error: avg loss = 0.04202472
ES count = 15
Elapsed time = 5.702315807342529 sec
----------
Epoch 394 / 400
train error: avg loss = 0.04200399
ES count = 16
Elapsed time = 5.4462175369262695 sec
----------
Epoch 395 / 400
train error: avg loss = 0.04498312
ES count = 17
Elapsed time = 5.651187181472778 sec
----------
Epoch 396 / 400
train error: avg loss = 0.04210545
ES count = 18
Elapsed time = 5.759547472000122 sec
----------
Epoch 397 / 400
train error: avg loss = 0.04287514
ES count = 19
Elapsed time = 5.656724452972412 sec
----------
Epoch 398 / 400
train error: avg loss = 0.04225313
ES count = 20
Elapsed time = 5.583343982696533 sec
----------
Epoch 399 / 400
train error: avg loss = 0.04093490
ES count = 21
Elapsed time = 5.518352270126343 sec
----------
Epoch 400 / 400
train error: avg loss = 0.04126933
ES count = 22
Epoch = 400. Save a periodic model snapshot.
Elapsed time = 5.465692758560181 sec
----------
Epoch 401 / 400
train error: avg loss = 0.04297736
ES count = 23
Elapsed time = 5.1084980964660645 sec
----------
Train end: 2026-07-14T14:03:56.795177+00:00 UTC
Best epoch: 378, best_loss: 0.04013106
Total elapsed time = 37.15161185661952 min

**************************************************
Make inference
**************************************************


Inference at epoch 100.
UNetDDPMVer01 is created
dataset_config.dataset_name='Dataset3dWind'
The total files = 480. A part of them is used for training.
train: 146/335 samples kept after day_night_filter=night
valid: 31/70 samples kept after day_night_filter=night
test: 35/75 samples kept after day_night_filter=night
All files give to dataset are 31.
Reading all files.
valid: dataset size = 31, batch num = 16

Requested 60 samples, but only 31 are available. Using all available data.
Inference out = /fsb/home/yutingwang/ytw_tangzq/schrodinger-bridge-sr-micrometeorology/data/DL_result/ExperimentSchrodingerBridge3dWind/config_wind_3d_ablation_no_terrain_night/inference_0100.pickle
Total elapsed time = 0.09200761715571086 min


Inference at epoch 200.
UNetDDPMVer01 is created
dataset_config.dataset_name='Dataset3dWind'
The total files = 480. A part of them is used for training.
train: 146/335 samples kept after day_night_filter=night
valid: 31/70 samples kept after day_night_filter=night
test: 35/75 samples kept after day_night_filter=night
All files give to dataset are 31.
Reading all files.
valid: dataset size = 31, batch num = 16

Requested 60 samples, but only 31 are available. Using all available data.
Inference out = /fsb/home/yutingwang/ytw_tangzq/schrodinger-bridge-sr-micrometeorology/data/DL_result/ExperimentSchrodingerBridge3dWind/config_wind_3d_ablation_no_terrain_night/inference_0200.pickle
Total elapsed time = 0.0979042410850525 min


Inference at epoch 300.
UNetDDPMVer01 is created
dataset_config.dataset_name='Dataset3dWind'
The total files = 480. A part of them is used for training.
train: 146/335 samples kept after day_night_filter=night
valid: 31/70 samples kept after day_night_filter=night
test: 35/75 samples kept after day_night_filter=night
All files give to dataset are 31.
Reading all files.
valid: dataset size = 31, batch num = 16

Requested 60 samples, but only 31 are available. Using all available data.
Inference out = /fsb/home/yutingwang/ytw_tangzq/schrodinger-bridge-sr-micrometeorology/data/DL_result/ExperimentSchrodingerBridge3dWind/config_wind_3d_ablation_no_terrain_night/inference_0300.pickle
Total elapsed time = 0.0995225747426351 min


Inference at epoch 400.
UNetDDPMVer01 is created
dataset_config.dataset_name='Dataset3dWind'
The total files = 480. A part of them is used for training.
train: 146/335 samples kept after day_night_filter=night
valid: 31/70 samples kept after day_night_filter=night
test: 35/75 samples kept after day_night_filter=night
All files give to dataset are 31.
Reading all files.
valid: dataset size = 31, batch num = 16

Requested 60 samples, but only 31 are available. Using all available data.
Inference out = /fsb/home/yutingwang/ytw_tangzq/schrodinger-bridge-sr-micrometeorology/data/DL_result/ExperimentSchrodingerBridge3dWind/config_wind_3d_ablation_no_terrain_night/inference_0400.pickle
Total elapsed time = 0.09020699659983317 min

End all inference processes.

End: Tue Jul 14 22:04:21 CST 2026


PS:

Read file <logs/abl_night_no_terrain_13742369.err> for stderr output of this job.

