Sender: LSF System <lsfadmin@m002>
Subject: Job 13742366: <abl_day_all> in cluster <hpc> Done

Job <abl_day_all> was submitted from host <login1> by user <ytw_tangzq> in cluster <hpc> at Tue Jul 14 21:25:17 2026
Job was executed on host(s) <6*m002>, in queue <723090ib>, as user <ytw_tangzq> in cluster <hpc> at Tue Jul 14 21:25:18 2026
</fsb/home/yutingwang/ytw_tangzq> was used as the home directory.
</fsb/home/yutingwang/ytw_tangzq/schrodinger-bridge-sr-micrometeorology> was used as the working directory.
Started at Tue Jul 14 21:25:18 2026
Terminated at Tue Jul 14 22:12:03 2026
Results reported at Tue Jul 14 22:12:03 2026

Your job looked like:

------------------------------------------------------------
# LSBATCH: User input
#!/bin/bash
# ============================================
# LSF — Day/Night Ablation: All10 (baseline) (day)
# 128x128 + inner_ch=32 + pure L2 + GPU
# ============================================
#BSUB -q 723090ib
#BSUB -gpu "num=1:mode=exclusive_process"
#BSUB -n 4
#BSUB -R "rusage[mem=32000]"
#BSUB -J abl_day_all
#BSUB -o logs/abl_day_all_%J.out
#BSUB -e logs/abl_day_all_%J.err

module load anaconda/3
module load cuda/11.8.0
source activate wind3d

cd $LS_SUBCWD
mkdir -p logs

echo "=== Ablation: All10 (baseline) | Filter: day ==="
echo "Config: configs/config_wind_3d_ablation_all_day.yml"
echo "Host: $(hostname)"
echo "GPU:  $(nvidia-smi --query-gpu=name,memory.total --format=csv,noheader 2>/dev/null || echo 'N/A')"
echo "Start: $(date)"
echo ""

python scripts/train_schrodinger_bridge_model.py \
  --config_path configs/config_wind_3d_ablation_all_day.yml \
  --experiment_name ExperimentSchrodingerBridge3dWind \
  --device cuda:0

echo ""
echo "End: $(date)"

------------------------------------------------------------

Successfully completed.

Resource usage summary:

    CPU time :                                   2966.06 sec.
    Max Memory :                                 2257 MB
    Average Memory :                             2151.94 MB
    Total Requested Memory :                     32000.00 MB
    Delta Memory :                               29743.00 MB
    Max Swap :                                   -
    Max Processes :                              8
    Max Threads :                                48
    Run time :                                   2805 sec.
    Turnaround time :                            2806 sec.

The output (if any) follows:

=== Ablation: All10 (baseline) | Filter: day ===
Config: configs/config_wind_3d_ablation_all_day.yml
Host: m002
GPU:  NVIDIA GeForce RTX 3090, 24576 MiB
Start: Tue Jul 14 21:25:21 CST 2026

Experiment Schrodinger-Bridge 3D Wind Model is selected.

**************************************************
Show configuration
**************************************************

experiment_name='ExperimentSchrodingerBridge3dWind'
config_name='config_wind_3d_ablation_all_day'
config_path='configs/config_wind_3d_ablation_all_day.yml'
result_dir_path='/fsb/home/yutingwang/ytw_tangzq/schrodinger-bridge-sr-micrometeorology/data/DL_result/ExperimentSchrodingerBridge3dWind/config_wind_3d_ablation_all_day'

Input config = {
  "data": {
    "target_variable_names": [
      "hr_u_ml0",
      "hr_v_ml0",
      "hr_w_ml0",
      "hr_u_ml1",
      "hr_v_ml1",
      "hr_w_ml1",
      "hr_u_ml2",
      "hr_v_ml2",
      "hr_w_ml2",
      "hr_u_ml3",
      "hr_v_ml3",
      "hr_w_ml3",
      "hr_u_ml5",
      "hr_v_ml5",
      "hr_w_ml5",
      "hr_u_ml10",
      "hr_v_ml10",
      "hr_w_ml10"
    ],
    "input_variable_names": [
      "t2",
      "z",
      "lu",
      "tsk",
      "swdown",
      "glw",
      "hfx",
      "lh",
      "psfc",
      "pblh"
    ],
    "biases": {
      "hr_u_ml0": -1.95426,
      "hr_v_ml0": 2.778181,
      "hr_w_ml0": -0.005726,
      "lr_u_ml0": -1.95424,
      "lr_v_ml0": 2.778251,
      "lr_w_ml0": -0.00573,
      "hr_u_ml1": -2.236401,
      "hr_v_ml1": 3.337655,
      "hr_w_ml1": -0.005083,
      "lr_u_ml1": -2.236384,
      "lr_v_ml1": 3.337749,
      "lr_w_ml1": -0.005087,
      "hr_u_ml2": -2.376027,
      "hr_v_ml2": 3.760786,
      "hr_w_ml2": -0.003274,
      "lr_u_ml2": -2.37602,
      "lr_v_ml2": 3.760872,
      "lr_w_ml2": -0.003278,
      "hr_u_ml3": -2.451712,
      "hr_v_ml3": 4.141908,
      "hr_w_ml3": -0.000605,
      "lr_u_ml3": -2.451715,
      "lr_v_ml3": 4.141976,
      "lr_w_ml3": -0.000607,
      "hr_u_ml5": -2.441044,
      "hr_v_ml5": 4.68079,
      "hr_w_ml5": 0.005137,
      "lr_u_ml5": -2.441062,
      "lr_v_ml5": 4.680834,
      "lr_w_ml5": 0.005142,
      "hr_u_ml10": -2.472078,
      "hr_v_ml10": 3.227569,
      "hr_w_ml10": 0.008199,
      "lr_u_ml10": -2.472082,
      "lr_v_ml10": 3.227579,
      "lr_w_ml10": 0.008219,
      "t2": 301.998962,
      "z": 37.488346,
      "lu": 16.725618,
      "tsk": 303.561615,
      "swdown": 269.639557,
      "glw": 431.122955,
      "hfx": 42.14484,
      "lh": 96.566574,
      "psfc": 99869.882812,
      "pblh": 525.545227
    },
    "scales": {
      "hr_u_ml0": 4.402796,
      "hr_v_ml0": 3.525334,
      "hr_w_ml0": 0.148159,
      "lr_u_ml0": 4.364602,
      "lr_v_ml0": 3.472649,
      "lr_w_ml0": 0.083609,
      "hr_u_ml1": 5.105578,
      "hr_v_ml1": 3.983906,
      "hr_w_ml1": 0.191652,
      "lr_u_ml1": 5.07354,
      "lr_v_ml1": 3.939374,
      "lr_w_ml1": 0.105055,
      "hr_u_ml2": 5.622042,
      "hr_v_ml2": 4.207778,
      "hr_w_ml2": 0.220411,
      "lr_u_ml2": 5.597043,
      "lr_v_ml2": 4.172642,
      "lr_w_ml2": 0.12159,
      "hr_u_ml3": 6.141271,
      "hr_v_ml3": 4.357533,
      "hr_w_ml3": 0.247615,
      "lr_u_ml3": 6.121758,
      "lr_v_ml3": 4.329672,
      "lr_w_ml3": 0.137457,
      "hr_u_ml5": 7.334366,
      "hr_v_ml5": 4.558024,
      "hr_w_ml5": 0.295489,
      "lr_u_ml5": 7.32196,
      "lr_v_ml5": 4.538525,
      "lr_w_ml5": 0.168024,
      "hr_u_ml10": 7.964198,
      "hr_v_ml10": 4.241252,
      "hr_w_ml10": 0.334629,
      "lr_u_ml10": 7.956287,
      "lr_v_ml10": 4.225603,
      "lr_w_ml10": 0.198061,
      "t2": 2.14623,
      "z": 79.458443,
      "lu": 9.772256,
      "tsk": 4.892428,
      "swdown": 347.248718,
      "glw": 14.475859,
      "hfx": 85.938927,
      "lh": 118.271515,
      "psfc": 908.404907,
      "pblh": 357.77951
    },
    "is_clipped": false,
    "min_clipped_value": null,
    "max_clipped_value": null,
    "missing_value": 0.0,
    "hr_data_shape": [
      128,
      128
    ],
    "hr_cropped_shape": [
      128,
      128
    ],
    "dtype": "float32",
    "discarded_minute_range": [
      1,
      30
    ],
    "day_night_filter": "day"
  },
  "loader": {
    "batch_size": 2,
    "dl_data_ver": "wrf_3d_v1",
    "train_valid_test_ratios": [
      0.7,
      0.145,
      0.155
    ],
    "num_workers": 4,
    "seed": 42
  },
  "train": {
    "epochs": 400,
    "early_stopping_patience": 400,
    "seed": 78268,
    "learning_rate": 0.0005,
    "optim_name": "AdamW",
    "loss": {
      "loss_name": "L2"
    },
    "use_amp": false,
    "ema_decay": null,
    "save_interval": 100
  },
  "model": {
    "in_channel": 28,
    "inner_channel": 32,
    "out_channel": 18,
    "res_blocks": 1,
    "channel_mults": [
      1,
      2,
      4,
      8,
      8
    ],
    "attn_res": [
      16
    ],
    "channels_each_head": 16,
    "dropout": 0.2,
    "resblock_updown": true,
    "max_period": 10.0
  },
  "si": {
    "n_timestep": 10,
    "eps": 0.2,
    "formula": "quadratic",
    "loss_type": "L2",
    "channel_weights": null,
    "divergence_weight": 0.0,
    "vorticity_weight": 0.0
  }
}

dataset_config.dataset_name='Dataset3dWind'
The total files = 480. A part of them is used for training.
train: 167/335 samples kept after day_night_filter=day
valid: 36/70 samples kept after day_night_filter=day
test: 37/75 samples kept after day_night_filter=day
All files give to dataset are 167.
Reading all files.
train: dataset size = 167, batch num = 83

All files give to dataset are 36.
Reading all files.
valid: dataset size = 36, batch num = 18

DEBUG-DICT_LOADERS:83
UNetDDPMVer01 is created
EMA self.decay=None
Optimizer is AdamW.
No checkpoint found at '/fsb/home/yutingwang/ytw_tangzq/schrodinger-bridge-sr-micrometeorology/data/DL_result/ExperimentSchrodingerBridge3dWind/config_wind_3d_ablation_all_day/checkpoint.pth'. Starting training from scratch.

**************************************************
Train model
**************************************************

Train start: 2026-07-14 13:26:47.683744+00:00 UTC
Saving interval = 100
EMA decay rate = None
Epoch 1 / 400
train error: avg loss = 0.80379222
Best loss is updated and ES count is reset.
Checkpoint saved to '/fsb/home/yutingwang/ytw_tangzq/schrodinger-bridge-sr-micrometeorology/data/DL_result/ExperimentSchrodingerBridge3dWind/config_wind_3d_ablation_all_day/checkpoint.pth'
Elapsed time = 10.739905834197998 sec
----------
Epoch 2 / 400
train error: avg loss = 0.63647248
Best loss is updated and ES count is reset.
Checkpoint saved to '/fsb/home/yutingwang/ytw_tangzq/schrodinger-bridge-sr-micrometeorology/data/DL_result/ExperimentSchrodingerBridge3dWind/config_wind_3d_ablation_all_day/checkpoint.pth'
Elapsed time = 6.632764577865601 sec
----------
Epoch 3 / 400
train error: avg loss = 0.52626223
Best loss is updated and ES count is reset.
Checkpoint saved to '/fsb/home/yutingwang/ytw_tangzq/schrodinger-bridge-sr-micrometeorology/data/DL_result/ExperimentSchrodingerBridge3dWind/config_wind_3d_ablation_all_day/checkpoint.pth'
Elapsed time = 6.6867921352386475 sec
----------
Epoch 4 / 400
train error: avg loss = 0.41898500
Best loss is updated and ES count is reset.
Checkpoint saved to '/fsb/home/yutingwang/ytw_tangzq/schrodinger-bridge-sr-micrometeorology/data/DL_result/ExperimentSchrodingerBridge3dWind/config_wind_3d_ablation_all_day/checkpoint.pth'
Elapsed time = 6.634248495101929 sec
----------
Epoch 5 / 400
train error: avg loss = 0.39363838
Best loss is updated and ES count is reset.
Checkpoint saved to '/fsb/home/yutingwang/ytw_tangzq/schrodinger-bridge-sr-micrometeorology/data/DL_result/ExperimentSchrodingerBridge3dWind/config_wind_3d_ablation_all_day/checkpoint.pth'
Elapsed time = 6.586446285247803 sec
----------
Epoch 6 / 400
train error: avg loss = 0.35093268
Best loss is updated and ES count is reset.
Checkpoint saved to '/fsb/home/yutingwang/ytw_tangzq/schrodinger-bridge-sr-micrometeorology/data/DL_result/ExperimentSchrodingerBridge3dWind/config_wind_3d_ablation_all_day/checkpoint.pth'
Elapsed time = 6.478887319564819 sec
----------
Epoch 7 / 400
train error: avg loss = 0.38568645
ES count = 1
Elapsed time = 6.240172386169434 sec
----------
Epoch 8 / 400
train error: avg loss = 0.34213978
Best loss is updated and ES count is reset.
Checkpoint saved to '/fsb/home/yutingwang/ytw_tangzq/schrodinger-bridge-sr-micrometeorology/data/DL_result/ExperimentSchrodingerBridge3dWind/config_wind_3d_ablation_all_day/checkpoint.pth'
Elapsed time = 6.739964723587036 sec
----------
Epoch 9 / 400
train error: avg loss = 0.27709545
Best loss is updated and ES count is reset.
Checkpoint saved to '/fsb/home/yutingwang/ytw_tangzq/schrodinger-bridge-sr-micrometeorology/data/DL_result/ExperimentSchrodingerBridge3dWind/config_wind_3d_ablation_all_day/checkpoint.pth'
Elapsed time = 6.821186304092407 sec
----------
Epoch 10 / 400
train error: avg loss = 0.24634540
Best loss is updated and ES count is reset.
Checkpoint saved to '/fsb/home/yutingwang/ytw_tangzq/schrodinger-bridge-sr-micrometeorology/data/DL_result/ExperimentSchrodingerBridge3dWind/config_wind_3d_ablation_all_day/checkpoint.pth'
Elapsed time = 6.872507810592651 sec
----------
Epoch 11 / 400
train error: avg loss = 0.22065229
Best loss is updated and ES count is reset.
Checkpoint saved to '/fsb/home/yutingwang/ytw_tangzq/schrodinger-bridge-sr-micrometeorology/data/DL_result/ExperimentSchrodingerBridge3dWind/config_wind_3d_ablation_all_day/checkpoint.pth'
Elapsed time = 6.7743239402771 sec
----------
Epoch 12 / 400
train error: avg loss = 0.21041334
Best loss is updated and ES count is reset.
Checkpoint saved to '/fsb/home/yutingwang/ytw_tangzq/schrodinger-bridge-sr-micrometeorology/data/DL_result/ExperimentSchrodingerBridge3dWind/config_wind_3d_ablation_all_day/checkpoint.pth'
Elapsed time = 6.756399869918823 sec
----------
Epoch 13 / 400
train error: avg loss = 0.20105276
Best loss is updated and ES count is reset.
Checkpoint saved to '/fsb/home/yutingwang/ytw_tangzq/schrodinger-bridge-sr-micrometeorology/data/DL_result/ExperimentSchrodingerBridge3dWind/config_wind_3d_ablation_all_day/checkpoint.pth'
Elapsed time = 6.381192445755005 sec
----------
Epoch 14 / 400
train error: avg loss = 0.19213487
Best loss is updated and ES count is reset.
Checkpoint saved to '/fsb/home/yutingwang/ytw_tangzq/schrodinger-bridge-sr-micrometeorology/data/DL_result/ExperimentSchrodingerBridge3dWind/config_wind_3d_ablation_all_day/checkpoint.pth'
Elapsed time = 6.689494371414185 sec
----------
Epoch 15 / 400
train error: avg loss = 0.19044560
Best loss is updated and ES count is reset.
Checkpoint saved to '/fsb/home/yutingwang/ytw_tangzq/schrodinger-bridge-sr-micrometeorology/data/DL_result/ExperimentSchrodingerBridge3dWind/config_wind_3d_ablation_all_day/checkpoint.pth'
Elapsed time = 6.811926603317261 sec
----------
Epoch 16 / 400
train error: avg loss = 0.18874548
Best loss is updated and ES count is reset.
Checkpoint saved to '/fsb/home/yutingwang/ytw_tangzq/schrodinger-bridge-sr-micrometeorology/data/DL_result/ExperimentSchrodingerBridge3dWind/config_wind_3d_ablation_all_day/checkpoint.pth'
Elapsed time = 6.87950325012207 sec
----------
Epoch 17 / 400
train error: avg loss = 0.18979169
ES count = 1
Elapsed time = 6.550038576126099 sec
----------
Epoch 18 / 400
train error: avg loss = 0.18041887
Best loss is updated and ES count is reset.
Checkpoint saved to '/fsb/home/yutingwang/ytw_tangzq/schrodinger-bridge-sr-micrometeorology/data/DL_result/ExperimentSchrodingerBridge3dWind/config_wind_3d_ablation_all_day/checkpoint.pth'
Elapsed time = 6.804704666137695 sec
----------
Epoch 19 / 400
train error: avg loss = 0.18432028
ES count = 1
Elapsed time = 6.612464666366577 sec
----------
Epoch 20 / 400
train error: avg loss = 0.17626797
Best loss is updated and ES count is reset.
Checkpoint saved to '/fsb/home/yutingwang/ytw_tangzq/schrodinger-bridge-sr-micrometeorology/data/DL_result/ExperimentSchrodingerBridge3dWind/config_wind_3d_ablation_all_day/checkpoint.pth'
Elapsed time = 6.740474224090576 sec
----------
Epoch 21 / 400
train error: avg loss = 0.18232904
ES count = 1
Elapsed time = 6.605360984802246 sec
----------
Epoch 22 / 400
train error: avg loss = 0.15595424
Best loss is updated and ES count is reset.
Checkpoint saved to '/fsb/home/yutingwang/ytw_tangzq/schrodinger-bridge-sr-micrometeorology/data/DL_result/ExperimentSchrodingerBridge3dWind/config_wind_3d_ablation_all_day/checkpoint.pth'
Elapsed time = 6.7623467445373535 sec
----------
Epoch 23 / 400
train error: avg loss = 0.17122195
ES count = 1
Elapsed time = 6.4847071170806885 sec
----------
Epoch 24 / 400
train error: avg loss = 0.16867140
ES count = 2
Elapsed time = 6.613247871398926 sec
----------
Epoch 25 / 400
train error: avg loss = 0.16150593
ES count = 3
Elapsed time = 6.585568428039551 sec
----------
Epoch 26 / 400
train error: avg loss = 0.17652609
ES count = 4
Elapsed time = 6.671611785888672 sec
----------
Epoch 27 / 400
train error: avg loss = 0.16831835
ES count = 5
Elapsed time = 6.715871810913086 sec
----------
Epoch 28 / 400
train error: avg loss = 0.16655907
ES count = 6
Elapsed time = 6.62328028678894 sec
----------
Epoch 29 / 400
train error: avg loss = 0.15393368
Best loss is updated and ES count is reset.
Checkpoint saved to '/fsb/home/yutingwang/ytw_tangzq/schrodinger-bridge-sr-micrometeorology/data/DL_result/ExperimentSchrodingerBridge3dWind/config_wind_3d_ablation_all_day/checkpoint.pth'
Elapsed time = 6.885071277618408 sec
----------
Epoch 30 / 400
train error: avg loss = 0.15336363
Best loss is updated and ES count is reset.
Checkpoint saved to '/fsb/home/yutingwang/ytw_tangzq/schrodinger-bridge-sr-micrometeorology/data/DL_result/ExperimentSchrodingerBridge3dWind/config_wind_3d_ablation_all_day/checkpoint.pth'
Elapsed time = 6.906764984130859 sec
----------
Epoch 31 / 400
train error: avg loss = 0.14523017
Best loss is updated and ES count is reset.
Checkpoint saved to '/fsb/home/yutingwang/ytw_tangzq/schrodinger-bridge-sr-micrometeorology/data/DL_result/ExperimentSchrodingerBridge3dWind/config_wind_3d_ablation_all_day/checkpoint.pth'
Elapsed time = 6.948456048965454 sec
----------
Epoch 32 / 400
train error: avg loss = 0.14034366
Best loss is updated and ES count is reset.
Checkpoint saved to '/fsb/home/yutingwang/ytw_tangzq/schrodinger-bridge-sr-micrometeorology/data/DL_result/ExperimentSchrodingerBridge3dWind/config_wind_3d_ablation_all_day/checkpoint.pth'
Elapsed time = 6.783005714416504 sec
----------
Epoch 33 / 400
train error: avg loss = 0.15258926
ES count = 1
Elapsed time = 6.548760175704956 sec
----------
Epoch 34 / 400
train error: avg loss = 0.14111641
ES count = 2
Elapsed time = 6.532018184661865 sec
----------
Epoch 35 / 400
train error: avg loss = 0.14193041
ES count = 3
Elapsed time = 6.510717868804932 sec
----------
Epoch 36 / 400
train error: avg loss = 0.13967469
Best loss is updated and ES count is reset.
Checkpoint saved to '/fsb/home/yutingwang/ytw_tangzq/schrodinger-bridge-sr-micrometeorology/data/DL_result/ExperimentSchrodingerBridge3dWind/config_wind_3d_ablation_all_day/checkpoint.pth'
Elapsed time = 6.7216410636901855 sec
----------
Epoch 37 / 400
train error: avg loss = 0.13722514
Best loss is updated and ES count is reset.
Checkpoint saved to '/fsb/home/yutingwang/ytw_tangzq/schrodinger-bridge-sr-micrometeorology/data/DL_result/ExperimentSchrodingerBridge3dWind/config_wind_3d_ablation_all_day/checkpoint.pth'
Elapsed time = 6.778327703475952 sec
----------
Epoch 38 / 400
train error: avg loss = 0.13349458
Best loss is updated and ES count is reset.
Checkpoint saved to '/fsb/home/yutingwang/ytw_tangzq/schrodinger-bridge-sr-micrometeorology/data/DL_result/ExperimentSchrodingerBridge3dWind/config_wind_3d_ablation_all_day/checkpoint.pth'
Elapsed time = 6.512443780899048 sec
----------
Epoch 39 / 400
train error: avg loss = 0.13228392
Best loss is updated and ES count is reset.
Checkpoint saved to '/fsb/home/yutingwang/ytw_tangzq/schrodinger-bridge-sr-micrometeorology/data/DL_result/ExperimentSchrodingerBridge3dWind/config_wind_3d_ablation_all_day/checkpoint.pth'
Elapsed time = 6.687697649002075 sec
----------
Epoch 40 / 400
train error: avg loss = 0.12696083
Best loss is updated and ES count is reset.
Checkpoint saved to '/fsb/home/yutingwang/ytw_tangzq/schrodinger-bridge-sr-micrometeorology/data/DL_result/ExperimentSchrodingerBridge3dWind/config_wind_3d_ablation_all_day/checkpoint.pth'
Elapsed time = 6.6459503173828125 sec
----------
Epoch 41 / 400
train error: avg loss = 0.13144938
ES count = 1
Elapsed time = 6.516595125198364 sec
----------
Epoch 42 / 400
train error: avg loss = 0.12945208
ES count = 2
Elapsed time = 6.735679388046265 sec
----------
Epoch 43 / 400
train error: avg loss = 0.12579643
Best loss is updated and ES count is reset.
Checkpoint saved to '/fsb/home/yutingwang/ytw_tangzq/schrodinger-bridge-sr-micrometeorology/data/DL_result/ExperimentSchrodingerBridge3dWind/config_wind_3d_ablation_all_day/checkpoint.pth'
Elapsed time = 6.850908041000366 sec
----------
Epoch 44 / 400
train error: avg loss = 0.12214762
Best loss is updated and ES count is reset.
Checkpoint saved to '/fsb/home/yutingwang/ytw_tangzq/schrodinger-bridge-sr-micrometeorology/data/DL_result/ExperimentSchrodingerBridge3dWind/config_wind_3d_ablation_all_day/checkpoint.pth'
Elapsed time = 6.8255157470703125 sec
----------
Epoch 45 / 400
train error: avg loss = 0.11940265
Best loss is updated and ES count is reset.
Checkpoint saved to '/fsb/home/yutingwang/ytw_tangzq/schrodinger-bridge-sr-micrometeorology/data/DL_result/ExperimentSchrodingerBridge3dWind/config_wind_3d_ablation_all_day/checkpoint.pth'
Elapsed time = 6.5862038135528564 sec
----------
Epoch 46 / 400
train error: avg loss = 0.12921186
ES count = 1
Elapsed time = 6.292548418045044 sec
----------
Epoch 47 / 400
train error: avg loss = 0.12300649
ES count = 2
Elapsed time = 6.549316167831421 sec
----------
Epoch 48 / 400
train error: avg loss = 0.11884347
Best loss is updated and ES count is reset.
Checkpoint saved to '/fsb/home/yutingwang/ytw_tangzq/schrodinger-bridge-sr-micrometeorology/data/DL_result/ExperimentSchrodingerBridge3dWind/config_wind_3d_ablation_all_day/checkpoint.pth'
Elapsed time = 6.851866722106934 sec
----------
Epoch 49 / 400
train error: avg loss = 0.11624051
Best loss is updated and ES count is reset.
Checkpoint saved to '/fsb/home/yutingwang/ytw_tangzq/schrodinger-bridge-sr-micrometeorology/data/DL_result/ExperimentSchrodingerBridge3dWind/config_wind_3d_ablation_all_day/checkpoint.pth'
Elapsed time = 6.9647910594940186 sec
----------
Epoch 50 / 400
train error: avg loss = 0.10650771
Best loss is updated and ES count is reset.
Checkpoint saved to '/fsb/home/yutingwang/ytw_tangzq/schrodinger-bridge-sr-micrometeorology/data/DL_result/ExperimentSchrodingerBridge3dWind/config_wind_3d_ablation_all_day/checkpoint.pth'
Elapsed time = 6.788198947906494 sec
----------
Epoch 51 / 400
train error: avg loss = 0.11461656
ES count = 1
Elapsed time = 6.719570875167847 sec
----------
Epoch 52 / 400
train error: avg loss = 0.11323796
ES count = 2
Elapsed time = 6.489614248275757 sec
----------
Epoch 53 / 400
train error: avg loss = 0.11359527
ES count = 3
Elapsed time = 6.66475248336792 sec
----------
Epoch 54 / 400
train error: avg loss = 0.11852292
ES count = 4
Elapsed time = 6.469386577606201 sec
----------
Epoch 55 / 400
train error: avg loss = 0.11116897
ES count = 5
Elapsed time = 6.554091930389404 sec
----------
Epoch 56 / 400
train error: avg loss = 0.11096031
ES count = 6
Elapsed time = 6.412402153015137 sec
----------
Epoch 57 / 400
train error: avg loss = 0.10335157
Best loss is updated and ES count is reset.
Checkpoint saved to '/fsb/home/yutingwang/ytw_tangzq/schrodinger-bridge-sr-micrometeorology/data/DL_result/ExperimentSchrodingerBridge3dWind/config_wind_3d_ablation_all_day/checkpoint.pth'
Elapsed time = 7.043765306472778 sec
----------
Epoch 58 / 400
train error: avg loss = 0.10748807
ES count = 1
Elapsed time = 6.701451539993286 sec
----------
Epoch 59 / 400
train error: avg loss = 0.10644396
ES count = 2
Elapsed time = 6.69316029548645 sec
----------
Epoch 60 / 400
train error: avg loss = 0.11016966
ES count = 3
Elapsed time = 6.788474082946777 sec
----------
Epoch 61 / 400
train error: avg loss = 0.10447010
ES count = 4
Elapsed time = 6.531744003295898 sec
----------
Epoch 62 / 400
train error: avg loss = 0.10891201
ES count = 5
Elapsed time = 6.6663877964019775 sec
----------
Epoch 63 / 400
train error: avg loss = 0.09785063
Best loss is updated and ES count is reset.
Checkpoint saved to '/fsb/home/yutingwang/ytw_tangzq/schrodinger-bridge-sr-micrometeorology/data/DL_result/ExperimentSchrodingerBridge3dWind/config_wind_3d_ablation_all_day/checkpoint.pth'
Elapsed time = 6.940773010253906 sec
----------
Epoch 64 / 400
train error: avg loss = 0.10523995
ES count = 1
Elapsed time = 6.68792724609375 sec
----------
Epoch 65 / 400
train error: avg loss = 0.10603832
ES count = 2
Elapsed time = 6.597158908843994 sec
----------
Epoch 66 / 400
train error: avg loss = 0.09921411
ES count = 3
Elapsed time = 6.761194229125977 sec
----------
Epoch 67 / 400
train error: avg loss = 0.09863013
ES count = 4
Elapsed time = 6.596485376358032 sec
----------
Epoch 68 / 400
train error: avg loss = 0.09271593
Best loss is updated and ES count is reset.
Checkpoint saved to '/fsb/home/yutingwang/ytw_tangzq/schrodinger-bridge-sr-micrometeorology/data/DL_result/ExperimentSchrodingerBridge3dWind/config_wind_3d_ablation_all_day/checkpoint.pth'
Elapsed time = 6.923483848571777 sec
----------
Epoch 69 / 400
train error: avg loss = 0.09124024
Best loss is updated and ES count is reset.
Checkpoint saved to '/fsb/home/yutingwang/ytw_tangzq/schrodinger-bridge-sr-micrometeorology/data/DL_result/ExperimentSchrodingerBridge3dWind/config_wind_3d_ablation_all_day/checkpoint.pth'
Elapsed time = 6.922877073287964 sec
----------
Epoch 70 / 400
train error: avg loss = 0.09702183
ES count = 1
Elapsed time = 6.535504341125488 sec
----------
Epoch 71 / 400
train error: avg loss = 0.09879476
ES count = 2
Elapsed time = 6.7362060546875 sec
----------
Epoch 72 / 400
train error: avg loss = 0.10649062
ES count = 3
Elapsed time = 6.654312610626221 sec
----------
Epoch 73 / 400
train error: avg loss = 0.09970029
ES count = 4
Elapsed time = 6.607111215591431 sec
----------
Epoch 74 / 400
train error: avg loss = 0.09348380
ES count = 5
Elapsed time = 6.601381778717041 sec
----------
Epoch 75 / 400
train error: avg loss = 0.09394739
ES count = 6
Elapsed time = 6.4800660610198975 sec
----------
Epoch 76 / 400
train error: avg loss = 0.09469114
ES count = 7
Elapsed time = 6.677022218704224 sec
----------
Epoch 77 / 400
train error: avg loss = 0.09478598
ES count = 8
Elapsed time = 6.675947427749634 sec
----------
Epoch 78 / 400
train error: avg loss = 0.09497544
ES count = 9
Elapsed time = 6.439761161804199 sec
----------
Epoch 79 / 400
train error: avg loss = 0.09076829
Best loss is updated and ES count is reset.
Checkpoint saved to '/fsb/home/yutingwang/ytw_tangzq/schrodinger-bridge-sr-micrometeorology/data/DL_result/ExperimentSchrodingerBridge3dWind/config_wind_3d_ablation_all_day/checkpoint.pth'
Elapsed time = 7.0380988121032715 sec
----------
Epoch 80 / 400
train error: avg loss = 0.10043967
ES count = 1
Elapsed time = 6.727877140045166 sec
----------
Epoch 81 / 400
train error: avg loss = 0.09298537
ES count = 2
Elapsed time = 6.724395036697388 sec
----------
Epoch 82 / 400
train error: avg loss = 0.09256364
ES count = 3
Elapsed time = 6.774484395980835 sec
----------
Epoch 83 / 400
train error: avg loss = 0.09321304
ES count = 4
Elapsed time = 6.770397901535034 sec
----------
Epoch 84 / 400
train error: avg loss = 0.09526757
ES count = 5
Elapsed time = 6.603018522262573 sec
----------
Epoch 85 / 400
train error: avg loss = 0.08978724
Best loss is updated and ES count is reset.
Checkpoint saved to '/fsb/home/yutingwang/ytw_tangzq/schrodinger-bridge-sr-micrometeorology/data/DL_result/ExperimentSchrodingerBridge3dWind/config_wind_3d_ablation_all_day/checkpoint.pth'
Elapsed time = 6.783695697784424 sec
----------
Epoch 86 / 400
train error: avg loss = 0.08905228
Best loss is updated and ES count is reset.
Checkpoint saved to '/fsb/home/yutingwang/ytw_tangzq/schrodinger-bridge-sr-micrometeorology/data/DL_result/ExperimentSchrodingerBridge3dWind/config_wind_3d_ablation_all_day/checkpoint.pth'
Elapsed time = 6.806766986846924 sec
----------
Epoch 87 / 400
train error: avg loss = 0.09070647
ES count = 1
Elapsed time = 6.455517053604126 sec
----------
Epoch 88 / 400
train error: avg loss = 0.08912278
ES count = 2
Elapsed time = 6.7559075355529785 sec
----------
Epoch 89 / 400
train error: avg loss = 0.10030559
ES count = 3
Elapsed time = 6.716044187545776 sec
----------
Epoch 90 / 400
train error: avg loss = 0.08774712
Best loss is updated and ES count is reset.
Checkpoint saved to '/fsb/home/yutingwang/ytw_tangzq/schrodinger-bridge-sr-micrometeorology/data/DL_result/ExperimentSchrodingerBridge3dWind/config_wind_3d_ablation_all_day/checkpoint.pth'
Elapsed time = 7.070046901702881 sec
----------
Epoch 91 / 400
train error: avg loss = 0.09097250
ES count = 1
Elapsed time = 6.290119647979736 sec
----------
Epoch 92 / 400
train error: avg loss = 0.08865057
ES count = 2
Elapsed time = 6.581039905548096 sec
----------
Epoch 93 / 400
train error: avg loss = 0.08963111
ES count = 3
Elapsed time = 6.690547943115234 sec
----------
Epoch 94 / 400
train error: avg loss = 0.08734089
Best loss is updated and ES count is reset.
Checkpoint saved to '/fsb/home/yutingwang/ytw_tangzq/schrodinger-bridge-sr-micrometeorology/data/DL_result/ExperimentSchrodingerBridge3dWind/config_wind_3d_ablation_all_day/checkpoint.pth'
Elapsed time = 6.966287851333618 sec
----------
Epoch 95 / 400
train error: avg loss = 0.09199587
ES count = 1
Elapsed time = 6.318196773529053 sec
----------
Epoch 96 / 400
train error: avg loss = 0.08542920
Best loss is updated and ES count is reset.
Checkpoint saved to '/fsb/home/yutingwang/ytw_tangzq/schrodinger-bridge-sr-micrometeorology/data/DL_result/ExperimentSchrodingerBridge3dWind/config_wind_3d_ablation_all_day/checkpoint.pth'
Elapsed time = 6.768194198608398 sec
----------
Epoch 97 / 400
train error: avg loss = 0.09214697
ES count = 1
Elapsed time = 6.494103193283081 sec
----------
Epoch 98 / 400
train error: avg loss = 0.09198518
ES count = 2
Elapsed time = 6.526524305343628 sec
----------
Epoch 99 / 400
train error: avg loss = 0.08768348
ES count = 3
Elapsed time = 6.330225467681885 sec
----------
Epoch 100 / 400
train error: avg loss = 0.08553329
ES count = 4
Epoch = 100. Save a periodic model snapshot.
Elapsed time = 6.7255823612213135 sec
----------
Epoch 101 / 400
train error: avg loss = 0.08730106
ES count = 5
Elapsed time = 6.425491809844971 sec
----------
Epoch 102 / 400
train error: avg loss = 0.08005763
Best loss is updated and ES count is reset.
Checkpoint saved to '/fsb/home/yutingwang/ytw_tangzq/schrodinger-bridge-sr-micrometeorology/data/DL_result/ExperimentSchrodingerBridge3dWind/config_wind_3d_ablation_all_day/checkpoint.pth'
Elapsed time = 6.748365879058838 sec
----------
Epoch 103 / 400
train error: avg loss = 0.08013174
ES count = 1
Elapsed time = 6.440688371658325 sec
----------
Epoch 104 / 400
train error: avg loss = 0.08356288
ES count = 2
Elapsed time = 6.644220590591431 sec
----------
Epoch 105 / 400
train error: avg loss = 0.08401895
ES count = 3
Elapsed time = 6.6706767082214355 sec
----------
Epoch 106 / 400
train error: avg loss = 0.08845154
ES count = 4
Elapsed time = 6.757528066635132 sec
----------
Epoch 107 / 400
train error: avg loss = 0.08271099
ES count = 5
Elapsed time = 6.596244812011719 sec
----------
Epoch 108 / 400
train error: avg loss = 0.07743842
Best loss is updated and ES count is reset.
Checkpoint saved to '/fsb/home/yutingwang/ytw_tangzq/schrodinger-bridge-sr-micrometeorology/data/DL_result/ExperimentSchrodingerBridge3dWind/config_wind_3d_ablation_all_day/checkpoint.pth'
Elapsed time = 6.9928953647613525 sec
----------
Epoch 109 / 400
train error: avg loss = 0.07883199
ES count = 1
Elapsed time = 6.5746800899505615 sec
----------
Epoch 110 / 400
train error: avg loss = 0.08007412
ES count = 2
Elapsed time = 6.755482196807861 sec
----------
Epoch 111 / 400
train error: avg loss = 0.08421557
ES count = 3
Elapsed time = 6.7171032428741455 sec
----------
Epoch 112 / 400
train error: avg loss = 0.08336972
ES count = 4
Elapsed time = 6.602584600448608 sec
----------
Epoch 113 / 400
train error: avg loss = 0.08166968
ES count = 5
Elapsed time = 6.631631374359131 sec
----------
Epoch 114 / 400
train error: avg loss = 0.07843173
ES count = 6
Elapsed time = 6.60684871673584 sec
----------
Epoch 115 / 400
train error: avg loss = 0.08947669
ES count = 7
Elapsed time = 6.611262321472168 sec
----------
Epoch 116 / 400
train error: avg loss = 0.08272847
ES count = 8
Elapsed time = 6.627377986907959 sec
----------
Epoch 117 / 400
train error: avg loss = 0.08530388
ES count = 9
Elapsed time = 6.483452320098877 sec
----------
Epoch 118 / 400
train error: avg loss = 0.07992719
ES count = 10
Elapsed time = 6.568875551223755 sec
----------
Epoch 119 / 400
train error: avg loss = 0.07846890
ES count = 11
Elapsed time = 6.455593109130859 sec
----------
Epoch 120 / 400
train error: avg loss = 0.07882884
ES count = 12
Elapsed time = 6.537264347076416 sec
----------
Epoch 121 / 400
train error: avg loss = 0.08394378
ES count = 13
Elapsed time = 6.603321313858032 sec
----------
Epoch 122 / 400
train error: avg loss = 0.08416184
ES count = 14
Elapsed time = 6.614722490310669 sec
----------
Epoch 123 / 400
train error: avg loss = 0.08259142
ES count = 15
Elapsed time = 6.417574167251587 sec
----------
Epoch 124 / 400
train error: avg loss = 0.08052014
ES count = 16
Elapsed time = 6.427664279937744 sec
----------
Epoch 125 / 400
train error: avg loss = 0.07624503
Best loss is updated and ES count is reset.
Checkpoint saved to '/fsb/home/yutingwang/ytw_tangzq/schrodinger-bridge-sr-micrometeorology/data/DL_result/ExperimentSchrodingerBridge3dWind/config_wind_3d_ablation_all_day/checkpoint.pth'
Elapsed time = 6.777838706970215 sec
----------
Epoch 126 / 400
train error: avg loss = 0.07391941
Best loss is updated and ES count is reset.
Checkpoint saved to '/fsb/home/yutingwang/ytw_tangzq/schrodinger-bridge-sr-micrometeorology/data/DL_result/ExperimentSchrodingerBridge3dWind/config_wind_3d_ablation_all_day/checkpoint.pth'
Elapsed time = 6.857854127883911 sec
----------
Epoch 127 / 400
train error: avg loss = 0.07750298
ES count = 1
Elapsed time = 6.440367937088013 sec
----------
Epoch 128 / 400
train error: avg loss = 0.07554567
ES count = 2
Elapsed time = 6.5792295932769775 sec
----------
Epoch 129 / 400
train error: avg loss = 0.07986016
ES count = 3
Elapsed time = 6.654300928115845 sec
----------
Epoch 130 / 400
train error: avg loss = 0.08131401
ES count = 4
Elapsed time = 6.599267959594727 sec
----------
Epoch 131 / 400
train error: avg loss = 0.07375829
Best loss is updated and ES count is reset.
Checkpoint saved to '/fsb/home/yutingwang/ytw_tangzq/schrodinger-bridge-sr-micrometeorology/data/DL_result/ExperimentSchrodingerBridge3dWind/config_wind_3d_ablation_all_day/checkpoint.pth'
Elapsed time = 6.803585767745972 sec
----------
Epoch 132 / 400
train error: avg loss = 0.07793230
ES count = 1
Elapsed time = 6.625812530517578 sec
----------
Epoch 133 / 400
train error: avg loss = 0.07917105
ES count = 2
Elapsed time = 6.498310089111328 sec
----------
Epoch 134 / 400
train error: avg loss = 0.07420582
ES count = 3
Elapsed time = 6.81494665145874 sec
----------
Epoch 135 / 400
train error: avg loss = 0.07406355
ES count = 4
Elapsed time = 6.616338729858398 sec
----------
Epoch 136 / 400
train error: avg loss = 0.07919665
ES count = 5
Elapsed time = 6.543754816055298 sec
----------
Epoch 137 / 400
train error: avg loss = 0.07570268
ES count = 6
Elapsed time = 6.947266578674316 sec
----------
Epoch 138 / 400
train error: avg loss = 0.07598721
ES count = 7
Elapsed time = 6.706521511077881 sec
----------
Epoch 139 / 400
train error: avg loss = 0.07369335
Best loss is updated and ES count is reset.
Checkpoint saved to '/fsb/home/yutingwang/ytw_tangzq/schrodinger-bridge-sr-micrometeorology/data/DL_result/ExperimentSchrodingerBridge3dWind/config_wind_3d_ablation_all_day/checkpoint.pth'
Elapsed time = 7.057369947433472 sec
----------
Epoch 140 / 400
train error: avg loss = 0.07702802
ES count = 1
Elapsed time = 6.629777908325195 sec
----------
Epoch 141 / 400
train error: avg loss = 0.08114191
ES count = 2
Elapsed time = 6.753019094467163 sec
----------
Epoch 142 / 400
train error: avg loss = 0.07658584
ES count = 3
Elapsed time = 6.602957725524902 sec
----------
Epoch 143 / 400
train error: avg loss = 0.07516075
ES count = 4
Elapsed time = 6.6171653270721436 sec
----------
Epoch 144 / 400
train error: avg loss = 0.07745190
ES count = 5
Elapsed time = 6.728016138076782 sec
----------
Epoch 145 / 400
train error: avg loss = 0.07492856
ES count = 6
Elapsed time = 6.655885457992554 sec
----------
Epoch 146 / 400
train error: avg loss = 0.07364769
Best loss is updated and ES count is reset.
Checkpoint saved to '/fsb/home/yutingwang/ytw_tangzq/schrodinger-bridge-sr-micrometeorology/data/DL_result/ExperimentSchrodingerBridge3dWind/config_wind_3d_ablation_all_day/checkpoint.pth'
Elapsed time = 6.82651162147522 sec
----------
Epoch 147 / 400
train error: avg loss = 0.07446651
ES count = 1
Elapsed time = 6.504350423812866 sec
----------
Epoch 148 / 400
train error: avg loss = 0.07298157
Best loss is updated and ES count is reset.
Checkpoint saved to '/fsb/home/yutingwang/ytw_tangzq/schrodinger-bridge-sr-micrometeorology/data/DL_result/ExperimentSchrodingerBridge3dWind/config_wind_3d_ablation_all_day/checkpoint.pth'
Elapsed time = 6.788114070892334 sec
----------
Epoch 149 / 400
train error: avg loss = 0.07146963
Best loss is updated and ES count is reset.
Checkpoint saved to '/fsb/home/yutingwang/ytw_tangzq/schrodinger-bridge-sr-micrometeorology/data/DL_result/ExperimentSchrodingerBridge3dWind/config_wind_3d_ablation_all_day/checkpoint.pth'
Elapsed time = 6.804950714111328 sec
----------
Epoch 150 / 400
train error: avg loss = 0.07661736
ES count = 1
Elapsed time = 6.54865288734436 sec
----------
Epoch 151 / 400
train error: avg loss = 0.07376872
ES count = 2
Elapsed time = 6.752118349075317 sec
----------
Epoch 152 / 400
train error: avg loss = 0.07129274
Best loss is updated and ES count is reset.
Checkpoint saved to '/fsb/home/yutingwang/ytw_tangzq/schrodinger-bridge-sr-micrometeorology/data/DL_result/ExperimentSchrodingerBridge3dWind/config_wind_3d_ablation_all_day/checkpoint.pth'
Elapsed time = 6.85479736328125 sec
----------
Epoch 153 / 400
train error: avg loss = 0.07090491
Best loss is updated and ES count is reset.
Checkpoint saved to '/fsb/home/yutingwang/ytw_tangzq/schrodinger-bridge-sr-micrometeorology/data/DL_result/ExperimentSchrodingerBridge3dWind/config_wind_3d_ablation_all_day/checkpoint.pth'
Elapsed time = 7.168331623077393 sec
----------
Epoch 154 / 400
train error: avg loss = 0.07075780
Best loss is updated and ES count is reset.
Checkpoint saved to '/fsb/home/yutingwang/ytw_tangzq/schrodinger-bridge-sr-micrometeorology/data/DL_result/ExperimentSchrodingerBridge3dWind/config_wind_3d_ablation_all_day/checkpoint.pth'
Elapsed time = 6.965508460998535 sec
----------
Epoch 155 / 400
train error: avg loss = 0.07244312
ES count = 1
Elapsed time = 6.666413307189941 sec
----------
Epoch 156 / 400
train error: avg loss = 0.07360170
ES count = 2
Elapsed time = 6.626825332641602 sec
----------
Epoch 157 / 400
train error: avg loss = 0.07105629
ES count = 3
Elapsed time = 6.485846042633057 sec
----------
Epoch 158 / 400
train error: avg loss = 0.07694610
ES count = 4
Elapsed time = 6.680719614028931 sec
----------
Epoch 159 / 400
train error: avg loss = 0.07405841
ES count = 5
Elapsed time = 6.508476495742798 sec
----------
Epoch 160 / 400
train error: avg loss = 0.06910225
Best loss is updated and ES count is reset.
Checkpoint saved to '/fsb/home/yutingwang/ytw_tangzq/schrodinger-bridge-sr-micrometeorology/data/DL_result/ExperimentSchrodingerBridge3dWind/config_wind_3d_ablation_all_day/checkpoint.pth'
Elapsed time = 7.021774530410767 sec
----------
Epoch 161 / 400
train error: avg loss = 0.06989867
ES count = 1
Elapsed time = 6.5029497146606445 sec
----------
Epoch 162 / 400
train error: avg loss = 0.07068188
ES count = 2
Elapsed time = 6.712430000305176 sec
----------
Epoch 163 / 400
train error: avg loss = 0.07147614
ES count = 3
Elapsed time = 6.597925901412964 sec
----------
Epoch 164 / 400
train error: avg loss = 0.07509659
ES count = 4
Elapsed time = 6.563528060913086 sec
----------
Epoch 165 / 400
train error: avg loss = 0.07424666
ES count = 5
Elapsed time = 6.591455698013306 sec
----------
Epoch 166 / 400
train error: avg loss = 0.07291075
ES count = 6
Elapsed time = 6.68852686882019 sec
----------
Epoch 167 / 400
train error: avg loss = 0.06995474
ES count = 7
Elapsed time = 6.646625995635986 sec
----------
Epoch 168 / 400
train error: avg loss = 0.07366215
ES count = 8
Elapsed time = 6.666428089141846 sec
----------
Epoch 169 / 400
train error: avg loss = 0.06690829
Best loss is updated and ES count is reset.
Checkpoint saved to '/fsb/home/yutingwang/ytw_tangzq/schrodinger-bridge-sr-micrometeorology/data/DL_result/ExperimentSchrodingerBridge3dWind/config_wind_3d_ablation_all_day/checkpoint.pth'
Elapsed time = 6.9022016525268555 sec
----------
Epoch 170 / 400
train error: avg loss = 0.06599174
Best loss is updated and ES count is reset.
Checkpoint saved to '/fsb/home/yutingwang/ytw_tangzq/schrodinger-bridge-sr-micrometeorology/data/DL_result/ExperimentSchrodingerBridge3dWind/config_wind_3d_ablation_all_day/checkpoint.pth'
Elapsed time = 6.7758848667144775 sec
----------
Epoch 171 / 400
train error: avg loss = 0.06942926
ES count = 1
Elapsed time = 6.53269362449646 sec
----------
Epoch 172 / 400
train error: avg loss = 0.06854316
ES count = 2
Elapsed time = 6.507965803146362 sec
----------
Epoch 173 / 400
train error: avg loss = 0.07286452
ES count = 3
Elapsed time = 6.638975620269775 sec
----------
Epoch 174 / 400
train error: avg loss = 0.07738756
ES count = 4
Elapsed time = 6.71899938583374 sec
----------
Epoch 175 / 400
train error: avg loss = 0.07375817
ES count = 5
Elapsed time = 6.568769454956055 sec
----------
Epoch 176 / 400
train error: avg loss = 0.07478070
ES count = 6
Elapsed time = 6.534040927886963 sec
----------
Epoch 177 / 400
train error: avg loss = 0.07384279
ES count = 7
Elapsed time = 6.609929084777832 sec
----------
Epoch 178 / 400
train error: avg loss = 0.07176177
ES count = 8
Elapsed time = 6.5841076374053955 sec
----------
Epoch 179 / 400
train error: avg loss = 0.07041610
ES count = 9
Elapsed time = 6.842832088470459 sec
----------
Epoch 180 / 400
train error: avg loss = 0.06819943
ES count = 10
Elapsed time = 6.530574083328247 sec
----------
Epoch 181 / 400
train error: avg loss = 0.06971026
ES count = 11
Elapsed time = 6.453209161758423 sec
----------
Epoch 182 / 400
train error: avg loss = 0.06817582
ES count = 12
Elapsed time = 6.691115140914917 sec
----------
Epoch 183 / 400
train error: avg loss = 0.06789603
ES count = 13
Elapsed time = 6.685798406600952 sec
----------
Epoch 184 / 400
train error: avg loss = 0.07639598
ES count = 14
Elapsed time = 6.671498775482178 sec
----------
Epoch 185 / 400
train error: avg loss = 0.06885077
ES count = 15
Elapsed time = 6.610417127609253 sec
----------
Epoch 186 / 400
train error: avg loss = 0.06905856
ES count = 16
Elapsed time = 6.5112292766571045 sec
----------
Epoch 187 / 400
train error: avg loss = 0.06449910
Best loss is updated and ES count is reset.
Checkpoint saved to '/fsb/home/yutingwang/ytw_tangzq/schrodinger-bridge-sr-micrometeorology/data/DL_result/ExperimentSchrodingerBridge3dWind/config_wind_3d_ablation_all_day/checkpoint.pth'
Elapsed time = 7.073998928070068 sec
----------
Epoch 188 / 400
train error: avg loss = 0.06473296
ES count = 1
Elapsed time = 6.613706827163696 sec
----------
Epoch 189 / 400
train error: avg loss = 0.06891578
ES count = 2
Elapsed time = 6.67676043510437 sec
----------
Epoch 190 / 400
train error: avg loss = 0.06917969
ES count = 3
Elapsed time = 6.531534433364868 sec
----------
Epoch 191 / 400
train error: avg loss = 0.06777934
ES count = 4
Elapsed time = 6.599965333938599 sec
----------
Epoch 192 / 400
train error: avg loss = 0.06685037
ES count = 5
Elapsed time = 6.740892171859741 sec
----------
Epoch 193 / 400
train error: avg loss = 0.06926843
ES count = 6
Elapsed time = 6.619713544845581 sec
----------
Epoch 194 / 400
train error: avg loss = 0.07143765
ES count = 7
Elapsed time = 6.608077526092529 sec
----------
Epoch 195 / 400
train error: avg loss = 0.07060529
ES count = 8
Elapsed time = 6.420275926589966 sec
----------
Epoch 196 / 400
train error: avg loss = 0.06513470
ES count = 9
Elapsed time = 6.717120409011841 sec
----------
Epoch 197 / 400
train error: avg loss = 0.07019264
ES count = 10
Elapsed time = 6.4713521003723145 sec
----------
Epoch 198 / 400
train error: avg loss = 0.06728651
ES count = 11
Elapsed time = 6.659603118896484 sec
----------
Epoch 199 / 400
train error: avg loss = 0.06255448
Best loss is updated and ES count is reset.
Checkpoint saved to '/fsb/home/yutingwang/ytw_tangzq/schrodinger-bridge-sr-micrometeorology/data/DL_result/ExperimentSchrodingerBridge3dWind/config_wind_3d_ablation_all_day/checkpoint.pth'
Elapsed time = 6.761636257171631 sec
----------
Epoch 200 / 400
train error: avg loss = 0.06633702
ES count = 1
Epoch = 200. Save a periodic model snapshot.
Elapsed time = 6.801702499389648 sec
----------
Epoch 201 / 400
train error: avg loss = 0.06740214
ES count = 2
Elapsed time = 6.697216510772705 sec
----------
Epoch 202 / 400
train error: avg loss = 0.06547116
ES count = 3
Elapsed time = 6.5313825607299805 sec
----------
Epoch 203 / 400
train error: avg loss = 0.06201743
Best loss is updated and ES count is reset.
Checkpoint saved to '/fsb/home/yutingwang/ytw_tangzq/schrodinger-bridge-sr-micrometeorology/data/DL_result/ExperimentSchrodingerBridge3dWind/config_wind_3d_ablation_all_day/checkpoint.pth'
Elapsed time = 6.897069454193115 sec
----------
Epoch 204 / 400
train error: avg loss = 0.06421010
ES count = 1
Elapsed time = 6.711432456970215 sec
----------
Epoch 205 / 400
train error: avg loss = 0.06860759
ES count = 2
Elapsed time = 6.613003969192505 sec
----------
Epoch 206 / 400
train error: avg loss = 0.06482452
ES count = 3
Elapsed time = 6.717653512954712 sec
----------
Epoch 207 / 400
train error: avg loss = 0.06164725
Best loss is updated and ES count is reset.
Checkpoint saved to '/fsb/home/yutingwang/ytw_tangzq/schrodinger-bridge-sr-micrometeorology/data/DL_result/ExperimentSchrodingerBridge3dWind/config_wind_3d_ablation_all_day/checkpoint.pth'
Elapsed time = 6.907984972000122 sec
----------
Epoch 208 / 400
train error: avg loss = 0.07033475
ES count = 1
Elapsed time = 6.644955158233643 sec
----------
Epoch 209 / 400
train error: avg loss = 0.06413718
ES count = 2
Elapsed time = 6.652294397354126 sec
----------
Epoch 210 / 400
train error: avg loss = 0.07066310
ES count = 3
Elapsed time = 6.709383726119995 sec
----------
Epoch 211 / 400
train error: avg loss = 0.06480937
ES count = 4
Elapsed time = 6.775732040405273 sec
----------
Epoch 212 / 400
train error: avg loss = 0.06672733
ES count = 5
Elapsed time = 6.638389587402344 sec
----------
Epoch 213 / 400
train error: avg loss = 0.06106002
Best loss is updated and ES count is reset.
Checkpoint saved to '/fsb/home/yutingwang/ytw_tangzq/schrodinger-bridge-sr-micrometeorology/data/DL_result/ExperimentSchrodingerBridge3dWind/config_wind_3d_ablation_all_day/checkpoint.pth'
Elapsed time = 6.87584114074707 sec
----------
Epoch 214 / 400
train error: avg loss = 0.06487136
ES count = 1
Elapsed time = 6.695941925048828 sec
----------
Epoch 215 / 400
train error: avg loss = 0.06564780
ES count = 2
Elapsed time = 6.7249531745910645 sec
----------
Epoch 216 / 400
train error: avg loss = 0.06600370
ES count = 3
Elapsed time = 6.773292779922485 sec
----------
Epoch 217 / 400
train error: avg loss = 0.06452302
ES count = 4
Elapsed time = 6.727172136306763 sec
----------
Epoch 218 / 400
train error: avg loss = 0.06566654
ES count = 5
Elapsed time = 6.631572961807251 sec
----------
Epoch 219 / 400
train error: avg loss = 0.06410448
ES count = 6
Elapsed time = 6.702971935272217 sec
----------
Epoch 220 / 400
train error: avg loss = 0.07212013
ES count = 7
Elapsed time = 6.685802936553955 sec
----------
Epoch 221 / 400
train error: avg loss = 0.06811655
ES count = 8
Elapsed time = 6.63646125793457 sec
----------
Epoch 222 / 400
train error: avg loss = 0.06288739
ES count = 9
Elapsed time = 6.680456638336182 sec
----------
Epoch 223 / 400
train error: avg loss = 0.06326480
ES count = 10
Elapsed time = 6.633579969406128 sec
----------
Epoch 224 / 400
train error: avg loss = 0.06452825
ES count = 11
Elapsed time = 6.659166574478149 sec
----------
Epoch 225 / 400
train error: avg loss = 0.06351985
ES count = 12
Elapsed time = 6.904125213623047 sec
----------
Epoch 226 / 400
train error: avg loss = 0.06128686
ES count = 13
Elapsed time = 6.367019414901733 sec
----------
Epoch 227 / 400
train error: avg loss = 0.06399614
ES count = 14
Elapsed time = 6.51923942565918 sec
----------
Epoch 228 / 400
train error: avg loss = 0.06224424
ES count = 15
Elapsed time = 6.557060718536377 sec
----------
Epoch 229 / 400
train error: avg loss = 0.05980105
Best loss is updated and ES count is reset.
Checkpoint saved to '/fsb/home/yutingwang/ytw_tangzq/schrodinger-bridge-sr-micrometeorology/data/DL_result/ExperimentSchrodingerBridge3dWind/config_wind_3d_ablation_all_day/checkpoint.pth'
Elapsed time = 6.873047113418579 sec
----------
Epoch 230 / 400
train error: avg loss = 0.06174612
ES count = 1
Elapsed time = 6.6391589641571045 sec
----------
Epoch 231 / 400
train error: avg loss = 0.06262065
ES count = 2
Elapsed time = 6.607391357421875 sec
----------
Epoch 232 / 400
train error: avg loss = 0.06744788
ES count = 3
Elapsed time = 6.81046462059021 sec
----------
Epoch 233 / 400
train error: avg loss = 0.07048986
ES count = 4
Elapsed time = 6.661526203155518 sec
----------
Epoch 234 / 400
train error: avg loss = 0.06677345
ES count = 5
Elapsed time = 6.508916854858398 sec
----------
Epoch 235 / 400
train error: avg loss = 0.06331378
ES count = 6
Elapsed time = 6.540982961654663 sec
----------
Epoch 236 / 400
train error: avg loss = 0.06416147
ES count = 7
Elapsed time = 6.515918016433716 sec
----------
Epoch 237 / 400
train error: avg loss = 0.06439787
ES count = 8
Elapsed time = 6.588349342346191 sec
----------
Epoch 238 / 400
train error: avg loss = 0.06261692
ES count = 9
Elapsed time = 6.529417514801025 sec
----------
Epoch 239 / 400
train error: avg loss = 0.06047695
ES count = 10
Elapsed time = 6.557905673980713 sec
----------
Epoch 240 / 400
train error: avg loss = 0.05976327
Best loss is updated and ES count is reset.
Checkpoint saved to '/fsb/home/yutingwang/ytw_tangzq/schrodinger-bridge-sr-micrometeorology/data/DL_result/ExperimentSchrodingerBridge3dWind/config_wind_3d_ablation_all_day/checkpoint.pth'
Elapsed time = 6.987712860107422 sec
----------
Epoch 241 / 400
train error: avg loss = 0.06536755
ES count = 1
Elapsed time = 6.637547016143799 sec
----------
Epoch 242 / 400
train error: avg loss = 0.06429835
ES count = 2
Elapsed time = 6.674386739730835 sec
----------
Epoch 243 / 400
train error: avg loss = 0.06624601
ES count = 3
Elapsed time = 6.6896727085113525 sec
----------
Epoch 244 / 400
train error: avg loss = 0.06570216
ES count = 4
Elapsed time = 6.6195313930511475 sec
----------
Epoch 245 / 400
train error: avg loss = 0.06397474
ES count = 5
Elapsed time = 6.672811508178711 sec
----------
Epoch 246 / 400
train error: avg loss = 0.06291513
ES count = 6
Elapsed time = 6.677012920379639 sec
----------
Epoch 247 / 400
train error: avg loss = 0.06074975
ES count = 7
Elapsed time = 6.690431594848633 sec
----------
Epoch 248 / 400
train error: avg loss = 0.06084026
ES count = 8
Elapsed time = 6.5349061489105225 sec
----------
Epoch 249 / 400
train error: avg loss = 0.06460177
ES count = 9
Elapsed time = 6.735353231430054 sec
----------
Epoch 250 / 400
train error: avg loss = 0.06099407
ES count = 10
Elapsed time = 6.633580684661865 sec
----------
Epoch 251 / 400
train error: avg loss = 0.06396885
ES count = 11
Elapsed time = 6.602590322494507 sec
----------
Epoch 252 / 400
train error: avg loss = 0.06104867
ES count = 12
Elapsed time = 6.644225597381592 sec
----------
Epoch 253 / 400
train error: avg loss = 0.05879770
Best loss is updated and ES count is reset.
Checkpoint saved to '/fsb/home/yutingwang/ytw_tangzq/schrodinger-bridge-sr-micrometeorology/data/DL_result/ExperimentSchrodingerBridge3dWind/config_wind_3d_ablation_all_day/checkpoint.pth'
Elapsed time = 7.02027153968811 sec
----------
Epoch 254 / 400
train error: avg loss = 0.05827511
Best loss is updated and ES count is reset.
Checkpoint saved to '/fsb/home/yutingwang/ytw_tangzq/schrodinger-bridge-sr-micrometeorology/data/DL_result/ExperimentSchrodingerBridge3dWind/config_wind_3d_ablation_all_day/checkpoint.pth'
Elapsed time = 6.702497720718384 sec
----------
Epoch 255 / 400
train error: avg loss = 0.05915664
ES count = 1
Elapsed time = 6.508358716964722 sec
----------
Epoch 256 / 400
train error: avg loss = 0.05960055
ES count = 2
Elapsed time = 6.698934316635132 sec
----------
Epoch 257 / 400
train error: avg loss = 0.06030228
ES count = 3
Elapsed time = 6.6777119636535645 sec
----------
Epoch 258 / 400
train error: avg loss = 0.06505838
ES count = 4
Elapsed time = 6.624316692352295 sec
----------
Epoch 259 / 400
train error: avg loss = 0.06477592
ES count = 5
Elapsed time = 6.656539440155029 sec
----------
Epoch 260 / 400
train error: avg loss = 0.06388103
ES count = 6
Elapsed time = 6.562248468399048 sec
----------
Epoch 261 / 400
train error: avg loss = 0.07069282
ES count = 7
Elapsed time = 6.549109697341919 sec
----------
Epoch 262 / 400
train error: avg loss = 0.06135468
ES count = 8
Elapsed time = 6.704942464828491 sec
----------
Epoch 263 / 400
train error: avg loss = 0.06195935
ES count = 9
Elapsed time = 6.5250959396362305 sec
----------
Epoch 264 / 400
train error: avg loss = 0.05829385
ES count = 10
Elapsed time = 6.700563669204712 sec
----------
Epoch 265 / 400
train error: avg loss = 0.06128364
ES count = 11
Elapsed time = 6.655825853347778 sec
----------
Epoch 266 / 400
train error: avg loss = 0.06278037
ES count = 12
Elapsed time = 6.7203803062438965 sec
----------
Epoch 267 / 400
train error: avg loss = 0.06156435
ES count = 13
Elapsed time = 6.586674690246582 sec
----------
Epoch 268 / 400
train error: avg loss = 0.06069580
ES count = 14
Elapsed time = 6.591712474822998 sec
----------
Epoch 269 / 400
train error: avg loss = 0.06083568
ES count = 15
Elapsed time = 6.736271619796753 sec
----------
Epoch 270 / 400
train error: avg loss = 0.06033243
ES count = 16
Elapsed time = 6.651632070541382 sec
----------
Epoch 271 / 400
train error: avg loss = 0.06187416
ES count = 17
Elapsed time = 6.743561506271362 sec
----------
Epoch 272 / 400
train error: avg loss = 0.05507764
Best loss is updated and ES count is reset.
Checkpoint saved to '/fsb/home/yutingwang/ytw_tangzq/schrodinger-bridge-sr-micrometeorology/data/DL_result/ExperimentSchrodingerBridge3dWind/config_wind_3d_ablation_all_day/checkpoint.pth'
Elapsed time = 6.959433078765869 sec
----------
Epoch 273 / 400
train error: avg loss = 0.06220114
ES count = 1
Elapsed time = 6.572753190994263 sec
----------
Epoch 274 / 400
train error: avg loss = 0.06790466
ES count = 2
Elapsed time = 6.518156051635742 sec
----------
Epoch 275 / 400
train error: avg loss = 0.06179740
ES count = 3
Elapsed time = 6.837162733078003 sec
----------
Epoch 276 / 400
train error: avg loss = 0.06218402
ES count = 4
Elapsed time = 6.360547304153442 sec
----------
Epoch 277 / 400
train error: avg loss = 0.06049778
ES count = 5
Elapsed time = 6.638502836227417 sec
----------
Epoch 278 / 400
train error: avg loss = 0.05759339
ES count = 6
Elapsed time = 6.599446535110474 sec
----------
Epoch 279 / 400
train error: avg loss = 0.05833607
ES count = 7
Elapsed time = 6.592174053192139 sec
----------
Epoch 280 / 400
train error: avg loss = 0.05939376
ES count = 8
Elapsed time = 6.608391284942627 sec
----------
Epoch 281 / 400
train error: avg loss = 0.06435948
ES count = 9
Elapsed time = 6.501401424407959 sec
----------
Epoch 282 / 400
train error: avg loss = 0.06434452
ES count = 10
Elapsed time = 6.610378742218018 sec
----------
Epoch 283 / 400
train error: avg loss = 0.06444183
ES count = 11
Elapsed time = 6.669040679931641 sec
----------
Epoch 284 / 400
train error: avg loss = 0.05997558
ES count = 12
Elapsed time = 6.491896629333496 sec
----------
Epoch 285 / 400
train error: avg loss = 0.05589879
ES count = 13
Elapsed time = 6.653687238693237 sec
----------
Epoch 286 / 400
train error: avg loss = 0.06329669
ES count = 14
Elapsed time = 6.747594833374023 sec
----------
Epoch 287 / 400
train error: avg loss = 0.05761502
ES count = 15
Elapsed time = 6.653374433517456 sec
----------
Epoch 288 / 400
train error: avg loss = 0.05634254
ES count = 16
Elapsed time = 6.692259788513184 sec
----------
Epoch 289 / 400
train error: avg loss = 0.05783472
ES count = 17
Elapsed time = 6.692822694778442 sec
----------
Epoch 290 / 400
train error: avg loss = 0.06131466
ES count = 18
Elapsed time = 6.641444683074951 sec
----------
Epoch 291 / 400
train error: avg loss = 0.05768485
ES count = 19
Elapsed time = 6.640995502471924 sec
----------
Epoch 292 / 400
train error: avg loss = 0.05737198
ES count = 20
Elapsed time = 6.729026556015015 sec
----------
Epoch 293 / 400
train error: avg loss = 0.06183462
ES count = 21
Elapsed time = 6.610757827758789 sec
----------
Epoch 294 / 400
train error: avg loss = 0.06199718
ES count = 22
Elapsed time = 6.692089557647705 sec
----------
Epoch 295 / 400
train error: avg loss = 0.06023673
ES count = 23
Elapsed time = 6.720632791519165 sec
----------
Epoch 296 / 400
train error: avg loss = 0.05895594
ES count = 24
Elapsed time = 6.777195930480957 sec
----------
Epoch 297 / 400
train error: avg loss = 0.05644243
ES count = 25
Elapsed time = 6.707764148712158 sec
----------
Epoch 298 / 400
train error: avg loss = 0.06018033
ES count = 26
Elapsed time = 6.698375940322876 sec
----------
Epoch 299 / 400
train error: avg loss = 0.05945679
ES count = 27
Elapsed time = 6.735475540161133 sec
----------
Epoch 300 / 400
train error: avg loss = 0.06038412
ES count = 28
Epoch = 300. Save a periodic model snapshot.
Elapsed time = 6.6749162673950195 sec
----------
Epoch 301 / 400
train error: avg loss = 0.05693791
ES count = 29
Elapsed time = 6.779958724975586 sec
----------
Epoch 302 / 400
train error: avg loss = 0.05790619
ES count = 30
Elapsed time = 6.705349922180176 sec
----------
Epoch 303 / 400
train error: avg loss = 0.05575913
ES count = 31
Elapsed time = 6.603557348251343 sec
----------
Epoch 304 / 400
train error: avg loss = 0.06132048
ES count = 32
Elapsed time = 6.689383029937744 sec
----------
Epoch 305 / 400
train error: avg loss = 0.05852763
ES count = 33
Elapsed time = 6.72741961479187 sec
----------
Epoch 306 / 400
train error: avg loss = 0.05816598
ES count = 34
Elapsed time = 6.701751708984375 sec
----------
Epoch 307 / 400
train error: avg loss = 0.05836095
ES count = 35
Elapsed time = 6.719118595123291 sec
----------
Epoch 308 / 400
train error: avg loss = 0.05971554
ES count = 36
Elapsed time = 6.774568319320679 sec
----------
Epoch 309 / 400
train error: avg loss = 0.06077414
ES count = 37
Elapsed time = 6.697664737701416 sec
----------
Epoch 310 / 400
train error: avg loss = 0.06386369
ES count = 38
Elapsed time = 6.7034220695495605 sec
----------
Epoch 311 / 400
train error: avg loss = 0.05651227
ES count = 39
Elapsed time = 6.649977684020996 sec
----------
Epoch 312 / 400
train error: avg loss = 0.05778030
ES count = 40
Elapsed time = 6.592568635940552 sec
----------
Epoch 313 / 400
train error: avg loss = 0.05529532
ES count = 41
Elapsed time = 6.683112621307373 sec
----------
Epoch 314 / 400
train error: avg loss = 0.05540214
ES count = 42
Elapsed time = 6.657832860946655 sec
----------
Epoch 315 / 400
train error: avg loss = 0.05349613
Best loss is updated and ES count is reset.
Checkpoint saved to '/fsb/home/yutingwang/ytw_tangzq/schrodinger-bridge-sr-micrometeorology/data/DL_result/ExperimentSchrodingerBridge3dWind/config_wind_3d_ablation_all_day/checkpoint.pth'
Elapsed time = 6.830786466598511 sec
----------
Epoch 316 / 400
train error: avg loss = 0.05898058
ES count = 1
Elapsed time = 6.72835636138916 sec
----------
Epoch 317 / 400
train error: avg loss = 0.05683360
ES count = 2
Elapsed time = 6.660841464996338 sec
----------
Epoch 318 / 400
train error: avg loss = 0.05527131
ES count = 3
Elapsed time = 6.7544028759002686 sec
----------
Epoch 319 / 400
train error: avg loss = 0.05938515
ES count = 4
Elapsed time = 6.665897369384766 sec
----------
Epoch 320 / 400
train error: avg loss = 0.06162049
ES count = 5
Elapsed time = 6.549630880355835 sec
----------
Epoch 321 / 400
train error: avg loss = 0.06481178
ES count = 6
Elapsed time = 6.608595371246338 sec
----------
Epoch 322 / 400
train error: avg loss = 0.05842826
ES count = 7
Elapsed time = 6.705792665481567 sec
----------
Epoch 323 / 400
train error: avg loss = 0.05952557
ES count = 8
Elapsed time = 6.6746344566345215 sec
----------
Epoch 324 / 400
train error: avg loss = 0.05855019
ES count = 9
Elapsed time = 6.647944927215576 sec
----------
Epoch 325 / 400
train error: avg loss = 0.05546969
ES count = 10
Elapsed time = 6.7283759117126465 sec
----------
Epoch 326 / 400
train error: avg loss = 0.05654001
ES count = 11
Elapsed time = 6.357298135757446 sec
----------
Epoch 327 / 400
train error: avg loss = 0.05628660
ES count = 12
Elapsed time = 6.624699831008911 sec
----------
Epoch 328 / 400
train error: avg loss = 0.05581800
ES count = 13
Elapsed time = 6.647219896316528 sec
----------
Epoch 329 / 400
train error: avg loss = 0.05409159
ES count = 14
Elapsed time = 6.676557540893555 sec
----------
Epoch 330 / 400
train error: avg loss = 0.05664216
ES count = 15
Elapsed time = 6.635985851287842 sec
----------
Epoch 331 / 400
train error: avg loss = 0.05557061
ES count = 16
Elapsed time = 6.614951848983765 sec
----------
Epoch 332 / 400
train error: avg loss = 0.05329523
Best loss is updated and ES count is reset.
Checkpoint saved to '/fsb/home/yutingwang/ytw_tangzq/schrodinger-bridge-sr-micrometeorology/data/DL_result/ExperimentSchrodingerBridge3dWind/config_wind_3d_ablation_all_day/checkpoint.pth'
Elapsed time = 7.062746047973633 sec
----------
Epoch 333 / 400
train error: avg loss = 0.05754958
ES count = 1
Elapsed time = 6.669273614883423 sec
----------
Epoch 334 / 400
train error: avg loss = 0.06075182
ES count = 2
Elapsed time = 6.608675956726074 sec
----------
Epoch 335 / 400
train error: avg loss = 0.05794572
ES count = 3
Elapsed time = 6.71519136428833 sec
----------
Epoch 336 / 400
train error: avg loss = 0.05396610
ES count = 4
Elapsed time = 6.763049125671387 sec
----------
Epoch 337 / 400
train error: avg loss = 0.05451549
ES count = 5
Elapsed time = 6.41469407081604 sec
----------
Epoch 338 / 400
train error: avg loss = 0.06145571
ES count = 6
Elapsed time = 6.464923858642578 sec
----------
Epoch 339 / 400
train error: avg loss = 0.05620681
ES count = 7
Elapsed time = 6.59729528427124 sec
----------
Epoch 340 / 400
train error: avg loss = 0.05667114
ES count = 8
Elapsed time = 6.691468000411987 sec
----------
Epoch 341 / 400
train error: avg loss = 0.05528239
ES count = 9
Elapsed time = 6.65970516204834 sec
----------
Epoch 342 / 400
train error: avg loss = 0.05968866
ES count = 10
Elapsed time = 6.722437620162964 sec
----------
Epoch 343 / 400
train error: avg loss = 0.05572312
ES count = 11
Elapsed time = 6.752772331237793 sec
----------
Epoch 344 / 400
train error: avg loss = 0.05730982
ES count = 12
Elapsed time = 6.604759454727173 sec
----------
Epoch 345 / 400
train error: avg loss = 0.06295629
ES count = 13
Elapsed time = 6.607412099838257 sec
----------
Epoch 346 / 400
train error: avg loss = 0.05697558
ES count = 14
Elapsed time = 6.530993461608887 sec
----------
Epoch 347 / 400
train error: avg loss = 0.05443101
ES count = 15
Elapsed time = 6.61346960067749 sec
----------
Epoch 348 / 400
train error: avg loss = 0.06072392
ES count = 16
Elapsed time = 6.572626113891602 sec
----------
Epoch 349 / 400
train error: avg loss = 0.05450537
ES count = 17
Elapsed time = 6.562958717346191 sec
----------
Epoch 350 / 400
train error: avg loss = 0.05551235
ES count = 18
Elapsed time = 6.511868238449097 sec
----------
Epoch 351 / 400
train error: avg loss = 0.05445462
ES count = 19
Elapsed time = 6.537867784500122 sec
----------
Epoch 352 / 400
train error: avg loss = 0.05580485
ES count = 20
Elapsed time = 6.758731126785278 sec
----------
Epoch 353 / 400
train error: avg loss = 0.05474755
ES count = 21
Elapsed time = 6.703364849090576 sec
----------
Epoch 354 / 400
train error: avg loss = 0.05758226
ES count = 22
Elapsed time = 6.763232707977295 sec
----------
Epoch 355 / 400
train error: avg loss = 0.05657040
ES count = 23
Elapsed time = 6.657689094543457 sec
----------
Epoch 356 / 400
train error: avg loss = 0.05647187
ES count = 24
Elapsed time = 6.807103395462036 sec
----------
Epoch 357 / 400
train error: avg loss = 0.05884705
ES count = 25
Elapsed time = 6.539335250854492 sec
----------
Epoch 358 / 400
train error: avg loss = 0.05892431
ES count = 26
Elapsed time = 6.5737128257751465 sec
----------
Epoch 359 / 400
train error: avg loss = 0.05742468
ES count = 27
Elapsed time = 6.5064592361450195 sec
----------
Epoch 360 / 400
train error: avg loss = 0.05710893
ES count = 28
Elapsed time = 6.37541389465332 sec
----------
Epoch 361 / 400
train error: avg loss = 0.05897628
ES count = 29
Elapsed time = 6.366601943969727 sec
----------
Epoch 362 / 400
train error: avg loss = 0.05264499
Best loss is updated and ES count is reset.
Checkpoint saved to '/fsb/home/yutingwang/ytw_tangzq/schrodinger-bridge-sr-micrometeorology/data/DL_result/ExperimentSchrodingerBridge3dWind/config_wind_3d_ablation_all_day/checkpoint.pth'
Elapsed time = 6.95409083366394 sec
----------
Epoch 363 / 400
train error: avg loss = 0.06089993
ES count = 1
Elapsed time = 6.179301500320435 sec
----------
Epoch 364 / 400
train error: avg loss = 0.05479291
ES count = 2
Elapsed time = 6.131329298019409 sec
----------
Epoch 365 / 400
train error: avg loss = 0.05699200
ES count = 3
Elapsed time = 5.9277613162994385 sec
----------
Epoch 366 / 400
train error: avg loss = 0.05479073
ES count = 4
Elapsed time = 6.302228689193726 sec
----------
Epoch 367 / 400
train error: avg loss = 0.05476810
ES count = 5
Elapsed time = 6.327269792556763 sec
----------
Epoch 368 / 400
train error: avg loss = 0.05599350
ES count = 6
Elapsed time = 6.304912567138672 sec
----------
Epoch 369 / 400
train error: avg loss = 0.05484820
ES count = 7
Elapsed time = 6.473601818084717 sec
----------
Epoch 370 / 400
train error: avg loss = 0.05901246
ES count = 8
Elapsed time = 6.355865001678467 sec
----------
Epoch 371 / 400
train error: avg loss = 0.05729992
ES count = 9
Elapsed time = 6.44031023979187 sec
----------
Epoch 372 / 400
train error: avg loss = 0.05628886
ES count = 10
Elapsed time = 6.367694616317749 sec
----------
Epoch 373 / 400
train error: avg loss = 0.05255220
Best loss is updated and ES count is reset.
Checkpoint saved to '/fsb/home/yutingwang/ytw_tangzq/schrodinger-bridge-sr-micrometeorology/data/DL_result/ExperimentSchrodingerBridge3dWind/config_wind_3d_ablation_all_day/checkpoint.pth'
Elapsed time = 6.595677614212036 sec
----------
Epoch 374 / 400
train error: avg loss = 0.05452472
ES count = 1
Elapsed time = 6.275643825531006 sec
----------
Epoch 375 / 400
train error: avg loss = 0.05642908
ES count = 2
Elapsed time = 6.4205381870269775 sec
----------
Epoch 376 / 400
train error: avg loss = 0.05419510
ES count = 3
Elapsed time = 6.215544939041138 sec
----------
Epoch 377 / 400
train error: avg loss = 0.05612702
ES count = 4
Elapsed time = 6.327977418899536 sec
----------
Epoch 378 / 400
train error: avg loss = 0.05617844
ES count = 5
Elapsed time = 6.394388914108276 sec
----------
Epoch 379 / 400
train error: avg loss = 0.05224165
Best loss is updated and ES count is reset.
Checkpoint saved to '/fsb/home/yutingwang/ytw_tangzq/schrodinger-bridge-sr-micrometeorology/data/DL_result/ExperimentSchrodingerBridge3dWind/config_wind_3d_ablation_all_day/checkpoint.pth'
Elapsed time = 6.6767566204071045 sec
----------
Epoch 380 / 400
train error: avg loss = 0.05247082
ES count = 1
Elapsed time = 6.737394571304321 sec
----------
Epoch 381 / 400
train error: avg loss = 0.05369670
ES count = 2
Elapsed time = 7.799455881118774 sec
----------
Epoch 382 / 400
train error: avg loss = 0.05583801
ES count = 3
Elapsed time = 7.731447696685791 sec
----------
Epoch 383 / 400
train error: avg loss = 0.05698831
ES count = 4
Elapsed time = 7.65268087387085 sec
----------
Epoch 384 / 400
train error: avg loss = 0.05271484
ES count = 5
Elapsed time = 7.712556838989258 sec
----------
Epoch 385 / 400
train error: avg loss = 0.05560984
ES count = 6
Elapsed time = 7.706104516983032 sec
----------
Epoch 386 / 400
train error: avg loss = 0.05492448
ES count = 7
Elapsed time = 7.957668781280518 sec
----------
Epoch 387 / 400
train error: avg loss = 0.05422775
ES count = 8
Elapsed time = 7.680535554885864 sec
----------
Epoch 388 / 400
train error: avg loss = 0.05227429
ES count = 9
Elapsed time = 7.782206773757935 sec
----------
Epoch 389 / 400
train error: avg loss = 0.05406061
ES count = 10
Elapsed time = 7.6305091381073 sec
----------
Epoch 390 / 400
train error: avg loss = 0.05461337
ES count = 11
Elapsed time = 7.504213333129883 sec
----------
Epoch 391 / 400
train error: avg loss = 0.05582082
ES count = 12
Elapsed time = 7.843768835067749 sec
----------
Epoch 392 / 400
train error: avg loss = 0.05529476
ES count = 13
Elapsed time = 7.739241123199463 sec
----------
Epoch 393 / 400
train error: avg loss = 0.05617875
ES count = 14
Elapsed time = 7.948986530303955 sec
----------
Epoch 394 / 400
train error: avg loss = 0.05835390
ES count = 15
Elapsed time = 7.306213855743408 sec
----------
Epoch 395 / 400
train error: avg loss = 0.05721803
ES count = 16
Elapsed time = 7.775841474533081 sec
----------
Epoch 396 / 400
train error: avg loss = 0.05379999
ES count = 17
Elapsed time = 7.680750608444214 sec
----------
Epoch 397 / 400
train error: avg loss = 0.05752161
ES count = 18
Elapsed time = 7.705091953277588 sec
----------
Epoch 398 / 400
train error: avg loss = 0.05409314
ES count = 19
Elapsed time = 7.861530065536499 sec
----------
Epoch 399 / 400
train error: avg loss = 0.05446071
ES count = 20
Elapsed time = 8.05226469039917 sec
----------
Epoch 400 / 400
train error: avg loss = 0.05303280
ES count = 21
Epoch = 400. Save a periodic model snapshot.
Elapsed time = 7.310359716415405 sec
----------
Epoch 401 / 400
train error: avg loss = 0.05236350
ES count = 22
Elapsed time = 7.5361058712005615 sec
----------
Train end: 2026-07-14T14:11:40.629840+00:00 UTC
Best epoch: 379, best_loss: 0.05224165
Total elapsed time = 44.882190887133284 min

**************************************************
Make inference
**************************************************


Inference at epoch 100.
UNetDDPMVer01 is created
dataset_config.dataset_name='Dataset3dWind'
The total files = 480. A part of them is used for training.
train: 167/335 samples kept after day_night_filter=day
valid: 36/70 samples kept after day_night_filter=day
test: 37/75 samples kept after day_night_filter=day
All files give to dataset are 36.
Reading all files.
valid: dataset size = 36, batch num = 18

Requested 60 samples, but only 36 are available. Using all available data.
Inference out = /fsb/home/yutingwang/ytw_tangzq/schrodinger-bridge-sr-micrometeorology/data/DL_result/ExperimentSchrodingerBridge3dWind/config_wind_3d_ablation_all_day/inference_0100.pickle
Total elapsed time = 0.09732757012049358 min


Inference at epoch 200.
UNetDDPMVer01 is created
dataset_config.dataset_name='Dataset3dWind'
The total files = 480. A part of them is used for training.
train: 167/335 samples kept after day_night_filter=day
valid: 36/70 samples kept after day_night_filter=day
test: 37/75 samples kept after day_night_filter=day
All files give to dataset are 36.
Reading all files.
valid: dataset size = 36, batch num = 18

Requested 60 samples, but only 36 are available. Using all available data.
Inference out = /fsb/home/yutingwang/ytw_tangzq/schrodinger-bridge-sr-micrometeorology/data/DL_result/ExperimentSchrodingerBridge3dWind/config_wind_3d_ablation_all_day/inference_0200.pickle
Total elapsed time = 0.08772255182266235 min


Inference at epoch 300.
UNetDDPMVer01 is created
dataset_config.dataset_name='Dataset3dWind'
The total files = 480. A part of them is used for training.
train: 167/335 samples kept after day_night_filter=day
valid: 36/70 samples kept after day_night_filter=day
test: 37/75 samples kept after day_night_filter=day
All files give to dataset are 36.
Reading all files.
valid: dataset size = 36, batch num = 18

Requested 60 samples, but only 36 are available. Using all available data.
Inference out = /fsb/home/yutingwang/ytw_tangzq/schrodinger-bridge-sr-micrometeorology/data/DL_result/ExperimentSchrodingerBridge3dWind/config_wind_3d_ablation_all_day/inference_0300.pickle
Total elapsed time = 0.08310594956080118 min


Inference at epoch 400.
UNetDDPMVer01 is created
dataset_config.dataset_name='Dataset3dWind'
The total files = 480. A part of them is used for training.
train: 167/335 samples kept after day_night_filter=day
valid: 36/70 samples kept after day_night_filter=day
test: 37/75 samples kept after day_night_filter=day
All files give to dataset are 36.
Reading all files.
valid: dataset size = 36, batch num = 18

Requested 60 samples, but only 36 are available. Using all available data.
Inference out = /fsb/home/yutingwang/ytw_tangzq/schrodinger-bridge-sr-micrometeorology/data/DL_result/ExperimentSchrodingerBridge3dWind/config_wind_3d_ablation_all_day/inference_0400.pickle
Total elapsed time = 0.0858755866686503 min

End all inference processes.

End: Tue Jul 14 22:12:03 CST 2026


PS:

Read file <logs/abl_day_all_13742366.err> for stderr output of this job.

