=== Ablation: NoPSFC | Filter: night ===
Config: configs/config_wind_3d_ablation_no_pressure_night.yml
Host: m002
GPU:  NVIDIA GeForce RTX 3090, 24576 MiB
Start: Tue Jul 14 22:07:02 CST 2026

Experiment Schrodinger-Bridge 3D Wind Model is selected.

**************************************************
Show configuration
**************************************************

experiment_name='ExperimentSchrodingerBridge3dWind'
config_name='config_wind_3d_ablation_no_pressure_night'
config_path='configs/config_wind_3d_ablation_no_pressure_night.yml'
result_dir_path='/fsb/home/yutingwang/ytw_tangzq/schrodinger-bridge-sr-micrometeorology/data/DL_result/ExperimentSchrodingerBridge3dWind/config_wind_3d_ablation_no_pressure_night'

Input config = {
  "data": {
    "target_variable_names": [
      "hr_u_ml0",
      "hr_v_ml0",
      "hr_w_ml0",
      "hr_u_ml1",
      "hr_v_ml1",
      "hr_w_ml1",
      "hr_u_ml2",
      "hr_v_ml2",
      "hr_w_ml2",
      "hr_u_ml3",
      "hr_v_ml3",
      "hr_w_ml3",
      "hr_u_ml5",
      "hr_v_ml5",
      "hr_w_ml5",
      "hr_u_ml10",
      "hr_v_ml10",
      "hr_w_ml10"
    ],
    "input_variable_names": [
      "t2",
      "z",
      "lu",
      "tsk",
      "swdown",
      "glw",
      "hfx",
      "lh",
      "pblh"
    ],
    "biases": {
      "hr_u_ml0": -1.95426,
      "hr_v_ml0": 2.778181,
      "hr_w_ml0": -0.005726,
      "lr_u_ml0": -1.95424,
      "lr_v_ml0": 2.778251,
      "lr_w_ml0": -0.00573,
      "hr_u_ml1": -2.236401,
      "hr_v_ml1": 3.337655,
      "hr_w_ml1": -0.005083,
      "lr_u_ml1": -2.236384,
      "lr_v_ml1": 3.337749,
      "lr_w_ml1": -0.005087,
      "hr_u_ml2": -2.376027,
      "hr_v_ml2": 3.760786,
      "hr_w_ml2": -0.003274,
      "lr_u_ml2": -2.37602,
      "lr_v_ml2": 3.760872,
      "lr_w_ml2": -0.003278,
      "hr_u_ml3": -2.451712,
      "hr_v_ml3": 4.141908,
      "hr_w_ml3": -0.000605,
      "lr_u_ml3": -2.451715,
      "lr_v_ml3": 4.141976,
      "lr_w_ml3": -0.000607,
      "hr_u_ml5": -2.441044,
      "hr_v_ml5": 4.68079,
      "hr_w_ml5": 0.005137,
      "lr_u_ml5": -2.441062,
      "lr_v_ml5": 4.680834,
      "lr_w_ml5": 0.005142,
      "hr_u_ml10": -2.472078,
      "hr_v_ml10": 3.227569,
      "hr_w_ml10": 0.008199,
      "lr_u_ml10": -2.472082,
      "lr_v_ml10": 3.227579,
      "lr_w_ml10": 0.008219,
      "t2": 301.998962,
      "z": 37.488346,
      "lu": 16.725618,
      "tsk": 303.561615,
      "swdown": 269.639557,
      "glw": 431.122955,
      "hfx": 42.14484,
      "lh": 96.566574,
      "psfc": 99869.882812,
      "pblh": 525.545227
    },
    "scales": {
      "hr_u_ml0": 4.402796,
      "hr_v_ml0": 3.525334,
      "hr_w_ml0": 0.148159,
      "lr_u_ml0": 4.364602,
      "lr_v_ml0": 3.472649,
      "lr_w_ml0": 0.083609,
      "hr_u_ml1": 5.105578,
      "hr_v_ml1": 3.983906,
      "hr_w_ml1": 0.191652,
      "lr_u_ml1": 5.07354,
      "lr_v_ml1": 3.939374,
      "lr_w_ml1": 0.105055,
      "hr_u_ml2": 5.622042,
      "hr_v_ml2": 4.207778,
      "hr_w_ml2": 0.220411,
      "lr_u_ml2": 5.597043,
      "lr_v_ml2": 4.172642,
      "lr_w_ml2": 0.12159,
      "hr_u_ml3": 6.141271,
      "hr_v_ml3": 4.357533,
      "hr_w_ml3": 0.247615,
      "lr_u_ml3": 6.121758,
      "lr_v_ml3": 4.329672,
      "lr_w_ml3": 0.137457,
      "hr_u_ml5": 7.334366,
      "hr_v_ml5": 4.558024,
      "hr_w_ml5": 0.295489,
      "lr_u_ml5": 7.32196,
      "lr_v_ml5": 4.538525,
      "lr_w_ml5": 0.168024,
      "hr_u_ml10": 7.964198,
      "hr_v_ml10": 4.241252,
      "hr_w_ml10": 0.334629,
      "lr_u_ml10": 7.956287,
      "lr_v_ml10": 4.225603,
      "lr_w_ml10": 0.198061,
      "t2": 2.14623,
      "z": 79.458443,
      "lu": 9.772256,
      "tsk": 4.892428,
      "swdown": 347.248718,
      "glw": 14.475859,
      "hfx": 85.938927,
      "lh": 118.271515,
      "psfc": 908.404907,
      "pblh": 357.77951
    },
    "is_clipped": false,
    "min_clipped_value": null,
    "max_clipped_value": null,
    "missing_value": 0.0,
    "hr_data_shape": [
      128,
      128
    ],
    "hr_cropped_shape": [
      128,
      128
    ],
    "dtype": "float32",
    "discarded_minute_range": [
      1,
      30
    ],
    "day_night_filter": "night"
  },
  "loader": {
    "batch_size": 2,
    "dl_data_ver": "wrf_3d_v1",
    "train_valid_test_ratios": [
      0.7,
      0.145,
      0.155
    ],
    "num_workers": 4,
    "seed": 42
  },
  "train": {
    "epochs": 400,
    "early_stopping_patience": 400,
    "seed": 78268,
    "learning_rate": 0.0005,
    "optim_name": "AdamW",
    "loss": {
      "loss_name": "L2"
    },
    "use_amp": false,
    "ema_decay": null,
    "save_interval": 100
  },
  "model": {
    "in_channel": 27,
    "inner_channel": 32,
    "out_channel": 18,
    "res_blocks": 1,
    "channel_mults": [
      1,
      2,
      4,
      8,
      8
    ],
    "attn_res": [
      16
    ],
    "channels_each_head": 16,
    "dropout": 0.2,
    "resblock_updown": true,
    "max_period": 10.0
  },
  "si": {
    "n_timestep": 10,
    "eps": 0.2,
    "formula": "quadratic",
    "loss_type": "L2",
    "channel_weights": null,
    "divergence_weight": 0.0,
    "vorticity_weight": 0.0
  }
}

dataset_config.dataset_name='Dataset3dWind'
The total files = 480. A part of them is used for training.
train: 146/335 samples kept after day_night_filter=night
valid: 31/70 samples kept after day_night_filter=night
test: 35/75 samples kept after day_night_filter=night
All files give to dataset are 146.
Reading all files.
train: dataset size = 146, batch num = 73

All files give to dataset are 31.
Reading all files.
valid: dataset size = 31, batch num = 16

DEBUG-DICT_LOADERS:73
UNetDDPMVer01 is created
EMA self.decay=None
Optimizer is AdamW.
No checkpoint found at '/fsb/home/yutingwang/ytw_tangzq/schrodinger-bridge-sr-micrometeorology/data/DL_result/ExperimentSchrodingerBridge3dWind/config_wind_3d_ablation_no_pressure_night/checkpoint.pth'. Starting training from scratch.

**************************************************
Train model
**************************************************

Train start: 2026-07-14 14:07:28.474383+00:00 UTC
Saving interval = 100
EMA decay rate = None
Epoch 1 / 400
train error: avg loss = 0.63374779
Best loss is updated and ES count is reset.
Checkpoint saved to '/fsb/home/yutingwang/ytw_tangzq/schrodinger-bridge-sr-micrometeorology/data/DL_result/ExperimentSchrodingerBridge3dWind/config_wind_3d_ablation_no_pressure_night/checkpoint.pth'
Elapsed time = 6.689828395843506 sec
----------
Epoch 2 / 400
train error: avg loss = 0.48672918
Best loss is updated and ES count is reset.
Checkpoint saved to '/fsb/home/yutingwang/ytw_tangzq/schrodinger-bridge-sr-micrometeorology/data/DL_result/ExperimentSchrodingerBridge3dWind/config_wind_3d_ablation_no_pressure_night/checkpoint.pth'
Elapsed time = 6.083338499069214 sec
----------
Epoch 3 / 400
train error: avg loss = 0.40494942
Best loss is updated and ES count is reset.
Checkpoint saved to '/fsb/home/yutingwang/ytw_tangzq/schrodinger-bridge-sr-micrometeorology/data/DL_result/ExperimentSchrodingerBridge3dWind/config_wind_3d_ablation_no_pressure_night/checkpoint.pth'
Elapsed time = 6.1402974128723145 sec
----------
Epoch 4 / 400
train error: avg loss = 0.35048010
Best loss is updated and ES count is reset.
Checkpoint saved to '/fsb/home/yutingwang/ytw_tangzq/schrodinger-bridge-sr-micrometeorology/data/DL_result/ExperimentSchrodingerBridge3dWind/config_wind_3d_ablation_no_pressure_night/checkpoint.pth'
Elapsed time = 6.094444274902344 sec
----------
Epoch 5 / 400
train error: avg loss = 0.31458422
Best loss is updated and ES count is reset.
Checkpoint saved to '/fsb/home/yutingwang/ytw_tangzq/schrodinger-bridge-sr-micrometeorology/data/DL_result/ExperimentSchrodingerBridge3dWind/config_wind_3d_ablation_no_pressure_night/checkpoint.pth'
Elapsed time = 6.095306873321533 sec
----------
Epoch 6 / 400
train error: avg loss = 0.27601366
Best loss is updated and ES count is reset.
Checkpoint saved to '/fsb/home/yutingwang/ytw_tangzq/schrodinger-bridge-sr-micrometeorology/data/DL_result/ExperimentSchrodingerBridge3dWind/config_wind_3d_ablation_no_pressure_night/checkpoint.pth'
Elapsed time = 6.157945871353149 sec
----------
Epoch 7 / 400
train error: avg loss = 0.25741703
Best loss is updated and ES count is reset.
Checkpoint saved to '/fsb/home/yutingwang/ytw_tangzq/schrodinger-bridge-sr-micrometeorology/data/DL_result/ExperimentSchrodingerBridge3dWind/config_wind_3d_ablation_no_pressure_night/checkpoint.pth'
Elapsed time = 6.042588233947754 sec
----------
Epoch 8 / 400
train error: avg loss = 0.25740042
Best loss is updated and ES count is reset.
Checkpoint saved to '/fsb/home/yutingwang/ytw_tangzq/schrodinger-bridge-sr-micrometeorology/data/DL_result/ExperimentSchrodingerBridge3dWind/config_wind_3d_ablation_no_pressure_night/checkpoint.pth'
Elapsed time = 5.949436902999878 sec
----------
Epoch 9 / 400
train error: avg loss = 0.20610272
Best loss is updated and ES count is reset.
Checkpoint saved to '/fsb/home/yutingwang/ytw_tangzq/schrodinger-bridge-sr-micrometeorology/data/DL_result/ExperimentSchrodingerBridge3dWind/config_wind_3d_ablation_no_pressure_night/checkpoint.pth'
Elapsed time = 5.717808246612549 sec
----------
Epoch 10 / 400
train error: avg loss = 0.18086399
Best loss is updated and ES count is reset.
Checkpoint saved to '/fsb/home/yutingwang/ytw_tangzq/schrodinger-bridge-sr-micrometeorology/data/DL_result/ExperimentSchrodingerBridge3dWind/config_wind_3d_ablation_no_pressure_night/checkpoint.pth'
Elapsed time = 5.879633903503418 sec
----------
Epoch 11 / 400
train error: avg loss = 0.19692351
ES count = 1
Elapsed time = 5.635629653930664 sec
----------
Epoch 12 / 400
train error: avg loss = 0.18054257
Best loss is updated and ES count is reset.
Checkpoint saved to '/fsb/home/yutingwang/ytw_tangzq/schrodinger-bridge-sr-micrometeorology/data/DL_result/ExperimentSchrodingerBridge3dWind/config_wind_3d_ablation_no_pressure_night/checkpoint.pth'
Elapsed time = 5.986867904663086 sec
----------
Epoch 13 / 400
train error: avg loss = 0.15303838
Best loss is updated and ES count is reset.
Checkpoint saved to '/fsb/home/yutingwang/ytw_tangzq/schrodinger-bridge-sr-micrometeorology/data/DL_result/ExperimentSchrodingerBridge3dWind/config_wind_3d_ablation_no_pressure_night/checkpoint.pth'
Elapsed time = 5.9085893630981445 sec
----------
Epoch 14 / 400
train error: avg loss = 0.15966976
ES count = 1
Elapsed time = 5.69943904876709 sec
----------
Epoch 15 / 400
train error: avg loss = 0.15568768
ES count = 2
Elapsed time = 5.4349188804626465 sec
----------
Epoch 16 / 400
train error: avg loss = 0.14014828
Best loss is updated and ES count is reset.
Checkpoint saved to '/fsb/home/yutingwang/ytw_tangzq/schrodinger-bridge-sr-micrometeorology/data/DL_result/ExperimentSchrodingerBridge3dWind/config_wind_3d_ablation_no_pressure_night/checkpoint.pth'
Elapsed time = 5.726880311965942 sec
----------
Epoch 17 / 400
train error: avg loss = 0.14643753
ES count = 1
Elapsed time = 5.476399183273315 sec
----------
Epoch 18 / 400
train error: avg loss = 0.14191911
ES count = 2
Elapsed time = 5.505268335342407 sec
----------
Epoch 19 / 400
train error: avg loss = 0.13310576
Best loss is updated and ES count is reset.
Checkpoint saved to '/fsb/home/yutingwang/ytw_tangzq/schrodinger-bridge-sr-micrometeorology/data/DL_result/ExperimentSchrodingerBridge3dWind/config_wind_3d_ablation_no_pressure_night/checkpoint.pth'
Elapsed time = 5.975025177001953 sec
----------
Epoch 20 / 400
train error: avg loss = 0.13337787
ES count = 1
Elapsed time = 5.463428258895874 sec
----------
Epoch 21 / 400
train error: avg loss = 0.14706379
ES count = 2
Elapsed time = 5.498621940612793 sec
----------
Epoch 22 / 400
train error: avg loss = 0.13905926
ES count = 3
Elapsed time = 5.388253450393677 sec
----------
Epoch 23 / 400
train error: avg loss = 0.13869540
ES count = 4
Elapsed time = 5.392614841461182 sec
----------
Epoch 24 / 400
train error: avg loss = 0.12813071
Best loss is updated and ES count is reset.
Checkpoint saved to '/fsb/home/yutingwang/ytw_tangzq/schrodinger-bridge-sr-micrometeorology/data/DL_result/ExperimentSchrodingerBridge3dWind/config_wind_3d_ablation_no_pressure_night/checkpoint.pth'
Elapsed time = 6.03235387802124 sec
----------
Epoch 25 / 400
train error: avg loss = 0.10407171
Best loss is updated and ES count is reset.
Checkpoint saved to '/fsb/home/yutingwang/ytw_tangzq/schrodinger-bridge-sr-micrometeorology/data/DL_result/ExperimentSchrodingerBridge3dWind/config_wind_3d_ablation_no_pressure_night/checkpoint.pth'
Elapsed time = 5.777421712875366 sec
----------
Epoch 26 / 400
train error: avg loss = 0.12204308
ES count = 1
Elapsed time = 5.418598413467407 sec
----------
Epoch 27 / 400
train error: avg loss = 0.12016684
ES count = 2
Elapsed time = 5.65847110748291 sec
----------
Epoch 28 / 400
train error: avg loss = 0.11208629
ES count = 3
Elapsed time = 5.415346145629883 sec
----------
Epoch 29 / 400
train error: avg loss = 0.11181207
ES count = 4
Elapsed time = 5.591203451156616 sec
----------
Epoch 30 / 400
train error: avg loss = 0.12815992
ES count = 5
Elapsed time = 5.496448755264282 sec
----------
Epoch 31 / 400
train error: avg loss = 0.12813813
ES count = 6
Elapsed time = 5.423271894454956 sec
----------
Epoch 32 / 400
train error: avg loss = 0.11827087
ES count = 7
Elapsed time = 5.415783882141113 sec
----------
Epoch 33 / 400
train error: avg loss = 0.11886450
ES count = 8
Elapsed time = 5.578545808792114 sec
----------
Epoch 34 / 400
train error: avg loss = 0.11822579
ES count = 9
Elapsed time = 5.599668741226196 sec
----------
Epoch 35 / 400
train error: avg loss = 0.11376635
ES count = 10
Elapsed time = 5.311414480209351 sec
----------
Epoch 36 / 400
train error: avg loss = 0.10867661
ES count = 11
Elapsed time = 5.6305317878723145 sec
----------
Epoch 37 / 400
train error: avg loss = 0.11234210
ES count = 12
Elapsed time = 5.70033860206604 sec
----------
Epoch 38 / 400
train error: avg loss = 0.10413826
ES count = 13
Elapsed time = 5.50734806060791 sec
----------
Epoch 39 / 400
train error: avg loss = 0.10798620
ES count = 14
Elapsed time = 5.490435838699341 sec
----------
Epoch 40 / 400
train error: avg loss = 0.10996377
ES count = 15
Elapsed time = 5.676179885864258 sec
----------
Epoch 41 / 400
train error: avg loss = 0.10758078
ES count = 16
Elapsed time = 5.542335271835327 sec
----------
Epoch 42 / 400
train error: avg loss = 0.10083002
Best loss is updated and ES count is reset.
Checkpoint saved to '/fsb/home/yutingwang/ytw_tangzq/schrodinger-bridge-sr-micrometeorology/data/DL_result/ExperimentSchrodingerBridge3dWind/config_wind_3d_ablation_no_pressure_night/checkpoint.pth'
Elapsed time = 6.093906879425049 sec
----------
Epoch 43 / 400
train error: avg loss = 0.09821968
Best loss is updated and ES count is reset.
Checkpoint saved to '/fsb/home/yutingwang/ytw_tangzq/schrodinger-bridge-sr-micrometeorology/data/DL_result/ExperimentSchrodingerBridge3dWind/config_wind_3d_ablation_no_pressure_night/checkpoint.pth'
Elapsed time = 5.612910747528076 sec
----------
Epoch 44 / 400
train error: avg loss = 0.09182183
Best loss is updated and ES count is reset.
Checkpoint saved to '/fsb/home/yutingwang/ytw_tangzq/schrodinger-bridge-sr-micrometeorology/data/DL_result/ExperimentSchrodingerBridge3dWind/config_wind_3d_ablation_no_pressure_night/checkpoint.pth'
Elapsed time = 5.617715120315552 sec
----------
Epoch 45 / 400
train error: avg loss = 0.09330015
ES count = 1
Elapsed time = 5.2856221199035645 sec
----------
Epoch 46 / 400
train error: avg loss = 0.09610692
ES count = 2
Elapsed time = 5.226962566375732 sec
----------
Epoch 47 / 400
train error: avg loss = 0.10104362
ES count = 3
Elapsed time = 5.406362056732178 sec
----------
Epoch 48 / 400
train error: avg loss = 0.10511060
ES count = 4
Elapsed time = 5.560892581939697 sec
----------
Epoch 49 / 400
train error: avg loss = 0.09286338
ES count = 5
Elapsed time = 5.430739879608154 sec
----------
Epoch 50 / 400
train error: avg loss = 0.09325175
ES count = 6
Elapsed time = 5.233071327209473 sec
----------
Epoch 51 / 400
train error: avg loss = 0.09371526
ES count = 7
Elapsed time = 5.459891080856323 sec
----------
Epoch 52 / 400
train error: avg loss = 0.09061969
Best loss is updated and ES count is reset.
Checkpoint saved to '/fsb/home/yutingwang/ytw_tangzq/schrodinger-bridge-sr-micrometeorology/data/DL_result/ExperimentSchrodingerBridge3dWind/config_wind_3d_ablation_no_pressure_night/checkpoint.pth'
Elapsed time = 5.622057676315308 sec
----------
Epoch 53 / 400
train error: avg loss = 0.08825566
Best loss is updated and ES count is reset.
Checkpoint saved to '/fsb/home/yutingwang/ytw_tangzq/schrodinger-bridge-sr-micrometeorology/data/DL_result/ExperimentSchrodingerBridge3dWind/config_wind_3d_ablation_no_pressure_night/checkpoint.pth'
Elapsed time = 5.613491058349609 sec
----------
Epoch 54 / 400
train error: avg loss = 0.09639250
ES count = 1
Elapsed time = 5.41436767578125 sec
----------
Epoch 55 / 400
train error: avg loss = 0.08952514
ES count = 2
Elapsed time = 5.193092584609985 sec
----------
Epoch 56 / 400
train error: avg loss = 0.07898039
Best loss is updated and ES count is reset.
Checkpoint saved to '/fsb/home/yutingwang/ytw_tangzq/schrodinger-bridge-sr-micrometeorology/data/DL_result/ExperimentSchrodingerBridge3dWind/config_wind_3d_ablation_no_pressure_night/checkpoint.pth'
Elapsed time = 5.566432237625122 sec
----------
Epoch 57 / 400
train error: avg loss = 0.08723781
ES count = 1
Elapsed time = 5.29311728477478 sec
----------
Epoch 58 / 400
train error: avg loss = 0.09198158
ES count = 2
Elapsed time = 5.18116021156311 sec
----------
Epoch 59 / 400
train error: avg loss = 0.09097616
ES count = 3
Elapsed time = 5.302265405654907 sec
----------
Epoch 60 / 400
train error: avg loss = 0.08509582
ES count = 4
Elapsed time = 5.300823450088501 sec
----------
Epoch 61 / 400
train error: avg loss = 0.08975204
ES count = 5
Elapsed time = 5.184726238250732 sec
----------
Epoch 62 / 400
train error: avg loss = 0.08664242
ES count = 6
Elapsed time = 5.465878486633301 sec
----------
Epoch 63 / 400
train error: avg loss = 0.08845583
ES count = 7
Elapsed time = 5.347826242446899 sec
----------
Epoch 64 / 400
train error: avg loss = 0.08520572
ES count = 8
Elapsed time = 5.265541076660156 sec
----------
Epoch 65 / 400
train error: avg loss = 0.07795031
Best loss is updated and ES count is reset.
Checkpoint saved to '/fsb/home/yutingwang/ytw_tangzq/schrodinger-bridge-sr-micrometeorology/data/DL_result/ExperimentSchrodingerBridge3dWind/config_wind_3d_ablation_no_pressure_night/checkpoint.pth'
Elapsed time = 5.583573341369629 sec
----------
Epoch 66 / 400
train error: avg loss = 0.08183908
ES count = 1
Elapsed time = 5.282738208770752 sec
----------
Epoch 67 / 400
train error: avg loss = 0.08344880
ES count = 2
Elapsed time = 5.445558071136475 sec
----------
Epoch 68 / 400
train error: avg loss = 0.08863545
ES count = 3
Elapsed time = 5.267364263534546 sec
----------
Epoch 69 / 400
train error: avg loss = 0.08653519
ES count = 4
Elapsed time = 5.220125675201416 sec
----------
Epoch 70 / 400
train error: avg loss = 0.08053420
ES count = 5
Elapsed time = 5.460578203201294 sec
----------
Epoch 71 / 400
train error: avg loss = 0.07844578
ES count = 6
Elapsed time = 5.272869825363159 sec
----------
Epoch 72 / 400
train error: avg loss = 0.07380430
Best loss is updated and ES count is reset.
Checkpoint saved to '/fsb/home/yutingwang/ytw_tangzq/schrodinger-bridge-sr-micrometeorology/data/DL_result/ExperimentSchrodingerBridge3dWind/config_wind_3d_ablation_no_pressure_night/checkpoint.pth'
Elapsed time = 5.603082656860352 sec
----------
Epoch 73 / 400
train error: avg loss = 0.08049752
ES count = 1
Elapsed time = 5.306724548339844 sec
----------
Epoch 74 / 400
train error: avg loss = 0.08149032
ES count = 2
Elapsed time = 5.387794733047485 sec
----------
Epoch 75 / 400
train error: avg loss = 0.07535598
ES count = 3
Elapsed time = 5.265455484390259 sec
----------
Epoch 76 / 400
train error: avg loss = 0.07754442
ES count = 4
Elapsed time = 5.415337085723877 sec
----------
Epoch 77 / 400
train error: avg loss = 0.07867909
ES count = 5
Elapsed time = 5.384546995162964 sec
----------
Epoch 78 / 400
train error: avg loss = 0.07155467
Best loss is updated and ES count is reset.
Checkpoint saved to '/fsb/home/yutingwang/ytw_tangzq/schrodinger-bridge-sr-micrometeorology/data/DL_result/ExperimentSchrodingerBridge3dWind/config_wind_3d_ablation_no_pressure_night/checkpoint.pth'
Elapsed time = 5.684640169143677 sec
----------
Epoch 79 / 400
train error: avg loss = 0.08131190
ES count = 1
Elapsed time = 5.296679973602295 sec
----------
Epoch 80 / 400
train error: avg loss = 0.07919871
ES count = 2
Elapsed time = 5.308385133743286 sec
----------
Epoch 81 / 400
train error: avg loss = 0.07451222
ES count = 3
Elapsed time = 5.295849561691284 sec
----------
Epoch 82 / 400
train error: avg loss = 0.07717941
ES count = 4
Elapsed time = 5.284204006195068 sec
----------
Epoch 83 / 400
train error: avg loss = 0.08138989
ES count = 5
Elapsed time = 5.340777158737183 sec
----------
Epoch 84 / 400
train error: avg loss = 0.07533331
ES count = 6
Elapsed time = 5.35141396522522 sec
----------
Epoch 85 / 400
train error: avg loss = 0.07363995
ES count = 7
Elapsed time = 5.74607253074646 sec
----------
Epoch 86 / 400
train error: avg loss = 0.07387764
ES count = 8
Elapsed time = 5.185194730758667 sec
----------
Epoch 87 / 400
train error: avg loss = 0.08117704
ES count = 9
Elapsed time = 5.292590618133545 sec
----------
Epoch 88 / 400
train error: avg loss = 0.07847317
ES count = 10
Elapsed time = 5.32469630241394 sec
----------
Epoch 89 / 400
train error: avg loss = 0.07596914
ES count = 11
Elapsed time = 5.264515161514282 sec
----------
Epoch 90 / 400
train error: avg loss = 0.07799603
ES count = 12
Elapsed time = 5.176978349685669 sec
----------
Epoch 91 / 400
train error: avg loss = 0.07430496
ES count = 13
Elapsed time = 5.383327960968018 sec
----------
Epoch 92 / 400
train error: avg loss = 0.07547309
ES count = 14
Elapsed time = 5.211378812789917 sec
----------
Epoch 93 / 400
train error: avg loss = 0.07378775
ES count = 15
Elapsed time = 5.372484922409058 sec
----------
Epoch 94 / 400
train error: avg loss = 0.07267779
ES count = 16
Elapsed time = 5.26471471786499 sec
----------
Epoch 95 / 400
train error: avg loss = 0.07915351
ES count = 17
Elapsed time = 5.338725328445435 sec
----------
Epoch 96 / 400
train error: avg loss = 0.07769556
ES count = 18
Elapsed time = 5.30096960067749 sec
----------
Epoch 97 / 400
train error: avg loss = 0.06966447
Best loss is updated and ES count is reset.
Checkpoint saved to '/fsb/home/yutingwang/ytw_tangzq/schrodinger-bridge-sr-micrometeorology/data/DL_result/ExperimentSchrodingerBridge3dWind/config_wind_3d_ablation_no_pressure_night/checkpoint.pth'
Elapsed time = 5.4412522315979 sec
----------
Epoch 98 / 400
train error: avg loss = 0.06797496
Best loss is updated and ES count is reset.
Checkpoint saved to '/fsb/home/yutingwang/ytw_tangzq/schrodinger-bridge-sr-micrometeorology/data/DL_result/ExperimentSchrodingerBridge3dWind/config_wind_3d_ablation_no_pressure_night/checkpoint.pth'
Elapsed time = 5.580563068389893 sec
----------
Epoch 99 / 400
train error: avg loss = 0.07201714
ES count = 1
Elapsed time = 5.203574180603027 sec
----------
Epoch 100 / 400
train error: avg loss = 0.08064092
ES count = 2
Epoch = 100. Save a periodic model snapshot.
Elapsed time = 5.411806344985962 sec
----------
Epoch 101 / 400
train error: avg loss = 0.08000680
ES count = 3
Elapsed time = 5.512574911117554 sec
----------
Epoch 102 / 400
train error: avg loss = 0.07310827
ES count = 4
Elapsed time = 5.172077417373657 sec
----------
Epoch 103 / 400
train error: avg loss = 0.07297477
ES count = 5
Elapsed time = 5.459834098815918 sec
----------
Epoch 104 / 400
train error: avg loss = 0.07204261
ES count = 6
Elapsed time = 5.3713648319244385 sec
----------
Epoch 105 / 400
train error: avg loss = 0.07308945
ES count = 7
Elapsed time = 5.255818128585815 sec
----------
Epoch 106 / 400
train error: avg loss = 0.06922940
ES count = 8
Elapsed time = 5.412830114364624 sec
----------
Epoch 107 / 400
train error: avg loss = 0.07030365
ES count = 9
Elapsed time = 5.559237718582153 sec
----------
Epoch 108 / 400
train error: avg loss = 0.07508069
ES count = 10
Elapsed time = 5.286980628967285 sec
----------
Epoch 109 / 400
train error: avg loss = 0.06641000
Best loss is updated and ES count is reset.
Checkpoint saved to '/fsb/home/yutingwang/ytw_tangzq/schrodinger-bridge-sr-micrometeorology/data/DL_result/ExperimentSchrodingerBridge3dWind/config_wind_3d_ablation_no_pressure_night/checkpoint.pth'
Elapsed time = 5.817004203796387 sec
----------
Epoch 110 / 400
train error: avg loss = 0.07535814
ES count = 1
Elapsed time = 5.333988904953003 sec
----------
Epoch 111 / 400
train error: avg loss = 0.07861554
ES count = 2
Elapsed time = 5.270420551300049 sec
----------
Epoch 112 / 400
train error: avg loss = 0.06714586
ES count = 3
Elapsed time = 5.453826665878296 sec
----------
Epoch 113 / 400
train error: avg loss = 0.06582791
Best loss is updated and ES count is reset.
Checkpoint saved to '/fsb/home/yutingwang/ytw_tangzq/schrodinger-bridge-sr-micrometeorology/data/DL_result/ExperimentSchrodingerBridge3dWind/config_wind_3d_ablation_no_pressure_night/checkpoint.pth'
Elapsed time = 5.820173978805542 sec
----------
Epoch 114 / 400
train error: avg loss = 0.06957649
ES count = 1
Elapsed time = 5.1504693031311035 sec
----------
Epoch 115 / 400
train error: avg loss = 0.07737164
ES count = 2
Elapsed time = 5.379232406616211 sec
----------
Epoch 116 / 400
train error: avg loss = 0.06667774
ES count = 3
Elapsed time = 5.363353967666626 sec
----------
Epoch 117 / 400
train error: avg loss = 0.06308484
Best loss is updated and ES count is reset.
Checkpoint saved to '/fsb/home/yutingwang/ytw_tangzq/schrodinger-bridge-sr-micrometeorology/data/DL_result/ExperimentSchrodingerBridge3dWind/config_wind_3d_ablation_no_pressure_night/checkpoint.pth'
Elapsed time = 5.612676620483398 sec
----------
Epoch 118 / 400
train error: avg loss = 0.07123545
ES count = 1
Elapsed time = 5.2087695598602295 sec
----------
Epoch 119 / 400
train error: avg loss = 0.06752601
ES count = 2
Elapsed time = 5.30611777305603 sec
----------
Epoch 120 / 400
train error: avg loss = 0.07218712
ES count = 3
Elapsed time = 5.3798182010650635 sec
----------
Epoch 121 / 400
train error: avg loss = 0.07271516
ES count = 4
Elapsed time = 5.445934057235718 sec
----------
Epoch 122 / 400
train error: avg loss = 0.06957094
ES count = 5
Elapsed time = 5.23547887802124 sec
----------
Epoch 123 / 400
train error: avg loss = 0.06834521
ES count = 6
Elapsed time = 5.320058584213257 sec
----------
Epoch 124 / 400
train error: avg loss = 0.06566941
ES count = 7
Elapsed time = 5.203661203384399 sec
----------
Epoch 125 / 400
train error: avg loss = 0.06434228
ES count = 8
Elapsed time = 5.3367063999176025 sec
----------
Epoch 126 / 400
train error: avg loss = 0.06632859
ES count = 9
Elapsed time = 5.215941429138184 sec
----------
Epoch 127 / 400
train error: avg loss = 0.07141223
ES count = 10
Elapsed time = 5.127010822296143 sec
----------
Epoch 128 / 400
train error: avg loss = 0.06916231
ES count = 11
Elapsed time = 5.265353441238403 sec
----------
Epoch 129 / 400
train error: avg loss = 0.06943415
ES count = 12
Elapsed time = 5.219429016113281 sec
----------
Epoch 130 / 400
train error: avg loss = 0.06388458
ES count = 13
Elapsed time = 5.285676002502441 sec
----------
Epoch 131 / 400
train error: avg loss = 0.06851333
ES count = 14
Elapsed time = 5.352838516235352 sec
----------
Epoch 132 / 400
train error: avg loss = 0.06702128
ES count = 15
Elapsed time = 5.374005556106567 sec
----------
Epoch 133 / 400
train error: avg loss = 0.06629436
ES count = 16
Elapsed time = 5.260993242263794 sec
----------
Epoch 134 / 400
train error: avg loss = 0.06336831
ES count = 17
Elapsed time = 5.43023419380188 sec
----------
Epoch 135 / 400
train error: avg loss = 0.06306497
Best loss is updated and ES count is reset.
Checkpoint saved to '/fsb/home/yutingwang/ytw_tangzq/schrodinger-bridge-sr-micrometeorology/data/DL_result/ExperimentSchrodingerBridge3dWind/config_wind_3d_ablation_no_pressure_night/checkpoint.pth'
Elapsed time = 5.560898065567017 sec
----------
Epoch 136 / 400
train error: avg loss = 0.07065862
ES count = 1
Elapsed time = 5.186844825744629 sec
----------
Epoch 137 / 400
train error: avg loss = 0.07385129
ES count = 2
Elapsed time = 5.314351797103882 sec
----------
Epoch 138 / 400
train error: avg loss = 0.07216375
ES count = 3
Elapsed time = 5.284811496734619 sec
----------
Epoch 139 / 400
train error: avg loss = 0.06976236
ES count = 4
Elapsed time = 5.251688241958618 sec
----------
Epoch 140 / 400
train error: avg loss = 0.06407355
ES count = 5
Elapsed time = 5.491494178771973 sec
----------
Epoch 141 / 400
train error: avg loss = 0.06061694
Best loss is updated and ES count is reset.
Checkpoint saved to '/fsb/home/yutingwang/ytw_tangzq/schrodinger-bridge-sr-micrometeorology/data/DL_result/ExperimentSchrodingerBridge3dWind/config_wind_3d_ablation_no_pressure_night/checkpoint.pth'
Elapsed time = 5.73775577545166 sec
----------
Epoch 142 / 400
train error: avg loss = 0.05837980
Best loss is updated and ES count is reset.
Checkpoint saved to '/fsb/home/yutingwang/ytw_tangzq/schrodinger-bridge-sr-micrometeorology/data/DL_result/ExperimentSchrodingerBridge3dWind/config_wind_3d_ablation_no_pressure_night/checkpoint.pth'
Elapsed time = 5.567760705947876 sec
----------
Epoch 143 / 400
train error: avg loss = 0.06280103
ES count = 1
Elapsed time = 5.4133994579315186 sec
----------
Epoch 144 / 400
train error: avg loss = 0.06110151
ES count = 2
Elapsed time = 5.369629144668579 sec
----------
Epoch 145 / 400
train error: avg loss = 0.06155941
ES count = 3
Elapsed time = 5.318239450454712 sec
----------
Epoch 146 / 400
train error: avg loss = 0.06167037
ES count = 4
Elapsed time = 5.2586164474487305 sec
----------
Epoch 147 / 400
train error: avg loss = 0.06495019
ES count = 5
Elapsed time = 5.289596080780029 sec
----------
Epoch 148 / 400
train error: avg loss = 0.06603447
ES count = 6
Elapsed time = 5.27604866027832 sec
----------
Epoch 149 / 400
train error: avg loss = 0.06626928
ES count = 7
Elapsed time = 5.25165581703186 sec
----------
Epoch 150 / 400
train error: avg loss = 0.06450450
ES count = 8
Elapsed time = 5.212079286575317 sec
----------
Epoch 151 / 400
train error: avg loss = 0.06316265
ES count = 9
Elapsed time = 5.393207788467407 sec
----------
Epoch 152 / 400
train error: avg loss = 0.05795868
Best loss is updated and ES count is reset.
Checkpoint saved to '/fsb/home/yutingwang/ytw_tangzq/schrodinger-bridge-sr-micrometeorology/data/DL_result/ExperimentSchrodingerBridge3dWind/config_wind_3d_ablation_no_pressure_night/checkpoint.pth'
Elapsed time = 5.677624464035034 sec
----------
Epoch 153 / 400
train error: avg loss = 0.06032071
ES count = 1
Elapsed time = 5.352960586547852 sec
----------
Epoch 154 / 400
train error: avg loss = 0.06563500
ES count = 2
Elapsed time = 5.242227554321289 sec
----------
Epoch 155 / 400
train error: avg loss = 0.06265854
ES count = 3
Elapsed time = 5.287921905517578 sec
----------
Epoch 156 / 400
train error: avg loss = 0.05935694
ES count = 4
Elapsed time = 5.176134347915649 sec
----------
Epoch 157 / 400
train error: avg loss = 0.06403997
ES count = 5
Elapsed time = 5.190474987030029 sec
----------
Epoch 158 / 400
train error: avg loss = 0.06070785
ES count = 6
Elapsed time = 5.746967315673828 sec
----------
Epoch 159 / 400
train error: avg loss = 0.06122724
ES count = 7
Elapsed time = 5.322463512420654 sec
----------
Epoch 160 / 400
train error: avg loss = 0.06351426
ES count = 8
Elapsed time = 5.4165050983428955 sec
----------
Epoch 161 / 400
train error: avg loss = 0.05847106
ES count = 9
Elapsed time = 5.279993295669556 sec
----------
Epoch 162 / 400
train error: avg loss = 0.06729373
ES count = 10
Elapsed time = 5.573725461959839 sec
----------
Epoch 163 / 400
train error: avg loss = 0.06294892
ES count = 11
Elapsed time = 5.117506742477417 sec
----------
Epoch 164 / 400
train error: avg loss = 0.06480892
ES count = 12
Elapsed time = 5.419637203216553 sec
----------
Epoch 165 / 400
train error: avg loss = 0.05805695
ES count = 13
Elapsed time = 5.217866897583008 sec
----------
Epoch 166 / 400
train error: avg loss = 0.05853356
ES count = 14
Elapsed time = 5.375242233276367 sec
----------
Epoch 167 / 400
train error: avg loss = 0.06356387
ES count = 15
Elapsed time = 5.324620246887207 sec
----------
Epoch 168 / 400
train error: avg loss = 0.06158789
ES count = 16
Elapsed time = 5.2699134349823 sec
----------
Epoch 169 / 400
train error: avg loss = 0.05636019
Best loss is updated and ES count is reset.
Checkpoint saved to '/fsb/home/yutingwang/ytw_tangzq/schrodinger-bridge-sr-micrometeorology/data/DL_result/ExperimentSchrodingerBridge3dWind/config_wind_3d_ablation_no_pressure_night/checkpoint.pth'
Elapsed time = 5.661202430725098 sec
----------
Epoch 170 / 400
train error: avg loss = 0.06243034
ES count = 1
Elapsed time = 5.179388999938965 sec
----------
Epoch 171 / 400
train error: avg loss = 0.05665148
ES count = 2
Elapsed time = 5.264816522598267 sec
----------
Epoch 172 / 400
train error: avg loss = 0.06058202
ES count = 3
Elapsed time = 5.392740726470947 sec
----------
Epoch 173 / 400
train error: avg loss = 0.06148175
ES count = 4
Elapsed time = 5.2852463722229 sec
----------
Epoch 174 / 400
train error: avg loss = 0.05744272
ES count = 5
Elapsed time = 5.385170221328735 sec
----------
Epoch 175 / 400
train error: avg loss = 0.05641154
ES count = 6
Elapsed time = 5.4842963218688965 sec
----------
Epoch 176 / 400
train error: avg loss = 0.05719136
ES count = 7
Elapsed time = 5.61664342880249 sec
----------
Epoch 177 / 400
train error: avg loss = 0.05800116
ES count = 8
Elapsed time = 5.254774808883667 sec
----------
Epoch 178 / 400
train error: avg loss = 0.05814611
ES count = 9
Elapsed time = 5.38398814201355 sec
----------
Epoch 179 / 400
train error: avg loss = 0.05814135
ES count = 10
Elapsed time = 5.312648773193359 sec
----------
Epoch 180 / 400
train error: avg loss = 0.06500967
ES count = 11
Elapsed time = 5.161255598068237 sec
----------
Epoch 181 / 400
train error: avg loss = 0.06155678
ES count = 12
Elapsed time = 5.414015531539917 sec
----------
Epoch 182 / 400
train error: avg loss = 0.05637454
ES count = 13
Elapsed time = 5.343655347824097 sec
----------
Epoch 183 / 400
train error: avg loss = 0.06020329
ES count = 14
Elapsed time = 5.339775085449219 sec
----------
Epoch 184 / 400
train error: avg loss = 0.05947570
ES count = 15
Elapsed time = 5.359628915786743 sec
----------
Epoch 185 / 400
train error: avg loss = 0.05797272
ES count = 16
Elapsed time = 5.33954381942749 sec
----------
Epoch 186 / 400
train error: avg loss = 0.05915115
ES count = 17
Elapsed time = 5.2764551639556885 sec
----------
Epoch 187 / 400
train error: avg loss = 0.06027335
ES count = 18
Elapsed time = 5.348516225814819 sec
----------
Epoch 188 / 400
train error: avg loss = 0.05535579
Best loss is updated and ES count is reset.
Checkpoint saved to '/fsb/home/yutingwang/ytw_tangzq/schrodinger-bridge-sr-micrometeorology/data/DL_result/ExperimentSchrodingerBridge3dWind/config_wind_3d_ablation_no_pressure_night/checkpoint.pth'
Elapsed time = 5.676069974899292 sec
----------
Epoch 189 / 400
train error: avg loss = 0.06336085
ES count = 1
Elapsed time = 5.342347860336304 sec
----------
Epoch 190 / 400
train error: avg loss = 0.05705282
ES count = 2
Elapsed time = 5.494248867034912 sec
----------
Epoch 191 / 400
train error: avg loss = 0.06076479
ES count = 3
Elapsed time = 5.194025993347168 sec
----------
Epoch 192 / 400
train error: avg loss = 0.05349006
Best loss is updated and ES count is reset.
Checkpoint saved to '/fsb/home/yutingwang/ytw_tangzq/schrodinger-bridge-sr-micrometeorology/data/DL_result/ExperimentSchrodingerBridge3dWind/config_wind_3d_ablation_no_pressure_night/checkpoint.pth'
Elapsed time = 5.7566022872924805 sec
----------
Epoch 193 / 400
train error: avg loss = 0.05594679
ES count = 1
Elapsed time = 5.323280096054077 sec
----------
Epoch 194 / 400
train error: avg loss = 0.05440919
ES count = 2
Elapsed time = 5.273219585418701 sec
----------
Epoch 195 / 400
train error: avg loss = 0.05821035
ES count = 3
Elapsed time = 5.560871124267578 sec
----------
Epoch 196 / 400
train error: avg loss = 0.05799198
ES count = 4
Elapsed time = 5.264171123504639 sec
----------
Epoch 197 / 400
train error: avg loss = 0.05852630
ES count = 5
Elapsed time = 5.20242977142334 sec
----------
Epoch 198 / 400
train error: avg loss = 0.05667596
ES count = 6
Elapsed time = 5.311412334442139 sec
----------
Epoch 199 / 400
train error: avg loss = 0.05512435
ES count = 7
Elapsed time = 5.195362329483032 sec
----------
Epoch 200 / 400
train error: avg loss = 0.05830575
ES count = 8
Epoch = 200. Save a periodic model snapshot.
Elapsed time = 5.360004425048828 sec
----------
Epoch 201 / 400
train error: avg loss = 0.05610721
ES count = 9
Elapsed time = 5.260137319564819 sec
----------
Epoch 202 / 400
train error: avg loss = 0.06052583
ES count = 10
Elapsed time = 5.32013726234436 sec
----------
Epoch 203 / 400
train error: avg loss = 0.06244231
ES count = 11
Elapsed time = 5.280267000198364 sec
----------
Epoch 204 / 400
train error: avg loss = 0.06272783
ES count = 12
Elapsed time = 5.354471683502197 sec
----------
Epoch 205 / 400
train error: avg loss = 0.05470090
ES count = 13
Elapsed time = 5.312595367431641 sec
----------
Epoch 206 / 400
train error: avg loss = 0.05531809
ES count = 14
Elapsed time = 5.3137123584747314 sec
----------
Epoch 207 / 400
train error: avg loss = 0.06055672
ES count = 15
Elapsed time = 5.36224365234375 sec
----------
Epoch 208 / 400
train error: avg loss = 0.05594173
ES count = 16
Elapsed time = 5.36444616317749 sec
----------
Epoch 209 / 400
train error: avg loss = 0.06025942
ES count = 17
Elapsed time = 5.224645614624023 sec
----------
Epoch 210 / 400
train error: avg loss = 0.05492968
ES count = 18
Elapsed time = 5.292788743972778 sec
----------
Epoch 211 / 400
train error: avg loss = 0.05644550
ES count = 19
Elapsed time = 5.310168504714966 sec
----------
Epoch 212 / 400
train error: avg loss = 0.05799754
ES count = 20
Elapsed time = 5.3794238567352295 sec
----------
Epoch 213 / 400
train error: avg loss = 0.05360671
ES count = 21
Elapsed time = 5.427391290664673 sec
----------
Epoch 214 / 400
train error: avg loss = 0.05431146
ES count = 22
Elapsed time = 5.298874378204346 sec
----------
Epoch 215 / 400
train error: avg loss = 0.05785647
ES count = 23
Elapsed time = 5.536031246185303 sec
----------
Epoch 216 / 400
train error: avg loss = 0.05690555
ES count = 24
Elapsed time = 5.18420672416687 sec
----------
Epoch 217 / 400
train error: avg loss = 0.05650133
ES count = 25
Elapsed time = 5.268878936767578 sec
----------
Epoch 218 / 400
train error: avg loss = 0.04938286
Best loss is updated and ES count is reset.
Checkpoint saved to '/fsb/home/yutingwang/ytw_tangzq/schrodinger-bridge-sr-micrometeorology/data/DL_result/ExperimentSchrodingerBridge3dWind/config_wind_3d_ablation_no_pressure_night/checkpoint.pth'
Elapsed time = 5.681128025054932 sec
----------
Epoch 219 / 400
train error: avg loss = 0.05306001
ES count = 1
Elapsed time = 5.293920278549194 sec
----------
Epoch 220 / 400
train error: avg loss = 0.05365640
ES count = 2
Elapsed time = 5.382014989852905 sec
----------
Epoch 221 / 400
train error: avg loss = 0.05179927
ES count = 3
Elapsed time = 5.635368585586548 sec
----------
Epoch 222 / 400
train error: avg loss = 0.05666261
ES count = 4
Elapsed time = 5.272199630737305 sec
----------
Epoch 223 / 400
train error: avg loss = 0.05754373
ES count = 5
Elapsed time = 5.303476572036743 sec
----------
Epoch 224 / 400
train error: avg loss = 0.05243662
ES count = 6
Elapsed time = 5.3194169998168945 sec
----------
Epoch 225 / 400
train error: avg loss = 0.05635393
ES count = 7
Elapsed time = 5.368683576583862 sec
----------
Epoch 226 / 400
train error: avg loss = 0.04968517
ES count = 8
Elapsed time = 5.219050645828247 sec
----------
Epoch 227 / 400
train error: avg loss = 0.05176878
ES count = 9
Elapsed time = 5.328954219818115 sec
----------
Epoch 228 / 400
train error: avg loss = 0.05491972
ES count = 10
Elapsed time = 5.311870336532593 sec
----------
Epoch 229 / 400
train error: avg loss = 0.05336707
ES count = 11
Elapsed time = 5.373693943023682 sec
----------
Epoch 230 / 400
train error: avg loss = 0.05275532
ES count = 12
Elapsed time = 5.421109437942505 sec
----------
Epoch 231 / 400
train error: avg loss = 0.05072460
ES count = 13
Elapsed time = 5.286607265472412 sec
----------
Epoch 232 / 400
train error: avg loss = 0.05316214
ES count = 14
Elapsed time = 5.364624977111816 sec
----------
Epoch 233 / 400
train error: avg loss = 0.05991076
ES count = 15
Elapsed time = 5.214611053466797 sec
----------
Epoch 234 / 400
train error: avg loss = 0.05104290
ES count = 16
Elapsed time = 5.254151105880737 sec
----------
Epoch 235 / 400
train error: avg loss = 0.05039456
ES count = 17
Elapsed time = 5.256296157836914 sec
----------
Epoch 236 / 400
train error: avg loss = 0.05681869
ES count = 18
Elapsed time = 5.220563888549805 sec
----------
Epoch 237 / 400
train error: avg loss = 0.04946175
ES count = 19
Elapsed time = 5.277402877807617 sec
----------
Epoch 238 / 400
train error: avg loss = 0.04817045
Best loss is updated and ES count is reset.
Checkpoint saved to '/fsb/home/yutingwang/ytw_tangzq/schrodinger-bridge-sr-micrometeorology/data/DL_result/ExperimentSchrodingerBridge3dWind/config_wind_3d_ablation_no_pressure_night/checkpoint.pth'
Elapsed time = 5.445910453796387 sec
----------
Epoch 239 / 400
train error: avg loss = 0.05582162
ES count = 1
Elapsed time = 5.14005708694458 sec
----------
Epoch 240 / 400
train error: avg loss = 0.05141497
ES count = 2
Elapsed time = 5.292346954345703 sec
----------
Epoch 241 / 400
train error: avg loss = 0.05460381
ES count = 3
Elapsed time = 5.264816045761108 sec
----------
Epoch 242 / 400
train error: avg loss = 0.05015870
ES count = 4
Elapsed time = 5.209474802017212 sec
----------
Epoch 243 / 400
train error: avg loss = 0.05375326
ES count = 5
Elapsed time = 5.214532852172852 sec
----------
Epoch 244 / 400
train error: avg loss = 0.05391175
ES count = 6
Elapsed time = 5.1715662479400635 sec
----------
Epoch 245 / 400
train error: avg loss = 0.05304388
ES count = 7
Elapsed time = 5.145230770111084 sec
----------
Epoch 246 / 400
train error: avg loss = 0.05294139
ES count = 8
Elapsed time = 5.24016809463501 sec
----------
Epoch 247 / 400
train error: avg loss = 0.05086503
ES count = 9
Elapsed time = 5.1921706199646 sec
----------
Epoch 248 / 400
train error: avg loss = 0.05026446
ES count = 10
Elapsed time = 5.329984426498413 sec
----------
Epoch 249 / 400
train error: avg loss = 0.05175425
ES count = 11
Elapsed time = 5.478774070739746 sec
----------
Epoch 250 / 400
train error: avg loss = 0.05378467
ES count = 12
Elapsed time = 5.348647117614746 sec
----------
Epoch 251 / 400
train error: avg loss = 0.05163267
ES count = 13
Elapsed time = 5.360067844390869 sec
----------
Epoch 252 / 400
train error: avg loss = 0.04968160
ES count = 14
Elapsed time = 5.286945343017578 sec
----------
Epoch 253 / 400
train error: avg loss = 0.05021638
ES count = 15
Elapsed time = 5.369009733200073 sec
----------
Epoch 254 / 400
train error: avg loss = 0.04953244
ES count = 16
Elapsed time = 5.393688440322876 sec
----------
Epoch 255 / 400
train error: avg loss = 0.04976454
ES count = 17
Elapsed time = 5.3317365646362305 sec
----------
Epoch 256 / 400
train error: avg loss = 0.05127967
ES count = 18
Elapsed time = 5.288338899612427 sec
----------
Epoch 257 / 400
train error: avg loss = 0.05174186
ES count = 19
Elapsed time = 5.251767873764038 sec
----------
Epoch 258 / 400
train error: avg loss = 0.05440555
ES count = 20
Elapsed time = 5.229793548583984 sec
----------
Epoch 259 / 400
train error: avg loss = 0.05102686
ES count = 21
Elapsed time = 5.464734792709351 sec
----------
Epoch 260 / 400
train error: avg loss = 0.04830907
ES count = 22
Elapsed time = 5.197822332382202 sec
----------
Epoch 261 / 400
train error: avg loss = 0.05257354
ES count = 23
Elapsed time = 5.466819524765015 sec
----------
Epoch 262 / 400
train error: avg loss = 0.04737947
Best loss is updated and ES count is reset.
Checkpoint saved to '/fsb/home/yutingwang/ytw_tangzq/schrodinger-bridge-sr-micrometeorology/data/DL_result/ExperimentSchrodingerBridge3dWind/config_wind_3d_ablation_no_pressure_night/checkpoint.pth'
Elapsed time = 5.64718222618103 sec
----------
Epoch 263 / 400
train error: avg loss = 0.04954516
ES count = 1
Elapsed time = 5.307354688644409 sec
----------
Epoch 264 / 400
train error: avg loss = 0.05205698
ES count = 2
Elapsed time = 5.333215236663818 sec
----------
Epoch 265 / 400
train error: avg loss = 0.05606877
ES count = 3
Elapsed time = 5.316034555435181 sec
----------
Epoch 266 / 400
train error: avg loss = 0.04985922
ES count = 4
Elapsed time = 5.317444086074829 sec
----------
Epoch 267 / 400
train error: avg loss = 0.05323155
ES count = 5
Elapsed time = 5.170980215072632 sec
----------
Epoch 268 / 400
train error: avg loss = 0.05356414
ES count = 6
Elapsed time = 5.311784505844116 sec
----------
Epoch 269 / 400
train error: avg loss = 0.05291506
ES count = 7
Elapsed time = 5.292735576629639 sec
----------
Epoch 270 / 400
train error: avg loss = 0.05060681
ES count = 8
Elapsed time = 5.247514724731445 sec
----------
Epoch 271 / 400
train error: avg loss = 0.04960169
ES count = 9
Elapsed time = 5.4006571769714355 sec
----------
Epoch 272 / 400
train error: avg loss = 0.04725945
Best loss is updated and ES count is reset.
Checkpoint saved to '/fsb/home/yutingwang/ytw_tangzq/schrodinger-bridge-sr-micrometeorology/data/DL_result/ExperimentSchrodingerBridge3dWind/config_wind_3d_ablation_no_pressure_night/checkpoint.pth'
Elapsed time = 5.581466197967529 sec
----------
Epoch 273 / 400
train error: avg loss = 0.04932369
ES count = 1
Elapsed time = 5.29520320892334 sec
----------
Epoch 274 / 400
train error: avg loss = 0.05367480
ES count = 2
Elapsed time = 5.373116731643677 sec
----------
Epoch 275 / 400
train error: avg loss = 0.05336409
ES count = 3
Elapsed time = 5.217123746871948 sec
----------
Epoch 276 / 400
train error: avg loss = 0.05356222
ES count = 4
Elapsed time = 5.251418352127075 sec
----------
Epoch 277 / 400
train error: avg loss = 0.05176681
ES count = 5
Elapsed time = 5.361290693283081 sec
----------
Epoch 278 / 400
train error: avg loss = 0.05265971
ES count = 6
Elapsed time = 5.3158886432647705 sec
----------
Epoch 279 / 400
train error: avg loss = 0.05562635
ES count = 7
Elapsed time = 5.442196846008301 sec
----------
Epoch 280 / 400
train error: avg loss = 0.05306586
ES count = 8
Elapsed time = 5.311582326889038 sec
----------
Epoch 281 / 400
train error: avg loss = 0.04937474
ES count = 9
Elapsed time = 5.193742990493774 sec
----------
Epoch 282 / 400
train error: avg loss = 0.05538977
ES count = 10
Elapsed time = 5.356109619140625 sec
----------
Epoch 283 / 400
train error: avg loss = 0.05207500
ES count = 11
Elapsed time = 5.275400876998901 sec
----------
Epoch 284 / 400
train error: avg loss = 0.04569615
Best loss is updated and ES count is reset.
Checkpoint saved to '/fsb/home/yutingwang/ytw_tangzq/schrodinger-bridge-sr-micrometeorology/data/DL_result/ExperimentSchrodingerBridge3dWind/config_wind_3d_ablation_no_pressure_night/checkpoint.pth'
Elapsed time = 5.4459474086761475 sec
----------
Epoch 285 / 400
train error: avg loss = 0.05277345
ES count = 1
Elapsed time = 5.517599821090698 sec
----------
Epoch 286 / 400
train error: avg loss = 0.04575324
ES count = 2
Elapsed time = 5.3625147342681885 sec
----------
Epoch 287 / 400
train error: avg loss = 0.04994368
ES count = 3
Elapsed time = 5.322960615158081 sec
----------
Epoch 288 / 400
train error: avg loss = 0.04902169
ES count = 4
Elapsed time = 5.100411653518677 sec
----------
Epoch 289 / 400
train error: avg loss = 0.05001266
ES count = 5
Elapsed time = 5.45309853553772 sec
----------
Epoch 290 / 400
train error: avg loss = 0.04885280
ES count = 6
Elapsed time = 5.284214496612549 sec
----------
Epoch 291 / 400
train error: avg loss = 0.04741571
ES count = 7
Elapsed time = 5.249439001083374 sec
----------
Epoch 292 / 400
train error: avg loss = 0.04972018
ES count = 8
Elapsed time = 5.204822301864624 sec
----------
Epoch 293 / 400
train error: avg loss = 0.05055746
ES count = 9
Elapsed time = 5.487722158432007 sec
----------
Epoch 294 / 400
train error: avg loss = 0.05007586
ES count = 10
Elapsed time = 5.592530965805054 sec
----------
Epoch 295 / 400
train error: avg loss = 0.05090565
ES count = 11
Elapsed time = 5.365100622177124 sec
----------
Epoch 296 / 400
train error: avg loss = 0.05130597
ES count = 12
Elapsed time = 5.194667100906372 sec
----------
Epoch 297 / 400
train error: avg loss = 0.05442711
ES count = 13
Elapsed time = 5.29347038269043 sec
----------
Epoch 298 / 400
train error: avg loss = 0.05066152
ES count = 14
Elapsed time = 5.359551668167114 sec
----------
Epoch 299 / 400
train error: avg loss = 0.04891359
ES count = 15
Elapsed time = 5.247859001159668 sec
----------
Epoch 300 / 400
train error: avg loss = 0.04704380
ES count = 16
Epoch = 300. Save a periodic model snapshot.
Elapsed time = 5.345813989639282 sec
----------
Epoch 301 / 400
train error: avg loss = 0.06784896
ES count = 17
Elapsed time = 5.267260313034058 sec
----------
Epoch 302 / 400
train error: avg loss = 0.05597875
ES count = 18
Elapsed time = 5.213648557662964 sec
----------
Epoch 303 / 400
train error: avg loss = 0.04819861
ES count = 19
Elapsed time = 5.414927959442139 sec
----------
Epoch 304 / 400
train error: avg loss = 0.05287814
ES count = 20
Elapsed time = 5.305539846420288 sec
----------
Epoch 305 / 400
train error: avg loss = 0.04873848
ES count = 21
Elapsed time = 5.26433253288269 sec
----------
Epoch 306 / 400
train error: avg loss = 0.04540051
Best loss is updated and ES count is reset.
Checkpoint saved to '/fsb/home/yutingwang/ytw_tangzq/schrodinger-bridge-sr-micrometeorology/data/DL_result/ExperimentSchrodingerBridge3dWind/config_wind_3d_ablation_no_pressure_night/checkpoint.pth'
Elapsed time = 5.633187770843506 sec
----------
Epoch 307 / 400
train error: avg loss = 0.04806177
ES count = 1
Elapsed time = 5.171530485153198 sec
----------
Epoch 308 / 400
train error: avg loss = 0.05005918
ES count = 2
Elapsed time = 5.455119848251343 sec
----------
Epoch 309 / 400
train error: avg loss = 0.04552373
ES count = 3
Elapsed time = 5.464964151382446 sec
----------
Epoch 310 / 400
train error: avg loss = 0.04575090
ES count = 4
Elapsed time = 5.351454973220825 sec
----------
Epoch 311 / 400
train error: avg loss = 0.04626648
ES count = 5
Elapsed time = 5.357559680938721 sec
----------
Epoch 312 / 400
train error: avg loss = 0.04879181
ES count = 6
Elapsed time = 5.385244131088257 sec
----------
Epoch 313 / 400
train error: avg loss = 0.05254155
ES count = 7
Elapsed time = 5.2402989864349365 sec
----------
Epoch 314 / 400
train error: avg loss = 0.04731119
ES count = 8
Elapsed time = 5.119857311248779 sec
----------
Epoch 315 / 400
train error: avg loss = 0.05280237
ES count = 9
Elapsed time = 5.479996204376221 sec
----------
Epoch 316 / 400
train error: avg loss = 0.04859786
ES count = 10
Elapsed time = 5.3814167976379395 sec
----------
Epoch 317 / 400
train error: avg loss = 0.04894969
ES count = 11
Elapsed time = 5.396766424179077 sec
----------
Epoch 318 / 400
train error: avg loss = 0.04690831
ES count = 12
Elapsed time = 5.313965559005737 sec
----------
Epoch 319 / 400
train error: avg loss = 0.04965627
ES count = 13
Elapsed time = 5.29310417175293 sec
----------
Epoch 320 / 400
train error: avg loss = 0.04915165
ES count = 14
Elapsed time = 5.456148147583008 sec
----------
Epoch 321 / 400
train error: avg loss = 0.04932011
ES count = 15
Elapsed time = 5.44061541557312 sec
----------
Epoch 322 / 400
train error: avg loss = 0.04902441
ES count = 16
Elapsed time = 5.667405605316162 sec
----------
Epoch 323 / 400
train error: avg loss = 0.05149831
ES count = 17
Elapsed time = 5.402637720108032 sec
----------
Epoch 324 / 400
train error: avg loss = 0.04693809
ES count = 18
Elapsed time = 5.449147462844849 sec
----------
Epoch 325 / 400
train error: avg loss = 0.04850032
ES count = 19
Elapsed time = 5.3794331550598145 sec
----------
Epoch 326 / 400
train error: avg loss = 0.04866921
ES count = 20
Elapsed time = 5.4877917766571045 sec
----------
Epoch 327 / 400
train error: avg loss = 0.04404017
Best loss is updated and ES count is reset.
Checkpoint saved to '/fsb/home/yutingwang/ytw_tangzq/schrodinger-bridge-sr-micrometeorology/data/DL_result/ExperimentSchrodingerBridge3dWind/config_wind_3d_ablation_no_pressure_night/checkpoint.pth'
Elapsed time = 5.635373592376709 sec
----------
Epoch 328 / 400
train error: avg loss = 0.04556482
ES count = 1
Elapsed time = 5.426109313964844 sec
----------
Epoch 329 / 400
train error: avg loss = 0.04539461
ES count = 2
Elapsed time = 5.365008592605591 sec
----------
Epoch 330 / 400
train error: avg loss = 0.04824170
ES count = 3
Elapsed time = 5.353466987609863 sec
----------
Epoch 331 / 400
train error: avg loss = 0.04580761
ES count = 4
Elapsed time = 5.427937030792236 sec
----------
Epoch 332 / 400
train error: avg loss = 0.04509073
ES count = 5
Elapsed time = 5.354260206222534 sec
----------
Epoch 333 / 400
train error: avg loss = 0.04700331
ES count = 6
Elapsed time = 5.444868803024292 sec
----------
Epoch 334 / 400
train error: avg loss = 0.05037354
ES count = 7
Elapsed time = 5.461207628250122 sec
----------
Epoch 335 / 400
train error: avg loss = 0.05132198
ES count = 8
Elapsed time = 5.29297947883606 sec
----------
Epoch 336 / 400
train error: avg loss = 0.04956889
ES count = 9
Elapsed time = 5.423537731170654 sec
----------
Epoch 337 / 400
train error: avg loss = 0.04511559
ES count = 10
Elapsed time = 5.460923194885254 sec
----------
Epoch 338 / 400
train error: avg loss = 0.04884526
ES count = 11
Elapsed time = 5.477417469024658 sec
----------
Epoch 339 / 400
train error: avg loss = 0.04608857
ES count = 12
Elapsed time = 5.560734748840332 sec
----------
Epoch 340 / 400
train error: avg loss = 0.04963290
ES count = 13
Elapsed time = 5.463630199432373 sec
----------
Epoch 341 / 400
train error: avg loss = 0.04660492
ES count = 14
Elapsed time = 5.407585144042969 sec
----------
Epoch 342 / 400
train error: avg loss = 0.04651721
ES count = 15
Elapsed time = 5.328577041625977 sec
----------
Epoch 343 / 400
train error: avg loss = 0.04726706
ES count = 16
Elapsed time = 5.30526065826416 sec
----------
Epoch 344 / 400
train error: avg loss = 0.04669178
ES count = 17
Elapsed time = 5.334915399551392 sec
----------
Epoch 345 / 400
train error: avg loss = 0.05027837
ES count = 18
Elapsed time = 4.874627590179443 sec
----------
Epoch 346 / 400
train error: avg loss = 0.04772699
ES count = 19
Elapsed time = 4.9362852573394775 sec
----------
Epoch 347 / 400
train error: avg loss = 0.04545715
ES count = 20
Elapsed time = 4.715730905532837 sec
----------
Epoch 348 / 400
train error: avg loss = 0.04948827
ES count = 21
Elapsed time = 4.7547197341918945 sec
----------
Epoch 349 / 400
train error: avg loss = 0.04934460
ES count = 22
Elapsed time = 4.744173049926758 sec
----------
Epoch 350 / 400
train error: avg loss = 0.04820059
ES count = 23
Elapsed time = 4.848198175430298 sec
----------
Epoch 351 / 400
train error: avg loss = 0.04843407
ES count = 24
Elapsed time = 4.747801780700684 sec
----------
Epoch 352 / 400
train error: avg loss = 0.04710736
ES count = 25
Elapsed time = 4.710126161575317 sec
----------
Epoch 353 / 400
train error: avg loss = 0.04967425
ES count = 26
Elapsed time = 4.764886379241943 sec
----------
Epoch 354 / 400
train error: avg loss = 0.04746431
ES count = 27
Elapsed time = 4.81588339805603 sec
----------
Epoch 355 / 400
train error: avg loss = 0.04625488
ES count = 28
Elapsed time = 4.742552280426025 sec
----------
Epoch 356 / 400
train error: avg loss = 0.04626946
ES count = 29
Elapsed time = 4.778979539871216 sec
----------
Epoch 357 / 400
train error: avg loss = 0.04716106
ES count = 30
Elapsed time = 4.860859632492065 sec
----------
Epoch 358 / 400
train error: avg loss = 0.04369297
Best loss is updated and ES count is reset.
Checkpoint saved to '/fsb/home/yutingwang/ytw_tangzq/schrodinger-bridge-sr-micrometeorology/data/DL_result/ExperimentSchrodingerBridge3dWind/config_wind_3d_ablation_no_pressure_night/checkpoint.pth'
Elapsed time = 5.019469738006592 sec
----------
Epoch 359 / 400
train error: avg loss = 0.04640990
ES count = 1
Elapsed time = 4.804365158081055 sec
----------
Epoch 360 / 400
train error: avg loss = 0.04849425
ES count = 2
Elapsed time = 4.743687629699707 sec
----------
Epoch 361 / 400
train error: avg loss = 0.04647865
ES count = 3
Elapsed time = 4.817540645599365 sec
----------
Epoch 362 / 400
train error: avg loss = 0.04296429
Best loss is updated and ES count is reset.
Checkpoint saved to '/fsb/home/yutingwang/ytw_tangzq/schrodinger-bridge-sr-micrometeorology/data/DL_result/ExperimentSchrodingerBridge3dWind/config_wind_3d_ablation_no_pressure_night/checkpoint.pth'
Elapsed time = 5.008405923843384 sec
----------
Epoch 363 / 400
train error: avg loss = 0.04765622
ES count = 1
Elapsed time = 4.794985294342041 sec
----------
Epoch 364 / 400
train error: avg loss = 0.04584102
ES count = 2
Elapsed time = 4.793649673461914 sec
----------
Epoch 365 / 400
train error: avg loss = 0.04641523
ES count = 3
Elapsed time = 4.738387584686279 sec
----------
Epoch 366 / 400
train error: avg loss = 0.04885343
ES count = 4
Elapsed time = 4.790290594100952 sec
----------
Epoch 367 / 400
train error: avg loss = 0.05118431
ES count = 5
Elapsed time = 4.806130647659302 sec
----------
Epoch 368 / 400
train error: avg loss = 0.04553198
ES count = 6
Elapsed time = 4.919437885284424 sec
----------
Epoch 369 / 400
train error: avg loss = 0.04561629
ES count = 7
Elapsed time = 4.827143669128418 sec
----------
Epoch 370 / 400
train error: avg loss = 0.04437119
ES count = 8
Elapsed time = 4.754554271697998 sec
----------
Epoch 371 / 400
train error: avg loss = 0.04425352
ES count = 9
Elapsed time = 4.814669132232666 sec
----------
Epoch 372 / 400
train error: avg loss = 0.04484764
ES count = 10
Elapsed time = 4.760598182678223 sec
----------
Epoch 373 / 400
train error: avg loss = 0.05246340
ES count = 11
Elapsed time = 4.6755383014678955 sec
----------
Epoch 374 / 400
train error: avg loss = 0.04655722
ES count = 12
Elapsed time = 4.752059459686279 sec
----------
Epoch 375 / 400
train error: avg loss = 0.04709912
ES count = 13
Elapsed time = 4.758176326751709 sec
----------
Epoch 376 / 400
train error: avg loss = 0.04716546
ES count = 14
Elapsed time = 4.7320826053619385 sec
----------
Epoch 377 / 400
train error: avg loss = 0.04453413
ES count = 15
Elapsed time = 4.786084413528442 sec
----------
Epoch 378 / 400
train error: avg loss = 0.04215131
Best loss is updated and ES count is reset.
Checkpoint saved to '/fsb/home/yutingwang/ytw_tangzq/schrodinger-bridge-sr-micrometeorology/data/DL_result/ExperimentSchrodingerBridge3dWind/config_wind_3d_ablation_no_pressure_night/checkpoint.pth'
Elapsed time = 5.020561933517456 sec
----------
Epoch 379 / 400
train error: avg loss = 0.04707225
ES count = 1
Elapsed time = 4.773357391357422 sec
----------
Epoch 380 / 400
train error: avg loss = 0.04779897
ES count = 2
Elapsed time = 4.856189727783203 sec
----------
Epoch 381 / 400
train error: avg loss = 0.04671851
ES count = 3
Elapsed time = 4.73579740524292 sec
----------
Epoch 382 / 400
train error: avg loss = 0.04617446
ES count = 4
Elapsed time = 4.89545202255249 sec
----------
Epoch 383 / 400
train error: avg loss = 0.04337108
ES count = 5
Elapsed time = 4.7458717823028564 sec
----------
Epoch 384 / 400
train error: avg loss = 0.04295663
ES count = 6
Elapsed time = 4.695809841156006 sec
----------
Epoch 385 / 400
train error: avg loss = 0.04504838
ES count = 7
Elapsed time = 4.753070592880249 sec
----------
Epoch 386 / 400
train error: avg loss = 0.04129757
Best loss is updated and ES count is reset.
Checkpoint saved to '/fsb/home/yutingwang/ytw_tangzq/schrodinger-bridge-sr-micrometeorology/data/DL_result/ExperimentSchrodingerBridge3dWind/config_wind_3d_ablation_no_pressure_night/checkpoint.pth'
Elapsed time = 5.056922674179077 sec
----------
Epoch 387 / 400
train error: avg loss = 0.04389847
ES count = 1
Elapsed time = 4.732417583465576 sec
----------
Epoch 388 / 400
train error: avg loss = 0.04939962
ES count = 2
Elapsed time = 4.765835285186768 sec
----------
Epoch 389 / 400
train error: avg loss = 0.04722942
ES count = 3
Elapsed time = 4.821928262710571 sec
----------
Epoch 390 / 400
train error: avg loss = 0.04291517
ES count = 4
Elapsed time = 4.731353998184204 sec
----------
Epoch 391 / 400
train error: avg loss = 0.04648878
ES count = 5
Elapsed time = 4.775293827056885 sec
----------
Epoch 392 / 400
train error: avg loss = 0.04481027
ES count = 6
Elapsed time = 4.766082048416138 sec
----------
Epoch 393 / 400
train error: avg loss = 0.04668752
ES count = 7
Elapsed time = 4.725271940231323 sec
----------
Epoch 394 / 400
train error: avg loss = 0.04494321
ES count = 8
Elapsed time = 4.732393264770508 sec
----------
Epoch 395 / 400
train error: avg loss = 0.04689838
ES count = 9
Elapsed time = 4.816372394561768 sec
----------
Epoch 396 / 400
train error: avg loss = 0.04472170
ES count = 10
Elapsed time = 4.756853103637695 sec
----------
Epoch 397 / 400
train error: avg loss = 0.04443881
ES count = 11
Elapsed time = 4.753560543060303 sec
----------
Epoch 398 / 400
train error: avg loss = 0.04529512
ES count = 12
Elapsed time = 4.816629648208618 sec
----------
Epoch 399 / 400
train error: avg loss = 0.04438393
ES count = 13
Elapsed time = 4.88196873664856 sec
----------
Epoch 400 / 400
train error: avg loss = 0.04482719
ES count = 14
Epoch = 400. Save a periodic model snapshot.
Elapsed time = 4.927188396453857 sec
----------
Epoch 401 / 400
train error: avg loss = 0.04560710
ES count = 15
Elapsed time = 4.853664875030518 sec
----------
Train end: 2026-07-14T14:43:00.301487+00:00 UTC
Best epoch: 386, best_loss: 0.04129757
Total elapsed time = 35.53042573531469 min

**************************************************
Make inference
**************************************************


Inference at epoch 100.
UNetDDPMVer01 is created
dataset_config.dataset_name='Dataset3dWind'
The total files = 480. A part of them is used for training.
train: 146/335 samples kept after day_night_filter=night
valid: 31/70 samples kept after day_night_filter=night
test: 35/75 samples kept after day_night_filter=night
All files give to dataset are 31.
Reading all files.
valid: dataset size = 31, batch num = 16

Requested 60 samples, but only 31 are available. Using all available data.
Inference out = /fsb/home/yutingwang/ytw_tangzq/schrodinger-bridge-sr-micrometeorology/data/DL_result/ExperimentSchrodingerBridge3dWind/config_wind_3d_ablation_no_pressure_night/inference_0100.pickle
Total elapsed time = 0.0782257080078125 min


Inference at epoch 200.
UNetDDPMVer01 is created
dataset_config.dataset_name='Dataset3dWind'
The total files = 480. A part of them is used for training.
train: 146/335 samples kept after day_night_filter=night
valid: 31/70 samples kept after day_night_filter=night
test: 35/75 samples kept after day_night_filter=night
All files give to dataset are 31.
Reading all files.
valid: dataset size = 31, batch num = 16

Requested 60 samples, but only 31 are available. Using all available data.
Inference out = /fsb/home/yutingwang/ytw_tangzq/schrodinger-bridge-sr-micrometeorology/data/DL_result/ExperimentSchrodingerBridge3dWind/config_wind_3d_ablation_no_pressure_night/inference_0200.pickle
Total elapsed time = 0.06862739721934001 min


Inference at epoch 300.
UNetDDPMVer01 is created
dataset_config.dataset_name='Dataset3dWind'
The total files = 480. A part of them is used for training.
train: 146/335 samples kept after day_night_filter=night
valid: 31/70 samples kept after day_night_filter=night
test: 35/75 samples kept after day_night_filter=night
All files give to dataset are 31.
Reading all files.
valid: dataset size = 31, batch num = 16

Requested 60 samples, but only 31 are available. Using all available data.
Inference out = /fsb/home/yutingwang/ytw_tangzq/schrodinger-bridge-sr-micrometeorology/data/DL_result/ExperimentSchrodingerBridge3dWind/config_wind_3d_ablation_no_pressure_night/inference_0300.pickle
Total elapsed time = 0.06414014101028442 min


Inference at epoch 400.
UNetDDPMVer01 is created
dataset_config.dataset_name='Dataset3dWind'
The total files = 480. A part of them is used for training.
train: 146/335 samples kept after day_night_filter=night
valid: 31/70 samples kept after day_night_filter=night
test: 35/75 samples kept after day_night_filter=night
All files give to dataset are 31.
Reading all files.
valid: dataset size = 31, batch num = 16

Requested 60 samples, but only 31 are available. Using all available data.
Inference out = /fsb/home/yutingwang/ytw_tangzq/schrodinger-bridge-sr-micrometeorology/data/DL_result/ExperimentSchrodingerBridge3dWind/config_wind_3d_ablation_no_pressure_night/inference_0400.pickle
Total elapsed time = 0.07246844371159872 min

End all inference processes.

End: Tue Jul 14 22:43:19 CST 2026

------------------------------------------------------------
Sender: LSF System <lsfadmin@m002>
Subject: Job 13742375: <abl_night_no_pressure> in cluster <hpc> Done

Job <abl_night_no_pressure> was submitted from host <login1> by user <ytw_tangzq> in cluster <hpc> at Tue Jul 14 21:25:17 2026
Job was executed on host(s) <6*m002>, in queue <723090ib>, as user <ytw_tangzq> in cluster <hpc> at Tue Jul 14 22:07:00 2026
</fsb/home/yutingwang/ytw_tangzq> was used as the home directory.
</fsb/home/yutingwang/ytw_tangzq/schrodinger-bridge-sr-micrometeorology> was used as the working directory.
Started at Tue Jul 14 22:07:00 2026
Terminated at Tue Jul 14 22:43:19 2026
Results reported at Tue Jul 14 22:43:19 2026

Your job looked like:

------------------------------------------------------------
# LSBATCH: User input
#!/bin/bash
# ============================================
# LSF — Day/Night Ablation: NoPSFC (night)
# 128x128 + inner_ch=32 + pure L2 + GPU
# ============================================
#BSUB -q 723090ib
#BSUB -gpu "num=1:mode=exclusive_process"
#BSUB -n 4
#BSUB -R "rusage[mem=32000]"
#BSUB -J abl_night_no_pressure
#BSUB -o logs/abl_night_no_pressure_%J.out
#BSUB -e logs/abl_night_no_pressure_%J.err

module load anaconda/3
module load cuda/11.8.0
source activate wind3d

cd $LS_SUBCWD
mkdir -p logs

echo "=== Ablation: NoPSFC | Filter: night ==="
echo "Config: configs/config_wind_3d_ablation_no_pressure_night.yml"
echo "Host: $(hostname)"
echo "GPU:  $(nvidia-smi --query-gpu=name,memory.total --format=csv,noheader 2>/dev/null || echo 'N/A')"
echo "Start: $(date)"
echo ""

python scripts/train_schrodinger_bridge_model.py \
  --config_path configs/config_wind_3d_ablation_no_pressure_night.yml \
  --experiment_name ExperimentSchrodingerBridge3dWind \
  --device cuda:0

echo ""
echo "End: $(date)"

------------------------------------------------------------

Successfully completed.

Resource usage summary:

    CPU time :                                   2550.31 sec.
    Max Memory :                                 2071 MB
    Average Memory :                             2006.16 MB
    Total Requested Memory :                     32000.00 MB
    Delta Memory :                               29929.00 MB
    Max Swap :                                   -
    Max Processes :                              8
    Max Threads :                                48
    Run time :                                   2179 sec.
    Turnaround time :                            4682 sec.

The output (if any) is above this job summary.



PS:

Read file <logs/abl_night_no_pressure_13742375.err> for stderr output of this job.

