=== Ablation: NoPSFC | Filter: day | Large (192x192, 64ch) ===
Config: configs/config_wind_3d_ablation_no_pressure_day_large.yml
Host: m002
GPU:  NVIDIA GeForce RTX 3090, 24576 MiB
Start: Wed Jul 15 22:10:33 CST 2026

Experiment Schrodinger-Bridge 3D Wind Model is selected.

**************************************************
Show configuration
**************************************************

experiment_name='ExperimentSchrodingerBridge3dWind'
config_name='config_wind_3d_ablation_no_pressure_day_large'
config_path='configs/config_wind_3d_ablation_no_pressure_day_large.yml'
result_dir_path='/fsb/home/yutingwang/ytw_tangzq/schrodinger-bridge-sr-micrometeorology/data/DL_result/ExperimentSchrodingerBridge3dWind/config_wind_3d_ablation_no_pressure_day_large'

Input config = {
  "data": {
    "target_variable_names": [
      "hr_u_ml0",
      "hr_v_ml0",
      "hr_w_ml0",
      "hr_u_ml1",
      "hr_v_ml1",
      "hr_w_ml1",
      "hr_u_ml2",
      "hr_v_ml2",
      "hr_w_ml2",
      "hr_u_ml3",
      "hr_v_ml3",
      "hr_w_ml3",
      "hr_u_ml5",
      "hr_v_ml5",
      "hr_w_ml5",
      "hr_u_ml10",
      "hr_v_ml10",
      "hr_w_ml10"
    ],
    "input_variable_names": [
      "t2",
      "z",
      "lu",
      "tsk",
      "swdown",
      "glw",
      "hfx",
      "lh",
      "pblh"
    ],
    "biases": {
      "hr_u_ml0": -1.95426,
      "hr_v_ml0": 2.778181,
      "hr_w_ml0": -0.005726,
      "lr_u_ml0": -1.95424,
      "lr_v_ml0": 2.778251,
      "lr_w_ml0": -0.00573,
      "hr_u_ml1": -2.236401,
      "hr_v_ml1": 3.337655,
      "hr_w_ml1": -0.005083,
      "lr_u_ml1": -2.236384,
      "lr_v_ml1": 3.337749,
      "lr_w_ml1": -0.005087,
      "hr_u_ml2": -2.376027,
      "hr_v_ml2": 3.760786,
      "hr_w_ml2": -0.003274,
      "lr_u_ml2": -2.37602,
      "lr_v_ml2": 3.760872,
      "lr_w_ml2": -0.003278,
      "hr_u_ml3": -2.451712,
      "hr_v_ml3": 4.141908,
      "hr_w_ml3": -0.000605,
      "lr_u_ml3": -2.451715,
      "lr_v_ml3": 4.141976,
      "lr_w_ml3": -0.000607,
      "hr_u_ml5": -2.441044,
      "hr_v_ml5": 4.68079,
      "hr_w_ml5": 0.005137,
      "lr_u_ml5": -2.441062,
      "lr_v_ml5": 4.680834,
      "lr_w_ml5": 0.005142,
      "hr_u_ml10": -2.472078,
      "hr_v_ml10": 3.227569,
      "hr_w_ml10": 0.008199,
      "lr_u_ml10": -2.472082,
      "lr_v_ml10": 3.227579,
      "lr_w_ml10": 0.008219,
      "t2": 301.998962,
      "z": 37.488346,
      "lu": 16.725618,
      "tsk": 303.561615,
      "swdown": 269.639557,
      "glw": 431.122955,
      "hfx": 42.14484,
      "lh": 96.566574,
      "psfc": 99869.882812,
      "pblh": 525.545227
    },
    "scales": {
      "hr_u_ml0": 4.402796,
      "hr_v_ml0": 3.525334,
      "hr_w_ml0": 0.148159,
      "lr_u_ml0": 4.364602,
      "lr_v_ml0": 3.472649,
      "lr_w_ml0": 0.083609,
      "hr_u_ml1": 5.105578,
      "hr_v_ml1": 3.983906,
      "hr_w_ml1": 0.191652,
      "lr_u_ml1": 5.07354,
      "lr_v_ml1": 3.939374,
      "lr_w_ml1": 0.105055,
      "hr_u_ml2": 5.622042,
      "hr_v_ml2": 4.207778,
      "hr_w_ml2": 0.220411,
      "lr_u_ml2": 5.597043,
      "lr_v_ml2": 4.172642,
      "lr_w_ml2": 0.12159,
      "hr_u_ml3": 6.141271,
      "hr_v_ml3": 4.357533,
      "hr_w_ml3": 0.247615,
      "lr_u_ml3": 6.121758,
      "lr_v_ml3": 4.329672,
      "lr_w_ml3": 0.137457,
      "hr_u_ml5": 7.334366,
      "hr_v_ml5": 4.558024,
      "hr_w_ml5": 0.295489,
      "lr_u_ml5": 7.32196,
      "lr_v_ml5": 4.538525,
      "lr_w_ml5": 0.168024,
      "hr_u_ml10": 7.964198,
      "hr_v_ml10": 4.241252,
      "hr_w_ml10": 0.334629,
      "lr_u_ml10": 7.956287,
      "lr_v_ml10": 4.225603,
      "lr_w_ml10": 0.198061,
      "t2": 2.14623,
      "z": 79.458443,
      "lu": 9.772256,
      "tsk": 4.892428,
      "swdown": 347.248718,
      "glw": 14.475859,
      "hfx": 85.938927,
      "lh": 118.271515,
      "psfc": 908.404907,
      "pblh": 357.77951
    },
    "is_clipped": false,
    "min_clipped_value": null,
    "max_clipped_value": null,
    "missing_value": 0.0,
    "hr_data_shape": [
      192,
      192
    ],
    "hr_cropped_shape": [
      192,
      192
    ],
    "dtype": "float32",
    "discarded_minute_range": [
      1,
      30
    ],
    "day_night_filter": "day"
  },
  "loader": {
    "batch_size": 2,
    "dl_data_ver": "wrf_3d_v1",
    "train_valid_test_ratios": [
      0.7,
      0.145,
      0.155
    ],
    "num_workers": 4,
    "seed": 42
  },
  "train": {
    "epochs": 600,
    "early_stopping_patience": 400,
    "seed": 78268,
    "learning_rate": 0.0005,
    "optim_name": "AdamW",
    "loss": {
      "loss_name": "L2"
    },
    "use_amp": false,
    "ema_decay": null,
    "save_interval": 100
  },
  "model": {
    "in_channel": 27,
    "inner_channel": 64,
    "out_channel": 18,
    "res_blocks": 1,
    "channel_mults": [
      1,
      2,
      4,
      8,
      8
    ],
    "attn_res": [
      16
    ],
    "channels_each_head": 16,
    "dropout": 0.2,
    "resblock_updown": true,
    "max_period": 10.0
  },
  "si": {
    "n_timestep": 10,
    "eps": 0.2,
    "formula": "quadratic",
    "loss_type": "L2",
    "channel_weights": null,
    "divergence_weight": 0.0,
    "vorticity_weight": 0.0
  }
}

dataset_config.dataset_name='Dataset3dWind'
The total files = 480. A part of them is used for training.
train: 167/335 samples kept after day_night_filter=day
valid: 36/70 samples kept after day_night_filter=day
test: 37/75 samples kept after day_night_filter=day
All files give to dataset are 167.
Reading all files.
train: dataset size = 167, batch num = 83

All files give to dataset are 36.
Reading all files.
valid: dataset size = 36, batch num = 18

DEBUG-DICT_LOADERS:83
UNetDDPMVer01 is created
EMA self.decay=None
Optimizer is AdamW.
No checkpoint found at '/fsb/home/yutingwang/ytw_tangzq/schrodinger-bridge-sr-micrometeorology/data/DL_result/ExperimentSchrodingerBridge3dWind/config_wind_3d_ablation_no_pressure_day_large/checkpoint.pth'. Starting training from scratch.

**************************************************
Train model
**************************************************

Train start: 2026-07-15 14:12:02.996541+00:00 UTC
Saving interval = 100
EMA decay rate = None
Epoch 1 / 600
train error: avg loss = 0.71740250
Best loss is updated and ES count is reset.
Checkpoint saved to '/fsb/home/yutingwang/ytw_tangzq/schrodinger-bridge-sr-micrometeorology/data/DL_result/ExperimentSchrodingerBridge3dWind/config_wind_3d_ablation_no_pressure_day_large/checkpoint.pth'
Elapsed time = 20.154885053634644 sec
----------
Epoch 2 / 600
train error: avg loss = 0.37015676
Best loss is updated and ES count is reset.
Checkpoint saved to '/fsb/home/yutingwang/ytw_tangzq/schrodinger-bridge-sr-micrometeorology/data/DL_result/ExperimentSchrodingerBridge3dWind/config_wind_3d_ablation_no_pressure_day_large/checkpoint.pth'
Elapsed time = 16.69465398788452 sec
----------
Epoch 3 / 600
train error: avg loss = 0.27521447
Best loss is updated and ES count is reset.
Checkpoint saved to '/fsb/home/yutingwang/ytw_tangzq/schrodinger-bridge-sr-micrometeorology/data/DL_result/ExperimentSchrodingerBridge3dWind/config_wind_3d_ablation_no_pressure_day_large/checkpoint.pth'
Elapsed time = 17.040812492370605 sec
----------
Epoch 4 / 600
train error: avg loss = 0.20750312
Best loss is updated and ES count is reset.
Checkpoint saved to '/fsb/home/yutingwang/ytw_tangzq/schrodinger-bridge-sr-micrometeorology/data/DL_result/ExperimentSchrodingerBridge3dWind/config_wind_3d_ablation_no_pressure_day_large/checkpoint.pth'
Elapsed time = 16.27406597137451 sec
----------
Epoch 5 / 600
train error: avg loss = 0.16933808
Best loss is updated and ES count is reset.
Checkpoint saved to '/fsb/home/yutingwang/ytw_tangzq/schrodinger-bridge-sr-micrometeorology/data/DL_result/ExperimentSchrodingerBridge3dWind/config_wind_3d_ablation_no_pressure_day_large/checkpoint.pth'
Elapsed time = 16.564120531082153 sec
----------
Epoch 6 / 600
train error: avg loss = 0.16543225
Best loss is updated and ES count is reset.
Checkpoint saved to '/fsb/home/yutingwang/ytw_tangzq/schrodinger-bridge-sr-micrometeorology/data/DL_result/ExperimentSchrodingerBridge3dWind/config_wind_3d_ablation_no_pressure_day_large/checkpoint.pth'
Elapsed time = 16.641714096069336 sec
----------
Epoch 7 / 600
train error: avg loss = 0.14356852
Best loss is updated and ES count is reset.
Checkpoint saved to '/fsb/home/yutingwang/ytw_tangzq/schrodinger-bridge-sr-micrometeorology/data/DL_result/ExperimentSchrodingerBridge3dWind/config_wind_3d_ablation_no_pressure_day_large/checkpoint.pth'
Elapsed time = 15.963462352752686 sec
----------
Epoch 8 / 600
train error: avg loss = 0.14454084
ES count = 1
Elapsed time = 14.757313966751099 sec
----------
Epoch 9 / 600
train error: avg loss = 0.13899535
Best loss is updated and ES count is reset.
Checkpoint saved to '/fsb/home/yutingwang/ytw_tangzq/schrodinger-bridge-sr-micrometeorology/data/DL_result/ExperimentSchrodingerBridge3dWind/config_wind_3d_ablation_no_pressure_day_large/checkpoint.pth'
Elapsed time = 16.389130353927612 sec
----------
Epoch 10 / 600
train error: avg loss = 0.12407198
Best loss is updated and ES count is reset.
Checkpoint saved to '/fsb/home/yutingwang/ytw_tangzq/schrodinger-bridge-sr-micrometeorology/data/DL_result/ExperimentSchrodingerBridge3dWind/config_wind_3d_ablation_no_pressure_day_large/checkpoint.pth'
Elapsed time = 16.46615505218506 sec
----------
Epoch 11 / 600
train error: avg loss = 0.11154330
Best loss is updated and ES count is reset.
Checkpoint saved to '/fsb/home/yutingwang/ytw_tangzq/schrodinger-bridge-sr-micrometeorology/data/DL_result/ExperimentSchrodingerBridge3dWind/config_wind_3d_ablation_no_pressure_day_large/checkpoint.pth'
Elapsed time = 16.58909773826599 sec
----------
Epoch 12 / 600
train error: avg loss = 0.11196678
ES count = 1
Elapsed time = 14.936824083328247 sec
----------
Epoch 13 / 600
train error: avg loss = 0.11982298
ES count = 2
Elapsed time = 15.380565881729126 sec
----------
Epoch 14 / 600
train error: avg loss = 0.11346912
ES count = 3
Elapsed time = 15.76526689529419 sec
----------
Epoch 15 / 600
train error: avg loss = 0.10244622
Best loss is updated and ES count is reset.
Checkpoint saved to '/fsb/home/yutingwang/ytw_tangzq/schrodinger-bridge-sr-micrometeorology/data/DL_result/ExperimentSchrodingerBridge3dWind/config_wind_3d_ablation_no_pressure_day_large/checkpoint.pth'
Elapsed time = 16.849766731262207 sec
----------
Epoch 16 / 600
train error: avg loss = 0.09207983
Best loss is updated and ES count is reset.
Checkpoint saved to '/fsb/home/yutingwang/ytw_tangzq/schrodinger-bridge-sr-micrometeorology/data/DL_result/ExperimentSchrodingerBridge3dWind/config_wind_3d_ablation_no_pressure_day_large/checkpoint.pth'
Elapsed time = 17.3624165058136 sec
----------
Epoch 17 / 600
train error: avg loss = 0.10451531
ES count = 1
Elapsed time = 16.075799703598022 sec
----------
Epoch 18 / 600
train error: avg loss = 0.09097221
Best loss is updated and ES count is reset.
Checkpoint saved to '/fsb/home/yutingwang/ytw_tangzq/schrodinger-bridge-sr-micrometeorology/data/DL_result/ExperimentSchrodingerBridge3dWind/config_wind_3d_ablation_no_pressure_day_large/checkpoint.pth'
Elapsed time = 16.924344062805176 sec
----------
Epoch 19 / 600
train error: avg loss = 0.08746690
Best loss is updated and ES count is reset.
Checkpoint saved to '/fsb/home/yutingwang/ytw_tangzq/schrodinger-bridge-sr-micrometeorology/data/DL_result/ExperimentSchrodingerBridge3dWind/config_wind_3d_ablation_no_pressure_day_large/checkpoint.pth'
Elapsed time = 15.574667692184448 sec
----------
Epoch 20 / 600
train error: avg loss = 0.08292660
Best loss is updated and ES count is reset.
Checkpoint saved to '/fsb/home/yutingwang/ytw_tangzq/schrodinger-bridge-sr-micrometeorology/data/DL_result/ExperimentSchrodingerBridge3dWind/config_wind_3d_ablation_no_pressure_day_large/checkpoint.pth'
Elapsed time = 16.787967443466187 sec
----------
Epoch 21 / 600
train error: avg loss = 0.07829064
Best loss is updated and ES count is reset.
Checkpoint saved to '/fsb/home/yutingwang/ytw_tangzq/schrodinger-bridge-sr-micrometeorology/data/DL_result/ExperimentSchrodingerBridge3dWind/config_wind_3d_ablation_no_pressure_day_large/checkpoint.pth'
Elapsed time = 16.709680795669556 sec
----------
Epoch 22 / 600
train error: avg loss = 0.08091800
ES count = 1
Elapsed time = 15.739981412887573 sec
----------
Epoch 23 / 600
train error: avg loss = 0.08057049
ES count = 2
Elapsed time = 15.671549081802368 sec
----------
Epoch 24 / 600
train error: avg loss = 0.07159344
Best loss is updated and ES count is reset.
Checkpoint saved to '/fsb/home/yutingwang/ytw_tangzq/schrodinger-bridge-sr-micrometeorology/data/DL_result/ExperimentSchrodingerBridge3dWind/config_wind_3d_ablation_no_pressure_day_large/checkpoint.pth'
Elapsed time = 17.76936411857605 sec
----------
Epoch 25 / 600
train error: avg loss = 0.06900265
Best loss is updated and ES count is reset.
Checkpoint saved to '/fsb/home/yutingwang/ytw_tangzq/schrodinger-bridge-sr-micrometeorology/data/DL_result/ExperimentSchrodingerBridge3dWind/config_wind_3d_ablation_no_pressure_day_large/checkpoint.pth'
Elapsed time = 17.70527219772339 sec
----------
Epoch 26 / 600
train error: avg loss = 0.07028811
ES count = 1
Elapsed time = 15.462860822677612 sec
----------
Epoch 27 / 600
train error: avg loss = 0.06470207
Best loss is updated and ES count is reset.
Checkpoint saved to '/fsb/home/yutingwang/ytw_tangzq/schrodinger-bridge-sr-micrometeorology/data/DL_result/ExperimentSchrodingerBridge3dWind/config_wind_3d_ablation_no_pressure_day_large/checkpoint.pth'
Elapsed time = 16.56485915184021 sec
----------
Epoch 28 / 600
train error: avg loss = 0.06575891
ES count = 1
Elapsed time = 15.992264986038208 sec
----------
Epoch 29 / 600
train error: avg loss = 0.06974518
ES count = 2
Elapsed time = 15.793912649154663 sec
----------
Epoch 30 / 600
train error: avg loss = 0.07745411
ES count = 3
Elapsed time = 15.944883346557617 sec
----------
Epoch 31 / 600
train error: avg loss = 0.06666350
ES count = 4
Elapsed time = 16.216092586517334 sec
----------
Epoch 32 / 600
train error: avg loss = 0.06986898
ES count = 5
Elapsed time = 16.017136335372925 sec
----------
Epoch 33 / 600
train error: avg loss = 0.05656675
Best loss is updated and ES count is reset.
Checkpoint saved to '/fsb/home/yutingwang/ytw_tangzq/schrodinger-bridge-sr-micrometeorology/data/DL_result/ExperimentSchrodingerBridge3dWind/config_wind_3d_ablation_no_pressure_day_large/checkpoint.pth'
Elapsed time = 17.030598640441895 sec
----------
Epoch 34 / 600
train error: avg loss = 0.05451332
Best loss is updated and ES count is reset.
Checkpoint saved to '/fsb/home/yutingwang/ytw_tangzq/schrodinger-bridge-sr-micrometeorology/data/DL_result/ExperimentSchrodingerBridge3dWind/config_wind_3d_ablation_no_pressure_day_large/checkpoint.pth'
Elapsed time = 16.893324613571167 sec
----------
Epoch 35 / 600
train error: avg loss = 0.05191789
Best loss is updated and ES count is reset.
Checkpoint saved to '/fsb/home/yutingwang/ytw_tangzq/schrodinger-bridge-sr-micrometeorology/data/DL_result/ExperimentSchrodingerBridge3dWind/config_wind_3d_ablation_no_pressure_day_large/checkpoint.pth'
Elapsed time = 16.908698081970215 sec
----------
Epoch 36 / 600
train error: avg loss = 0.06026603
ES count = 1
Elapsed time = 16.201507091522217 sec
----------
Epoch 37 / 600
train error: avg loss = 0.06220009
ES count = 2
Elapsed time = 16.118962049484253 sec
----------
Epoch 38 / 600
train error: avg loss = 0.05878291
ES count = 3
Elapsed time = 16.016863107681274 sec
----------
Epoch 39 / 600
train error: avg loss = 0.05778578
ES count = 4
Elapsed time = 15.758784770965576 sec
----------
Epoch 40 / 600
train error: avg loss = 0.05453308
ES count = 5
Elapsed time = 15.94931173324585 sec
----------
Epoch 41 / 600
train error: avg loss = 0.06524097
ES count = 6
Elapsed time = 16.305047750473022 sec
----------
Epoch 42 / 600
train error: avg loss = 0.05131079
Best loss is updated and ES count is reset.
Checkpoint saved to '/fsb/home/yutingwang/ytw_tangzq/schrodinger-bridge-sr-micrometeorology/data/DL_result/ExperimentSchrodingerBridge3dWind/config_wind_3d_ablation_no_pressure_day_large/checkpoint.pth'
Elapsed time = 16.34596300125122 sec
----------
Epoch 43 / 600
train error: avg loss = 0.05147596
ES count = 1
Elapsed time = 14.998929977416992 sec
----------
Epoch 44 / 600
train error: avg loss = 0.05110461
Best loss is updated and ES count is reset.
Checkpoint saved to '/fsb/home/yutingwang/ytw_tangzq/schrodinger-bridge-sr-micrometeorology/data/DL_result/ExperimentSchrodingerBridge3dWind/config_wind_3d_ablation_no_pressure_day_large/checkpoint.pth'
Elapsed time = 17.21406626701355 sec
----------
Epoch 45 / 600
train error: avg loss = 0.06107558
ES count = 1
Elapsed time = 15.857383251190186 sec
----------
Epoch 46 / 600
train error: avg loss = 0.05491519
ES count = 2
Elapsed time = 16.289870500564575 sec
----------
Epoch 47 / 600
train error: avg loss = 0.04675070
Best loss is updated and ES count is reset.
Checkpoint saved to '/fsb/home/yutingwang/ytw_tangzq/schrodinger-bridge-sr-micrometeorology/data/DL_result/ExperimentSchrodingerBridge3dWind/config_wind_3d_ablation_no_pressure_day_large/checkpoint.pth'
Elapsed time = 16.776241779327393 sec
----------
Epoch 48 / 600
train error: avg loss = 0.05044661
ES count = 1
Elapsed time = 15.418254613876343 sec
----------
Epoch 49 / 600
train error: avg loss = 0.05147817
ES count = 2
Elapsed time = 15.788313150405884 sec
----------
Epoch 50 / 600
train error: avg loss = 0.04583802
Best loss is updated and ES count is reset.
Checkpoint saved to '/fsb/home/yutingwang/ytw_tangzq/schrodinger-bridge-sr-micrometeorology/data/DL_result/ExperimentSchrodingerBridge3dWind/config_wind_3d_ablation_no_pressure_day_large/checkpoint.pth'
Elapsed time = 16.91768479347229 sec
----------
Epoch 51 / 600
train error: avg loss = 0.04872506
ES count = 1
Elapsed time = 16.09328818321228 sec
----------
Epoch 52 / 600
train error: avg loss = 0.04958341
ES count = 2
Elapsed time = 16.105355978012085 sec
----------
Epoch 53 / 600
train error: avg loss = 0.04881017
ES count = 3
Elapsed time = 16.486942291259766 sec
----------
Epoch 54 / 600
train error: avg loss = 0.05060489
ES count = 4
Elapsed time = 16.094123363494873 sec
----------
Epoch 55 / 600
train error: avg loss = 0.04723689
ES count = 5
Elapsed time = 16.285494804382324 sec
----------
Epoch 56 / 600
train error: avg loss = 0.04990014
ES count = 6
Elapsed time = 16.602270126342773 sec
----------
Epoch 57 / 600
train error: avg loss = 0.04850513
ES count = 7
Elapsed time = 16.197543144226074 sec
----------
Epoch 58 / 600
train error: avg loss = 0.06807884
ES count = 8
Elapsed time = 16.06835412979126 sec
----------
Epoch 59 / 600
train error: avg loss = 0.64623090
ES count = 9
Elapsed time = 16.199855089187622 sec
----------
Epoch 60 / 600
train error: avg loss = 0.88274565
ES count = 10
Elapsed time = 16.403807163238525 sec
----------
Epoch 61 / 600
train error: avg loss = 0.81432729
ES count = 11
Elapsed time = 16.32469916343689 sec
----------
Epoch 62 / 600
train error: avg loss = 0.77369231
ES count = 12
Elapsed time = 16.166402578353882 sec
----------
Epoch 63 / 600
train error: avg loss = 0.70834601
ES count = 13
Elapsed time = 16.221807718276978 sec
----------
Epoch 64 / 600
train error: avg loss = 0.66448583
ES count = 14
Elapsed time = 15.883087873458862 sec
----------
Epoch 65 / 600
train error: avg loss = 0.65680909
ES count = 15
Elapsed time = 16.398903131484985 sec
----------
Epoch 66 / 600
train error: avg loss = 0.62998040
ES count = 16
Elapsed time = 16.444842100143433 sec
----------
Epoch 67 / 600
train error: avg loss = 0.61572986
ES count = 17
Elapsed time = 16.294020652770996 sec
----------
Epoch 68 / 600
train error: avg loss = 0.64217816
ES count = 18
Elapsed time = 16.153624296188354 sec
----------
Epoch 69 / 600
train error: avg loss = 0.60925959
ES count = 19
Elapsed time = 16.389028310775757 sec
----------
Epoch 70 / 600
train error: avg loss = 0.63400699
ES count = 20
Elapsed time = 16.078577280044556 sec
----------
Epoch 71 / 600
train error: avg loss = 0.63129011
ES count = 21
Elapsed time = 16.523626804351807 sec
----------
Epoch 72 / 600
train error: avg loss = 0.54007562
ES count = 22
Elapsed time = 16.406831979751587 sec
----------
Epoch 73 / 600
train error: avg loss = 0.60398095
ES count = 23
Elapsed time = 16.17976713180542 sec
----------
Epoch 74 / 600
train error: avg loss = 0.62274590
ES count = 24
Elapsed time = 16.581562519073486 sec
----------
Epoch 75 / 600
train error: avg loss = 0.63350343
ES count = 25
Elapsed time = 16.37443733215332 sec
----------
Epoch 76 / 600
train error: avg loss = 0.51563964
ES count = 26
Elapsed time = 16.367330312728882 sec
----------
Epoch 77 / 600
train error: avg loss = 0.60446617
ES count = 27
Elapsed time = 16.111825704574585 sec
----------
Epoch 78 / 600
train error: avg loss = 0.58231322
ES count = 28
Elapsed time = 16.330200672149658 sec
----------
Epoch 79 / 600
train error: avg loss = 0.54128947
ES count = 29
Elapsed time = 16.24437952041626 sec
----------
Epoch 80 / 600
train error: avg loss = 0.51781136
ES count = 30
Elapsed time = 16.084054708480835 sec
----------
Epoch 81 / 600
train error: avg loss = 0.58705742
ES count = 31
Elapsed time = 16.120418071746826 sec
----------
Epoch 82 / 600
train error: avg loss = 0.58505922
ES count = 32
Elapsed time = 16.06946110725403 sec
----------
Epoch 83 / 600
train error: avg loss = 0.57245963
ES count = 33
Elapsed time = 16.24169135093689 sec
----------
Epoch 84 / 600
train error: avg loss = 0.57354101
ES count = 34
Elapsed time = 16.403559923171997 sec
----------
Epoch 85 / 600
train error: avg loss = 0.57713504
ES count = 35
Elapsed time = 16.197929620742798 sec
----------
Epoch 86 / 600
train error: avg loss = 0.62063315
ES count = 36
Elapsed time = 16.11172580718994 sec
----------
Epoch 87 / 600
train error: avg loss = 0.63136589
ES count = 37
Elapsed time = 16.244298219680786 sec
----------
Epoch 88 / 600
train error: avg loss = 0.60933939
ES count = 38
Elapsed time = 16.236050844192505 sec
----------
Epoch 89 / 600
train error: avg loss = 0.57876971
ES count = 39
Elapsed time = 16.441593885421753 sec
----------
Epoch 90 / 600
train error: avg loss = 0.56607823
ES count = 40
Elapsed time = 16.24429965019226 sec
----------
Epoch 91 / 600
train error: avg loss = 0.56402116
ES count = 41
Elapsed time = 16.696332693099976 sec
----------
Epoch 92 / 600
train error: avg loss = 0.59274137
ES count = 42
Elapsed time = 16.2340407371521 sec
----------
Epoch 93 / 600
train error: avg loss = 0.53764680
ES count = 43
Elapsed time = 16.278576374053955 sec
----------
Epoch 94 / 600
train error: avg loss = 0.59431032
ES count = 44
Elapsed time = 16.736433744430542 sec
----------
Epoch 95 / 600
train error: avg loss = 0.60508851
ES count = 45
Elapsed time = 16.154242992401123 sec
----------
Epoch 96 / 600
train error: avg loss = 0.53126589
ES count = 46
Elapsed time = 16.495903968811035 sec
----------
Epoch 97 / 600
train error: avg loss = 0.60146788
ES count = 47
Elapsed time = 16.23612403869629 sec
----------
Epoch 98 / 600
train error: avg loss = 0.55987293
ES count = 48
Elapsed time = 16.357670307159424 sec
----------
Epoch 99 / 600
train error: avg loss = 0.55100034
ES count = 49
Elapsed time = 16.133967876434326 sec
----------
Epoch 100 / 600
train error: avg loss = 0.53603203
ES count = 50
Epoch = 100. Save a periodic model snapshot.
Elapsed time = 16.581287622451782 sec
----------
Epoch 101 / 600
train error: avg loss = 0.58264468
ES count = 51
Elapsed time = 15.918184518814087 sec
----------
Epoch 102 / 600
train error: avg loss = 0.49977197
ES count = 52
Elapsed time = 16.254172563552856 sec
----------
Epoch 103 / 600
train error: avg loss = 0.57060099
ES count = 53
Elapsed time = 16.2586407661438 sec
----------
Epoch 104 / 600
train error: avg loss = 0.52816219
ES count = 54
Elapsed time = 16.368574619293213 sec
----------
Epoch 105 / 600
train error: avg loss = 0.83662524
ES count = 55
Elapsed time = 16.39205050468445 sec
----------
Epoch 106 / 600
train error: avg loss = 0.56037651
ES count = 56
Elapsed time = 15.849733591079712 sec
----------
Epoch 107 / 600
train error: avg loss = 0.53299352
ES count = 57
Elapsed time = 15.72036361694336 sec
----------
Epoch 108 / 600
train error: avg loss = 0.52776458
ES count = 58
Elapsed time = 15.725058555603027 sec
----------
Epoch 109 / 600
train error: avg loss = 0.56554807
ES count = 59
Elapsed time = 15.620280265808105 sec
----------
Epoch 110 / 600
train error: avg loss = 0.51926517
ES count = 60
Elapsed time = 15.668668746948242 sec
----------
Epoch 111 / 600
train error: avg loss = 0.52555658
ES count = 61
Elapsed time = 16.142230987548828 sec
----------
Epoch 112 / 600
train error: avg loss = 0.51583905
ES count = 62
Elapsed time = 15.382055521011353 sec
----------
Epoch 113 / 600
train error: avg loss = 0.53659919
ES count = 63
Elapsed time = 15.469368696212769 sec
----------
Epoch 114 / 600
train error: avg loss = 0.48872447
ES count = 64
Elapsed time = 15.48877739906311 sec
----------
Epoch 115 / 600
train error: avg loss = 0.51215916
ES count = 65
Elapsed time = 15.616859197616577 sec
----------
Epoch 116 / 600
train error: avg loss = 0.47136669
ES count = 66
Elapsed time = 15.403043985366821 sec
----------
Epoch 117 / 600
train error: avg loss = 0.52960995
ES count = 67
Elapsed time = 16.018234252929688 sec
----------
Epoch 118 / 600
train error: avg loss = 0.51497213
ES count = 68
Elapsed time = 15.81491208076477 sec
----------
Epoch 119 / 600
train error: avg loss = 0.47355057
ES count = 69
Elapsed time = 16.532386302947998 sec
----------
Epoch 120 / 600
train error: avg loss = 0.47321728
ES count = 70
Elapsed time = 16.01456594467163 sec
----------
Epoch 121 / 600
train error: avg loss = 0.49131130
ES count = 71
Elapsed time = 16.23085927963257 sec
----------
Epoch 122 / 600
train error: avg loss = 0.49144594
ES count = 72
Elapsed time = 15.984151363372803 sec
----------
Epoch 123 / 600
train error: avg loss = 0.54578020
ES count = 73
Elapsed time = 16.15782880783081 sec
----------
Epoch 124 / 600
train error: avg loss = 0.50425427
ES count = 74
Elapsed time = 16.333203077316284 sec
----------
Epoch 125 / 600
train error: avg loss = 0.49060857
ES count = 75
Elapsed time = 16.616568088531494 sec
----------
Epoch 126 / 600
train error: avg loss = 0.41467564
ES count = 76
Elapsed time = 16.2099506855011 sec
----------
Epoch 127 / 600
train error: avg loss = 0.42444834
ES count = 77
Elapsed time = 16.61800527572632 sec
----------
Epoch 128 / 600
train error: avg loss = 0.37976072
ES count = 78
Elapsed time = 16.333154916763306 sec
----------
Epoch 129 / 600
train error: avg loss = 0.39648092
ES count = 79
Elapsed time = 16.02638053894043 sec
----------
Epoch 130 / 600
train error: avg loss = 0.35584744
ES count = 80
Elapsed time = 16.094293355941772 sec
----------
Epoch 131 / 600
train error: avg loss = 0.32180853
ES count = 81
Elapsed time = 16.234984159469604 sec
----------
Epoch 132 / 600
train error: avg loss = 0.32103957
ES count = 82
Elapsed time = 15.900339603424072 sec
----------
Epoch 133 / 600
train error: avg loss = 0.30908664
ES count = 83
Elapsed time = 15.901721477508545 sec
----------
Epoch 134 / 600
train error: avg loss = 0.24511999
ES count = 84
Elapsed time = 15.710213899612427 sec
----------
Epoch 135 / 600
train error: avg loss = 0.24236868
ES count = 85
Elapsed time = 16.25569248199463 sec
----------
Epoch 136 / 600
train error: avg loss = 0.21989168
ES count = 86
Elapsed time = 16.132614374160767 sec
----------
Epoch 137 / 600
train error: avg loss = 0.20286384
ES count = 87
Elapsed time = 16.253598928451538 sec
----------
Epoch 138 / 600
train error: avg loss = 0.16253481
ES count = 88
Elapsed time = 16.295212984085083 sec
----------
Epoch 139 / 600
train error: avg loss = 0.15186525
ES count = 89
Elapsed time = 16.629603624343872 sec
----------
Epoch 140 / 600
train error: avg loss = 0.14315653
ES count = 90
Elapsed time = 16.302480459213257 sec
----------
Epoch 141 / 600
train error: avg loss = 0.13235201
ES count = 91
Elapsed time = 16.232999324798584 sec
----------
Epoch 142 / 600
train error: avg loss = 0.12103224
ES count = 92
Elapsed time = 16.238653421401978 sec
----------
Epoch 143 / 600
train error: avg loss = 0.11974480
ES count = 93
Elapsed time = 16.759047508239746 sec
----------
Epoch 144 / 600
train error: avg loss = 0.11826703
ES count = 94
Elapsed time = 16.062657594680786 sec
----------
Epoch 145 / 600
train error: avg loss = 0.10938285
ES count = 95
Elapsed time = 16.89372968673706 sec
----------
Epoch 146 / 600
train error: avg loss = 0.10543242
ES count = 96
Elapsed time = 16.239913940429688 sec
----------
Epoch 147 / 600
train error: avg loss = 0.10657702
ES count = 97
Elapsed time = 16.15376114845276 sec
----------
Epoch 148 / 600
train error: avg loss = 0.10720076
ES count = 98
Elapsed time = 16.2939875125885 sec
----------
Epoch 149 / 600
train error: avg loss = 0.10331286
ES count = 99
Elapsed time = 16.1451313495636 sec
----------
Epoch 150 / 600
train error: avg loss = 0.10010875
ES count = 100
Elapsed time = 16.376561164855957 sec
----------
Epoch 151 / 600
train error: avg loss = 0.09290348
ES count = 101
Elapsed time = 15.933768033981323 sec
----------
Epoch 152 / 600
train error: avg loss = 0.09866064
ES count = 102
Elapsed time = 16.14607548713684 sec
----------
Epoch 153 / 600
train error: avg loss = 0.10541882
ES count = 103
Elapsed time = 16.276008367538452 sec
----------
Epoch 154 / 600
train error: avg loss = 0.09822870
ES count = 104
Elapsed time = 16.028202772140503 sec
----------
Epoch 155 / 600
train error: avg loss = 0.09279628
ES count = 105
Elapsed time = 16.16877269744873 sec
----------
Epoch 156 / 600
train error: avg loss = 0.08575815
ES count = 106
Elapsed time = 16.57568860054016 sec
----------
Epoch 157 / 600
train error: avg loss = 0.08851078
ES count = 107
Elapsed time = 16.294681072235107 sec
----------
Epoch 158 / 600
train error: avg loss = 0.09129573
ES count = 108
Elapsed time = 15.775695562362671 sec
----------
Epoch 159 / 600
train error: avg loss = 0.08209213
ES count = 109
Elapsed time = 16.23663830757141 sec
----------
Epoch 160 / 600
train error: avg loss = 0.08319294
ES count = 110
Elapsed time = 16.010139226913452 sec
----------
Epoch 161 / 600
train error: avg loss = 0.08286618
ES count = 111
Elapsed time = 16.150760173797607 sec
----------
Epoch 162 / 600
train error: avg loss = 0.08173588
ES count = 112
Elapsed time = 16.42788600921631 sec
----------
Epoch 163 / 600
train error: avg loss = 0.07785816
ES count = 113
Elapsed time = 16.234300136566162 sec
----------
Epoch 164 / 600
train error: avg loss = 0.07211297
ES count = 114
Elapsed time = 15.978383541107178 sec
----------
Epoch 165 / 600
train error: avg loss = 0.07307499
ES count = 115
Elapsed time = 16.31845784187317 sec
----------
Epoch 166 / 600
train error: avg loss = 0.06888764
ES count = 116
Elapsed time = 16.100663423538208 sec
----------
Epoch 167 / 600
train error: avg loss = 0.06628813
ES count = 117
Elapsed time = 16.333059072494507 sec
----------
Epoch 168 / 600
train error: avg loss = 0.06674267
ES count = 118
Elapsed time = 16.066675662994385 sec
----------
Epoch 169 / 600
train error: avg loss = 0.06194361
ES count = 119
Elapsed time = 15.823765277862549 sec
----------
Epoch 170 / 600
train error: avg loss = 0.06564283
ES count = 120
Elapsed time = 15.98315143585205 sec
----------
Epoch 171 / 600
train error: avg loss = 0.06325837
ES count = 121
Elapsed time = 16.193543434143066 sec
----------
Epoch 172 / 600
train error: avg loss = 0.06184116
ES count = 122
Elapsed time = 15.925296306610107 sec
----------
Epoch 173 / 600
train error: avg loss = 0.05952244
ES count = 123
Elapsed time = 16.014575481414795 sec
----------
Epoch 174 / 600
train error: avg loss = 0.06391566
ES count = 124
Elapsed time = 16.094858407974243 sec
----------
Epoch 175 / 600
train error: avg loss = 0.05903397
ES count = 125
Elapsed time = 15.91370701789856 sec
----------
Epoch 176 / 600
train error: avg loss = 0.05761470
ES count = 126
Elapsed time = 15.923507452011108 sec
----------
Epoch 177 / 600
train error: avg loss = 0.06333314
ES count = 127
Elapsed time = 16.030872583389282 sec
----------
Epoch 178 / 600
train error: avg loss = 0.05496097
ES count = 128
Elapsed time = 15.981850862503052 sec
----------
Epoch 179 / 600
train error: avg loss = 0.05165835
ES count = 129
Elapsed time = 16.052061080932617 sec
----------
Epoch 180 / 600
train error: avg loss = 0.05543767
ES count = 130
Elapsed time = 16.188186645507812 sec
----------
Epoch 181 / 600
train error: avg loss = 0.05380866
ES count = 131
Elapsed time = 15.80448031425476 sec
----------
Epoch 182 / 600
train error: avg loss = 0.05628757
ES count = 132
Elapsed time = 16.27976965904236 sec
----------
Epoch 183 / 600
train error: avg loss = 0.05925411
ES count = 133
Elapsed time = 15.7824866771698 sec
----------
Epoch 184 / 600
train error: avg loss = 0.05230655
ES count = 134
Elapsed time = 16.375513553619385 sec
----------
Epoch 185 / 600
train error: avg loss = 0.05445808
ES count = 135
Elapsed time = 15.764189958572388 sec
----------
Epoch 186 / 600
train error: avg loss = 0.05680655
ES count = 136
Elapsed time = 16.162614107131958 sec
----------
Epoch 187 / 600
train error: avg loss = 0.05412490
ES count = 137
Elapsed time = 15.985307455062866 sec
----------
Epoch 188 / 600
train error: avg loss = 0.05239715
ES count = 138
Elapsed time = 16.189191579818726 sec
----------
Epoch 189 / 600
train error: avg loss = 0.05087439
ES count = 139
Elapsed time = 15.825997829437256 sec
----------
Epoch 190 / 600
train error: avg loss = 0.04913962
ES count = 140
Elapsed time = 16.57897162437439 sec
----------
Epoch 191 / 600
train error: avg loss = 0.04826746
ES count = 141
Elapsed time = 16.29953622817993 sec
----------
Epoch 192 / 600
train error: avg loss = 0.04681783
ES count = 142
Elapsed time = 16.20200753211975 sec
----------
Epoch 193 / 600
train error: avg loss = 0.05178689
ES count = 143
Elapsed time = 16.168296575546265 sec
----------
Epoch 194 / 600
train error: avg loss = 0.05052199
ES count = 144
Elapsed time = 16.020848274230957 sec
----------
Epoch 195 / 600
train error: avg loss = 0.04723245
ES count = 145
Elapsed time = 16.0035240650177 sec
----------
Epoch 196 / 600
train error: avg loss = 0.05000701
ES count = 146
Elapsed time = 16.08587622642517 sec
----------
Epoch 197 / 600
train error: avg loss = 0.04922897
ES count = 147
Elapsed time = 16.128943920135498 sec
----------
Epoch 198 / 600
train error: avg loss = 0.04889626
ES count = 148
Elapsed time = 16.06870174407959 sec
----------
Epoch 199 / 600
train error: avg loss = 0.04685663
ES count = 149
Elapsed time = 16.180599212646484 sec
----------
Epoch 200 / 600
train error: avg loss = 0.04890529
ES count = 150
Epoch = 200. Save a periodic model snapshot.
Elapsed time = 16.244385242462158 sec
----------
Epoch 201 / 600
train error: avg loss = 0.05000952
ES count = 151
Elapsed time = 15.948278427124023 sec
----------
Epoch 202 / 600
train error: avg loss = 0.05087918
ES count = 152
Elapsed time = 15.96988582611084 sec
----------
Epoch 203 / 600
train error: avg loss = 0.04949641
ES count = 153
Elapsed time = 15.876319885253906 sec
----------
Epoch 204 / 600
train error: avg loss = 0.04825935
ES count = 154
Elapsed time = 15.834274291992188 sec
----------
Epoch 205 / 600
train error: avg loss = 0.04490002
Best loss is updated and ES count is reset.
Checkpoint saved to '/fsb/home/yutingwang/ytw_tangzq/schrodinger-bridge-sr-micrometeorology/data/DL_result/ExperimentSchrodingerBridge3dWind/config_wind_3d_ablation_no_pressure_day_large/checkpoint.pth'
Elapsed time = 16.993945360183716 sec
----------
Epoch 206 / 600
train error: avg loss = 0.05070157
ES count = 1
Elapsed time = 16.162129878997803 sec
----------
Epoch 207 / 600
train error: avg loss = 0.05271338
ES count = 2
Elapsed time = 16.48532724380493 sec
----------
Epoch 208 / 600
train error: avg loss = 0.04904499
ES count = 3
Elapsed time = 15.885564804077148 sec
----------
Epoch 209 / 600
train error: avg loss = 0.04891718
ES count = 4
Elapsed time = 16.316359519958496 sec
----------
Epoch 210 / 600
train error: avg loss = 0.04640695
ES count = 5
Elapsed time = 16.03926134109497 sec
----------
Epoch 211 / 600
train error: avg loss = 0.05034105
ES count = 6
Elapsed time = 15.957372665405273 sec
----------
Epoch 212 / 600
train error: avg loss = 0.04528746
ES count = 7
Elapsed time = 16.084384441375732 sec
----------
Epoch 213 / 600
train error: avg loss = 0.04562281
ES count = 8
Elapsed time = 15.959503173828125 sec
----------
Epoch 214 / 600
train error: avg loss = 0.04375342
Best loss is updated and ES count is reset.
Checkpoint saved to '/fsb/home/yutingwang/ytw_tangzq/schrodinger-bridge-sr-micrometeorology/data/DL_result/ExperimentSchrodingerBridge3dWind/config_wind_3d_ablation_no_pressure_day_large/checkpoint.pth'
Elapsed time = 16.746943473815918 sec
----------
Epoch 215 / 600
train error: avg loss = 0.04180370
Best loss is updated and ES count is reset.
Checkpoint saved to '/fsb/home/yutingwang/ytw_tangzq/schrodinger-bridge-sr-micrometeorology/data/DL_result/ExperimentSchrodingerBridge3dWind/config_wind_3d_ablation_no_pressure_day_large/checkpoint.pth'
Elapsed time = 16.786773204803467 sec
----------
Epoch 216 / 600
train error: avg loss = 0.04118838
Best loss is updated and ES count is reset.
Checkpoint saved to '/fsb/home/yutingwang/ytw_tangzq/schrodinger-bridge-sr-micrometeorology/data/DL_result/ExperimentSchrodingerBridge3dWind/config_wind_3d_ablation_no_pressure_day_large/checkpoint.pth'
Elapsed time = 17.09292435646057 sec
----------
Epoch 217 / 600
train error: avg loss = 0.04370315
ES count = 1
Elapsed time = 16.158681869506836 sec
----------
Epoch 218 / 600
train error: avg loss = 0.04823157
ES count = 2
Elapsed time = 16.381863832473755 sec
----------
Epoch 219 / 600
train error: avg loss = 0.04849887
ES count = 3
Elapsed time = 16.06967782974243 sec
----------
Epoch 220 / 600
train error: avg loss = 0.04517578
ES count = 4
Elapsed time = 16.353569746017456 sec
----------
Epoch 221 / 600
train error: avg loss = 0.04146474
ES count = 5
Elapsed time = 16.479416131973267 sec
----------
Epoch 222 / 600
train error: avg loss = 0.04289715
ES count = 6
Elapsed time = 16.37915539741516 sec
----------
Epoch 223 / 600
train error: avg loss = 0.04097754
Best loss is updated and ES count is reset.
Checkpoint saved to '/fsb/home/yutingwang/ytw_tangzq/schrodinger-bridge-sr-micrometeorology/data/DL_result/ExperimentSchrodingerBridge3dWind/config_wind_3d_ablation_no_pressure_day_large/checkpoint.pth'
Elapsed time = 16.754136085510254 sec
----------
Epoch 224 / 600
train error: avg loss = 0.04124497
ES count = 1
Elapsed time = 16.456007957458496 sec
----------
Epoch 225 / 600
train error: avg loss = 0.04471965
ES count = 2
Elapsed time = 16.1115562915802 sec
----------
Epoch 226 / 600
train error: avg loss = 0.04341618
ES count = 3
Elapsed time = 16.428236722946167 sec
----------
Epoch 227 / 600
train error: avg loss = 0.04182304
ES count = 4
Elapsed time = 16.227416276931763 sec
----------
Epoch 228 / 600
train error: avg loss = 0.04208540
ES count = 5
Elapsed time = 16.307305097579956 sec
----------
Epoch 229 / 600
train error: avg loss = 0.04044659
Best loss is updated and ES count is reset.
Checkpoint saved to '/fsb/home/yutingwang/ytw_tangzq/schrodinger-bridge-sr-micrometeorology/data/DL_result/ExperimentSchrodingerBridge3dWind/config_wind_3d_ablation_no_pressure_day_large/checkpoint.pth'
Elapsed time = 16.86824917793274 sec
----------
Epoch 230 / 600
train error: avg loss = 0.04623976
ES count = 1
Elapsed time = 16.168360710144043 sec
----------
Epoch 231 / 600
train error: avg loss = 0.04272602
ES count = 2
Elapsed time = 16.34692645072937 sec
----------
Epoch 232 / 600
train error: avg loss = 0.04136926
ES count = 3
Elapsed time = 16.23506212234497 sec
----------
Epoch 233 / 600
train error: avg loss = 0.04215930
ES count = 4
Elapsed time = 16.11390209197998 sec
----------
Epoch 234 / 600
train error: avg loss = 0.05305759
ES count = 5
Elapsed time = 16.00053882598877 sec
----------
Epoch 235 / 600
train error: avg loss = 0.07211921
ES count = 6
Elapsed time = 16.18708062171936 sec
----------
Epoch 236 / 600
train error: avg loss = 0.04902793
ES count = 7
Elapsed time = 15.957168817520142 sec
----------
Epoch 237 / 600
train error: avg loss = 0.04183769
ES count = 8
Elapsed time = 16.254228830337524 sec
----------
Epoch 238 / 600
train error: avg loss = 0.04138655
ES count = 9
Elapsed time = 16.196510791778564 sec
----------
Epoch 239 / 600
train error: avg loss = 0.03957153
Best loss is updated and ES count is reset.
Checkpoint saved to '/fsb/home/yutingwang/ytw_tangzq/schrodinger-bridge-sr-micrometeorology/data/DL_result/ExperimentSchrodingerBridge3dWind/config_wind_3d_ablation_no_pressure_day_large/checkpoint.pth'
Elapsed time = 17.28373432159424 sec
----------
Epoch 240 / 600
train error: avg loss = 0.04129861
ES count = 1
Elapsed time = 16.314023733139038 sec
----------
Epoch 241 / 600
train error: avg loss = 0.03930518
Best loss is updated and ES count is reset.
Checkpoint saved to '/fsb/home/yutingwang/ytw_tangzq/schrodinger-bridge-sr-micrometeorology/data/DL_result/ExperimentSchrodingerBridge3dWind/config_wind_3d_ablation_no_pressure_day_large/checkpoint.pth'
Elapsed time = 17.26509165763855 sec
----------
Epoch 242 / 600
train error: avg loss = 0.03983159
ES count = 1
Elapsed time = 16.032960653305054 sec
----------
Epoch 243 / 600
train error: avg loss = 0.03919385
Best loss is updated and ES count is reset.
Checkpoint saved to '/fsb/home/yutingwang/ytw_tangzq/schrodinger-bridge-sr-micrometeorology/data/DL_result/ExperimentSchrodingerBridge3dWind/config_wind_3d_ablation_no_pressure_day_large/checkpoint.pth'
Elapsed time = 17.080257177352905 sec
----------
Epoch 244 / 600
train error: avg loss = 0.03796941
Best loss is updated and ES count is reset.
Checkpoint saved to '/fsb/home/yutingwang/ytw_tangzq/schrodinger-bridge-sr-micrometeorology/data/DL_result/ExperimentSchrodingerBridge3dWind/config_wind_3d_ablation_no_pressure_day_large/checkpoint.pth'
Elapsed time = 16.464563608169556 sec
----------
Epoch 245 / 600
train error: avg loss = 0.03851104
ES count = 1
Elapsed time = 16.239696264266968 sec
----------
Epoch 246 / 600
train error: avg loss = 0.04252895
ES count = 2
Elapsed time = 16.002179622650146 sec
----------
Epoch 247 / 600
train error: avg loss = 0.04588783
ES count = 3
Elapsed time = 15.962274551391602 sec
----------
Epoch 248 / 600
train error: avg loss = 0.03786613
Best loss is updated and ES count is reset.
Checkpoint saved to '/fsb/home/yutingwang/ytw_tangzq/schrodinger-bridge-sr-micrometeorology/data/DL_result/ExperimentSchrodingerBridge3dWind/config_wind_3d_ablation_no_pressure_day_large/checkpoint.pth'
Elapsed time = 16.75352931022644 sec
----------
Epoch 249 / 600
train error: avg loss = 0.04023913
ES count = 1
Elapsed time = 15.99799919128418 sec
----------
Epoch 250 / 600
train error: avg loss = 0.03889211
ES count = 2
Elapsed time = 16.117366790771484 sec
----------
Epoch 251 / 600
train error: avg loss = 0.04249128
ES count = 3
Elapsed time = 15.913342475891113 sec
----------
Epoch 252 / 600
train error: avg loss = 0.04050976
ES count = 4
Elapsed time = 16.366989135742188 sec
----------
Epoch 253 / 600
train error: avg loss = 0.03815393
ES count = 5
Elapsed time = 16.08482789993286 sec
----------
Epoch 254 / 600
train error: avg loss = 0.04020971
ES count = 6
Elapsed time = 16.05806565284729 sec
----------
Epoch 255 / 600
train error: avg loss = 0.03979691
ES count = 7
Elapsed time = 15.88625168800354 sec
----------
Epoch 256 / 600
train error: avg loss = 0.04104880
ES count = 8
Elapsed time = 16.09769868850708 sec
----------
Epoch 257 / 600
train error: avg loss = 0.03989257
ES count = 9
Elapsed time = 15.893041849136353 sec
----------
Epoch 258 / 600
train error: avg loss = 0.03860020
ES count = 10
Elapsed time = 16.22145438194275 sec
----------
Epoch 259 / 600
train error: avg loss = 0.04212651
ES count = 11
Elapsed time = 16.204370498657227 sec
----------
Epoch 260 / 600
train error: avg loss = 0.04223685
ES count = 12
Elapsed time = 16.32056188583374 sec
----------
Epoch 261 / 600
train error: avg loss = 0.04074920
ES count = 13
Elapsed time = 16.22506308555603 sec
----------
Epoch 262 / 600
train error: avg loss = 0.04073515
ES count = 14
Elapsed time = 16.18027949333191 sec
----------
Epoch 263 / 600
train error: avg loss = 0.04371059
ES count = 15
Elapsed time = 16.254369974136353 sec
----------
Epoch 264 / 600
train error: avg loss = 0.03961757
ES count = 16
Elapsed time = 15.935511350631714 sec
----------
Epoch 265 / 600
train error: avg loss = 0.03902233
ES count = 17
Elapsed time = 16.502342462539673 sec
----------
Epoch 266 / 600
train error: avg loss = 0.03934794
ES count = 18
Elapsed time = 15.977731704711914 sec
----------
Epoch 267 / 600
train error: avg loss = 0.03829964
ES count = 19
Elapsed time = 16.16110587120056 sec
----------
Epoch 268 / 600
train error: avg loss = 0.03649378
Best loss is updated and ES count is reset.
Checkpoint saved to '/fsb/home/yutingwang/ytw_tangzq/schrodinger-bridge-sr-micrometeorology/data/DL_result/ExperimentSchrodingerBridge3dWind/config_wind_3d_ablation_no_pressure_day_large/checkpoint.pth'
Elapsed time = 16.62784743309021 sec
----------
Epoch 269 / 600
train error: avg loss = 0.03776289
ES count = 1
Elapsed time = 16.067326307296753 sec
----------
Epoch 270 / 600
train error: avg loss = 0.03996749
ES count = 2
Elapsed time = 15.954533576965332 sec
----------
Epoch 271 / 600
train error: avg loss = 0.03806018
ES count = 3
Elapsed time = 16.370431900024414 sec
----------
Epoch 272 / 600
train error: avg loss = 0.03727067
ES count = 4
Elapsed time = 15.702865839004517 sec
----------
Epoch 273 / 600
train error: avg loss = 0.03794123
ES count = 5
Elapsed time = 16.04027509689331 sec
----------
Epoch 274 / 600
train error: avg loss = 0.03849093
ES count = 6
Elapsed time = 15.885148048400879 sec
----------
Epoch 275 / 600
train error: avg loss = 0.03526058
Best loss is updated and ES count is reset.
Checkpoint saved to '/fsb/home/yutingwang/ytw_tangzq/schrodinger-bridge-sr-micrometeorology/data/DL_result/ExperimentSchrodingerBridge3dWind/config_wind_3d_ablation_no_pressure_day_large/checkpoint.pth'
Elapsed time = 16.27707529067993 sec
----------
Epoch 276 / 600
train error: avg loss = 0.03943692
ES count = 1
Elapsed time = 15.839228868484497 sec
----------
Epoch 277 / 600
train error: avg loss = 0.03907039
ES count = 2
Elapsed time = 15.9671151638031 sec
----------
Epoch 278 / 600
train error: avg loss = 0.04422925
ES count = 3
Elapsed time = 16.292319536209106 sec
----------
Epoch 279 / 600
train error: avg loss = 0.04025296
ES count = 4
Elapsed time = 15.842406749725342 sec
----------
Epoch 280 / 600
train error: avg loss = 0.03679604
ES count = 5
Elapsed time = 16.058085918426514 sec
----------
Epoch 281 / 600
train error: avg loss = 0.03696871
ES count = 6
Elapsed time = 16.6592378616333 sec
----------
Epoch 282 / 600
train error: avg loss = 0.03548304
ES count = 7
Elapsed time = 16.162066221237183 sec
----------
Epoch 283 / 600
train error: avg loss = 0.03612802
ES count = 8
Elapsed time = 15.956737756729126 sec
----------
Epoch 284 / 600
train error: avg loss = 0.03632407
ES count = 9
Elapsed time = 16.32420825958252 sec
----------
Epoch 285 / 600
train error: avg loss = 0.03680068
ES count = 10
Elapsed time = 16.457680225372314 sec
----------
Epoch 286 / 600
train error: avg loss = 0.03820650
ES count = 11
Elapsed time = 16.73493266105652 sec
----------
Epoch 287 / 600
train error: avg loss = 0.03717614
ES count = 12
Elapsed time = 16.173771858215332 sec
----------
Epoch 288 / 600
train error: avg loss = 0.03706421
ES count = 13
Elapsed time = 16.352213144302368 sec
----------
Epoch 289 / 600
train error: avg loss = 0.03770946
ES count = 14
Elapsed time = 16.209270477294922 sec
----------
Epoch 290 / 600
train error: avg loss = 0.03603034
ES count = 15
Elapsed time = 16.35676383972168 sec
----------
Epoch 291 / 600
train error: avg loss = 0.04101295
ES count = 16
Elapsed time = 16.007611989974976 sec
----------
Epoch 292 / 600
train error: avg loss = 0.03690133
ES count = 17
Elapsed time = 15.968627214431763 sec
----------
Epoch 293 / 600
train error: avg loss = 0.03857592
ES count = 18
Elapsed time = 16.321258306503296 sec
----------
Epoch 294 / 600
train error: avg loss = 0.03713430
ES count = 19
Elapsed time = 15.927721738815308 sec
----------
Epoch 295 / 600
train error: avg loss = 0.03527261
ES count = 20
Elapsed time = 16.43455958366394 sec
----------
Epoch 296 / 600
train error: avg loss = 0.03978996
ES count = 21
Elapsed time = 16.156634092330933 sec
----------
Epoch 297 / 600
train error: avg loss = 0.03490150
Best loss is updated and ES count is reset.
Checkpoint saved to '/fsb/home/yutingwang/ytw_tangzq/schrodinger-bridge-sr-micrometeorology/data/DL_result/ExperimentSchrodingerBridge3dWind/config_wind_3d_ablation_no_pressure_day_large/checkpoint.pth'
Elapsed time = 16.890835285186768 sec
----------
Epoch 298 / 600
train error: avg loss = 0.03818204
ES count = 1
Elapsed time = 16.015663146972656 sec
----------
Epoch 299 / 600
train error: avg loss = 0.03632185
ES count = 2
Elapsed time = 16.310033559799194 sec
----------
Epoch 300 / 600
train error: avg loss = 0.03569545
ES count = 3
Epoch = 300. Save a periodic model snapshot.
Elapsed time = 16.62285041809082 sec
----------
Epoch 301 / 600
train error: avg loss = 0.03903811
ES count = 4
Elapsed time = 16.42085599899292 sec
----------
Epoch 302 / 600
train error: avg loss = 0.03500432
ES count = 5
Elapsed time = 16.04859757423401 sec
----------
Epoch 303 / 600
train error: avg loss = 0.03402347
Best loss is updated and ES count is reset.
Checkpoint saved to '/fsb/home/yutingwang/ytw_tangzq/schrodinger-bridge-sr-micrometeorology/data/DL_result/ExperimentSchrodingerBridge3dWind/config_wind_3d_ablation_no_pressure_day_large/checkpoint.pth'
Elapsed time = 16.939775466918945 sec
----------
Epoch 304 / 600
train error: avg loss = 0.03902465
ES count = 1
Elapsed time = 16.356361389160156 sec
----------
Epoch 305 / 600
train error: avg loss = 0.03752854
ES count = 2
Elapsed time = 16.270325183868408 sec
----------
Epoch 306 / 600
train error: avg loss = 0.03606280
ES count = 3
Elapsed time = 16.297419786453247 sec
----------
Epoch 307 / 600
train error: avg loss = 0.03672878
ES count = 4
Elapsed time = 16.208807945251465 sec
----------
Epoch 308 / 600
train error: avg loss = 0.03649715
ES count = 5
Elapsed time = 16.568406343460083 sec
----------
Epoch 309 / 600
train error: avg loss = 0.03682557
ES count = 6
Elapsed time = 15.96224331855774 sec
----------
Epoch 310 / 600
train error: avg loss = 0.03873255
ES count = 7
Elapsed time = 16.637726545333862 sec
----------
Epoch 311 / 600
train error: avg loss = 0.03937408
ES count = 8
Elapsed time = 16.373234272003174 sec
----------
Epoch 312 / 600
train error: avg loss = 0.03741833
ES count = 9
Elapsed time = 16.322155237197876 sec
----------
Epoch 313 / 600
train error: avg loss = 0.03459682
ES count = 10
Elapsed time = 16.20676851272583 sec
----------
Epoch 314 / 600
train error: avg loss = 0.03816317
ES count = 11
Elapsed time = 16.05536413192749 sec
----------
Epoch 315 / 600
train error: avg loss = 0.03584898
ES count = 12
Elapsed time = 16.121182441711426 sec
----------
Epoch 316 / 600
train error: avg loss = 0.03378724
Best loss is updated and ES count is reset.
Checkpoint saved to '/fsb/home/yutingwang/ytw_tangzq/schrodinger-bridge-sr-micrometeorology/data/DL_result/ExperimentSchrodingerBridge3dWind/config_wind_3d_ablation_no_pressure_day_large/checkpoint.pth'
Elapsed time = 16.778796195983887 sec
----------
Epoch 317 / 600
train error: avg loss = 0.03546009
ES count = 1
Elapsed time = 16.316418647766113 sec
----------
Epoch 318 / 600
train error: avg loss = 0.03545837
ES count = 2
Elapsed time = 16.293123245239258 sec
----------
Epoch 319 / 600
train error: avg loss = 0.03422684
ES count = 3
Elapsed time = 16.34318256378174 sec
----------
Epoch 320 / 600
train error: avg loss = 0.03771077
ES count = 4
Elapsed time = 16.43658185005188 sec
----------
Epoch 321 / 600
train error: avg loss = 0.03567173
ES count = 5
Elapsed time = 16.322526216506958 sec
----------
Epoch 322 / 600
train error: avg loss = 0.03469371
ES count = 6
Elapsed time = 15.969661712646484 sec
----------
Epoch 323 / 600
train error: avg loss = 0.03755199
ES count = 7
Elapsed time = 16.348551988601685 sec
----------
Epoch 324 / 600
train error: avg loss = 0.03822812
ES count = 8
Elapsed time = 16.523995637893677 sec
----------
Epoch 325 / 600
train error: avg loss = 0.05374047
ES count = 9
Elapsed time = 16.298362255096436 sec
----------
Epoch 326 / 600
train error: avg loss = 0.04181909
ES count = 10
Elapsed time = 16.379003286361694 sec
----------
Epoch 327 / 600
train error: avg loss = 0.03565792
ES count = 11
Elapsed time = 16.160239696502686 sec
----------
Epoch 328 / 600
train error: avg loss = 0.03396905
ES count = 12
Elapsed time = 16.357967853546143 sec
----------
Epoch 329 / 600
train error: avg loss = 0.03533895
ES count = 13
Elapsed time = 16.292038202285767 sec
----------
Epoch 330 / 600
train error: avg loss = 0.03728214
ES count = 14
Elapsed time = 16.31601619720459 sec
----------
Epoch 331 / 600
train error: avg loss = 0.03611614
ES count = 15
Elapsed time = 16.04149889945984 sec
----------
Epoch 332 / 600
train error: avg loss = 0.03476471
ES count = 16
Elapsed time = 16.01302695274353 sec
----------
Epoch 333 / 600
train error: avg loss = 0.03543149
ES count = 17
Elapsed time = 16.32385015487671 sec
----------
Epoch 334 / 600
train error: avg loss = 0.03508007
ES count = 18
Elapsed time = 16.352598667144775 sec
----------
Epoch 335 / 600
train error: avg loss = 0.03283437
Best loss is updated and ES count is reset.
Checkpoint saved to '/fsb/home/yutingwang/ytw_tangzq/schrodinger-bridge-sr-micrometeorology/data/DL_result/ExperimentSchrodingerBridge3dWind/config_wind_3d_ablation_no_pressure_day_large/checkpoint.pth'
Elapsed time = 17.175405502319336 sec
----------
Epoch 336 / 600
train error: avg loss = 0.03604705
ES count = 1
Elapsed time = 16.031320095062256 sec
----------
Epoch 337 / 600
train error: avg loss = 0.03675765
ES count = 2
Elapsed time = 16.096853494644165 sec
----------
Epoch 338 / 600
train error: avg loss = 0.03279936
Best loss is updated and ES count is reset.
Checkpoint saved to '/fsb/home/yutingwang/ytw_tangzq/schrodinger-bridge-sr-micrometeorology/data/DL_result/ExperimentSchrodingerBridge3dWind/config_wind_3d_ablation_no_pressure_day_large/checkpoint.pth'
Elapsed time = 16.64037299156189 sec
----------
Epoch 339 / 600
train error: avg loss = 0.03643382
ES count = 1
Elapsed time = 16.17362403869629 sec
----------
Epoch 340 / 600
train error: avg loss = 0.03790541
ES count = 2
Elapsed time = 16.41432476043701 sec
----------
Epoch 341 / 600
train error: avg loss = 0.03195355
Best loss is updated and ES count is reset.
Checkpoint saved to '/fsb/home/yutingwang/ytw_tangzq/schrodinger-bridge-sr-micrometeorology/data/DL_result/ExperimentSchrodingerBridge3dWind/config_wind_3d_ablation_no_pressure_day_large/checkpoint.pth'
Elapsed time = 16.96345281600952 sec
----------
Epoch 342 / 600
train error: avg loss = 0.03326109
ES count = 1
Elapsed time = 15.967436075210571 sec
----------
Epoch 343 / 600
train error: avg loss = 0.03402359
ES count = 2
Elapsed time = 15.69102931022644 sec
----------
Epoch 344 / 600
train error: avg loss = 0.03492313
ES count = 3
Elapsed time = 15.905155420303345 sec
----------
Epoch 345 / 600
train error: avg loss = 0.03365221
ES count = 4
Elapsed time = 15.81868052482605 sec
----------
Epoch 346 / 600
train error: avg loss = 0.03555227
ES count = 5
Elapsed time = 16.00395178794861 sec
----------
Epoch 347 / 600
train error: avg loss = 0.03457225
ES count = 6
Elapsed time = 15.947427034378052 sec
----------
Epoch 348 / 600
train error: avg loss = 0.03701000
ES count = 7
Elapsed time = 15.54186487197876 sec
----------
Epoch 349 / 600
train error: avg loss = 0.03513191
ES count = 8
Elapsed time = 15.944167137145996 sec
----------
Epoch 350 / 600
train error: avg loss = 0.03666586
ES count = 9
Elapsed time = 16.126198053359985 sec
----------
Epoch 351 / 600
train error: avg loss = 0.03563417
ES count = 10
Elapsed time = 16.001510620117188 sec
----------
Epoch 352 / 600
train error: avg loss = 0.03522576
ES count = 11
Elapsed time = 15.967487812042236 sec
----------
Epoch 353 / 600
train error: avg loss = 0.03272363
ES count = 12
Elapsed time = 15.936471939086914 sec
----------
Epoch 354 / 600
train error: avg loss = 0.03445879
ES count = 13
Elapsed time = 15.846416234970093 sec
----------
Epoch 355 / 600
train error: avg loss = 0.03509760
ES count = 14
Elapsed time = 15.86019492149353 sec
----------
Epoch 356 / 600
train error: avg loss = 0.03337477
ES count = 15
Elapsed time = 15.956190586090088 sec
----------
Epoch 357 / 600
train error: avg loss = 0.03506990
ES count = 16
Elapsed time = 16.057136058807373 sec
----------
Epoch 358 / 600
train error: avg loss = 0.03314276
ES count = 17
Elapsed time = 15.998709440231323 sec
----------
Epoch 359 / 600
train error: avg loss = 0.03505274
ES count = 18
Elapsed time = 15.943647384643555 sec
----------
Epoch 360 / 600
train error: avg loss = 0.03678538
ES count = 19
Elapsed time = 15.968279361724854 sec
----------
Epoch 361 / 600
train error: avg loss = 0.03426760
ES count = 20
Elapsed time = 15.596278190612793 sec
----------
Epoch 362 / 600
train error: avg loss = 0.03392115
ES count = 21
Elapsed time = 15.797513008117676 sec
----------
Epoch 363 / 600
train error: avg loss = 0.03489856
ES count = 22
Elapsed time = 15.776790380477905 sec
----------
Epoch 364 / 600
train error: avg loss = 0.03998852
ES count = 23
Elapsed time = 15.600921392440796 sec
----------
Epoch 365 / 600
train error: avg loss = 0.03438651
ES count = 24
Elapsed time = 15.905373573303223 sec
----------
Epoch 366 / 600
train error: avg loss = 0.03305196
ES count = 25
Elapsed time = 15.85208249092102 sec
----------
Epoch 367 / 600
train error: avg loss = 0.03367411
ES count = 26
Elapsed time = 15.93384599685669 sec
----------
Epoch 368 / 600
train error: avg loss = 0.03297345
ES count = 27
Elapsed time = 15.562304019927979 sec
----------
Epoch 369 / 600
train error: avg loss = 0.03483649
ES count = 28
Elapsed time = 16.06689476966858 sec
----------
Epoch 370 / 600
train error: avg loss = 0.03373374
ES count = 29
Elapsed time = 15.493216276168823 sec
----------
Epoch 371 / 600
train error: avg loss = 0.03437559
ES count = 30
Elapsed time = 15.75675630569458 sec
----------
Epoch 372 / 600
train error: avg loss = 0.03372218
ES count = 31
Elapsed time = 15.981046199798584 sec
----------
Epoch 373 / 600
train error: avg loss = 0.03235800
ES count = 32
Elapsed time = 16.2285258769989 sec
----------
Epoch 374 / 600
train error: avg loss = 0.03240220
ES count = 33
Elapsed time = 16.194623708724976 sec
----------
Epoch 375 / 600
train error: avg loss = 0.03199886
ES count = 34
Elapsed time = 15.976793766021729 sec
----------
Epoch 376 / 600
train error: avg loss = 0.03586206
ES count = 35
Elapsed time = 16.35858678817749 sec
----------
Epoch 377 / 600
train error: avg loss = 0.03715827
ES count = 36
Elapsed time = 15.54305386543274 sec
----------
Epoch 378 / 600
train error: avg loss = 0.03242910
ES count = 37
Elapsed time = 16.067233562469482 sec
----------
Epoch 379 / 600
train error: avg loss = 0.03359470
ES count = 38
Elapsed time = 16.08174467086792 sec
----------
Epoch 380 / 600
train error: avg loss = 0.03374568
ES count = 39
Elapsed time = 15.730424642562866 sec
----------
Epoch 381 / 600
train error: avg loss = 0.03356469
ES count = 40
Elapsed time = 16.51196026802063 sec
----------
Epoch 382 / 600
train error: avg loss = 0.03589725
ES count = 41
Elapsed time = 15.950752258300781 sec
----------
Epoch 383 / 600
train error: avg loss = 0.03826733
ES count = 42
Elapsed time = 16.29427695274353 sec
----------
Epoch 384 / 600
train error: avg loss = 0.03556549
ES count = 43
Elapsed time = 16.044776678085327 sec
----------
Epoch 385 / 600
train error: avg loss = 0.03489075
ES count = 44
Elapsed time = 16.135138750076294 sec
----------
Epoch 386 / 600
train error: avg loss = 0.03489725
ES count = 45
Elapsed time = 15.742322206497192 sec
----------
Epoch 387 / 600
train error: avg loss = 0.03331280
ES count = 46
Elapsed time = 16.18175220489502 sec
----------
Epoch 388 / 600
train error: avg loss = 0.03120849
Best loss is updated and ES count is reset.
Checkpoint saved to '/fsb/home/yutingwang/ytw_tangzq/schrodinger-bridge-sr-micrometeorology/data/DL_result/ExperimentSchrodingerBridge3dWind/config_wind_3d_ablation_no_pressure_day_large/checkpoint.pth'
Elapsed time = 17.159015417099 sec
----------
Epoch 389 / 600
train error: avg loss = 0.03866292
ES count = 1
Elapsed time = 16.456664323806763 sec
----------
Epoch 390 / 600
train error: avg loss = 0.03453412
ES count = 2
Elapsed time = 16.262282609939575 sec
----------
Epoch 391 / 600
train error: avg loss = 0.03245166
ES count = 3
Elapsed time = 16.386449813842773 sec
----------
Epoch 392 / 600
train error: avg loss = 0.03273732
ES count = 4
Elapsed time = 16.150144815444946 sec
----------
Epoch 393 / 600
train error: avg loss = 0.03477485
ES count = 5
Elapsed time = 15.819041728973389 sec
----------
Epoch 394 / 600
train error: avg loss = 0.03319644
ES count = 6
Elapsed time = 16.050676584243774 sec
----------
Epoch 395 / 600
train error: avg loss = 0.03302432
ES count = 7
Elapsed time = 16.13511371612549 sec
----------
Epoch 396 / 600
train error: avg loss = 0.03403243
ES count = 8
Elapsed time = 16.49300217628479 sec
----------
Epoch 397 / 600
train error: avg loss = 0.03254871
ES count = 9
Elapsed time = 16.527122735977173 sec
----------
Epoch 398 / 600
train error: avg loss = 0.03155780
ES count = 10
Elapsed time = 16.18621802330017 sec
----------
Epoch 399 / 600
train error: avg loss = 0.03285837
ES count = 11
Elapsed time = 16.860699892044067 sec
----------
Epoch 400 / 600
train error: avg loss = 0.03357268
ES count = 12
Epoch = 400. Save a periodic model snapshot.
Elapsed time = 15.84541130065918 sec
----------
Epoch 401 / 600
train error: avg loss = 0.03470459
ES count = 13
Elapsed time = 15.967086791992188 sec
----------
Epoch 402 / 600
train error: avg loss = 0.03115723
Best loss is updated and ES count is reset.
Checkpoint saved to '/fsb/home/yutingwang/ytw_tangzq/schrodinger-bridge-sr-micrometeorology/data/DL_result/ExperimentSchrodingerBridge3dWind/config_wind_3d_ablation_no_pressure_day_large/checkpoint.pth'
Elapsed time = 17.148704051971436 sec
----------
Epoch 403 / 600
train error: avg loss = 0.03558642
ES count = 1
Elapsed time = 15.978774785995483 sec
----------
Epoch 404 / 600
train error: avg loss = 0.03189904
ES count = 2
Elapsed time = 15.7249174118042 sec
----------
Epoch 405 / 600
train error: avg loss = 0.03120375
ES count = 3
Elapsed time = 16.375492095947266 sec
----------
Epoch 406 / 600
train error: avg loss = 0.03382004
ES count = 4
Elapsed time = 16.28213334083557 sec
----------
Epoch 407 / 600
train error: avg loss = 0.03264723
ES count = 5
Elapsed time = 16.059258460998535 sec
----------
Epoch 408 / 600
train error: avg loss = 0.03394521
ES count = 6
Elapsed time = 16.06871271133423 sec
----------
Epoch 409 / 600
train error: avg loss = 0.03282056
ES count = 7
Elapsed time = 15.648679256439209 sec
----------
Epoch 410 / 600
train error: avg loss = 0.03390733
ES count = 8
Elapsed time = 16.999886512756348 sec
----------
Epoch 411 / 600
train error: avg loss = 0.03177007
ES count = 9
Elapsed time = 15.164871454238892 sec
----------
Epoch 412 / 600
train error: avg loss = 0.03516234
ES count = 10
Elapsed time = 16.734249353408813 sec
----------
Epoch 413 / 600
train error: avg loss = 0.03153160
ES count = 11
Elapsed time = 15.971076965332031 sec
----------
Epoch 414 / 600
train error: avg loss = 0.03416362
ES count = 12
Elapsed time = 16.777735471725464 sec
----------
Epoch 415 / 600
train error: avg loss = 0.03987898
ES count = 13
Elapsed time = 16.101871252059937 sec
----------
Epoch 416 / 600
train error: avg loss = 0.03294271
ES count = 14
Elapsed time = 16.981799125671387 sec
----------
Epoch 417 / 600
train error: avg loss = 0.03397372
ES count = 15
Elapsed time = 16.48112154006958 sec
----------
Epoch 418 / 600
train error: avg loss = 0.03272034
ES count = 16
Elapsed time = 16.182778358459473 sec
----------
Epoch 419 / 600
train error: avg loss = 0.03107748
Best loss is updated and ES count is reset.
Checkpoint saved to '/fsb/home/yutingwang/ytw_tangzq/schrodinger-bridge-sr-micrometeorology/data/DL_result/ExperimentSchrodingerBridge3dWind/config_wind_3d_ablation_no_pressure_day_large/checkpoint.pth'
Elapsed time = 18.0335636138916 sec
----------
Epoch 420 / 600
train error: avg loss = 0.03357352
ES count = 1
Elapsed time = 15.774251222610474 sec
----------
Epoch 421 / 600
train error: avg loss = 0.03347322
ES count = 2
Elapsed time = 15.654268264770508 sec
----------
Epoch 422 / 600
train error: avg loss = 0.03384456
ES count = 3
Elapsed time = 16.212990522384644 sec
----------
Epoch 423 / 600
train error: avg loss = 0.03066576
Best loss is updated and ES count is reset.
Checkpoint saved to '/fsb/home/yutingwang/ytw_tangzq/schrodinger-bridge-sr-micrometeorology/data/DL_result/ExperimentSchrodingerBridge3dWind/config_wind_3d_ablation_no_pressure_day_large/checkpoint.pth'
Elapsed time = 17.651221990585327 sec
----------
Epoch 424 / 600
train error: avg loss = 0.03087931
ES count = 1
Elapsed time = 17.029846668243408 sec
----------
Epoch 425 / 600
train error: avg loss = 0.03219613
ES count = 2
Elapsed time = 16.13306498527527 sec
----------
Epoch 426 / 600
train error: avg loss = 0.03207774
ES count = 3
Elapsed time = 16.037333250045776 sec
----------
Epoch 427 / 600
train error: avg loss = 0.03233695
ES count = 4
Elapsed time = 16.06910991668701 sec
----------
Epoch 428 / 600
train error: avg loss = 0.03174022
ES count = 5
Elapsed time = 16.576850652694702 sec
----------
Epoch 429 / 600
train error: avg loss = 0.03118206
ES count = 6
Elapsed time = 16.948055267333984 sec
----------
Epoch 430 / 600
train error: avg loss = 0.02973512
Best loss is updated and ES count is reset.
Checkpoint saved to '/fsb/home/yutingwang/ytw_tangzq/schrodinger-bridge-sr-micrometeorology/data/DL_result/ExperimentSchrodingerBridge3dWind/config_wind_3d_ablation_no_pressure_day_large/checkpoint.pth'
Elapsed time = 17.995095014572144 sec
----------
Epoch 431 / 600
train error: avg loss = 0.03338371
ES count = 1
Elapsed time = 16.64381766319275 sec
----------
Epoch 432 / 600
train error: avg loss = 0.03030721
ES count = 2
Elapsed time = 16.857528924942017 sec
----------
Epoch 433 / 600
train error: avg loss = 0.03303066
ES count = 3
Elapsed time = 16.261169910430908 sec
----------
Epoch 434 / 600
train error: avg loss = 0.03362214
ES count = 4
Elapsed time = 16.67507004737854 sec
----------
Epoch 435 / 600
train error: avg loss = 0.03560785
ES count = 5
Elapsed time = 15.509568691253662 sec
----------
Epoch 436 / 600
train error: avg loss = 0.03260801
ES count = 6
Elapsed time = 15.995071172714233 sec
----------
Epoch 437 / 600
train error: avg loss = 0.03317909
ES count = 7
Elapsed time = 15.748095750808716 sec
----------
Epoch 438 / 600
train error: avg loss = 0.03148687
ES count = 8
Elapsed time = 16.02973484992981 sec
----------
Epoch 439 / 600
train error: avg loss = 0.03341262
ES count = 9
Elapsed time = 17.446492671966553 sec
----------
Epoch 440 / 600
train error: avg loss = 0.03167114
ES count = 10
Elapsed time = 16.72610831260681 sec
----------
Epoch 441 / 600
train error: avg loss = 0.03121212
ES count = 11
Elapsed time = 16.58203125 sec
----------
Epoch 442 / 600
train error: avg loss = 0.03166715
ES count = 12
Elapsed time = 16.75499415397644 sec
----------
Epoch 443 / 600
train error: avg loss = 0.03009778
ES count = 13
Elapsed time = 16.860893487930298 sec
----------
Epoch 444 / 600
train error: avg loss = 0.03184720
ES count = 14
Elapsed time = 16.55845546722412 sec
----------
Epoch 445 / 600
train error: avg loss = 0.03234459
ES count = 15
Elapsed time = 16.822569608688354 sec
----------
Epoch 446 / 600
train error: avg loss = 0.02989027
ES count = 16
Elapsed time = 17.177726984024048 sec
----------
Epoch 447 / 600
train error: avg loss = 0.03195504
ES count = 17
Elapsed time = 16.57768750190735 sec
----------
Epoch 448 / 600
train error: avg loss = 0.03193945
ES count = 18
Elapsed time = 16.962116479873657 sec
----------
Epoch 449 / 600
train error: avg loss = 0.03064697
ES count = 19
Elapsed time = 16.782808303833008 sec
----------
Epoch 450 / 600
train error: avg loss = 0.03260553
ES count = 20
Elapsed time = 16.814741611480713 sec
----------
Epoch 451 / 600
train error: avg loss = 0.02919539
Best loss is updated and ES count is reset.
Checkpoint saved to '/fsb/home/yutingwang/ytw_tangzq/schrodinger-bridge-sr-micrometeorology/data/DL_result/ExperimentSchrodingerBridge3dWind/config_wind_3d_ablation_no_pressure_day_large/checkpoint.pth'
Elapsed time = 17.07159662246704 sec
----------
Epoch 452 / 600
train error: avg loss = 0.03137702
ES count = 1
Elapsed time = 16.177908182144165 sec
----------
Epoch 453 / 600
train error: avg loss = 0.03297917
ES count = 2
Elapsed time = 15.997604608535767 sec
----------
Epoch 454 / 600
train error: avg loss = 0.03062194
ES count = 3
Elapsed time = 16.11406397819519 sec
----------
Epoch 455 / 600
train error: avg loss = 0.03102446
ES count = 4
Elapsed time = 15.431267976760864 sec
----------
Epoch 456 / 600
train error: avg loss = 0.03280834
ES count = 5
Elapsed time = 15.627262592315674 sec
----------
Epoch 457 / 600
train error: avg loss = 0.02966759
ES count = 6
Elapsed time = 15.84932541847229 sec
----------
Epoch 458 / 600
train error: avg loss = 0.03396533
ES count = 7
Elapsed time = 15.638453722000122 sec
----------
Epoch 459 / 600
train error: avg loss = 0.03046634
ES count = 8
Elapsed time = 15.719780921936035 sec
----------
Epoch 460 / 600
train error: avg loss = 0.03125415
ES count = 9
Elapsed time = 15.559752225875854 sec
----------
Epoch 461 / 600
train error: avg loss = 0.03291628
ES count = 10
Elapsed time = 15.832958936691284 sec
----------
Epoch 462 / 600
train error: avg loss = 0.07925764
ES count = 11
Elapsed time = 16.334222555160522 sec
----------
Epoch 463 / 600
train error: avg loss = 0.06896758
ES count = 12
Elapsed time = 15.756576776504517 sec
----------
Epoch 464 / 600
train error: avg loss = 0.03985907
ES count = 13
Elapsed time = 15.643717288970947 sec
----------
Epoch 465 / 600
train error: avg loss = 0.03447540
ES count = 14
Elapsed time = 15.553844451904297 sec
----------
Epoch 466 / 600
train error: avg loss = 0.03579392
ES count = 15
Elapsed time = 16.154223680496216 sec
----------
Epoch 467 / 600
train error: avg loss = 0.03254359
ES count = 16
Elapsed time = 15.845875978469849 sec
----------
Epoch 468 / 600
train error: avg loss = 0.03424078
ES count = 17
Elapsed time = 15.857064723968506 sec
----------
Epoch 469 / 600
train error: avg loss = 0.03251032
ES count = 18
Elapsed time = 16.7088041305542 sec
----------
Epoch 470 / 600
train error: avg loss = 0.03341129
ES count = 19
Elapsed time = 16.698436737060547 sec
----------
Epoch 471 / 600
train error: avg loss = 0.03086024
ES count = 20
Elapsed time = 16.03298044204712 sec
----------
Epoch 472 / 600
train error: avg loss = 0.03180228
ES count = 21
Elapsed time = 15.761680603027344 sec
----------
Epoch 473 / 600
train error: avg loss = 0.03281327
ES count = 22
Elapsed time = 13.647562742233276 sec
----------
Epoch 474 / 600
train error: avg loss = 0.03157114
ES count = 23
Elapsed time = 14.197737455368042 sec
----------
Epoch 475 / 600
train error: avg loss = 0.03210077
ES count = 24
Elapsed time = 13.160908460617065 sec
----------
Epoch 476 / 600
train error: avg loss = 0.03376858
ES count = 25
Elapsed time = 12.410151243209839 sec
----------
Epoch 477 / 600
train error: avg loss = 0.03222941
ES count = 26
Elapsed time = 13.264955043792725 sec
----------
Epoch 478 / 600
train error: avg loss = 0.03136951
ES count = 27
Elapsed time = 13.095090389251709 sec
----------
Epoch 479 / 600
train error: avg loss = 0.03048418
ES count = 28
Elapsed time = 15.974308252334595 sec
----------
Epoch 480 / 600
train error: avg loss = 0.03178736
ES count = 29
Elapsed time = 13.520851373672485 sec
----------
Epoch 481 / 600
train error: avg loss = 0.03045259
ES count = 30
Elapsed time = 13.53150463104248 sec
----------
Epoch 482 / 600
train error: avg loss = 0.03150929
ES count = 31
Elapsed time = 13.428260564804077 sec
----------
Epoch 483 / 600
train error: avg loss = 0.03120414
ES count = 32
Elapsed time = 13.151815176010132 sec
----------
Epoch 484 / 600
train error: avg loss = 0.03275582
ES count = 33
Elapsed time = 13.02705979347229 sec
----------
Epoch 485 / 600
train error: avg loss = 0.03094386
ES count = 34
Elapsed time = 13.657404899597168 sec
----------
Epoch 486 / 600
train error: avg loss = 0.03181142
ES count = 35
Elapsed time = 13.49044680595398 sec
----------
Epoch 487 / 600
train error: avg loss = 0.03188084
ES count = 36
Elapsed time = 13.200469017028809 sec
----------
Epoch 488 / 600
train error: avg loss = 0.03442121
ES count = 37
Elapsed time = 13.223647832870483 sec
----------
Epoch 489 / 600
train error: avg loss = 0.03237726
ES count = 38
Elapsed time = 13.247028589248657 sec
----------
Epoch 490 / 600
train error: avg loss = 0.03080420
ES count = 39
Elapsed time = 13.131171226501465 sec
----------
Epoch 491 / 600
train error: avg loss = 0.03213039
ES count = 40
Elapsed time = 12.966049194335938 sec
----------
Epoch 492 / 600
train error: avg loss = 0.02957801
ES count = 41
Elapsed time = 12.784006357192993 sec
----------
Epoch 493 / 600
train error: avg loss = 0.03336997
ES count = 42
Elapsed time = 13.42444896697998 sec
----------
Epoch 494 / 600
train error: avg loss = 0.02904965
Best loss is updated and ES count is reset.
Checkpoint saved to '/fsb/home/yutingwang/ytw_tangzq/schrodinger-bridge-sr-micrometeorology/data/DL_result/ExperimentSchrodingerBridge3dWind/config_wind_3d_ablation_no_pressure_day_large/checkpoint.pth'
Elapsed time = 14.038528442382812 sec
----------
Epoch 495 / 600
train error: avg loss = 0.03213863
ES count = 1
Elapsed time = 13.58508825302124 sec
----------
Epoch 496 / 600
train error: avg loss = 0.03246471
ES count = 2
Elapsed time = 13.053427457809448 sec
----------
Epoch 497 / 600
train error: avg loss = 0.03296346
ES count = 3
Elapsed time = 13.385628461837769 sec
----------
Epoch 498 / 600
train error: avg loss = 0.03159234
ES count = 4
Elapsed time = 13.116376161575317 sec
----------
Epoch 499 / 600
train error: avg loss = 0.03083438
ES count = 5
Elapsed time = 13.201712369918823 sec
----------
Epoch 500 / 600
train error: avg loss = 0.02899582
Best loss is updated and ES count is reset.
Checkpoint saved to '/fsb/home/yutingwang/ytw_tangzq/schrodinger-bridge-sr-micrometeorology/data/DL_result/ExperimentSchrodingerBridge3dWind/config_wind_3d_ablation_no_pressure_day_large/checkpoint.pth'
Epoch = 500. Save a periodic model snapshot.
Elapsed time = 13.936692237854004 sec
----------
Epoch 501 / 600
train error: avg loss = 0.03116401
ES count = 1
Elapsed time = 13.158812522888184 sec
----------
Epoch 502 / 600
train error: avg loss = 0.02871075
Best loss is updated and ES count is reset.
Checkpoint saved to '/fsb/home/yutingwang/ytw_tangzq/schrodinger-bridge-sr-micrometeorology/data/DL_result/ExperimentSchrodingerBridge3dWind/config_wind_3d_ablation_no_pressure_day_large/checkpoint.pth'
Elapsed time = 14.090452432632446 sec
----------
Epoch 503 / 600
train error: avg loss = 0.03115862
ES count = 1
Elapsed time = 12.907891035079956 sec
----------
Epoch 504 / 600
train error: avg loss = 0.03212971
ES count = 2
Elapsed time = 13.34809160232544 sec
----------
Epoch 505 / 600
train error: avg loss = 0.03117934
ES count = 3
Elapsed time = 13.03074312210083 sec
----------
Epoch 506 / 600
train error: avg loss = 0.03231514
ES count = 4
Elapsed time = 13.30504059791565 sec
----------
Epoch 507 / 600
train error: avg loss = 0.03078421
ES count = 5
Elapsed time = 12.964692115783691 sec
----------
Epoch 508 / 600
train error: avg loss = 0.03085688
ES count = 6
Elapsed time = 13.370896100997925 sec
----------
Epoch 509 / 600
train error: avg loss = 0.03182626
ES count = 7
Elapsed time = 13.351882696151733 sec
----------
Epoch 510 / 600
train error: avg loss = 0.02878512
ES count = 8
Elapsed time = 13.201570987701416 sec
----------
Epoch 511 / 600
train error: avg loss = 0.03471713
ES count = 9
Elapsed time = 13.154050350189209 sec
----------
Epoch 512 / 600
train error: avg loss = 0.03149563
ES count = 10
Elapsed time = 13.331092357635498 sec
----------
Epoch 513 / 600
train error: avg loss = 0.03017008
ES count = 11
Elapsed time = 13.138130187988281 sec
----------
Epoch 514 / 600
train error: avg loss = 0.03456095
ES count = 12
Elapsed time = 13.351826429367065 sec
----------
Epoch 515 / 600
train error: avg loss = 0.03236074
ES count = 13
Elapsed time = 13.261595964431763 sec
----------
Epoch 516 / 600
train error: avg loss = 0.03111586
ES count = 14
Elapsed time = 12.874651908874512 sec
----------
Epoch 517 / 600
train error: avg loss = 0.03301352
ES count = 15
Elapsed time = 13.27921199798584 sec
----------
Epoch 518 / 600
train error: avg loss = 0.03498385
ES count = 16
Elapsed time = 13.055785894393921 sec
----------
Epoch 519 / 600
train error: avg loss = 0.03208969
ES count = 17
Elapsed time = 13.277978420257568 sec
----------
Epoch 520 / 600
train error: avg loss = 0.03088012
ES count = 18
Elapsed time = 13.1123366355896 sec
----------
Epoch 521 / 600
train error: avg loss = 0.02962251
ES count = 19
Elapsed time = 11.165254831314087 sec
----------
Epoch 522 / 600
train error: avg loss = 0.03113282
ES count = 20
Elapsed time = 9.679174661636353 sec
----------
Epoch 523 / 600
train error: avg loss = 0.03250448
ES count = 21
Elapsed time = 9.695080280303955 sec
----------
Epoch 524 / 600
train error: avg loss = 0.03426533
ES count = 22
Elapsed time = 10.026817560195923 sec
----------
Epoch 525 / 600
train error: avg loss = 0.03171096
ES count = 23
Elapsed time = 9.842453479766846 sec
----------
Epoch 526 / 600
train error: avg loss = 0.03135985
ES count = 24
Elapsed time = 10.072163343429565 sec
----------
Epoch 527 / 600
train error: avg loss = 0.02947567
ES count = 25
Elapsed time = 10.659235954284668 sec
----------
Epoch 528 / 600
train error: avg loss = 0.03377138
ES count = 26
Elapsed time = 10.394360065460205 sec
----------
Epoch 529 / 600
train error: avg loss = 0.03149118
ES count = 27
Elapsed time = 9.719812870025635 sec
----------
Epoch 530 / 600
train error: avg loss = 0.03015482
ES count = 28
Elapsed time = 9.042690515518188 sec
----------
Epoch 531 / 600
train error: avg loss = 0.03025587
ES count = 29
Elapsed time = 8.941430807113647 sec
----------
Epoch 532 / 600
train error: avg loss = 0.03116890
ES count = 30
Elapsed time = 9.010462999343872 sec
----------
Epoch 533 / 600
train error: avg loss = 0.03001219
ES count = 31
Elapsed time = 8.9366774559021 sec
----------
Epoch 534 / 600
train error: avg loss = 0.03025222
ES count = 32
Elapsed time = 8.941194295883179 sec
----------
Epoch 535 / 600
train error: avg loss = 0.03435299
ES count = 33
Elapsed time = 9.281580448150635 sec
----------
Epoch 536 / 600
train error: avg loss = 0.03313110
ES count = 34
Elapsed time = 9.24644160270691 sec
----------
Epoch 537 / 600
train error: avg loss = 0.03129476
ES count = 35
Elapsed time = 9.118746995925903 sec
----------
Epoch 538 / 600
train error: avg loss = 0.03149781
ES count = 36
Elapsed time = 9.016478538513184 sec
----------
Epoch 539 / 600
train error: avg loss = 0.03058505
ES count = 37
Elapsed time = 9.100228071212769 sec
----------
Epoch 540 / 600
train error: avg loss = 0.02944250
ES count = 38
Elapsed time = 9.204991579055786 sec
----------
Epoch 541 / 600
train error: avg loss = 0.03016996
ES count = 39
Elapsed time = 9.206379413604736 sec
----------
Epoch 542 / 600
train error: avg loss = 0.02958473
ES count = 40
Elapsed time = 8.978311538696289 sec
----------
Epoch 543 / 600
train error: avg loss = 0.03102963
ES count = 41
Elapsed time = 9.042367696762085 sec
----------
Epoch 544 / 600
train error: avg loss = 0.03008941
ES count = 42
Elapsed time = 8.996861457824707 sec
----------
Epoch 545 / 600
train error: avg loss = 0.02919915
ES count = 43
Elapsed time = 9.209513902664185 sec
----------
Epoch 546 / 600
train error: avg loss = 0.03014514
ES count = 44
Elapsed time = 9.218143463134766 sec
----------
Epoch 547 / 600
train error: avg loss = 0.03176690
ES count = 45
Elapsed time = 9.142967462539673 sec
----------
Epoch 548 / 600
train error: avg loss = 0.03084944
ES count = 46
Elapsed time = 8.877501010894775 sec
----------
Epoch 549 / 600
train error: avg loss = 0.03150855
ES count = 47
Elapsed time = 8.756885766983032 sec
----------
Epoch 550 / 600
train error: avg loss = 0.03223760
ES count = 48
Elapsed time = 8.65610933303833 sec
----------
Epoch 551 / 600
train error: avg loss = 0.03166148
ES count = 49
Elapsed time = 8.621839046478271 sec
----------
Epoch 552 / 600
train error: avg loss = 0.03048507
ES count = 50
Elapsed time = 8.683102130889893 sec
----------
Epoch 553 / 600
train error: avg loss = 0.03048030
ES count = 51
Elapsed time = 8.915707111358643 sec
----------
Epoch 554 / 600
train error: avg loss = 0.03031260
ES count = 52
Elapsed time = 8.938286066055298 sec
----------
Epoch 555 / 600
train error: avg loss = 0.03096135
ES count = 53
Elapsed time = 8.89881157875061 sec
----------
Epoch 556 / 600
train error: avg loss = 0.02878206
ES count = 54
Elapsed time = 9.027045965194702 sec
----------
Epoch 557 / 600
train error: avg loss = 0.02835706
Best loss is updated and ES count is reset.
Checkpoint saved to '/fsb/home/yutingwang/ytw_tangzq/schrodinger-bridge-sr-micrometeorology/data/DL_result/ExperimentSchrodingerBridge3dWind/config_wind_3d_ablation_no_pressure_day_large/checkpoint.pth'
Elapsed time = 9.15690279006958 sec
----------
Epoch 558 / 600
train error: avg loss = 0.02814551
Best loss is updated and ES count is reset.
Checkpoint saved to '/fsb/home/yutingwang/ytw_tangzq/schrodinger-bridge-sr-micrometeorology/data/DL_result/ExperimentSchrodingerBridge3dWind/config_wind_3d_ablation_no_pressure_day_large/checkpoint.pth'
Elapsed time = 9.262205362319946 sec
----------
Epoch 559 / 600
train error: avg loss = 0.02999521
ES count = 1
Elapsed time = 8.941612005233765 sec
----------
Epoch 560 / 600
train error: avg loss = 0.02952955
ES count = 2
Elapsed time = 8.563707828521729 sec
----------
Epoch 561 / 600
train error: avg loss = 0.03326394
ES count = 3
Elapsed time = 8.600128412246704 sec
----------
Epoch 562 / 600
train error: avg loss = 0.03160441
ES count = 4
Elapsed time = 8.770916938781738 sec
----------
Epoch 563 / 600
train error: avg loss = 0.03145706
ES count = 5
Elapsed time = 8.573073863983154 sec
----------
Epoch 564 / 600
train error: avg loss = 0.02910715
ES count = 6
Elapsed time = 8.706568479537964 sec
----------
Epoch 565 / 600
train error: avg loss = 0.02866155
ES count = 7
Elapsed time = 8.655185461044312 sec
----------
Epoch 566 / 600
train error: avg loss = 0.03686551
ES count = 8
Elapsed time = 8.68838882446289 sec
----------
Epoch 567 / 600
train error: avg loss = 0.03231625
ES count = 9
Elapsed time = 8.536599159240723 sec
----------
Epoch 568 / 600
train error: avg loss = 0.03120883
ES count = 10
Elapsed time = 8.537702083587646 sec
----------
Epoch 569 / 600
train error: avg loss = 0.03060297
ES count = 11
Elapsed time = 8.738409519195557 sec
----------
Epoch 570 / 600
train error: avg loss = 0.02931973
ES count = 12
Elapsed time = 8.564187049865723 sec
----------
Epoch 571 / 600
train error: avg loss = 0.03009616
ES count = 13
Elapsed time = 8.689813375473022 sec
----------
Epoch 572 / 600
train error: avg loss = 0.02869492
ES count = 14
Elapsed time = 8.584336757659912 sec
----------
Epoch 573 / 600
train error: avg loss = 0.02797301
Best loss is updated and ES count is reset.
Checkpoint saved to '/fsb/home/yutingwang/ytw_tangzq/schrodinger-bridge-sr-micrometeorology/data/DL_result/ExperimentSchrodingerBridge3dWind/config_wind_3d_ablation_no_pressure_day_large/checkpoint.pth'
Elapsed time = 9.492087125778198 sec
----------
Epoch 574 / 600
train error: avg loss = 0.02850660
ES count = 1
Elapsed time = 8.801907062530518 sec
----------
Epoch 575 / 600
train error: avg loss = 0.02949924
ES count = 2
Elapsed time = 8.607099056243896 sec
----------
Epoch 576 / 600
train error: avg loss = 0.02796416
Best loss is updated and ES count is reset.
Checkpoint saved to '/fsb/home/yutingwang/ytw_tangzq/schrodinger-bridge-sr-micrometeorology/data/DL_result/ExperimentSchrodingerBridge3dWind/config_wind_3d_ablation_no_pressure_day_large/checkpoint.pth'
Elapsed time = 9.62376356124878 sec
----------
Epoch 577 / 600
train error: avg loss = 0.03119063
ES count = 1
Elapsed time = 8.472954511642456 sec
----------
Epoch 578 / 600
train error: avg loss = 0.03519379
ES count = 2
Elapsed time = 8.518507957458496 sec
----------
Epoch 579 / 600
train error: avg loss = 0.03105119
ES count = 3
Elapsed time = 8.703834533691406 sec
----------
Epoch 580 / 600
train error: avg loss = 0.02990746
ES count = 4
Elapsed time = 8.766289710998535 sec
----------
Epoch 581 / 600
train error: avg loss = 0.03003226
ES count = 5
Elapsed time = 8.966365575790405 sec
----------
Epoch 582 / 600
train error: avg loss = 0.02969889
ES count = 6
Elapsed time = 8.696883916854858 sec
----------
Epoch 583 / 600
train error: avg loss = 0.02932088
ES count = 7
Elapsed time = 8.7183518409729 sec
----------
Epoch 584 / 600
train error: avg loss = 0.02839095
ES count = 8
Elapsed time = 8.594350337982178 sec
----------
Epoch 585 / 600
train error: avg loss = 0.02856741
ES count = 9
Elapsed time = 8.725607633590698 sec
----------
Epoch 586 / 600
train error: avg loss = 0.02924438
ES count = 10
Elapsed time = 8.699766159057617 sec
----------
Epoch 587 / 600
train error: avg loss = 0.02929430
ES count = 11
Elapsed time = 8.619027376174927 sec
----------
Epoch 588 / 600
train error: avg loss = 0.03141331
ES count = 12
Elapsed time = 8.651156425476074 sec
----------
Epoch 589 / 600
train error: avg loss = 0.02936101
ES count = 13
Elapsed time = 8.65817403793335 sec
----------
Epoch 590 / 600
train error: avg loss = 0.03012752
ES count = 14
Elapsed time = 8.758882522583008 sec
----------
Epoch 591 / 600
train error: avg loss = 0.02858738
ES count = 15
Elapsed time = 8.665610074996948 sec
----------
Epoch 592 / 600
train error: avg loss = 0.03196549
ES count = 16
Elapsed time = 8.716103792190552 sec
----------
Epoch 593 / 600
train error: avg loss = 0.02937442
ES count = 17
Elapsed time = 8.602661609649658 sec
----------
Epoch 594 / 600
train error: avg loss = 0.02796639
ES count = 18
Elapsed time = 8.546379804611206 sec
----------
Epoch 595 / 600
train error: avg loss = 0.03025075
ES count = 19
Elapsed time = 8.556479215621948 sec
----------
Epoch 596 / 600
train error: avg loss = 0.02737701
Best loss is updated and ES count is reset.
Checkpoint saved to '/fsb/home/yutingwang/ytw_tangzq/schrodinger-bridge-sr-micrometeorology/data/DL_result/ExperimentSchrodingerBridge3dWind/config_wind_3d_ablation_no_pressure_day_large/checkpoint.pth'
Elapsed time = 9.331804990768433 sec
----------
Epoch 597 / 600
train error: avg loss = 0.02874539
ES count = 1
Elapsed time = 8.335429906845093 sec
----------
Epoch 598 / 600
train error: avg loss = 0.03000130
ES count = 2
Elapsed time = 8.444534540176392 sec
----------
Epoch 599 / 600
train error: avg loss = 0.02890155
ES count = 3
Elapsed time = 8.3433256149292 sec
----------
Epoch 600 / 600
train error: avg loss = 0.02856726
ES count = 4
Epoch = 600. Save a periodic model snapshot.
Elapsed time = 8.862604141235352 sec
----------
Epoch 601 / 600
train error: avg loss = 0.03005066
ES count = 5
Elapsed time = 8.427645921707153 sec
----------
Train end: 2026-07-15T16:42:29.558568+00:00 UTC
Best epoch: 596, best_loss: 0.02737701
Total elapsed time = 150.44236404498417 min

**************************************************
Make inference
**************************************************


Inference at epoch 100.
UNetDDPMVer01 is created
dataset_config.dataset_name='Dataset3dWind'
The total files = 480. A part of them is used for training.
train: 167/335 samples kept after day_night_filter=day
valid: 36/70 samples kept after day_night_filter=day
test: 37/75 samples kept after day_night_filter=day
All files give to dataset are 36.
Reading all files.
valid: dataset size = 36, batch num = 18

Requested 60 samples, but only 36 are available. Using all available data.
Inference out = /fsb/home/yutingwang/ytw_tangzq/schrodinger-bridge-sr-micrometeorology/data/DL_result/ExperimentSchrodingerBridge3dWind/config_wind_3d_ablation_no_pressure_day_large/inference_0100.pickle
Total elapsed time = 0.18309222062428793 min


Inference at epoch 200.
UNetDDPMVer01 is created
dataset_config.dataset_name='Dataset3dWind'
The total files = 480. A part of them is used for training.
train: 167/335 samples kept after day_night_filter=day
valid: 36/70 samples kept after day_night_filter=day
test: 37/75 samples kept after day_night_filter=day
All files give to dataset are 36.
Reading all files.
valid: dataset size = 36, batch num = 18

Requested 60 samples, but only 36 are available. Using all available data.
Inference out = /fsb/home/yutingwang/ytw_tangzq/schrodinger-bridge-sr-micrometeorology/data/DL_result/ExperimentSchrodingerBridge3dWind/config_wind_3d_ablation_no_pressure_day_large/inference_0200.pickle
Total elapsed time = 0.18042649030685426 min


Inference at epoch 300.
UNetDDPMVer01 is created
dataset_config.dataset_name='Dataset3dWind'
The total files = 480. A part of them is used for training.
train: 167/335 samples kept after day_night_filter=day
valid: 36/70 samples kept after day_night_filter=day
test: 37/75 samples kept after day_night_filter=day
All files give to dataset are 36.
Reading all files.
valid: dataset size = 36, batch num = 18

Requested 60 samples, but only 36 are available. Using all available data.
Inference out = /fsb/home/yutingwang/ytw_tangzq/schrodinger-bridge-sr-micrometeorology/data/DL_result/ExperimentSchrodingerBridge3dWind/config_wind_3d_ablation_no_pressure_day_large/inference_0300.pickle
Total elapsed time = 0.18187470038731893 min


Inference at epoch 400.
UNetDDPMVer01 is created
dataset_config.dataset_name='Dataset3dWind'
The total files = 480. A part of them is used for training.
train: 167/335 samples kept after day_night_filter=day
valid: 36/70 samples kept after day_night_filter=day
test: 37/75 samples kept after day_night_filter=day
All files give to dataset are 36.
Reading all files.
valid: dataset size = 36, batch num = 18

Requested 60 samples, but only 36 are available. Using all available data.
Inference out = /fsb/home/yutingwang/ytw_tangzq/schrodinger-bridge-sr-micrometeorology/data/DL_result/ExperimentSchrodingerBridge3dWind/config_wind_3d_ablation_no_pressure_day_large/inference_0400.pickle
Total elapsed time = 0.1779489278793335 min


Inference at epoch 500.
UNetDDPMVer01 is created
dataset_config.dataset_name='Dataset3dWind'
The total files = 480. A part of them is used for training.
train: 167/335 samples kept after day_night_filter=day
valid: 36/70 samples kept after day_night_filter=day
test: 37/75 samples kept after day_night_filter=day
All files give to dataset are 36.
Reading all files.
valid: dataset size = 36, batch num = 18

Requested 60 samples, but only 36 are available. Using all available data.
Inference out = /fsb/home/yutingwang/ytw_tangzq/schrodinger-bridge-sr-micrometeorology/data/DL_result/ExperimentSchrodingerBridge3dWind/config_wind_3d_ablation_no_pressure_day_large/inference_0500.pickle
Total elapsed time = 0.18636782169342042 min


Inference at epoch 600.
UNetDDPMVer01 is created
dataset_config.dataset_name='Dataset3dWind'
The total files = 480. A part of them is used for training.
train: 167/335 samples kept after day_night_filter=day
valid: 36/70 samples kept after day_night_filter=day
test: 37/75 samples kept after day_night_filter=day
All files give to dataset are 36.
Reading all files.
valid: dataset size = 36, batch num = 18

Requested 60 samples, but only 36 are available. Using all available data.
Inference out = /fsb/home/yutingwang/ytw_tangzq/schrodinger-bridge-sr-micrometeorology/data/DL_result/ExperimentSchrodingerBridge3dWind/config_wind_3d_ablation_no_pressure_day_large/inference_0600.pickle
Total elapsed time = 0.16339600483576458 min

End all inference processes.

End: Thu Jul 16 00:43:36 CST 2026

------------------------------------------------------------
Sender: LSF System <lsfadmin@m002>
Subject: Job 13763911: <abl_large_day_no_pressure> in cluster <hpc> Done

Job <abl_large_day_no_pressure> was submitted from host <login1> by user <ytw_tangzq> in cluster <hpc> at Wed Jul 15 22:10:28 2026
Job was executed on host(s) <6*m002>, in queue <723090ib>, as user <ytw_tangzq> in cluster <hpc> at Wed Jul 15 22:10:29 2026
</fsb/home/yutingwang/ytw_tangzq> was used as the home directory.
</fsb/home/yutingwang/ytw_tangzq/schrodinger-bridge-sr-micrometeorology> was used as the working directory.
Started at Wed Jul 15 22:10:29 2026
Terminated at Thu Jul 16 00:43:36 2026
Results reported at Thu Jul 16 00:43:36 2026

Your job looked like:

------------------------------------------------------------
# LSBATCH: User input
#!/bin/bash
# ============================================
# LSF — Day/Night Ablation Large (192x192, 64ch): NoPSFC (day)
# 192x192 + inner_ch=64 + pure L2 + GPU
# ============================================
#BSUB -q 723090ib
#BSUB -gpu "num=1:mode=exclusive_process"
#BSUB -n 4
#BSUB -R "rusage[mem=32000]"
#BSUB -J abl_large_day_no_pressure
#BSUB -o logs/abl_large_day_no_pressure_%J.out
#BSUB -e logs/abl_large_day_no_pressure_%J.err

module load anaconda/3
module load cuda/11.8.0
source activate wind3d

cd $LS_SUBCWD
mkdir -p logs

echo "=== Ablation: NoPSFC | Filter: day | Large (192x192, 64ch) ==="
echo "Config: configs/config_wind_3d_ablation_no_pressure_day_large.yml"
echo "Host: $(hostname)"
echo "GPU:  $(nvidia-smi --query-gpu=name,memory.total --format=csv,noheader 2>/dev/null || echo 'N/A')"
echo "Start: $(date)"
echo ""

python scripts/train_schrodinger_bridge_model.py \
  --config_path configs/config_wind_3d_ablation_no_pressure_day_large.yml \
  --experiment_name ExperimentSchrodingerBridge3dWind \
  --device cuda:0

echo ""
echo "End: $(date)"

------------------------------------------------------------

Successfully completed.

Resource usage summary:

    CPU time :                                   5726.20 sec.
    Max Memory :                                 2562 MB
    Average Memory :                             2483.13 MB
    Total Requested Memory :                     32000.00 MB
    Delta Memory :                               29438.00 MB
    Max Swap :                                   -
    Max Processes :                              8
    Max Threads :                                48
    Run time :                                   9187 sec.
    Turnaround time :                            9188 sec.

The output (if any) is above this job summary.



PS:

Read file <logs/abl_large_day_no_pressure_13763911.err> for stderr output of this job.

