=== Ablation: All10 | Filter: night | Large (192x192, 64ch) ===
Config: configs/config_wind_3d_ablation_all_night_large.yml
Host: m003
GPU:  NVIDIA GeForce RTX 3090, 24576 MiB
Start: Wed Jul 15 22:10:33 CST 2026

Experiment Schrodinger-Bridge 3D Wind Model is selected.

**************************************************
Show configuration
**************************************************

experiment_name='ExperimentSchrodingerBridge3dWind'
config_name='config_wind_3d_ablation_all_night_large'
config_path='configs/config_wind_3d_ablation_all_night_large.yml'
result_dir_path='/fsb/home/yutingwang/ytw_tangzq/schrodinger-bridge-sr-micrometeorology/data/DL_result/ExperimentSchrodingerBridge3dWind/config_wind_3d_ablation_all_night_large'

Input config = {
  "data": {
    "target_variable_names": [
      "hr_u_ml0",
      "hr_v_ml0",
      "hr_w_ml0",
      "hr_u_ml1",
      "hr_v_ml1",
      "hr_w_ml1",
      "hr_u_ml2",
      "hr_v_ml2",
      "hr_w_ml2",
      "hr_u_ml3",
      "hr_v_ml3",
      "hr_w_ml3",
      "hr_u_ml5",
      "hr_v_ml5",
      "hr_w_ml5",
      "hr_u_ml10",
      "hr_v_ml10",
      "hr_w_ml10"
    ],
    "input_variable_names": [
      "t2",
      "z",
      "lu",
      "tsk",
      "swdown",
      "glw",
      "hfx",
      "lh",
      "psfc",
      "pblh"
    ],
    "biases": {
      "hr_u_ml0": -1.95426,
      "hr_v_ml0": 2.778181,
      "hr_w_ml0": -0.005726,
      "lr_u_ml0": -1.95424,
      "lr_v_ml0": 2.778251,
      "lr_w_ml0": -0.00573,
      "hr_u_ml1": -2.236401,
      "hr_v_ml1": 3.337655,
      "hr_w_ml1": -0.005083,
      "lr_u_ml1": -2.236384,
      "lr_v_ml1": 3.337749,
      "lr_w_ml1": -0.005087,
      "hr_u_ml2": -2.376027,
      "hr_v_ml2": 3.760786,
      "hr_w_ml2": -0.003274,
      "lr_u_ml2": -2.37602,
      "lr_v_ml2": 3.760872,
      "lr_w_ml2": -0.003278,
      "hr_u_ml3": -2.451712,
      "hr_v_ml3": 4.141908,
      "hr_w_ml3": -0.000605,
      "lr_u_ml3": -2.451715,
      "lr_v_ml3": 4.141976,
      "lr_w_ml3": -0.000607,
      "hr_u_ml5": -2.441044,
      "hr_v_ml5": 4.68079,
      "hr_w_ml5": 0.005137,
      "lr_u_ml5": -2.441062,
      "lr_v_ml5": 4.680834,
      "lr_w_ml5": 0.005142,
      "hr_u_ml10": -2.472078,
      "hr_v_ml10": 3.227569,
      "hr_w_ml10": 0.008199,
      "lr_u_ml10": -2.472082,
      "lr_v_ml10": 3.227579,
      "lr_w_ml10": 0.008219,
      "t2": 301.998962,
      "z": 37.488346,
      "lu": 16.725618,
      "tsk": 303.561615,
      "swdown": 269.639557,
      "glw": 431.122955,
      "hfx": 42.14484,
      "lh": 96.566574,
      "psfc": 99869.882812,
      "pblh": 525.545227
    },
    "scales": {
      "hr_u_ml0": 4.402796,
      "hr_v_ml0": 3.525334,
      "hr_w_ml0": 0.148159,
      "lr_u_ml0": 4.364602,
      "lr_v_ml0": 3.472649,
      "lr_w_ml0": 0.083609,
      "hr_u_ml1": 5.105578,
      "hr_v_ml1": 3.983906,
      "hr_w_ml1": 0.191652,
      "lr_u_ml1": 5.07354,
      "lr_v_ml1": 3.939374,
      "lr_w_ml1": 0.105055,
      "hr_u_ml2": 5.622042,
      "hr_v_ml2": 4.207778,
      "hr_w_ml2": 0.220411,
      "lr_u_ml2": 5.597043,
      "lr_v_ml2": 4.172642,
      "lr_w_ml2": 0.12159,
      "hr_u_ml3": 6.141271,
      "hr_v_ml3": 4.357533,
      "hr_w_ml3": 0.247615,
      "lr_u_ml3": 6.121758,
      "lr_v_ml3": 4.329672,
      "lr_w_ml3": 0.137457,
      "hr_u_ml5": 7.334366,
      "hr_v_ml5": 4.558024,
      "hr_w_ml5": 0.295489,
      "lr_u_ml5": 7.32196,
      "lr_v_ml5": 4.538525,
      "lr_w_ml5": 0.168024,
      "hr_u_ml10": 7.964198,
      "hr_v_ml10": 4.241252,
      "hr_w_ml10": 0.334629,
      "lr_u_ml10": 7.956287,
      "lr_v_ml10": 4.225603,
      "lr_w_ml10": 0.198061,
      "t2": 2.14623,
      "z": 79.458443,
      "lu": 9.772256,
      "tsk": 4.892428,
      "swdown": 347.248718,
      "glw": 14.475859,
      "hfx": 85.938927,
      "lh": 118.271515,
      "psfc": 908.404907,
      "pblh": 357.77951
    },
    "is_clipped": false,
    "min_clipped_value": null,
    "max_clipped_value": null,
    "missing_value": 0.0,
    "hr_data_shape": [
      192,
      192
    ],
    "hr_cropped_shape": [
      192,
      192
    ],
    "dtype": "float32",
    "discarded_minute_range": [
      1,
      30
    ],
    "day_night_filter": "night"
  },
  "loader": {
    "batch_size": 2,
    "dl_data_ver": "wrf_3d_v1",
    "train_valid_test_ratios": [
      0.7,
      0.145,
      0.155
    ],
    "num_workers": 4,
    "seed": 42
  },
  "train": {
    "epochs": 600,
    "early_stopping_patience": 400,
    "seed": 78268,
    "learning_rate": 0.0005,
    "optim_name": "AdamW",
    "loss": {
      "loss_name": "L2"
    },
    "use_amp": false,
    "ema_decay": null,
    "save_interval": 100
  },
  "model": {
    "in_channel": 28,
    "inner_channel": 64,
    "out_channel": 18,
    "res_blocks": 1,
    "channel_mults": [
      1,
      2,
      4,
      8,
      8
    ],
    "attn_res": [
      16
    ],
    "channels_each_head": 16,
    "dropout": 0.2,
    "resblock_updown": true,
    "max_period": 10.0
  },
  "si": {
    "n_timestep": 10,
    "eps": 0.2,
    "formula": "quadratic",
    "loss_type": "L2",
    "channel_weights": null,
    "divergence_weight": 0.0,
    "vorticity_weight": 0.0
  }
}

dataset_config.dataset_name='Dataset3dWind'
The total files = 480. A part of them is used for training.
train: 146/335 samples kept after day_night_filter=night
valid: 31/70 samples kept after day_night_filter=night
test: 35/75 samples kept after day_night_filter=night
All files give to dataset are 146.
Reading all files.
train: dataset size = 146, batch num = 73

All files give to dataset are 31.
Reading all files.
valid: dataset size = 31, batch num = 16

DEBUG-DICT_LOADERS:73
UNetDDPMVer01 is created
EMA self.decay=None
Optimizer is AdamW.
No checkpoint found at '/fsb/home/yutingwang/ytw_tangzq/schrodinger-bridge-sr-micrometeorology/data/DL_result/ExperimentSchrodingerBridge3dWind/config_wind_3d_ablation_all_night_large/checkpoint.pth'. Starting training from scratch.

**************************************************
Train model
**************************************************

Train start: 2026-07-15 14:12:02.997292+00:00 UTC
Saving interval = 100
EMA decay rate = None
Epoch 1 / 600
train error: avg loss = 0.54530194
Best loss is updated and ES count is reset.
Checkpoint saved to '/fsb/home/yutingwang/ytw_tangzq/schrodinger-bridge-sr-micrometeorology/data/DL_result/ExperimentSchrodingerBridge3dWind/config_wind_3d_ablation_all_night_large/checkpoint.pth'
Elapsed time = 48.291964530944824 sec
----------
Epoch 2 / 600
train error: avg loss = 0.36111239
Best loss is updated and ES count is reset.
Checkpoint saved to '/fsb/home/yutingwang/ytw_tangzq/schrodinger-bridge-sr-micrometeorology/data/DL_result/ExperimentSchrodingerBridge3dWind/config_wind_3d_ablation_all_night_large/checkpoint.pth'
Elapsed time = 43.45499563217163 sec
----------
Epoch 3 / 600
train error: avg loss = 0.24557646
Best loss is updated and ES count is reset.
Checkpoint saved to '/fsb/home/yutingwang/ytw_tangzq/schrodinger-bridge-sr-micrometeorology/data/DL_result/ExperimentSchrodingerBridge3dWind/config_wind_3d_ablation_all_night_large/checkpoint.pth'
Elapsed time = 43.507177114486694 sec
----------
Epoch 4 / 600
train error: avg loss = 0.19492651
Best loss is updated and ES count is reset.
Checkpoint saved to '/fsb/home/yutingwang/ytw_tangzq/schrodinger-bridge-sr-micrometeorology/data/DL_result/ExperimentSchrodingerBridge3dWind/config_wind_3d_ablation_all_night_large/checkpoint.pth'
Elapsed time = 43.331666231155396 sec
----------
Epoch 5 / 600
train error: avg loss = 0.15591080
Best loss is updated and ES count is reset.
Checkpoint saved to '/fsb/home/yutingwang/ytw_tangzq/schrodinger-bridge-sr-micrometeorology/data/DL_result/ExperimentSchrodingerBridge3dWind/config_wind_3d_ablation_all_night_large/checkpoint.pth'
Elapsed time = 43.326517820358276 sec
----------
Epoch 6 / 600
train error: avg loss = 0.13337517
Best loss is updated and ES count is reset.
Checkpoint saved to '/fsb/home/yutingwang/ytw_tangzq/schrodinger-bridge-sr-micrometeorology/data/DL_result/ExperimentSchrodingerBridge3dWind/config_wind_3d_ablation_all_night_large/checkpoint.pth'
Elapsed time = 43.528393268585205 sec
----------
Epoch 7 / 600
train error: avg loss = 0.12612762
Best loss is updated and ES count is reset.
Checkpoint saved to '/fsb/home/yutingwang/ytw_tangzq/schrodinger-bridge-sr-micrometeorology/data/DL_result/ExperimentSchrodingerBridge3dWind/config_wind_3d_ablation_all_night_large/checkpoint.pth'
Elapsed time = 43.43479084968567 sec
----------
Epoch 8 / 600
train error: avg loss = 0.12033893
Best loss is updated and ES count is reset.
Checkpoint saved to '/fsb/home/yutingwang/ytw_tangzq/schrodinger-bridge-sr-micrometeorology/data/DL_result/ExperimentSchrodingerBridge3dWind/config_wind_3d_ablation_all_night_large/checkpoint.pth'
Elapsed time = 43.40789437294006 sec
----------
Epoch 9 / 600
train error: avg loss = 0.11904531
Best loss is updated and ES count is reset.
Checkpoint saved to '/fsb/home/yutingwang/ytw_tangzq/schrodinger-bridge-sr-micrometeorology/data/DL_result/ExperimentSchrodingerBridge3dWind/config_wind_3d_ablation_all_night_large/checkpoint.pth'
Elapsed time = 43.541544675827026 sec
----------
Epoch 10 / 600
train error: avg loss = 0.09969567
Best loss is updated and ES count is reset.
Checkpoint saved to '/fsb/home/yutingwang/ytw_tangzq/schrodinger-bridge-sr-micrometeorology/data/DL_result/ExperimentSchrodingerBridge3dWind/config_wind_3d_ablation_all_night_large/checkpoint.pth'
Elapsed time = 43.4065363407135 sec
----------
Epoch 11 / 600
train error: avg loss = 0.09923925
Best loss is updated and ES count is reset.
Checkpoint saved to '/fsb/home/yutingwang/ytw_tangzq/schrodinger-bridge-sr-micrometeorology/data/DL_result/ExperimentSchrodingerBridge3dWind/config_wind_3d_ablation_all_night_large/checkpoint.pth'
Elapsed time = 43.33489751815796 sec
----------
Epoch 12 / 600
train error: avg loss = 0.09164173
Best loss is updated and ES count is reset.
Checkpoint saved to '/fsb/home/yutingwang/ytw_tangzq/schrodinger-bridge-sr-micrometeorology/data/DL_result/ExperimentSchrodingerBridge3dWind/config_wind_3d_ablation_all_night_large/checkpoint.pth'
Elapsed time = 43.31738257408142 sec
----------
Epoch 13 / 600
train error: avg loss = 0.08754937
Best loss is updated and ES count is reset.
Checkpoint saved to '/fsb/home/yutingwang/ytw_tangzq/schrodinger-bridge-sr-micrometeorology/data/DL_result/ExperimentSchrodingerBridge3dWind/config_wind_3d_ablation_all_night_large/checkpoint.pth'
Elapsed time = 43.33304166793823 sec
----------
Epoch 14 / 600
train error: avg loss = 0.09191574
ES count = 1
Elapsed time = 42.60157227516174 sec
----------
Epoch 15 / 600
train error: avg loss = 0.08199817
Best loss is updated and ES count is reset.
Checkpoint saved to '/fsb/home/yutingwang/ytw_tangzq/schrodinger-bridge-sr-micrometeorology/data/DL_result/ExperimentSchrodingerBridge3dWind/config_wind_3d_ablation_all_night_large/checkpoint.pth'
Elapsed time = 43.513423204422 sec
----------
Epoch 16 / 600
train error: avg loss = 0.07867367
Best loss is updated and ES count is reset.
Checkpoint saved to '/fsb/home/yutingwang/ytw_tangzq/schrodinger-bridge-sr-micrometeorology/data/DL_result/ExperimentSchrodingerBridge3dWind/config_wind_3d_ablation_all_night_large/checkpoint.pth'
Elapsed time = 43.21601939201355 sec
----------
Epoch 17 / 600
train error: avg loss = 0.07634675
Best loss is updated and ES count is reset.
Checkpoint saved to '/fsb/home/yutingwang/ytw_tangzq/schrodinger-bridge-sr-micrometeorology/data/DL_result/ExperimentSchrodingerBridge3dWind/config_wind_3d_ablation_all_night_large/checkpoint.pth'
Elapsed time = 43.33781838417053 sec
----------
Epoch 18 / 600
train error: avg loss = 0.07001719
Best loss is updated and ES count is reset.
Checkpoint saved to '/fsb/home/yutingwang/ytw_tangzq/schrodinger-bridge-sr-micrometeorology/data/DL_result/ExperimentSchrodingerBridge3dWind/config_wind_3d_ablation_all_night_large/checkpoint.pth'
Elapsed time = 43.48978281021118 sec
----------
Epoch 19 / 600
train error: avg loss = 0.09568239
ES count = 1
Elapsed time = 42.608717918395996 sec
----------
Epoch 20 / 600
train error: avg loss = 0.07352252
ES count = 2
Elapsed time = 42.81284761428833 sec
----------
Epoch 21 / 600
train error: avg loss = 0.06724062
Best loss is updated and ES count is reset.
Checkpoint saved to '/fsb/home/yutingwang/ytw_tangzq/schrodinger-bridge-sr-micrometeorology/data/DL_result/ExperimentSchrodingerBridge3dWind/config_wind_3d_ablation_all_night_large/checkpoint.pth'
Elapsed time = 43.410704612731934 sec
----------
Epoch 22 / 600
train error: avg loss = 0.07062171
ES count = 1
Elapsed time = 42.50512647628784 sec
----------
Epoch 23 / 600
train error: avg loss = 0.06669489
Best loss is updated and ES count is reset.
Checkpoint saved to '/fsb/home/yutingwang/ytw_tangzq/schrodinger-bridge-sr-micrometeorology/data/DL_result/ExperimentSchrodingerBridge3dWind/config_wind_3d_ablation_all_night_large/checkpoint.pth'
Elapsed time = 43.402114391326904 sec
----------
Epoch 24 / 600
train error: avg loss = 0.06375802
Best loss is updated and ES count is reset.
Checkpoint saved to '/fsb/home/yutingwang/ytw_tangzq/schrodinger-bridge-sr-micrometeorology/data/DL_result/ExperimentSchrodingerBridge3dWind/config_wind_3d_ablation_all_night_large/checkpoint.pth'
Elapsed time = 43.38850736618042 sec
----------
Epoch 25 / 600
train error: avg loss = 0.07156948
ES count = 1
Elapsed time = 42.58634972572327 sec
----------
Epoch 26 / 600
train error: avg loss = 0.06320771
Best loss is updated and ES count is reset.
Checkpoint saved to '/fsb/home/yutingwang/ytw_tangzq/schrodinger-bridge-sr-micrometeorology/data/DL_result/ExperimentSchrodingerBridge3dWind/config_wind_3d_ablation_all_night_large/checkpoint.pth'
Elapsed time = 43.286471366882324 sec
----------
Epoch 27 / 600
train error: avg loss = 0.06946326
ES count = 1
Elapsed time = 42.87675595283508 sec
----------
Epoch 28 / 600
train error: avg loss = 0.08664600
ES count = 2
Elapsed time = 42.960474491119385 sec
----------
Epoch 29 / 600
train error: avg loss = 0.05762341
Best loss is updated and ES count is reset.
Checkpoint saved to '/fsb/home/yutingwang/ytw_tangzq/schrodinger-bridge-sr-micrometeorology/data/DL_result/ExperimentSchrodingerBridge3dWind/config_wind_3d_ablation_all_night_large/checkpoint.pth'
Elapsed time = 43.56613874435425 sec
----------
Epoch 30 / 600
train error: avg loss = 0.06092464
ES count = 1
Elapsed time = 42.91618609428406 sec
----------
Epoch 31 / 600
train error: avg loss = 0.05749414
Best loss is updated and ES count is reset.
Checkpoint saved to '/fsb/home/yutingwang/ytw_tangzq/schrodinger-bridge-sr-micrometeorology/data/DL_result/ExperimentSchrodingerBridge3dWind/config_wind_3d_ablation_all_night_large/checkpoint.pth'
Elapsed time = 43.60492134094238 sec
----------
Epoch 32 / 600
train error: avg loss = 0.05836086
ES count = 1
Elapsed time = 42.837740421295166 sec
----------
Epoch 33 / 600
train error: avg loss = 0.06520856
ES count = 2
Elapsed time = 42.99051117897034 sec
----------
Epoch 34 / 600
train error: avg loss = 0.05476145
Best loss is updated and ES count is reset.
Checkpoint saved to '/fsb/home/yutingwang/ytw_tangzq/schrodinger-bridge-sr-micrometeorology/data/DL_result/ExperimentSchrodingerBridge3dWind/config_wind_3d_ablation_all_night_large/checkpoint.pth'
Elapsed time = 43.98803925514221 sec
----------
Epoch 35 / 600
train error: avg loss = 0.05390877
Best loss is updated and ES count is reset.
Checkpoint saved to '/fsb/home/yutingwang/ytw_tangzq/schrodinger-bridge-sr-micrometeorology/data/DL_result/ExperimentSchrodingerBridge3dWind/config_wind_3d_ablation_all_night_large/checkpoint.pth'
Elapsed time = 43.47133827209473 sec
----------
Epoch 36 / 600
train error: avg loss = 0.05494625
ES count = 1
Elapsed time = 42.70449638366699 sec
----------
Epoch 37 / 600
train error: avg loss = 0.05017296
Best loss is updated and ES count is reset.
Checkpoint saved to '/fsb/home/yutingwang/ytw_tangzq/schrodinger-bridge-sr-micrometeorology/data/DL_result/ExperimentSchrodingerBridge3dWind/config_wind_3d_ablation_all_night_large/checkpoint.pth'
Elapsed time = 43.48649716377258 sec
----------
Epoch 38 / 600
train error: avg loss = 0.05244970
ES count = 1
Elapsed time = 42.6705322265625 sec
----------
Epoch 39 / 600
train error: avg loss = 0.04726983
Best loss is updated and ES count is reset.
Checkpoint saved to '/fsb/home/yutingwang/ytw_tangzq/schrodinger-bridge-sr-micrometeorology/data/DL_result/ExperimentSchrodingerBridge3dWind/config_wind_3d_ablation_all_night_large/checkpoint.pth'
Elapsed time = 43.400750398635864 sec
----------
Epoch 40 / 600
train error: avg loss = 0.04708400
Best loss is updated and ES count is reset.
Checkpoint saved to '/fsb/home/yutingwang/ytw_tangzq/schrodinger-bridge-sr-micrometeorology/data/DL_result/ExperimentSchrodingerBridge3dWind/config_wind_3d_ablation_all_night_large/checkpoint.pth'
Elapsed time = 43.481955766677856 sec
----------
Epoch 41 / 600
train error: avg loss = 0.04759161
ES count = 1
Elapsed time = 42.74090838432312 sec
----------
Epoch 42 / 600
train error: avg loss = 0.05427143
ES count = 2
Elapsed time = 42.66112685203552 sec
----------
Epoch 43 / 600
train error: avg loss = 0.06473837
ES count = 3
Elapsed time = 42.91896986961365 sec
----------
Epoch 44 / 600
train error: avg loss = 0.05046933
ES count = 4
Elapsed time = 42.874319314956665 sec
----------
Epoch 45 / 600
train error: avg loss = 0.04761675
ES count = 5
Elapsed time = 42.86584234237671 sec
----------
Epoch 46 / 600
train error: avg loss = 0.05553704
ES count = 6
Elapsed time = 42.776155948638916 sec
----------
Epoch 47 / 600
train error: avg loss = 0.04640627
Best loss is updated and ES count is reset.
Checkpoint saved to '/fsb/home/yutingwang/ytw_tangzq/schrodinger-bridge-sr-micrometeorology/data/DL_result/ExperimentSchrodingerBridge3dWind/config_wind_3d_ablation_all_night_large/checkpoint.pth'
Elapsed time = 43.50070834159851 sec
----------
Epoch 48 / 600
train error: avg loss = 0.04639657
Best loss is updated and ES count is reset.
Checkpoint saved to '/fsb/home/yutingwang/ytw_tangzq/schrodinger-bridge-sr-micrometeorology/data/DL_result/ExperimentSchrodingerBridge3dWind/config_wind_3d_ablation_all_night_large/checkpoint.pth'
Elapsed time = 43.26299858093262 sec
----------
Epoch 49 / 600
train error: avg loss = 0.04325283
Best loss is updated and ES count is reset.
Checkpoint saved to '/fsb/home/yutingwang/ytw_tangzq/schrodinger-bridge-sr-micrometeorology/data/DL_result/ExperimentSchrodingerBridge3dWind/config_wind_3d_ablation_all_night_large/checkpoint.pth'
Elapsed time = 43.54024386405945 sec
----------
Epoch 50 / 600
train error: avg loss = 0.04390940
ES count = 1
Elapsed time = 42.83979034423828 sec
----------
Epoch 51 / 600
train error: avg loss = 0.04599697
ES count = 2
Elapsed time = 42.71750068664551 sec
----------
Epoch 52 / 600
train error: avg loss = 0.04582512
ES count = 3
Elapsed time = 42.87068963050842 sec
----------
Epoch 53 / 600
train error: avg loss = 0.04203303
Best loss is updated and ES count is reset.
Checkpoint saved to '/fsb/home/yutingwang/ytw_tangzq/schrodinger-bridge-sr-micrometeorology/data/DL_result/ExperimentSchrodingerBridge3dWind/config_wind_3d_ablation_all_night_large/checkpoint.pth'
Elapsed time = 43.63047790527344 sec
----------
Epoch 54 / 600
train error: avg loss = 0.04007485
Best loss is updated and ES count is reset.
Checkpoint saved to '/fsb/home/yutingwang/ytw_tangzq/schrodinger-bridge-sr-micrometeorology/data/DL_result/ExperimentSchrodingerBridge3dWind/config_wind_3d_ablation_all_night_large/checkpoint.pth'
Elapsed time = 43.52160620689392 sec
----------
Epoch 55 / 600
train error: avg loss = 0.04183808
ES count = 1
Elapsed time = 42.68605637550354 sec
----------
Epoch 56 / 600
train error: avg loss = 0.04332020
ES count = 2
Elapsed time = 42.8760712146759 sec
----------
Epoch 57 / 600
train error: avg loss = 0.04653063
ES count = 3
Elapsed time = 42.87643265724182 sec
----------
Epoch 58 / 600
train error: avg loss = 0.05544166
ES count = 4
Elapsed time = 42.78553605079651 sec
----------
Epoch 59 / 600
train error: avg loss = 0.04457774
ES count = 5
Elapsed time = 42.84986138343811 sec
----------
Epoch 60 / 600
train error: avg loss = 0.04721328
ES count = 6
Elapsed time = 42.73705077171326 sec
----------
Epoch 61 / 600
train error: avg loss = 0.04220357
ES count = 7
Elapsed time = 42.735761642456055 sec
----------
Epoch 62 / 600
train error: avg loss = 0.03835573
Best loss is updated and ES count is reset.
Checkpoint saved to '/fsb/home/yutingwang/ytw_tangzq/schrodinger-bridge-sr-micrometeorology/data/DL_result/ExperimentSchrodingerBridge3dWind/config_wind_3d_ablation_all_night_large/checkpoint.pth'
Elapsed time = 43.39710092544556 sec
----------
Epoch 63 / 600
train error: avg loss = 0.03968906
ES count = 1
Elapsed time = 42.699877977371216 sec
----------
Epoch 64 / 600
train error: avg loss = 0.04553037
ES count = 2
Elapsed time = 42.921120166778564 sec
----------
Epoch 65 / 600
train error: avg loss = 0.04027422
ES count = 3
Elapsed time = 42.803226470947266 sec
----------
Epoch 66 / 600
train error: avg loss = 0.04132533
ES count = 4
Elapsed time = 42.799558877944946 sec
----------
Epoch 67 / 600
train error: avg loss = 0.03956421
ES count = 5
Elapsed time = 42.72712588310242 sec
----------
Epoch 68 / 600
train error: avg loss = 0.04003327
ES count = 6
Elapsed time = 42.832786321640015 sec
----------
Epoch 69 / 600
train error: avg loss = 0.04099223
ES count = 7
Elapsed time = 42.70345449447632 sec
----------
Epoch 70 / 600
train error: avg loss = 0.05160393
ES count = 8
Elapsed time = 42.851821184158325 sec
----------
Epoch 71 / 600
train error: avg loss = 0.04346152
ES count = 9
Elapsed time = 42.66864728927612 sec
----------
Epoch 72 / 600
train error: avg loss = 0.04032687
ES count = 10
Elapsed time = 42.823704957962036 sec
----------
Epoch 73 / 600
train error: avg loss = 0.03714961
Best loss is updated and ES count is reset.
Checkpoint saved to '/fsb/home/yutingwang/ytw_tangzq/schrodinger-bridge-sr-micrometeorology/data/DL_result/ExperimentSchrodingerBridge3dWind/config_wind_3d_ablation_all_night_large/checkpoint.pth'
Elapsed time = 43.52071499824524 sec
----------
Epoch 74 / 600
train error: avg loss = 0.04730595
ES count = 1
Elapsed time = 42.70532298088074 sec
----------
Epoch 75 / 600
train error: avg loss = 0.03708804
Best loss is updated and ES count is reset.
Checkpoint saved to '/fsb/home/yutingwang/ytw_tangzq/schrodinger-bridge-sr-micrometeorology/data/DL_result/ExperimentSchrodingerBridge3dWind/config_wind_3d_ablation_all_night_large/checkpoint.pth'
Elapsed time = 43.384416341781616 sec
----------
Epoch 76 / 600
train error: avg loss = 0.03901955
ES count = 1
Elapsed time = 42.73635768890381 sec
----------
Epoch 77 / 600
train error: avg loss = 0.04437789
ES count = 2
Elapsed time = 42.79547643661499 sec
----------
Epoch 78 / 600
train error: avg loss = 0.03699664
Best loss is updated and ES count is reset.
Checkpoint saved to '/fsb/home/yutingwang/ytw_tangzq/schrodinger-bridge-sr-micrometeorology/data/DL_result/ExperimentSchrodingerBridge3dWind/config_wind_3d_ablation_all_night_large/checkpoint.pth'
Elapsed time = 43.33596706390381 sec
----------
Epoch 79 / 600
train error: avg loss = 0.03753352
ES count = 1
Elapsed time = 42.81879758834839 sec
----------
Epoch 80 / 600
train error: avg loss = 0.03980620
ES count = 2
Elapsed time = 42.69415831565857 sec
----------
Epoch 81 / 600
train error: avg loss = 0.04185245
ES count = 3
Elapsed time = 42.548091888427734 sec
----------
Epoch 82 / 600
train error: avg loss = 0.03394168
Best loss is updated and ES count is reset.
Checkpoint saved to '/fsb/home/yutingwang/ytw_tangzq/schrodinger-bridge-sr-micrometeorology/data/DL_result/ExperimentSchrodingerBridge3dWind/config_wind_3d_ablation_all_night_large/checkpoint.pth'
Elapsed time = 43.4199481010437 sec
----------
Epoch 83 / 600
train error: avg loss = 0.03718783
ES count = 1
Elapsed time = 42.46665382385254 sec
----------
Epoch 84 / 600
train error: avg loss = 0.03886853
ES count = 2
Elapsed time = 42.69591450691223 sec
----------
Epoch 85 / 600
train error: avg loss = 0.03957720
ES count = 3
Elapsed time = 42.5843780040741 sec
----------
Epoch 86 / 600
train error: avg loss = 0.03765342
ES count = 4
Elapsed time = 42.83417320251465 sec
----------
Epoch 87 / 600
train error: avg loss = 0.04343758
ES count = 5
Elapsed time = 42.77128601074219 sec
----------
Epoch 88 / 600
train error: avg loss = 0.03669049
ES count = 6
Elapsed time = 42.63787913322449 sec
----------
Epoch 89 / 600
train error: avg loss = 0.03778750
ES count = 7
Elapsed time = 42.71826720237732 sec
----------
Epoch 90 / 600
train error: avg loss = 0.03709548
ES count = 8
Elapsed time = 42.62336254119873 sec
----------
Epoch 91 / 600
train error: avg loss = 0.03353869
Best loss is updated and ES count is reset.
Checkpoint saved to '/fsb/home/yutingwang/ytw_tangzq/schrodinger-bridge-sr-micrometeorology/data/DL_result/ExperimentSchrodingerBridge3dWind/config_wind_3d_ablation_all_night_large/checkpoint.pth'
Elapsed time = 43.364686012268066 sec
----------
Epoch 92 / 600
train error: avg loss = 0.03784352
ES count = 1
Elapsed time = 42.50684189796448 sec
----------
Epoch 93 / 600
train error: avg loss = 0.03757390
ES count = 2
Elapsed time = 42.529791831970215 sec
----------
Epoch 94 / 600
train error: avg loss = 0.04529906
ES count = 3
Elapsed time = 42.82470345497131 sec
----------
Epoch 95 / 600
train error: avg loss = 0.49126685
ES count = 4
Elapsed time = 42.864081144332886 sec
----------
Epoch 96 / 600
train error: avg loss = 0.61563673
ES count = 5
Elapsed time = 42.854379415512085 sec
----------
Epoch 97 / 600
train error: avg loss = 0.45792052
ES count = 6
Elapsed time = 42.831446170806885 sec
----------
Epoch 98 / 600
train error: avg loss = 0.47534274
ES count = 7
Elapsed time = 42.91504526138306 sec
----------
Epoch 99 / 600
train error: avg loss = 0.44367818
ES count = 8
Elapsed time = 42.901124000549316 sec
----------
Epoch 100 / 600
train error: avg loss = 0.45149668
ES count = 9
Epoch = 100. Save a periodic model snapshot.
Elapsed time = 43.13414287567139 sec
----------
Epoch 101 / 600
train error: avg loss = 0.42692320
ES count = 10
Elapsed time = 42.723652601242065 sec
----------
Epoch 102 / 600
train error: avg loss = 0.43394073
ES count = 11
Elapsed time = 42.676247119903564 sec
----------
Epoch 103 / 600
train error: avg loss = 0.40329753
ES count = 12
Elapsed time = 42.88997721672058 sec
----------
Epoch 104 / 600
train error: avg loss = 0.41322923
ES count = 13
Elapsed time = 42.906219244003296 sec
----------
Epoch 105 / 600
train error: avg loss = 0.42175490
ES count = 14
Elapsed time = 42.85272264480591 sec
----------
Epoch 106 / 600
train error: avg loss = 0.39427024
ES count = 15
Elapsed time = 42.82574653625488 sec
----------
Epoch 107 / 600
train error: avg loss = 0.45777430
ES count = 16
Elapsed time = 42.77439308166504 sec
----------
Epoch 108 / 600
train error: avg loss = 0.41780798
ES count = 17
Elapsed time = 42.91329050064087 sec
----------
Epoch 109 / 600
train error: avg loss = 0.40294901
ES count = 18
Elapsed time = 42.888570070266724 sec
----------
Epoch 110 / 600
train error: avg loss = 0.43642321
ES count = 19
Elapsed time = 42.74154591560364 sec
----------
Epoch 111 / 600
train error: avg loss = 0.44075113
ES count = 20
Elapsed time = 42.517189025878906 sec
----------
Epoch 112 / 600
train error: avg loss = 0.41662694
ES count = 21
Elapsed time = 42.6730899810791 sec
----------
Epoch 113 / 600
train error: avg loss = 0.43203385
ES count = 22
Elapsed time = 42.43165159225464 sec
----------
Epoch 114 / 600
train error: avg loss = 0.40789002
ES count = 23
Elapsed time = 42.341320753097534 sec
----------
Epoch 115 / 600
train error: avg loss = 0.45055954
ES count = 24
Elapsed time = 42.318195819854736 sec
----------
Epoch 116 / 600
train error: avg loss = 0.38176112
ES count = 25
Elapsed time = 42.373494148254395 sec
----------
Epoch 117 / 600
train error: avg loss = 0.42463423
ES count = 26
Elapsed time = 42.33192777633667 sec
----------
Epoch 118 / 600
train error: avg loss = 0.41642362
ES count = 27
Elapsed time = 42.39228868484497 sec
----------
Epoch 119 / 600
train error: avg loss = 0.42630454
ES count = 28
Elapsed time = 42.376410484313965 sec
----------
Epoch 120 / 600
train error: avg loss = 0.41494046
ES count = 29
Elapsed time = 42.3312463760376 sec
----------
Epoch 121 / 600
train error: avg loss = 0.39328108
ES count = 30
Elapsed time = 42.33990502357483 sec
----------
Epoch 122 / 600
train error: avg loss = 0.40302063
ES count = 31
Elapsed time = 42.33630132675171 sec
----------
Epoch 123 / 600
train error: avg loss = 0.41309312
ES count = 32
Elapsed time = 42.27610230445862 sec
----------
Epoch 124 / 600
train error: avg loss = 0.43087653
ES count = 33
Elapsed time = 42.29891276359558 sec
----------
Epoch 125 / 600
train error: avg loss = 0.41965648
ES count = 34
Elapsed time = 42.31562876701355 sec
----------
Epoch 126 / 600
train error: avg loss = 0.41922283
ES count = 35
Elapsed time = 42.23759841918945 sec
----------
Epoch 127 / 600
train error: avg loss = 0.42677531
ES count = 36
Elapsed time = 42.27031707763672 sec
----------
Epoch 128 / 600
train error: avg loss = 0.41086857
ES count = 37
Elapsed time = 42.24065613746643 sec
----------
Epoch 129 / 600
train error: avg loss = 0.39801726
ES count = 38
Elapsed time = 42.26156735420227 sec
----------
Epoch 130 / 600
train error: avg loss = 0.39952295
ES count = 39
Elapsed time = 42.23650503158569 sec
----------
Epoch 131 / 600
train error: avg loss = 0.38248862
ES count = 40
Elapsed time = 42.21825408935547 sec
----------
Epoch 132 / 600
train error: avg loss = 0.40153216
ES count = 41
Elapsed time = 42.298086166381836 sec
----------
Epoch 133 / 600
train error: avg loss = 0.39571430
ES count = 42
Elapsed time = 42.277884006500244 sec
----------
Epoch 134 / 600
train error: avg loss = 0.40520296
ES count = 43
Elapsed time = 42.216646909713745 sec
----------
Epoch 135 / 600
train error: avg loss = 0.40616934
ES count = 44
Elapsed time = 42.23914337158203 sec
----------
Epoch 136 / 600
train error: avg loss = 0.37608678
ES count = 45
Elapsed time = 42.22300171852112 sec
----------
Epoch 137 / 600
train error: avg loss = 0.42001309
ES count = 46
Elapsed time = 42.281023263931274 sec
----------
Epoch 138 / 600
train error: avg loss = 0.38805306
ES count = 47
Elapsed time = 42.256184101104736 sec
----------
Epoch 139 / 600
train error: avg loss = 0.40284235
ES count = 48
Elapsed time = 42.291162967681885 sec
----------
Epoch 140 / 600
train error: avg loss = 0.40693350
ES count = 49
Elapsed time = 42.19831681251526 sec
----------
Epoch 141 / 600
train error: avg loss = 0.40836086
ES count = 50
Elapsed time = 42.202590465545654 sec
----------
Epoch 142 / 600
train error: avg loss = 0.41196677
ES count = 51
Elapsed time = 42.27200746536255 sec
----------
Epoch 143 / 600
train error: avg loss = 0.38075865
ES count = 52
Elapsed time = 42.301002502441406 sec
----------
Epoch 144 / 600
train error: avg loss = 0.41697143
ES count = 53
Elapsed time = 42.22919845581055 sec
----------
Epoch 145 / 600
train error: avg loss = 0.38489460
ES count = 54
Elapsed time = 42.281367778778076 sec
----------
Epoch 146 / 600
train error: avg loss = 0.39270780
ES count = 55
Elapsed time = 42.2345712184906 sec
----------
Epoch 147 / 600
train error: avg loss = 0.39473912
ES count = 56
Elapsed time = 42.245715856552124 sec
----------
Epoch 148 / 600
train error: avg loss = 0.39707831
ES count = 57
Elapsed time = 42.22097134590149 sec
----------
Epoch 149 / 600
train error: avg loss = 0.38508646
ES count = 58
Elapsed time = 42.277042388916016 sec
----------
Epoch 150 / 600
train error: avg loss = 0.40975407
ES count = 59
Elapsed time = 42.26171374320984 sec
----------
Epoch 151 / 600
train error: avg loss = 0.43075581
ES count = 60
Elapsed time = 42.31523299217224 sec
----------
Epoch 152 / 600
train error: avg loss = 0.34348636
ES count = 61
Elapsed time = 42.23115658760071 sec
----------
Epoch 153 / 600
train error: avg loss = 0.42478152
ES count = 62
Elapsed time = 42.209190368652344 sec
----------
Epoch 154 / 600
train error: avg loss = 0.39189836
ES count = 63
Elapsed time = 42.230897188186646 sec
----------
Epoch 155 / 600
train error: avg loss = 0.38717563
ES count = 64
Elapsed time = 42.20862698554993 sec
----------
Epoch 156 / 600
train error: avg loss = 0.41653919
ES count = 65
Elapsed time = 42.215611696243286 sec
----------
Epoch 157 / 600
train error: avg loss = 0.38997994
ES count = 66
Elapsed time = 42.19314193725586 sec
----------
Epoch 158 / 600
train error: avg loss = 0.39850752
ES count = 67
Elapsed time = 42.32983040809631 sec
----------
Epoch 159 / 600
train error: avg loss = 0.39842555
ES count = 68
Elapsed time = 42.300368547439575 sec
----------
Epoch 160 / 600
train error: avg loss = 0.38961482
ES count = 69
Elapsed time = 42.21604347229004 sec
----------
Epoch 161 / 600
train error: avg loss = 0.38005245
ES count = 70
Elapsed time = 42.26505661010742 sec
----------
Epoch 162 / 600
train error: avg loss = 0.38873698
ES count = 71
Elapsed time = 42.22927522659302 sec
----------
Epoch 163 / 600
train error: avg loss = 0.36401188
ES count = 72
Elapsed time = 42.27758812904358 sec
----------
Epoch 164 / 600
train error: avg loss = 0.41620625
ES count = 73
Elapsed time = 42.22876286506653 sec
----------
Epoch 165 / 600
train error: avg loss = 0.39008700
ES count = 74
Elapsed time = 42.23325204849243 sec
----------
Epoch 166 / 600
train error: avg loss = 0.35297301
ES count = 75
Elapsed time = 42.21444606781006 sec
----------
Epoch 167 / 600
train error: avg loss = 0.36949499
ES count = 76
Elapsed time = 42.262017488479614 sec
----------
Epoch 168 / 600
train error: avg loss = 0.36723811
ES count = 77
Elapsed time = 42.27878928184509 sec
----------
Epoch 169 / 600
train error: avg loss = 0.35792646
ES count = 78
Elapsed time = 42.28004741668701 sec
----------
Epoch 170 / 600
train error: avg loss = 0.35585018
ES count = 79
Elapsed time = 42.290226459503174 sec
----------
Epoch 171 / 600
train error: avg loss = 0.36159470
ES count = 80
Elapsed time = 42.25084567070007 sec
----------
Epoch 172 / 600
train error: avg loss = 0.33400250
ES count = 81
Elapsed time = 42.201961040496826 sec
----------
Epoch 173 / 600
train error: avg loss = 0.36784704
ES count = 82
Elapsed time = 42.20658993721008 sec
----------
Epoch 174 / 600
train error: avg loss = 0.34267240
ES count = 83
Elapsed time = 42.23753333091736 sec
----------
Epoch 175 / 600
train error: avg loss = 0.35631474
ES count = 84
Elapsed time = 42.28291463851929 sec
----------
Epoch 176 / 600
train error: avg loss = 0.74217995
ES count = 85
Elapsed time = 42.250975608825684 sec
----------
Epoch 177 / 600
train error: avg loss = 0.47271730
ES count = 86
Elapsed time = 42.27034378051758 sec
----------
Epoch 178 / 600
train error: avg loss = 0.41529112
ES count = 87
Elapsed time = 42.29145669937134 sec
----------
Epoch 179 / 600
train error: avg loss = 0.44060655
ES count = 88
Elapsed time = 42.23940706253052 sec
----------
Epoch 180 / 600
train error: avg loss = 0.40479183
ES count = 89
Elapsed time = 42.232081174850464 sec
----------
Epoch 181 / 600
train error: avg loss = 0.40955846
ES count = 90
Elapsed time = 42.16792058944702 sec
----------
Epoch 182 / 600
train error: avg loss = 0.42722123
ES count = 91
Elapsed time = 42.271933794021606 sec
----------
Epoch 183 / 600
train error: avg loss = 0.40570558
ES count = 92
Elapsed time = 42.20784401893616 sec
----------
Epoch 184 / 600
train error: avg loss = 0.37239636
ES count = 93
Elapsed time = 42.226208448410034 sec
----------
Epoch 185 / 600
train error: avg loss = 0.37322500
ES count = 94
Elapsed time = 42.214207887649536 sec
----------
Epoch 186 / 600
train error: avg loss = 0.40547047
ES count = 95
Elapsed time = 42.24001717567444 sec
----------
Epoch 187 / 600
train error: avg loss = 0.39288003
ES count = 96
Elapsed time = 42.24138402938843 sec
----------
Epoch 188 / 600
train error: avg loss = 0.43610526
ES count = 97
Elapsed time = 42.20542526245117 sec
----------
Epoch 189 / 600
train error: avg loss = 0.40329366
ES count = 98
Elapsed time = 42.24160981178284 sec
----------
Epoch 190 / 600
train error: avg loss = 0.37253589
ES count = 99
Elapsed time = 42.21229338645935 sec
----------
Epoch 191 / 600
train error: avg loss = 0.40135587
ES count = 100
Elapsed time = 42.2426483631134 sec
----------
Epoch 192 / 600
train error: avg loss = 0.38437067
ES count = 101
Elapsed time = 42.26993775367737 sec
----------
Epoch 193 / 600
train error: avg loss = 0.41416676
ES count = 102
Elapsed time = 42.22405219078064 sec
----------
Epoch 194 / 600
train error: avg loss = 0.39334326
ES count = 103
Elapsed time = 42.23685073852539 sec
----------
Epoch 195 / 600
train error: avg loss = 0.37850148
ES count = 104
Elapsed time = 42.23344159126282 sec
----------
Epoch 196 / 600
train error: avg loss = 0.39352859
ES count = 105
Elapsed time = 42.280219078063965 sec
----------
Epoch 197 / 600
train error: avg loss = 0.39454202
ES count = 106
Elapsed time = 42.184154987335205 sec
----------
Epoch 198 / 600
train error: avg loss = 0.39560821
ES count = 107
Elapsed time = 42.21509289741516 sec
----------
Epoch 199 / 600
train error: avg loss = 0.39019605
ES count = 108
Elapsed time = 42.283875703811646 sec
----------
Epoch 200 / 600
train error: avg loss = 0.40118804
ES count = 109
Epoch = 200. Save a periodic model snapshot.
Elapsed time = 42.527464628219604 sec
----------
Epoch 201 / 600
train error: avg loss = 0.37874314
ES count = 110
Elapsed time = 42.18899059295654 sec
----------
Epoch 202 / 600
train error: avg loss = 0.34907113
ES count = 111
Elapsed time = 42.24771499633789 sec
----------
Epoch 203 / 600
train error: avg loss = 0.35271418
ES count = 112
Elapsed time = 42.30435872077942 sec
----------
Epoch 204 / 600
train error: avg loss = 0.33186705
ES count = 113
Elapsed time = 42.27525186538696 sec
----------
Epoch 205 / 600
train error: avg loss = 0.33310149
ES count = 114
Elapsed time = 42.234740018844604 sec
----------
Epoch 206 / 600
train error: avg loss = 0.34150713
ES count = 115
Elapsed time = 42.27550458908081 sec
----------
Epoch 207 / 600
train error: avg loss = 0.35705612
ES count = 116
Elapsed time = 42.27688407897949 sec
----------
Epoch 208 / 600
train error: avg loss = 0.33252302
ES count = 117
Elapsed time = 42.2429096698761 sec
----------
Epoch 209 / 600
train error: avg loss = 0.27656609
ES count = 118
Elapsed time = 42.231324911117554 sec
----------
Epoch 210 / 600
train error: avg loss = 0.24577104
ES count = 119
Elapsed time = 42.25101161003113 sec
----------
Epoch 211 / 600
train error: avg loss = 0.23614928
ES count = 120
Elapsed time = 42.234044313430786 sec
----------
Epoch 212 / 600
train error: avg loss = 0.22119744
ES count = 121
Elapsed time = 42.24399662017822 sec
----------
Epoch 213 / 600
train error: avg loss = 0.21946948
ES count = 122
Elapsed time = 42.24902153015137 sec
----------
Epoch 214 / 600
train error: avg loss = 0.19957038
ES count = 123
Elapsed time = 42.23159718513489 sec
----------
Epoch 215 / 600
train error: avg loss = 0.19019436
ES count = 124
Elapsed time = 42.25076961517334 sec
----------
Epoch 216 / 600
train error: avg loss = 0.18367304
ES count = 125
Elapsed time = 42.2833137512207 sec
----------
Epoch 217 / 600
train error: avg loss = 0.18763134
ES count = 126
Elapsed time = 42.29235506057739 sec
----------
Epoch 218 / 600
train error: avg loss = 0.15063000
ES count = 127
Elapsed time = 42.309789180755615 sec
----------
Epoch 219 / 600
train error: avg loss = 0.16253328
ES count = 128
Elapsed time = 42.322381019592285 sec
----------
Epoch 220 / 600
train error: avg loss = 0.15266692
ES count = 129
Elapsed time = 42.220458030700684 sec
----------
Epoch 221 / 600
train error: avg loss = 0.14672186
ES count = 130
Elapsed time = 42.22255897521973 sec
----------
Epoch 222 / 600
train error: avg loss = 0.14500997
ES count = 131
Elapsed time = 42.30010962486267 sec
----------
Epoch 223 / 600
train error: avg loss = 0.14516082
ES count = 132
Elapsed time = 42.21304750442505 sec
----------
Epoch 224 / 600
train error: avg loss = 0.13605828
ES count = 133
Elapsed time = 42.248926877975464 sec
----------
Epoch 225 / 600
train error: avg loss = 0.14197265
ES count = 134
Elapsed time = 42.185221910476685 sec
----------
Epoch 226 / 600
train error: avg loss = 0.12297941
ES count = 135
Elapsed time = 42.24328255653381 sec
----------
Epoch 227 / 600
train error: avg loss = 0.11990913
ES count = 136
Elapsed time = 42.23370337486267 sec
----------
Epoch 228 / 600
train error: avg loss = 0.12138360
ES count = 137
Elapsed time = 42.19882321357727 sec
----------
Epoch 229 / 600
train error: avg loss = 0.10934124
ES count = 138
Elapsed time = 42.259116649627686 sec
----------
Epoch 230 / 600
train error: avg loss = 0.11341299
ES count = 139
Elapsed time = 42.238057136535645 sec
----------
Epoch 231 / 600
train error: avg loss = 0.09978631
ES count = 140
Elapsed time = 42.25199794769287 sec
----------
Epoch 232 / 600
train error: avg loss = 0.10270026
ES count = 141
Elapsed time = 42.1833655834198 sec
----------
Epoch 233 / 600
train error: avg loss = 0.09278822
ES count = 142
Elapsed time = 42.26436424255371 sec
----------
Epoch 234 / 600
train error: avg loss = 0.08949076
ES count = 143
Elapsed time = 42.27508759498596 sec
----------
Epoch 235 / 600
train error: avg loss = 0.09760606
ES count = 144
Elapsed time = 42.19040560722351 sec
----------
Epoch 236 / 600
train error: avg loss = 0.09469275
ES count = 145
Elapsed time = 42.25922226905823 sec
----------
Epoch 237 / 600
train error: avg loss = 0.09041962
ES count = 146
Elapsed time = 42.1941123008728 sec
----------
Epoch 238 / 600
train error: avg loss = 0.07765426
ES count = 147
Elapsed time = 42.22248649597168 sec
----------
Epoch 239 / 600
train error: avg loss = 0.08485981
ES count = 148
Elapsed time = 42.226025342941284 sec
----------
Epoch 240 / 600
train error: avg loss = 0.08500307
ES count = 149
Elapsed time = 42.296571254730225 sec
----------
Epoch 241 / 600
train error: avg loss = 0.07636750
ES count = 150
Elapsed time = 42.27979779243469 sec
----------
Epoch 242 / 600
train error: avg loss = 0.08465422
ES count = 151
Elapsed time = 42.25238037109375 sec
----------
Epoch 243 / 600
train error: avg loss = 0.08053767
ES count = 152
Elapsed time = 42.231313705444336 sec
----------
Epoch 244 / 600
train error: avg loss = 0.07438450
ES count = 153
Elapsed time = 42.29504752159119 sec
----------
Epoch 245 / 600
train error: avg loss = 0.07234244
ES count = 154
Elapsed time = 42.239912033081055 sec
----------
Epoch 246 / 600
train error: avg loss = 0.06743048
ES count = 155
Elapsed time = 42.24312210083008 sec
----------
Epoch 247 / 600
train error: avg loss = 0.07679394
ES count = 156
Elapsed time = 42.25394654273987 sec
----------
Epoch 248 / 600
train error: avg loss = 0.07236634
ES count = 157
Elapsed time = 42.25107192993164 sec
----------
Epoch 249 / 600
train error: avg loss = 0.07226990
ES count = 158
Elapsed time = 42.224069118499756 sec
----------
Epoch 250 / 600
train error: avg loss = 0.06436878
ES count = 159
Elapsed time = 42.20112633705139 sec
----------
Epoch 251 / 600
train error: avg loss = 0.07150743
ES count = 160
Elapsed time = 42.216825008392334 sec
----------
Epoch 252 / 600
train error: avg loss = 0.06732713
ES count = 161
Elapsed time = 42.28082513809204 sec
----------
Epoch 253 / 600
train error: avg loss = 0.06399122
ES count = 162
Elapsed time = 42.28285336494446 sec
----------
Epoch 254 / 600
train error: avg loss = 0.06951763
ES count = 163
Elapsed time = 42.26613688468933 sec
----------
Epoch 255 / 600
train error: avg loss = 0.06098240
ES count = 164
Elapsed time = 42.26230597496033 sec
----------
Epoch 256 / 600
train error: avg loss = 0.06192805
ES count = 165
Elapsed time = 42.32256603240967 sec
----------
Epoch 257 / 600
train error: avg loss = 0.06321651
ES count = 166
Elapsed time = 42.2026481628418 sec
----------
Epoch 258 / 600
train error: avg loss = 0.05942702
ES count = 167
Elapsed time = 42.22174382209778 sec
----------
Epoch 259 / 600
train error: avg loss = 0.05885099
ES count = 168
Elapsed time = 42.263025760650635 sec
----------
Epoch 260 / 600
train error: avg loss = 0.05783585
ES count = 169
Elapsed time = 42.21558952331543 sec
----------
Epoch 261 / 600
train error: avg loss = 0.05959501
ES count = 170
Elapsed time = 42.3112850189209 sec
----------
Epoch 262 / 600
train error: avg loss = 0.06049112
ES count = 171
Elapsed time = 42.2794885635376 sec
----------
Epoch 263 / 600
train error: avg loss = 0.05431814
ES count = 172
Elapsed time = 42.177314043045044 sec
----------
Epoch 264 / 600
train error: avg loss = 0.05766288
ES count = 173
Elapsed time = 42.1949462890625 sec
----------
Epoch 265 / 600
train error: avg loss = 0.05895095
ES count = 174
Elapsed time = 42.268965005874634 sec
----------
Epoch 266 / 600
train error: avg loss = 0.05621833
ES count = 175
Elapsed time = 42.26311230659485 sec
----------
Epoch 267 / 600
train error: avg loss = 0.05875034
ES count = 176
Elapsed time = 42.3443067073822 sec
----------
Epoch 268 / 600
train error: avg loss = 0.05671273
ES count = 177
Elapsed time = 42.25067090988159 sec
----------
Epoch 269 / 600
train error: avg loss = 0.05139991
ES count = 178
Elapsed time = 42.25082540512085 sec
----------
Epoch 270 / 600
train error: avg loss = 0.05142863
ES count = 179
Elapsed time = 42.2363646030426 sec
----------
Epoch 271 / 600
train error: avg loss = 0.05336600
ES count = 180
Elapsed time = 42.28463792800903 sec
----------
Epoch 272 / 600
train error: avg loss = 0.05779986
ES count = 181
Elapsed time = 42.242905139923096 sec
----------
Epoch 273 / 600
train error: avg loss = 0.05405258
ES count = 182
Elapsed time = 42.225701332092285 sec
----------
Epoch 274 / 600
train error: avg loss = 0.05337496
ES count = 183
Elapsed time = 42.23265075683594 sec
----------
Epoch 275 / 600
train error: avg loss = 0.05146131
ES count = 184
Elapsed time = 42.27184271812439 sec
----------
Epoch 276 / 600
train error: avg loss = 0.05091414
ES count = 185
Elapsed time = 42.23024034500122 sec
----------
Epoch 277 / 600
train error: avg loss = 0.04956916
ES count = 186
Elapsed time = 42.2142117023468 sec
----------
Epoch 278 / 600
train error: avg loss = 0.04703868
ES count = 187
Elapsed time = 42.20096731185913 sec
----------
Epoch 279 / 600
train error: avg loss = 0.05325880
ES count = 188
Elapsed time = 42.2847044467926 sec
----------
Epoch 280 / 600
train error: avg loss = 0.07162553
ES count = 189
Elapsed time = 42.221410512924194 sec
----------
Epoch 281 / 600
train error: avg loss = 0.13010841
ES count = 190
Elapsed time = 42.19418120384216 sec
----------
Epoch 282 / 600
train error: avg loss = 0.06662465
ES count = 191
Elapsed time = 42.27913451194763 sec
----------
Epoch 283 / 600
train error: avg loss = 0.05729306
ES count = 192
Elapsed time = 42.215909481048584 sec
----------
Epoch 284 / 600
train error: avg loss = 0.05256569
ES count = 193
Elapsed time = 42.31818461418152 sec
----------
Epoch 285 / 600
train error: avg loss = 0.05630884
ES count = 194
Elapsed time = 42.27915573120117 sec
----------
Epoch 286 / 600
train error: avg loss = 0.05342753
ES count = 195
Elapsed time = 42.22399377822876 sec
----------
Epoch 287 / 600
train error: avg loss = 0.05134294
ES count = 196
Elapsed time = 42.25402307510376 sec
----------
Epoch 288 / 600
train error: avg loss = 0.05443705
ES count = 197
Elapsed time = 42.22402262687683 sec
----------
Epoch 289 / 600
train error: avg loss = 0.05746193
ES count = 198
Elapsed time = 42.190593004226685 sec
----------
Epoch 290 / 600
train error: avg loss = 0.04996810
ES count = 199
Elapsed time = 42.24852252006531 sec
----------
Epoch 291 / 600
train error: avg loss = 0.04902433
ES count = 200
Elapsed time = 42.27811622619629 sec
----------
Epoch 292 / 600
train error: avg loss = 0.05006037
ES count = 201
Elapsed time = 42.17238187789917 sec
----------
Epoch 293 / 600
train error: avg loss = 0.04880941
ES count = 202
Elapsed time = 42.26442337036133 sec
----------
Epoch 294 / 600
train error: avg loss = 0.04670706
ES count = 203
Elapsed time = 42.221070289611816 sec
----------
Epoch 295 / 600
train error: avg loss = 0.04579591
ES count = 204
Elapsed time = 42.207555294036865 sec
----------
Epoch 296 / 600
train error: avg loss = 0.04586325
ES count = 205
Elapsed time = 42.26774311065674 sec
----------
Epoch 297 / 600
train error: avg loss = 0.04648058
ES count = 206
Elapsed time = 42.256754636764526 sec
----------
Epoch 298 / 600
train error: avg loss = 0.05264804
ES count = 207
Elapsed time = 42.233455419540405 sec
----------
Epoch 299 / 600
train error: avg loss = 0.05115122
ES count = 208
Elapsed time = 42.2387478351593 sec
----------
Epoch 300 / 600
train error: avg loss = 0.04479226
ES count = 209
Epoch = 300. Save a periodic model snapshot.
Elapsed time = 42.56241536140442 sec
----------
Epoch 301 / 600
train error: avg loss = 0.04753611
ES count = 210
Elapsed time = 42.195555448532104 sec
----------
Epoch 302 / 600
train error: avg loss = 0.05130930
ES count = 211
Elapsed time = 42.24420976638794 sec
----------
Epoch 303 / 600
train error: avg loss = 0.04728464
ES count = 212
Elapsed time = 42.244006872177124 sec
----------
Epoch 304 / 600
train error: avg loss = 0.04668818
ES count = 213
Elapsed time = 42.26683568954468 sec
----------
Epoch 305 / 600
train error: avg loss = 0.04412109
ES count = 214
Elapsed time = 42.28087043762207 sec
----------
Epoch 306 / 600
train error: avg loss = 0.04865854
ES count = 215
Elapsed time = 42.21839714050293 sec
----------
Epoch 307 / 600
train error: avg loss = 0.04890933
ES count = 216
Elapsed time = 42.212077617645264 sec
----------
Epoch 308 / 600
train error: avg loss = 0.04427704
ES count = 217
Elapsed time = 42.30421805381775 sec
----------
Epoch 309 / 600
train error: avg loss = 0.04624120
ES count = 218
Elapsed time = 42.30599331855774 sec
----------
Epoch 310 / 600
train error: avg loss = 0.04692948
ES count = 219
Elapsed time = 42.215781450271606 sec
----------
Epoch 311 / 600
train error: avg loss = 0.04720017
ES count = 220
Elapsed time = 42.267457008361816 sec
----------
Epoch 312 / 600
train error: avg loss = 0.04298932
ES count = 221
Elapsed time = 42.288477182388306 sec
----------
Epoch 313 / 600
train error: avg loss = 0.04034073
ES count = 222
Elapsed time = 42.30864930152893 sec
----------
Epoch 314 / 600
train error: avg loss = 0.04398332
ES count = 223
Elapsed time = 42.31404161453247 sec
----------
Epoch 315 / 600
train error: avg loss = 0.04077419
ES count = 224
Elapsed time = 42.19968891143799 sec
----------
Epoch 316 / 600
train error: avg loss = 0.04402430
ES count = 225
Elapsed time = 42.24712109565735 sec
----------
Epoch 317 / 600
train error: avg loss = 0.04281891
ES count = 226
Elapsed time = 42.18987059593201 sec
----------
Epoch 318 / 600
train error: avg loss = 0.04097831
ES count = 227
Elapsed time = 42.21199154853821 sec
----------
Epoch 319 / 600
train error: avg loss = 0.04008509
ES count = 228
Elapsed time = 42.20323610305786 sec
----------
Epoch 320 / 600
train error: avg loss = 0.04100551
ES count = 229
Elapsed time = 42.22326374053955 sec
----------
Epoch 321 / 600
train error: avg loss = 0.04287151
ES count = 230
Elapsed time = 42.30467891693115 sec
----------
Epoch 322 / 600
train error: avg loss = 0.04169918
ES count = 231
Elapsed time = 42.28699445724487 sec
----------
Epoch 323 / 600
train error: avg loss = 0.04899483
ES count = 232
Elapsed time = 42.21250104904175 sec
----------
Epoch 324 / 600
train error: avg loss = 0.04283376
ES count = 233
Elapsed time = 42.23933935165405 sec
----------
Epoch 325 / 600
train error: avg loss = 0.04454300
ES count = 234
Elapsed time = 42.223695278167725 sec
----------
Epoch 326 / 600
train error: avg loss = 0.04304282
ES count = 235
Elapsed time = 42.23519039154053 sec
----------
Epoch 327 / 600
train error: avg loss = 0.04218690
ES count = 236
Elapsed time = 42.227041482925415 sec
----------
Epoch 328 / 600
train error: avg loss = 0.04247782
ES count = 237
Elapsed time = 42.2352089881897 sec
----------
Epoch 329 / 600
train error: avg loss = 0.04330128
ES count = 238
Elapsed time = 42.18671989440918 sec
----------
Epoch 330 / 600
train error: avg loss = 0.04217646
ES count = 239
Elapsed time = 42.27434754371643 sec
----------
Epoch 331 / 600
train error: avg loss = 0.04035797
ES count = 240
Elapsed time = 42.27063512802124 sec
----------
Epoch 332 / 600
train error: avg loss = 0.03764445
ES count = 241
Elapsed time = 42.23939037322998 sec
----------
Epoch 333 / 600
train error: avg loss = 0.03978615
ES count = 242
Elapsed time = 42.27462601661682 sec
----------
Epoch 334 / 600
train error: avg loss = 0.04050504
ES count = 243
Elapsed time = 42.21791052818298 sec
----------
Epoch 335 / 600
train error: avg loss = 0.03610195
ES count = 244
Elapsed time = 42.23682951927185 sec
----------
Epoch 336 / 600
train error: avg loss = 0.04172025
ES count = 245
Elapsed time = 42.29643726348877 sec
----------
Epoch 337 / 600
train error: avg loss = 0.04093140
ES count = 246
Elapsed time = 42.23855948448181 sec
----------
Epoch 338 / 600
train error: avg loss = 0.03802631
ES count = 247
Elapsed time = 42.21695113182068 sec
----------
Epoch 339 / 600
train error: avg loss = 0.04082442
ES count = 248
Elapsed time = 42.26973056793213 sec
----------
Epoch 340 / 600
train error: avg loss = 0.03913890
ES count = 249
Elapsed time = 42.20788383483887 sec
----------
Epoch 341 / 600
train error: avg loss = 0.03747522
ES count = 250
Elapsed time = 42.212634563446045 sec
----------
Epoch 342 / 600
train error: avg loss = 0.04320223
ES count = 251
Elapsed time = 42.20115065574646 sec
----------
Epoch 343 / 600
train error: avg loss = 0.04570071
ES count = 252
Elapsed time = 42.203394174575806 sec
----------
Epoch 344 / 600
train error: avg loss = 0.04755474
ES count = 253
Elapsed time = 42.22636270523071 sec
----------
Epoch 345 / 600
train error: avg loss = 0.04313072
ES count = 254
Elapsed time = 42.2419376373291 sec
----------
Epoch 346 / 600
train error: avg loss = 0.04006846
ES count = 255
Elapsed time = 42.170461893081665 sec
----------
Epoch 347 / 600
train error: avg loss = 0.03748065
ES count = 256
Elapsed time = 42.26231932640076 sec
----------
Epoch 348 / 600
train error: avg loss = 0.03892773
ES count = 257
Elapsed time = 42.24039959907532 sec
----------
Epoch 349 / 600
train error: avg loss = 0.03809769
ES count = 258
Elapsed time = 42.25937819480896 sec
----------
Epoch 350 / 600
train error: avg loss = 0.03765514
ES count = 259
Elapsed time = 42.23034691810608 sec
----------
Epoch 351 / 600
train error: avg loss = 0.04022944
ES count = 260
Elapsed time = 42.31406044960022 sec
----------
Epoch 352 / 600
train error: avg loss = 0.04546942
ES count = 261
Elapsed time = 42.190356492996216 sec
----------
Epoch 353 / 600
train error: avg loss = 0.03918648
ES count = 262
Elapsed time = 42.24455213546753 sec
----------
Epoch 354 / 600
train error: avg loss = 0.04299117
ES count = 263
Elapsed time = 42.32729959487915 sec
----------
Epoch 355 / 600
train error: avg loss = 0.03891041
ES count = 264
Elapsed time = 42.288984298706055 sec
----------
Epoch 356 / 600
train error: avg loss = 0.03760606
ES count = 265
Elapsed time = 42.26434087753296 sec
----------
Epoch 357 / 600
train error: avg loss = 0.03708130
ES count = 266
Elapsed time = 42.23932456970215 sec
----------
Epoch 358 / 600
train error: avg loss = 0.03880579
ES count = 267
Elapsed time = 42.26536965370178 sec
----------
Epoch 359 / 600
train error: avg loss = 0.04055265
ES count = 268
Elapsed time = 42.223432302474976 sec
----------
Epoch 360 / 600
train error: avg loss = 0.03934722
ES count = 269
Elapsed time = 42.20510458946228 sec
----------
Epoch 361 / 600
train error: avg loss = 0.04299822
ES count = 270
Elapsed time = 42.192545652389526 sec
----------
Epoch 362 / 600
train error: avg loss = 0.03597634
ES count = 271
Elapsed time = 42.19843649864197 sec
----------
Epoch 363 / 600
train error: avg loss = 0.03769528
ES count = 272
Elapsed time = 42.18364882469177 sec
----------
Epoch 364 / 600
train error: avg loss = 0.03920724
ES count = 273
Elapsed time = 42.2052321434021 sec
----------
Epoch 365 / 600
train error: avg loss = 0.03615914
ES count = 274
Elapsed time = 42.21451425552368 sec
----------
Epoch 366 / 600
train error: avg loss = 0.03612295
ES count = 275
Elapsed time = 42.22724628448486 sec
----------
Epoch 367 / 600
train error: avg loss = 0.03922653
ES count = 276
Elapsed time = 42.25717782974243 sec
----------
Epoch 368 / 600
train error: avg loss = 0.03677460
ES count = 277
Elapsed time = 42.26398944854736 sec
----------
Epoch 369 / 600
train error: avg loss = 0.03701009
ES count = 278
Elapsed time = 42.259498596191406 sec
----------
Epoch 370 / 600
train error: avg loss = 0.04113622
ES count = 279
Elapsed time = 42.28397560119629 sec
----------
Epoch 371 / 600
train error: avg loss = 0.03982658
ES count = 280
Elapsed time = 42.26751518249512 sec
----------
Epoch 372 / 600
train error: avg loss = 0.03518418
ES count = 281
Elapsed time = 42.272642612457275 sec
----------
Epoch 373 / 600
train error: avg loss = 0.03760788
ES count = 282
Elapsed time = 42.30203032493591 sec
----------
Epoch 374 / 600
train error: avg loss = 0.03704403
ES count = 283
Elapsed time = 42.195427894592285 sec
----------
Epoch 375 / 600
train error: avg loss = 0.03528477
ES count = 284
Elapsed time = 42.25882911682129 sec
----------
Epoch 376 / 600
train error: avg loss = 0.03680606
ES count = 285
Elapsed time = 42.28480768203735 sec
----------
Epoch 377 / 600
train error: avg loss = 0.03705449
ES count = 286
Elapsed time = 42.28450679779053 sec
----------
Epoch 378 / 600
train error: avg loss = 0.03571877
ES count = 287
Elapsed time = 42.25241756439209 sec
----------
Epoch 379 / 600
train error: avg loss = 0.03994375
ES count = 288
Elapsed time = 42.246657609939575 sec
----------
Epoch 380 / 600
train error: avg loss = 0.03596461
ES count = 289
Elapsed time = 42.22510385513306 sec
----------
Epoch 381 / 600
train error: avg loss = 0.03321455
Best loss is updated and ES count is reset.
Checkpoint saved to '/fsb/home/yutingwang/ytw_tangzq/schrodinger-bridge-sr-micrometeorology/data/DL_result/ExperimentSchrodingerBridge3dWind/config_wind_3d_ablation_all_night_large/checkpoint.pth'
Elapsed time = 42.8889422416687 sec
----------
Epoch 382 / 600
train error: avg loss = 0.03739083
ES count = 1
Elapsed time = 42.23949861526489 sec
----------
Epoch 383 / 600
train error: avg loss = 0.03695842
ES count = 2
Elapsed time = 42.23859977722168 sec
----------
Epoch 384 / 600
train error: avg loss = 0.03648977
ES count = 3
Elapsed time = 42.28229904174805 sec
----------
Epoch 385 / 600
train error: avg loss = 0.03930752
ES count = 4
Elapsed time = 42.22117829322815 sec
----------
Epoch 386 / 600
train error: avg loss = 0.03696536
ES count = 5
Elapsed time = 42.21855640411377 sec
----------
Epoch 387 / 600
train error: avg loss = 0.03583229
ES count = 6
Elapsed time = 42.243048667907715 sec
----------
Epoch 388 / 600
train error: avg loss = 0.03265925
Best loss is updated and ES count is reset.
Checkpoint saved to '/fsb/home/yutingwang/ytw_tangzq/schrodinger-bridge-sr-micrometeorology/data/DL_result/ExperimentSchrodingerBridge3dWind/config_wind_3d_ablation_all_night_large/checkpoint.pth'
Elapsed time = 42.918370723724365 sec
----------
Epoch 389 / 600
train error: avg loss = 0.03438903
ES count = 1
Elapsed time = 42.20817565917969 sec
----------
Epoch 390 / 600
train error: avg loss = 0.03280023
ES count = 2
Elapsed time = 42.23577880859375 sec
----------
Epoch 391 / 600
train error: avg loss = 0.03659747
ES count = 3
Elapsed time = 42.19754147529602 sec
----------
Epoch 392 / 600
train error: avg loss = 0.03656630
ES count = 4
Elapsed time = 42.25489115715027 sec
----------
Epoch 393 / 600
train error: avg loss = 0.04126523
ES count = 5
Elapsed time = 42.20884943008423 sec
----------
Epoch 394 / 600
train error: avg loss = 0.03538542
ES count = 6
Elapsed time = 42.171979904174805 sec
----------
Epoch 395 / 600
train error: avg loss = 0.03580555
ES count = 7
Elapsed time = 42.25198411941528 sec
----------
Epoch 396 / 600
train error: avg loss = 0.03398005
ES count = 8
Elapsed time = 42.15653681755066 sec
----------
Epoch 397 / 600
train error: avg loss = 0.03653180
ES count = 9
Elapsed time = 42.23818278312683 sec
----------
Epoch 398 / 600
train error: avg loss = 0.03455508
ES count = 10
Elapsed time = 42.26479959487915 sec
----------
Epoch 399 / 600
train error: avg loss = 0.03724690
ES count = 11
Elapsed time = 42.27086520195007 sec
----------
Epoch 400 / 600
train error: avg loss = 0.03773310
ES count = 12
Epoch = 400. Save a periodic model snapshot.
Elapsed time = 42.49611783027649 sec
----------
Epoch 401 / 600
train error: avg loss = 0.03340227
ES count = 13
Elapsed time = 42.26792335510254 sec
----------
Epoch 402 / 600
train error: avg loss = 0.03480514
ES count = 14
Elapsed time = 42.233466148376465 sec
----------
Epoch 403 / 600
train error: avg loss = 0.03476492
ES count = 15
Elapsed time = 42.25591588020325 sec
----------
Epoch 404 / 600
train error: avg loss = 0.03455909
ES count = 16
Elapsed time = 42.24656295776367 sec
----------
Epoch 405 / 600
train error: avg loss = 0.03328184
ES count = 17
Elapsed time = 42.21907639503479 sec
----------
Epoch 406 / 600
train error: avg loss = 0.03479974
ES count = 18
Elapsed time = 42.246593713760376 sec
----------
Epoch 407 / 600
train error: avg loss = 0.03509902
ES count = 19
Elapsed time = 42.317270278930664 sec
----------
Epoch 408 / 600
train error: avg loss = 0.03400370
ES count = 20
Elapsed time = 42.26255488395691 sec
----------
Epoch 409 / 600
train error: avg loss = 0.03580463
ES count = 21
Elapsed time = 42.279820680618286 sec
----------
Epoch 410 / 600
train error: avg loss = 0.03582820
ES count = 22
Elapsed time = 42.24000382423401 sec
----------
Epoch 411 / 600
train error: avg loss = 0.03565047
ES count = 23
Elapsed time = 42.22447156906128 sec
----------
Epoch 412 / 600
train error: avg loss = 0.03672102
ES count = 24
Elapsed time = 42.24636673927307 sec
----------
Epoch 413 / 600
train error: avg loss = 0.03384241
ES count = 25
Elapsed time = 42.222129344940186 sec
----------
Epoch 414 / 600
train error: avg loss = 0.03709249
ES count = 26
Elapsed time = 42.22655653953552 sec
----------
Epoch 415 / 600
train error: avg loss = 0.03439707
ES count = 27
Elapsed time = 42.23227787017822 sec
----------
Epoch 416 / 600
train error: avg loss = 0.03345667
ES count = 28
Elapsed time = 42.31773138046265 sec
----------
Epoch 417 / 600
train error: avg loss = 0.03352520
ES count = 29
Elapsed time = 42.27174997329712 sec
----------
Epoch 418 / 600
train error: avg loss = 0.03391495
ES count = 30
Elapsed time = 42.26117825508118 sec
----------
Epoch 419 / 600
train error: avg loss = 0.03688606
ES count = 31
Elapsed time = 42.25914454460144 sec
----------
Epoch 420 / 600
train error: avg loss = 0.03666821
ES count = 32
Elapsed time = 42.25105547904968 sec
----------
Epoch 421 / 600
train error: avg loss = 0.03288116
ES count = 33
Elapsed time = 42.29852771759033 sec
----------
Epoch 422 / 600
train error: avg loss = 0.03470752
ES count = 34
Elapsed time = 42.279210329055786 sec
----------
Epoch 423 / 600
train error: avg loss = 0.03496204
ES count = 35
Elapsed time = 42.23788046836853 sec
----------
Epoch 424 / 600
train error: avg loss = 0.05559535
ES count = 36
Elapsed time = 42.211719274520874 sec
----------
Epoch 425 / 600
train error: avg loss = 0.13928055
ES count = 37
Elapsed time = 42.25688409805298 sec
----------
Epoch 426 / 600
train error: avg loss = 0.04685556
ES count = 38
Elapsed time = 42.247442960739136 sec
----------
Epoch 427 / 600
train error: avg loss = 0.04345155
ES count = 39
Elapsed time = 42.22513461112976 sec
----------
Epoch 428 / 600
train error: avg loss = 0.04192397
ES count = 40
Elapsed time = 42.25572490692139 sec
----------
Epoch 429 / 600
train error: avg loss = 0.03468945
ES count = 41
Elapsed time = 42.298532247543335 sec
----------
Epoch 430 / 600
train error: avg loss = 0.03371739
ES count = 42
Elapsed time = 42.24303102493286 sec
----------
Epoch 431 / 600
train error: avg loss = 0.03258352
Best loss is updated and ES count is reset.
Checkpoint saved to '/fsb/home/yutingwang/ytw_tangzq/schrodinger-bridge-sr-micrometeorology/data/DL_result/ExperimentSchrodingerBridge3dWind/config_wind_3d_ablation_all_night_large/checkpoint.pth'
Elapsed time = 42.92308497428894 sec
----------
Epoch 432 / 600
train error: avg loss = 0.03247894
Best loss is updated and ES count is reset.
Checkpoint saved to '/fsb/home/yutingwang/ytw_tangzq/schrodinger-bridge-sr-micrometeorology/data/DL_result/ExperimentSchrodingerBridge3dWind/config_wind_3d_ablation_all_night_large/checkpoint.pth'
Elapsed time = 42.97546648979187 sec
----------
Epoch 433 / 600
train error: avg loss = 0.03428106
ES count = 1
Elapsed time = 42.212488889694214 sec
----------
Epoch 434 / 600
train error: avg loss = 0.03417439
ES count = 2
Elapsed time = 42.221933364868164 sec
----------
Epoch 435 / 600
train error: avg loss = 0.03628334
ES count = 3
Elapsed time = 42.28006172180176 sec
----------
Epoch 436 / 600
train error: avg loss = 0.03717727
ES count = 4
Elapsed time = 42.235872983932495 sec
----------
Epoch 437 / 600
train error: avg loss = 0.03251258
ES count = 5
Elapsed time = 42.23085904121399 sec
----------
Epoch 438 / 600
train error: avg loss = 0.03258940
ES count = 6
Elapsed time = 42.26635193824768 sec
----------
Epoch 439 / 600
train error: avg loss = 0.03727137
ES count = 7
Elapsed time = 42.24491095542908 sec
----------
Epoch 440 / 600
train error: avg loss = 0.03447126
ES count = 8
Elapsed time = 42.22817850112915 sec
----------
Epoch 441 / 600
train error: avg loss = 0.03118145
Best loss is updated and ES count is reset.
Checkpoint saved to '/fsb/home/yutingwang/ytw_tangzq/schrodinger-bridge-sr-micrometeorology/data/DL_result/ExperimentSchrodingerBridge3dWind/config_wind_3d_ablation_all_night_large/checkpoint.pth'
Elapsed time = 43.00226545333862 sec
----------
Epoch 442 / 600
train error: avg loss = 0.03081908
Best loss is updated and ES count is reset.
Checkpoint saved to '/fsb/home/yutingwang/ytw_tangzq/schrodinger-bridge-sr-micrometeorology/data/DL_result/ExperimentSchrodingerBridge3dWind/config_wind_3d_ablation_all_night_large/checkpoint.pth'
Elapsed time = 42.92205214500427 sec
----------
Epoch 443 / 600
train error: avg loss = 0.03359220
ES count = 1
Elapsed time = 42.26206874847412 sec
----------
Epoch 444 / 600
train error: avg loss = 0.03305120
ES count = 2
Elapsed time = 42.2738561630249 sec
----------
Epoch 445 / 600
train error: avg loss = 0.03226453
ES count = 3
Elapsed time = 42.26343512535095 sec
----------
Epoch 446 / 600
train error: avg loss = 0.03346941
ES count = 4
Elapsed time = 42.26949644088745 sec
----------
Epoch 447 / 600
train error: avg loss = 0.03474496
ES count = 5
Elapsed time = 42.26696729660034 sec
----------
Epoch 448 / 600
train error: avg loss = 0.03460135
ES count = 6
Elapsed time = 42.25998592376709 sec
----------
Epoch 449 / 600
train error: avg loss = 0.03501527
ES count = 7
Elapsed time = 42.22181439399719 sec
----------
Epoch 450 / 600
train error: avg loss = 0.03418488
ES count = 8
Elapsed time = 42.2346887588501 sec
----------
Epoch 451 / 600
train error: avg loss = 0.03707788
ES count = 9
Elapsed time = 42.29379725456238 sec
----------
Epoch 452 / 600
train error: avg loss = 0.03378582
ES count = 10
Elapsed time = 42.229982137680054 sec
----------
Epoch 453 / 600
train error: avg loss = 0.03382534
ES count = 11
Elapsed time = 42.24877643585205 sec
----------
Epoch 454 / 600
train error: avg loss = 0.03374075
ES count = 12
Elapsed time = 42.20793914794922 sec
----------
Epoch 455 / 600
train error: avg loss = 0.03321083
ES count = 13
Elapsed time = 42.23458504676819 sec
----------
Epoch 456 / 600
train error: avg loss = 0.03413648
ES count = 14
Elapsed time = 42.25981783866882 sec
----------
Epoch 457 / 600
train error: avg loss = 0.03060227
Best loss is updated and ES count is reset.
Checkpoint saved to '/fsb/home/yutingwang/ytw_tangzq/schrodinger-bridge-sr-micrometeorology/data/DL_result/ExperimentSchrodingerBridge3dWind/config_wind_3d_ablation_all_night_large/checkpoint.pth'
Elapsed time = 43.00769090652466 sec
----------
Epoch 458 / 600
train error: avg loss = 0.03506804
ES count = 1
Elapsed time = 42.181849002838135 sec
----------
Epoch 459 / 600
train error: avg loss = 0.03052446
Best loss is updated and ES count is reset.
Checkpoint saved to '/fsb/home/yutingwang/ytw_tangzq/schrodinger-bridge-sr-micrometeorology/data/DL_result/ExperimentSchrodingerBridge3dWind/config_wind_3d_ablation_all_night_large/checkpoint.pth'
Elapsed time = 42.87649178504944 sec
----------
Epoch 460 / 600
train error: avg loss = 0.03324270
ES count = 1
Elapsed time = 42.225117921829224 sec
----------
Epoch 461 / 600
train error: avg loss = 0.03356355
ES count = 2
Elapsed time = 42.24407172203064 sec
----------
Epoch 462 / 600
train error: avg loss = 0.04585217
ES count = 3
Elapsed time = 42.193480491638184 sec
----------
Epoch 463 / 600
train error: avg loss = 0.03101613
ES count = 4
Elapsed time = 42.18242931365967 sec
----------
Epoch 464 / 600
train error: avg loss = 0.03246708
ES count = 5
Elapsed time = 42.27539372444153 sec
----------
Epoch 465 / 600
train error: avg loss = 0.03250161
ES count = 6
Elapsed time = 42.19707417488098 sec
----------
Epoch 466 / 600
train error: avg loss = 0.03298006
ES count = 7
Elapsed time = 42.2207305431366 sec
----------
Epoch 467 / 600
train error: avg loss = 0.03075855
ES count = 8
Elapsed time = 42.30895280838013 sec
----------
Epoch 468 / 600
train error: avg loss = 0.03300366
ES count = 9
Elapsed time = 42.226632595062256 sec
----------
Epoch 469 / 600
train error: avg loss = 0.02926270
Best loss is updated and ES count is reset.
Checkpoint saved to '/fsb/home/yutingwang/ytw_tangzq/schrodinger-bridge-sr-micrometeorology/data/DL_result/ExperimentSchrodingerBridge3dWind/config_wind_3d_ablation_all_night_large/checkpoint.pth'
Elapsed time = 42.95095610618591 sec
----------
Epoch 470 / 600
train error: avg loss = 0.03497496
ES count = 1
Elapsed time = 42.17121338844299 sec
----------
Epoch 471 / 600
train error: avg loss = 0.03253128
ES count = 2
Elapsed time = 42.23486042022705 sec
----------
Epoch 472 / 600
train error: avg loss = 0.03483672
ES count = 3
Elapsed time = 42.237860679626465 sec
----------
Epoch 473 / 600
train error: avg loss = 0.03183626
ES count = 4
Elapsed time = 42.234009742736816 sec
----------
Epoch 474 / 600
train error: avg loss = 0.03362107
ES count = 5
Elapsed time = 42.28886032104492 sec
----------
Epoch 475 / 600
train error: avg loss = 0.03238965
ES count = 6
Elapsed time = 42.29716777801514 sec
----------
Epoch 476 / 600
train error: avg loss = 0.03176793
ES count = 7
Elapsed time = 42.23717451095581 sec
----------
Epoch 477 / 600
train error: avg loss = 0.03604193
ES count = 8
Elapsed time = 42.34029197692871 sec
----------
Epoch 478 / 600
train error: avg loss = 0.03512127
ES count = 9
Elapsed time = 42.3019654750824 sec
----------
Epoch 479 / 600
train error: avg loss = 0.03381027
ES count = 10
Elapsed time = 42.21395826339722 sec
----------
Epoch 480 / 600
train error: avg loss = 0.03079200
ES count = 11
Elapsed time = 42.199666023254395 sec
----------
Epoch 481 / 600
train error: avg loss = 0.03125020
ES count = 12
Elapsed time = 42.239301681518555 sec
----------
Epoch 482 / 600
train error: avg loss = 0.03105115
ES count = 13
Elapsed time = 42.26045560836792 sec
----------
Epoch 483 / 600
train error: avg loss = 0.03171208
ES count = 14
Elapsed time = 42.20583891868591 sec
----------
Epoch 484 / 600
train error: avg loss = 0.03098234
ES count = 15
Elapsed time = 42.2643256187439 sec
----------
Epoch 485 / 600
train error: avg loss = 0.03205059
ES count = 16
Elapsed time = 42.243935108184814 sec
----------
Epoch 486 / 600
train error: avg loss = 0.03184033
ES count = 17
Elapsed time = 42.18135738372803 sec
----------
Epoch 487 / 600
train error: avg loss = 0.03260129
ES count = 18
Elapsed time = 42.226470708847046 sec
----------
Epoch 488 / 600
train error: avg loss = 0.03211661
ES count = 19
Elapsed time = 42.2704861164093 sec
----------
Epoch 489 / 600
train error: avg loss = 0.02990457
ES count = 20
Elapsed time = 42.27104711532593 sec
----------
Epoch 490 / 600
train error: avg loss = 0.03425922
ES count = 21
Elapsed time = 42.29302740097046 sec
----------
Epoch 491 / 600
train error: avg loss = 0.03021930
ES count = 22
Elapsed time = 42.33122706413269 sec
----------
Epoch 492 / 600
train error: avg loss = 0.03433839
ES count = 23
Elapsed time = 42.27403473854065 sec
----------
Epoch 493 / 600
train error: avg loss = 0.02941912
ES count = 24
Elapsed time = 42.266721963882446 sec
----------
Epoch 494 / 600
train error: avg loss = 0.03274203
ES count = 25
Elapsed time = 42.19823694229126 sec
----------
Epoch 495 / 600
train error: avg loss = 0.03725268
ES count = 26
Elapsed time = 42.223700284957886 sec
----------
Epoch 496 / 600
train error: avg loss = 0.03498785
ES count = 27
Elapsed time = 42.21177935600281 sec
----------
Epoch 497 / 600
train error: avg loss = 0.03125137
ES count = 28
Elapsed time = 42.3099262714386 sec
----------
Epoch 498 / 600
train error: avg loss = 0.03115931
ES count = 29
Elapsed time = 42.26103901863098 sec
----------
Epoch 499 / 600
train error: avg loss = 0.03381329
ES count = 30
Elapsed time = 42.2388916015625 sec
----------
Epoch 500 / 600
train error: avg loss = 0.03092008
ES count = 31
Epoch = 500. Save a periodic model snapshot.
Elapsed time = 42.55806589126587 sec
----------
Epoch 501 / 600
train error: avg loss = 0.03109432
ES count = 32
Elapsed time = 42.21878790855408 sec
----------
Epoch 502 / 600
train error: avg loss = 0.03260748
ES count = 33
Elapsed time = 42.339810848236084 sec
----------
Epoch 503 / 600
train error: avg loss = 0.03283486
ES count = 34
Elapsed time = 42.285717487335205 sec
----------
Epoch 504 / 600
train error: avg loss = 0.03086144
ES count = 35
Elapsed time = 42.25372648239136 sec
----------
Epoch 505 / 600
train error: avg loss = 0.03598829
ES count = 36
Elapsed time = 42.27274751663208 sec
----------
Epoch 506 / 600
train error: avg loss = 0.03233197
ES count = 37
Elapsed time = 42.25826811790466 sec
----------
Epoch 507 / 600
train error: avg loss = 0.02919730
Best loss is updated and ES count is reset.
Checkpoint saved to '/fsb/home/yutingwang/ytw_tangzq/schrodinger-bridge-sr-micrometeorology/data/DL_result/ExperimentSchrodingerBridge3dWind/config_wind_3d_ablation_all_night_large/checkpoint.pth'
Elapsed time = 42.948657512664795 sec
----------
Epoch 508 / 600
train error: avg loss = 0.03184130
ES count = 1
Elapsed time = 42.29145383834839 sec
----------
Epoch 509 / 600
train error: avg loss = 0.03037677
ES count = 2
Elapsed time = 42.224687814712524 sec
----------
Epoch 510 / 600
train error: avg loss = 0.03242410
ES count = 3
Elapsed time = 42.25372767448425 sec
----------
Epoch 511 / 600
train error: avg loss = 0.03502205
ES count = 4
Elapsed time = 42.23991513252258 sec
----------
Epoch 512 / 600
train error: avg loss = 0.03409726
ES count = 5
Elapsed time = 42.17941331863403 sec
----------
Epoch 513 / 600
train error: avg loss = 0.03211915
ES count = 6
Elapsed time = 42.27233695983887 sec
----------
Epoch 514 / 600
train error: avg loss = 0.02892519
Best loss is updated and ES count is reset.
Checkpoint saved to '/fsb/home/yutingwang/ytw_tangzq/schrodinger-bridge-sr-micrometeorology/data/DL_result/ExperimentSchrodingerBridge3dWind/config_wind_3d_ablation_all_night_large/checkpoint.pth'
Elapsed time = 42.98899531364441 sec
----------
Epoch 515 / 600
train error: avg loss = 0.03143748
ES count = 1
Elapsed time = 42.290483713150024 sec
----------
Epoch 516 / 600
train error: avg loss = 0.03012916
ES count = 2
Elapsed time = 42.26721501350403 sec
----------
Epoch 517 / 600
train error: avg loss = 0.03134134
ES count = 3
Elapsed time = 42.25405716896057 sec
----------
Epoch 518 / 600
train error: avg loss = 0.03011804
ES count = 4
Elapsed time = 42.25671315193176 sec
----------
Epoch 519 / 600
train error: avg loss = 0.03017272
ES count = 5
Elapsed time = 42.207026720047 sec
----------
Epoch 520 / 600
train error: avg loss = 0.03237018
ES count = 6
Elapsed time = 42.23716187477112 sec
----------
Epoch 521 / 600
train error: avg loss = 0.03015080
ES count = 7
Elapsed time = 42.29627823829651 sec
----------
Epoch 522 / 600
train error: avg loss = 0.02953778
ES count = 8
Elapsed time = 42.25056505203247 sec
----------
Epoch 523 / 600
train error: avg loss = 0.03189665
ES count = 9
Elapsed time = 42.20113492012024 sec
----------
Epoch 524 / 600
train error: avg loss = 0.03247271
ES count = 10
Elapsed time = 42.265709400177 sec
----------
Epoch 525 / 600
train error: avg loss = 0.02967872
ES count = 11
Elapsed time = 42.19555616378784 sec
----------
Epoch 526 / 600
train error: avg loss = 0.02986304
ES count = 12
Elapsed time = 42.21179509162903 sec
----------
Epoch 527 / 600
train error: avg loss = 0.03266115
ES count = 13
Elapsed time = 42.21092462539673 sec
----------
Epoch 528 / 600
train error: avg loss = 0.03052628
ES count = 14
Elapsed time = 42.20518922805786 sec
----------
Epoch 529 / 600
train error: avg loss = 0.03057731
ES count = 15
Elapsed time = 42.22470474243164 sec
----------
Epoch 530 / 600
train error: avg loss = 0.03598602
ES count = 16
Elapsed time = 42.26190257072449 sec
----------
Epoch 531 / 600
train error: avg loss = 0.03573404
ES count = 17
Elapsed time = 42.206074714660645 sec
----------
Epoch 532 / 600
train error: avg loss = 0.03205368
ES count = 18
Elapsed time = 42.24981880187988 sec
----------
Epoch 533 / 600
train error: avg loss = 0.02865931
Best loss is updated and ES count is reset.
Checkpoint saved to '/fsb/home/yutingwang/ytw_tangzq/schrodinger-bridge-sr-micrometeorology/data/DL_result/ExperimentSchrodingerBridge3dWind/config_wind_3d_ablation_all_night_large/checkpoint.pth'
Elapsed time = 42.87053108215332 sec
----------
Epoch 534 / 600
train error: avg loss = 0.03379139
ES count = 1
Elapsed time = 42.25872874259949 sec
----------
Epoch 535 / 600
train error: avg loss = 0.03225861
ES count = 2
Elapsed time = 42.27076196670532 sec
----------
Epoch 536 / 600
train error: avg loss = 0.03199381
ES count = 3
Elapsed time = 42.249671459198 sec
----------
Epoch 537 / 600
train error: avg loss = 0.03069048
ES count = 4
Elapsed time = 42.26145005226135 sec
----------
Epoch 538 / 600
train error: avg loss = 0.03045013
ES count = 5
Elapsed time = 42.17820382118225 sec
----------
Epoch 539 / 600
train error: avg loss = 0.02995296
ES count = 6
Elapsed time = 42.30167198181152 sec
----------
Epoch 540 / 600
train error: avg loss = 0.03075612
ES count = 7
Elapsed time = 42.231730937957764 sec
----------
Epoch 541 / 600
train error: avg loss = 0.03403424
ES count = 8
Elapsed time = 42.250229597091675 sec
----------
Epoch 542 / 600
train error: avg loss = 0.03329107
ES count = 9
Elapsed time = 42.219687700271606 sec
----------
Epoch 543 / 600
train error: avg loss = 0.02976732
ES count = 10
Elapsed time = 42.20259642601013 sec
----------
Epoch 544 / 600
train error: avg loss = 0.03072935
ES count = 11
Elapsed time = 42.27757692337036 sec
----------
Epoch 545 / 600
train error: avg loss = 0.03158505
ES count = 12
Elapsed time = 42.19431662559509 sec
----------
Epoch 546 / 600
train error: avg loss = 0.02977626
ES count = 13
Elapsed time = 42.26653051376343 sec
----------
Epoch 547 / 600
train error: avg loss = 0.02761102
Best loss is updated and ES count is reset.
Checkpoint saved to '/fsb/home/yutingwang/ytw_tangzq/schrodinger-bridge-sr-micrometeorology/data/DL_result/ExperimentSchrodingerBridge3dWind/config_wind_3d_ablation_all_night_large/checkpoint.pth'
Elapsed time = 42.9288170337677 sec
----------
Epoch 548 / 600
train error: avg loss = 0.03193074
ES count = 1
Elapsed time = 42.235578298568726 sec
----------
Epoch 549 / 600
train error: avg loss = 0.03533646
ES count = 2
Elapsed time = 42.20631289482117 sec
----------
Epoch 550 / 600
train error: avg loss = 0.03117883
ES count = 3
Elapsed time = 42.230562925338745 sec
----------
Epoch 551 / 600
train error: avg loss = 0.03056342
ES count = 4
Elapsed time = 42.23452162742615 sec
----------
Epoch 552 / 600
train error: avg loss = 0.03076961
ES count = 5
Elapsed time = 42.21952438354492 sec
----------
Epoch 553 / 600
train error: avg loss = 0.03155441
ES count = 6
Elapsed time = 42.21809673309326 sec
----------
Epoch 554 / 600
train error: avg loss = 0.02922772
ES count = 7
Elapsed time = 42.2292959690094 sec
----------
Epoch 555 / 600
train error: avg loss = 0.03104235
ES count = 8
Elapsed time = 42.299808979034424 sec
----------
Epoch 556 / 600
train error: avg loss = 0.02928343
ES count = 9
Elapsed time = 42.30881881713867 sec
----------
Epoch 557 / 600
train error: avg loss = 0.03045912
ES count = 10
Elapsed time = 42.27385711669922 sec
----------
Epoch 558 / 600
train error: avg loss = 0.03563903
ES count = 11
Elapsed time = 42.24447846412659 sec
----------
Epoch 559 / 600
train error: avg loss = 0.02835912
ES count = 12
Elapsed time = 42.247323989868164 sec
----------
Epoch 560 / 600
train error: avg loss = 0.02781374
ES count = 13
Elapsed time = 42.26269006729126 sec
----------
Epoch 561 / 600
train error: avg loss = 0.03042018
ES count = 14
Elapsed time = 42.30855894088745 sec
----------
Epoch 562 / 600
train error: avg loss = 0.03421569
ES count = 15
Elapsed time = 42.261722564697266 sec
----------
Epoch 563 / 600
train error: avg loss = 0.04057196
ES count = 16
Elapsed time = 42.33252191543579 sec
----------
Epoch 564 / 600
train error: avg loss = 0.03411599
ES count = 17
Elapsed time = 42.30304288864136 sec
----------
Epoch 565 / 600
train error: avg loss = 0.03206427
ES count = 18
Elapsed time = 42.19279599189758 sec
----------
Epoch 566 / 600
train error: avg loss = 0.03136295
ES count = 19
Elapsed time = 42.23470163345337 sec
----------
Epoch 567 / 600
train error: avg loss = 0.03008221
ES count = 20
Elapsed time = 42.28148436546326 sec
----------
Epoch 568 / 600
train error: avg loss = 0.02769421
ES count = 21
Elapsed time = 42.24150371551514 sec
----------
Epoch 569 / 600
train error: avg loss = 0.02895745
ES count = 22
Elapsed time = 42.28695011138916 sec
----------
Epoch 570 / 600
train error: avg loss = 0.03005863
ES count = 23
Elapsed time = 42.20646142959595 sec
----------
Epoch 571 / 600
train error: avg loss = 0.02856143
ES count = 24
Elapsed time = 42.28233337402344 sec
----------
Epoch 572 / 600
train error: avg loss = 0.03048811
ES count = 25
Elapsed time = 42.233407735824585 sec
----------
Epoch 573 / 600
train error: avg loss = 0.02909208
ES count = 26
Elapsed time = 42.257344484329224 sec
----------
Epoch 574 / 600
train error: avg loss = 0.03062964
ES count = 27
Elapsed time = 42.219735860824585 sec
----------
Epoch 575 / 600
train error: avg loss = 0.03052177
ES count = 28
Elapsed time = 42.25273585319519 sec
----------
Epoch 576 / 600
train error: avg loss = 0.03066134
ES count = 29
Elapsed time = 42.24475812911987 sec
----------
Epoch 577 / 600
train error: avg loss = 0.03443131
ES count = 30
Elapsed time = 42.239704847335815 sec
----------
Epoch 578 / 600
train error: avg loss = 0.03251082
ES count = 31
Elapsed time = 42.29022574424744 sec
----------
Epoch 579 / 600
train error: avg loss = 0.02864877
ES count = 32
Elapsed time = 42.304667711257935 sec
----------
Epoch 580 / 600
train error: avg loss = 0.02758839
Best loss is updated and ES count is reset.
Checkpoint saved to '/fsb/home/yutingwang/ytw_tangzq/schrodinger-bridge-sr-micrometeorology/data/DL_result/ExperimentSchrodingerBridge3dWind/config_wind_3d_ablation_all_night_large/checkpoint.pth'
Elapsed time = 43.000603675842285 sec
----------
Epoch 581 / 600
train error: avg loss = 0.03335449
ES count = 1
Elapsed time = 42.25640606880188 sec
----------
Epoch 582 / 600
train error: avg loss = 0.03038143
ES count = 2
Elapsed time = 42.317946672439575 sec
----------
Epoch 583 / 600
train error: avg loss = 0.02749830
Best loss is updated and ES count is reset.
Checkpoint saved to '/fsb/home/yutingwang/ytw_tangzq/schrodinger-bridge-sr-micrometeorology/data/DL_result/ExperimentSchrodingerBridge3dWind/config_wind_3d_ablation_all_night_large/checkpoint.pth'
Elapsed time = 42.942243814468384 sec
----------
Epoch 584 / 600
train error: avg loss = 0.03301587
ES count = 1
Elapsed time = 42.24151086807251 sec
----------
Epoch 585 / 600
train error: avg loss = 0.03128598
ES count = 2
Elapsed time = 42.258564710617065 sec
----------
Epoch 586 / 600
train error: avg loss = 0.03384755
ES count = 3
Elapsed time = 42.22682571411133 sec
----------
Epoch 587 / 600
train error: avg loss = 0.03196903
ES count = 4
Elapsed time = 42.25511837005615 sec
----------
Epoch 588 / 600
train error: avg loss = 0.03275437
ES count = 5
Elapsed time = 42.27297377586365 sec
----------
Epoch 589 / 600
train error: avg loss = 0.03439777
ES count = 6
Elapsed time = 42.21466612815857 sec
----------
Epoch 590 / 600
train error: avg loss = 0.03088385
ES count = 7
Elapsed time = 42.23547077178955 sec
----------
Epoch 591 / 600
train error: avg loss = 0.02942298
ES count = 8
Elapsed time = 42.250495195388794 sec
----------
Epoch 592 / 600
train error: avg loss = 0.02860758
ES count = 9
Elapsed time = 42.269001722335815 sec
----------
Epoch 593 / 600
train error: avg loss = 0.03039788
ES count = 10
Elapsed time = 42.287710428237915 sec
----------
Epoch 594 / 600
train error: avg loss = 0.02887836
ES count = 11
Elapsed time = 42.21645951271057 sec
----------
Epoch 595 / 600
train error: avg loss = 0.03126911
ES count = 12
Elapsed time = 42.23481845855713 sec
----------
Epoch 596 / 600
train error: avg loss = 0.03015581
ES count = 13
Elapsed time = 42.21349215507507 sec
----------
Epoch 597 / 600
train error: avg loss = 0.03049462
ES count = 14
Elapsed time = 42.221696853637695 sec
----------
Epoch 598 / 600
train error: avg loss = 0.03055983
ES count = 15
Elapsed time = 42.22833514213562 sec
----------
Epoch 599 / 600
train error: avg loss = 0.02887065
ES count = 16
Elapsed time = 42.28128123283386 sec
----------
Epoch 600 / 600
train error: avg loss = 0.03131366
ES count = 17
Epoch = 600. Save a periodic model snapshot.
Elapsed time = 42.49716353416443 sec
----------
Epoch 601 / 600
train error: avg loss = 0.03149025
ES count = 18
Elapsed time = 42.21785545349121 sec
----------
Train end: 2026-07-15T21:16:56.276576+00:00 UTC
Best epoch: 583, best_loss: 0.02749830
Total elapsed time = 424.8876580119133 min

**************************************************
Make inference
**************************************************


Inference at epoch 100.
UNetDDPMVer01 is created
dataset_config.dataset_name='Dataset3dWind'
The total files = 480. A part of them is used for training.
train: 146/335 samples kept after day_night_filter=night
valid: 31/70 samples kept after day_night_filter=night
test: 35/75 samples kept after day_night_filter=night
All files give to dataset are 31.
Reading all files.
valid: dataset size = 31, batch num = 16

Requested 60 samples, but only 31 are available. Using all available data.
Inference out = /fsb/home/yutingwang/ytw_tangzq/schrodinger-bridge-sr-micrometeorology/data/DL_result/ExperimentSchrodingerBridge3dWind/config_wind_3d_ablation_all_night_large/inference_0100.pickle
Total elapsed time = 0.7857073307037353 min


Inference at epoch 200.
UNetDDPMVer01 is created
dataset_config.dataset_name='Dataset3dWind'
The total files = 480. A part of them is used for training.
train: 146/335 samples kept after day_night_filter=night
valid: 31/70 samples kept after day_night_filter=night
test: 35/75 samples kept after day_night_filter=night
All files give to dataset are 31.
Reading all files.
valid: dataset size = 31, batch num = 16

Requested 60 samples, but only 31 are available. Using all available data.
Inference out = /fsb/home/yutingwang/ytw_tangzq/schrodinger-bridge-sr-micrometeorology/data/DL_result/ExperimentSchrodingerBridge3dWind/config_wind_3d_ablation_all_night_large/inference_0200.pickle
Total elapsed time = 0.49895556767781574 min


Inference at epoch 300.
UNetDDPMVer01 is created
dataset_config.dataset_name='Dataset3dWind'
The total files = 480. A part of them is used for training.
train: 146/335 samples kept after day_night_filter=night
valid: 31/70 samples kept after day_night_filter=night
test: 35/75 samples kept after day_night_filter=night
All files give to dataset are 31.
Reading all files.
valid: dataset size = 31, batch num = 16

Requested 60 samples, but only 31 are available. Using all available data.
Inference out = /fsb/home/yutingwang/ytw_tangzq/schrodinger-bridge-sr-micrometeorology/data/DL_result/ExperimentSchrodingerBridge3dWind/config_wind_3d_ablation_all_night_large/inference_0300.pickle
Total elapsed time = 0.5004012028376261 min


Inference at epoch 400.
UNetDDPMVer01 is created
dataset_config.dataset_name='Dataset3dWind'
The total files = 480. A part of them is used for training.
train: 146/335 samples kept after day_night_filter=night
valid: 31/70 samples kept after day_night_filter=night
test: 35/75 samples kept after day_night_filter=night
All files give to dataset are 31.
Reading all files.
valid: dataset size = 31, batch num = 16

Requested 60 samples, but only 31 are available. Using all available data.
Inference out = /fsb/home/yutingwang/ytw_tangzq/schrodinger-bridge-sr-micrometeorology/data/DL_result/ExperimentSchrodingerBridge3dWind/config_wind_3d_ablation_all_night_large/inference_0400.pickle
Total elapsed time = 0.5038472056388855 min


Inference at epoch 500.
UNetDDPMVer01 is created
dataset_config.dataset_name='Dataset3dWind'
The total files = 480. A part of them is used for training.
train: 146/335 samples kept after day_night_filter=night
valid: 31/70 samples kept after day_night_filter=night
test: 35/75 samples kept after day_night_filter=night
All files give to dataset are 31.
Reading all files.
valid: dataset size = 31, batch num = 16

Requested 60 samples, but only 31 are available. Using all available data.
Inference out = /fsb/home/yutingwang/ytw_tangzq/schrodinger-bridge-sr-micrometeorology/data/DL_result/ExperimentSchrodingerBridge3dWind/config_wind_3d_ablation_all_night_large/inference_0500.pickle
Total elapsed time = 0.4888901591300964 min


Inference at epoch 600.
UNetDDPMVer01 is created
dataset_config.dataset_name='Dataset3dWind'
The total files = 480. A part of them is used for training.
train: 146/335 samples kept after day_night_filter=night
valid: 31/70 samples kept after day_night_filter=night
test: 35/75 samples kept after day_night_filter=night
All files give to dataset are 31.
Reading all files.
valid: dataset size = 31, batch num = 16

Requested 60 samples, but only 31 are available. Using all available data.
Inference out = /fsb/home/yutingwang/ytw_tangzq/schrodinger-bridge-sr-micrometeorology/data/DL_result/ExperimentSchrodingerBridge3dWind/config_wind_3d_ablation_all_night_large/inference_0600.pickle
Total elapsed time = 0.4730407476425171 min

End all inference processes.

End: Thu Jul 16 05:20:13 CST 2026

------------------------------------------------------------
Sender: LSF System <lsfadmin@m003>
Subject: Job 13763904: <abl_large_night_all> in cluster <hpc> Done

Job <abl_large_night_all> was submitted from host <login1> by user <ytw_tangzq> in cluster <hpc> at Wed Jul 15 22:10:28 2026
Job was executed on host(s) <6*m003>, in queue <723090ib>, as user <ytw_tangzq> in cluster <hpc> at Wed Jul 15 22:10:29 2026
</fsb/home/yutingwang/ytw_tangzq> was used as the home directory.
</fsb/home/yutingwang/ytw_tangzq/schrodinger-bridge-sr-micrometeorology> was used as the working directory.
Started at Wed Jul 15 22:10:29 2026
Terminated at Thu Jul 16 05:20:13 2026
Results reported at Thu Jul 16 05:20:13 2026

Your job looked like:

------------------------------------------------------------
# LSBATCH: User input
#!/bin/bash
# ============================================
# LSF — Day/Night Ablation Large (192x192, 64ch): All10 (night)
# 192x192 + inner_ch=64 + pure L2 + GPU
# ============================================
#BSUB -q 723090ib
#BSUB -gpu "num=1:mode=exclusive_process"
#BSUB -n 4
#BSUB -R "rusage[mem=32000]"
#BSUB -J abl_large_night_all
#BSUB -o logs/abl_large_night_all_%J.out
#BSUB -e logs/abl_large_night_all_%J.err

module load anaconda/3
module load cuda/11.8.0
source activate wind3d

cd $LS_SUBCWD
mkdir -p logs

echo "=== Ablation: All10 | Filter: night | Large (192x192, 64ch) ==="
echo "Config: configs/config_wind_3d_ablation_all_night_large.yml"
echo "Host: $(hostname)"
echo "GPU:  $(nvidia-smi --query-gpu=name,memory.total --format=csv,noheader 2>/dev/null || echo 'N/A')"
echo "Start: $(date)"
echo ""

python scripts/train_schrodinger_bridge_model.py \
  --config_path configs/config_wind_3d_ablation_all_night_large.yml \
  --experiment_name ExperimentSchrodingerBridge3dWind \
  --device cuda:0

echo ""
echo "End: $(date)"

------------------------------------------------------------

Successfully completed.

Resource usage summary:

    CPU time :                                   27215.44 sec.
    Max Memory :                                 2429 MB
    Average Memory :                             2340.50 MB
    Total Requested Memory :                     32000.00 MB
    Delta Memory :                               29571.00 MB
    Max Swap :                                   -
    Max Processes :                              8
    Max Threads :                                48
    Run time :                                   25784 sec.
    Turnaround time :                            25785 sec.

The output (if any) is above this job summary.



PS:

Read file <logs/abl_large_night_all_13763904.err> for stderr output of this job.

