=== Ablation: NoPBLH | Filter: night | Large (192x192, 64ch) ===
Config: configs/config_wind_3d_ablation_no_pblh_night_large.yml
Host: m002
GPU:  NVIDIA GeForce RTX 3090, 24576 MiB
Start: Wed Jul 15 22:10:33 CST 2026

Experiment Schrodinger-Bridge 3D Wind Model is selected.

**************************************************
Show configuration
**************************************************

experiment_name='ExperimentSchrodingerBridge3dWind'
config_name='config_wind_3d_ablation_no_pblh_night_large'
config_path='configs/config_wind_3d_ablation_no_pblh_night_large.yml'
result_dir_path='/fsb/home/yutingwang/ytw_tangzq/schrodinger-bridge-sr-micrometeorology/data/DL_result/ExperimentSchrodingerBridge3dWind/config_wind_3d_ablation_no_pblh_night_large'

Input config = {
  "data": {
    "target_variable_names": [
      "hr_u_ml0",
      "hr_v_ml0",
      "hr_w_ml0",
      "hr_u_ml1",
      "hr_v_ml1",
      "hr_w_ml1",
      "hr_u_ml2",
      "hr_v_ml2",
      "hr_w_ml2",
      "hr_u_ml3",
      "hr_v_ml3",
      "hr_w_ml3",
      "hr_u_ml5",
      "hr_v_ml5",
      "hr_w_ml5",
      "hr_u_ml10",
      "hr_v_ml10",
      "hr_w_ml10"
    ],
    "input_variable_names": [
      "t2",
      "z",
      "lu",
      "tsk",
      "swdown",
      "glw",
      "hfx",
      "lh",
      "psfc"
    ],
    "biases": {
      "hr_u_ml0": -1.95426,
      "hr_v_ml0": 2.778181,
      "hr_w_ml0": -0.005726,
      "lr_u_ml0": -1.95424,
      "lr_v_ml0": 2.778251,
      "lr_w_ml0": -0.00573,
      "hr_u_ml1": -2.236401,
      "hr_v_ml1": 3.337655,
      "hr_w_ml1": -0.005083,
      "lr_u_ml1": -2.236384,
      "lr_v_ml1": 3.337749,
      "lr_w_ml1": -0.005087,
      "hr_u_ml2": -2.376027,
      "hr_v_ml2": 3.760786,
      "hr_w_ml2": -0.003274,
      "lr_u_ml2": -2.37602,
      "lr_v_ml2": 3.760872,
      "lr_w_ml2": -0.003278,
      "hr_u_ml3": -2.451712,
      "hr_v_ml3": 4.141908,
      "hr_w_ml3": -0.000605,
      "lr_u_ml3": -2.451715,
      "lr_v_ml3": 4.141976,
      "lr_w_ml3": -0.000607,
      "hr_u_ml5": -2.441044,
      "hr_v_ml5": 4.68079,
      "hr_w_ml5": 0.005137,
      "lr_u_ml5": -2.441062,
      "lr_v_ml5": 4.680834,
      "lr_w_ml5": 0.005142,
      "hr_u_ml10": -2.472078,
      "hr_v_ml10": 3.227569,
      "hr_w_ml10": 0.008199,
      "lr_u_ml10": -2.472082,
      "lr_v_ml10": 3.227579,
      "lr_w_ml10": 0.008219,
      "t2": 301.998962,
      "z": 37.488346,
      "lu": 16.725618,
      "tsk": 303.561615,
      "swdown": 269.639557,
      "glw": 431.122955,
      "hfx": 42.14484,
      "lh": 96.566574,
      "psfc": 99869.882812,
      "pblh": 525.545227
    },
    "scales": {
      "hr_u_ml0": 4.402796,
      "hr_v_ml0": 3.525334,
      "hr_w_ml0": 0.148159,
      "lr_u_ml0": 4.364602,
      "lr_v_ml0": 3.472649,
      "lr_w_ml0": 0.083609,
      "hr_u_ml1": 5.105578,
      "hr_v_ml1": 3.983906,
      "hr_w_ml1": 0.191652,
      "lr_u_ml1": 5.07354,
      "lr_v_ml1": 3.939374,
      "lr_w_ml1": 0.105055,
      "hr_u_ml2": 5.622042,
      "hr_v_ml2": 4.207778,
      "hr_w_ml2": 0.220411,
      "lr_u_ml2": 5.597043,
      "lr_v_ml2": 4.172642,
      "lr_w_ml2": 0.12159,
      "hr_u_ml3": 6.141271,
      "hr_v_ml3": 4.357533,
      "hr_w_ml3": 0.247615,
      "lr_u_ml3": 6.121758,
      "lr_v_ml3": 4.329672,
      "lr_w_ml3": 0.137457,
      "hr_u_ml5": 7.334366,
      "hr_v_ml5": 4.558024,
      "hr_w_ml5": 0.295489,
      "lr_u_ml5": 7.32196,
      "lr_v_ml5": 4.538525,
      "lr_w_ml5": 0.168024,
      "hr_u_ml10": 7.964198,
      "hr_v_ml10": 4.241252,
      "hr_w_ml10": 0.334629,
      "lr_u_ml10": 7.956287,
      "lr_v_ml10": 4.225603,
      "lr_w_ml10": 0.198061,
      "t2": 2.14623,
      "z": 79.458443,
      "lu": 9.772256,
      "tsk": 4.892428,
      "swdown": 347.248718,
      "glw": 14.475859,
      "hfx": 85.938927,
      "lh": 118.271515,
      "psfc": 908.404907,
      "pblh": 357.77951
    },
    "is_clipped": false,
    "min_clipped_value": null,
    "max_clipped_value": null,
    "missing_value": 0.0,
    "hr_data_shape": [
      192,
      192
    ],
    "hr_cropped_shape": [
      192,
      192
    ],
    "dtype": "float32",
    "discarded_minute_range": [
      1,
      30
    ],
    "day_night_filter": "night"
  },
  "loader": {
    "batch_size": 2,
    "dl_data_ver": "wrf_3d_v1",
    "train_valid_test_ratios": [
      0.7,
      0.145,
      0.155
    ],
    "num_workers": 4,
    "seed": 42
  },
  "train": {
    "epochs": 600,
    "early_stopping_patience": 400,
    "seed": 78268,
    "learning_rate": 0.0005,
    "optim_name": "AdamW",
    "loss": {
      "loss_name": "L2"
    },
    "use_amp": false,
    "ema_decay": null,
    "save_interval": 100
  },
  "model": {
    "in_channel": 27,
    "inner_channel": 64,
    "out_channel": 18,
    "res_blocks": 1,
    "channel_mults": [
      1,
      2,
      4,
      8,
      8
    ],
    "attn_res": [
      16
    ],
    "channels_each_head": 16,
    "dropout": 0.2,
    "resblock_updown": true,
    "max_period": 10.0
  },
  "si": {
    "n_timestep": 10,
    "eps": 0.2,
    "formula": "quadratic",
    "loss_type": "L2",
    "channel_weights": null,
    "divergence_weight": 0.0,
    "vorticity_weight": 0.0
  }
}

dataset_config.dataset_name='Dataset3dWind'
The total files = 480. A part of them is used for training.
train: 146/335 samples kept after day_night_filter=night
valid: 31/70 samples kept after day_night_filter=night
test: 35/75 samples kept after day_night_filter=night
All files give to dataset are 146.
Reading all files.
train: dataset size = 146, batch num = 73

All files give to dataset are 31.
Reading all files.
valid: dataset size = 31, batch num = 16

DEBUG-DICT_LOADERS:73
UNetDDPMVer01 is created
EMA self.decay=None
Optimizer is AdamW.
No checkpoint found at '/fsb/home/yutingwang/ytw_tangzq/schrodinger-bridge-sr-micrometeorology/data/DL_result/ExperimentSchrodingerBridge3dWind/config_wind_3d_ablation_no_pblh_night_large/checkpoint.pth'. Starting training from scratch.

**************************************************
Train model
**************************************************

Train start: 2026-07-15 14:12:03.008494+00:00 UTC
Saving interval = 100
EMA decay rate = None
Epoch 1 / 600
train error: avg loss = 0.57585764
Best loss is updated and ES count is reset.
Checkpoint saved to '/fsb/home/yutingwang/ytw_tangzq/schrodinger-bridge-sr-micrometeorology/data/DL_result/ExperimentSchrodingerBridge3dWind/config_wind_3d_ablation_no_pblh_night_large/checkpoint.pth'
Elapsed time = 19.336906909942627 sec
----------
Epoch 2 / 600
train error: avg loss = 0.37360175
Best loss is updated and ES count is reset.
Checkpoint saved to '/fsb/home/yutingwang/ytw_tangzq/schrodinger-bridge-sr-micrometeorology/data/DL_result/ExperimentSchrodingerBridge3dWind/config_wind_3d_ablation_no_pblh_night_large/checkpoint.pth'
Elapsed time = 14.147644281387329 sec
----------
Epoch 3 / 600
train error: avg loss = 0.25883202
Best loss is updated and ES count is reset.
Checkpoint saved to '/fsb/home/yutingwang/ytw_tangzq/schrodinger-bridge-sr-micrometeorology/data/DL_result/ExperimentSchrodingerBridge3dWind/config_wind_3d_ablation_no_pblh_night_large/checkpoint.pth'
Elapsed time = 13.98888611793518 sec
----------
Epoch 4 / 600
train error: avg loss = 0.22364547
Best loss is updated and ES count is reset.
Checkpoint saved to '/fsb/home/yutingwang/ytw_tangzq/schrodinger-bridge-sr-micrometeorology/data/DL_result/ExperimentSchrodingerBridge3dWind/config_wind_3d_ablation_no_pblh_night_large/checkpoint.pth'
Elapsed time = 13.45698595046997 sec
----------
Epoch 5 / 600
train error: avg loss = 0.15335744
Best loss is updated and ES count is reset.
Checkpoint saved to '/fsb/home/yutingwang/ytw_tangzq/schrodinger-bridge-sr-micrometeorology/data/DL_result/ExperimentSchrodingerBridge3dWind/config_wind_3d_ablation_no_pblh_night_large/checkpoint.pth'
Elapsed time = 14.132652521133423 sec
----------
Epoch 6 / 600
train error: avg loss = 0.13707638
Best loss is updated and ES count is reset.
Checkpoint saved to '/fsb/home/yutingwang/ytw_tangzq/schrodinger-bridge-sr-micrometeorology/data/DL_result/ExperimentSchrodingerBridge3dWind/config_wind_3d_ablation_no_pblh_night_large/checkpoint.pth'
Elapsed time = 14.421468734741211 sec
----------
Epoch 7 / 600
train error: avg loss = 0.13255765
Best loss is updated and ES count is reset.
Checkpoint saved to '/fsb/home/yutingwang/ytw_tangzq/schrodinger-bridge-sr-micrometeorology/data/DL_result/ExperimentSchrodingerBridge3dWind/config_wind_3d_ablation_no_pblh_night_large/checkpoint.pth'
Elapsed time = 14.626158952713013 sec
----------
Epoch 8 / 600
train error: avg loss = 0.13556727
ES count = 1
Elapsed time = 12.777622699737549 sec
----------
Epoch 9 / 600
train error: avg loss = 0.12094709
Best loss is updated and ES count is reset.
Checkpoint saved to '/fsb/home/yutingwang/ytw_tangzq/schrodinger-bridge-sr-micrometeorology/data/DL_result/ExperimentSchrodingerBridge3dWind/config_wind_3d_ablation_no_pblh_night_large/checkpoint.pth'
Elapsed time = 12.986391305923462 sec
----------
Epoch 10 / 600
train error: avg loss = 0.10328494
Best loss is updated and ES count is reset.
Checkpoint saved to '/fsb/home/yutingwang/ytw_tangzq/schrodinger-bridge-sr-micrometeorology/data/DL_result/ExperimentSchrodingerBridge3dWind/config_wind_3d_ablation_no_pblh_night_large/checkpoint.pth'
Elapsed time = 14.039469957351685 sec
----------
Epoch 11 / 600
train error: avg loss = 0.10357117
ES count = 1
Elapsed time = 12.558347940444946 sec
----------
Epoch 12 / 600
train error: avg loss = 0.09690776
Best loss is updated and ES count is reset.
Checkpoint saved to '/fsb/home/yutingwang/ytw_tangzq/schrodinger-bridge-sr-micrometeorology/data/DL_result/ExperimentSchrodingerBridge3dWind/config_wind_3d_ablation_no_pblh_night_large/checkpoint.pth'
Elapsed time = 14.160831451416016 sec
----------
Epoch 13 / 600
train error: avg loss = 0.09256972
Best loss is updated and ES count is reset.
Checkpoint saved to '/fsb/home/yutingwang/ytw_tangzq/schrodinger-bridge-sr-micrometeorology/data/DL_result/ExperimentSchrodingerBridge3dWind/config_wind_3d_ablation_no_pblh_night_large/checkpoint.pth'
Elapsed time = 14.595183372497559 sec
----------
Epoch 14 / 600
train error: avg loss = 0.09028387
Best loss is updated and ES count is reset.
Checkpoint saved to '/fsb/home/yutingwang/ytw_tangzq/schrodinger-bridge-sr-micrometeorology/data/DL_result/ExperimentSchrodingerBridge3dWind/config_wind_3d_ablation_no_pblh_night_large/checkpoint.pth'
Elapsed time = 15.207740306854248 sec
----------
Epoch 15 / 600
train error: avg loss = 0.08346581
Best loss is updated and ES count is reset.
Checkpoint saved to '/fsb/home/yutingwang/ytw_tangzq/schrodinger-bridge-sr-micrometeorology/data/DL_result/ExperimentSchrodingerBridge3dWind/config_wind_3d_ablation_no_pblh_night_large/checkpoint.pth'
Elapsed time = 14.68274736404419 sec
----------
Epoch 16 / 600
train error: avg loss = 0.08147104
Best loss is updated and ES count is reset.
Checkpoint saved to '/fsb/home/yutingwang/ytw_tangzq/schrodinger-bridge-sr-micrometeorology/data/DL_result/ExperimentSchrodingerBridge3dWind/config_wind_3d_ablation_no_pblh_night_large/checkpoint.pth'
Elapsed time = 14.62253212928772 sec
----------
Epoch 17 / 600
train error: avg loss = 0.07875030
Best loss is updated and ES count is reset.
Checkpoint saved to '/fsb/home/yutingwang/ytw_tangzq/schrodinger-bridge-sr-micrometeorology/data/DL_result/ExperimentSchrodingerBridge3dWind/config_wind_3d_ablation_no_pblh_night_large/checkpoint.pth'
Elapsed time = 15.580960512161255 sec
----------
Epoch 18 / 600
train error: avg loss = 0.07202729
Best loss is updated and ES count is reset.
Checkpoint saved to '/fsb/home/yutingwang/ytw_tangzq/schrodinger-bridge-sr-micrometeorology/data/DL_result/ExperimentSchrodingerBridge3dWind/config_wind_3d_ablation_no_pblh_night_large/checkpoint.pth'
Elapsed time = 14.675172567367554 sec
----------
Epoch 19 / 600
train error: avg loss = 0.09556050
ES count = 1
Elapsed time = 13.807088375091553 sec
----------
Epoch 20 / 600
train error: avg loss = 0.07622913
ES count = 2
Elapsed time = 13.907965898513794 sec
----------
Epoch 21 / 600
train error: avg loss = 0.07127959
Best loss is updated and ES count is reset.
Checkpoint saved to '/fsb/home/yutingwang/ytw_tangzq/schrodinger-bridge-sr-micrometeorology/data/DL_result/ExperimentSchrodingerBridge3dWind/config_wind_3d_ablation_no_pblh_night_large/checkpoint.pth'
Elapsed time = 15.023163080215454 sec
----------
Epoch 22 / 600
train error: avg loss = 0.07505362
ES count = 1
Elapsed time = 13.2920081615448 sec
----------
Epoch 23 / 600
train error: avg loss = 0.06850525
Best loss is updated and ES count is reset.
Checkpoint saved to '/fsb/home/yutingwang/ytw_tangzq/schrodinger-bridge-sr-micrometeorology/data/DL_result/ExperimentSchrodingerBridge3dWind/config_wind_3d_ablation_no_pblh_night_large/checkpoint.pth'
Elapsed time = 14.704646110534668 sec
----------
Epoch 24 / 600
train error: avg loss = 0.06764796
Best loss is updated and ES count is reset.
Checkpoint saved to '/fsb/home/yutingwang/ytw_tangzq/schrodinger-bridge-sr-micrometeorology/data/DL_result/ExperimentSchrodingerBridge3dWind/config_wind_3d_ablation_no_pblh_night_large/checkpoint.pth'
Elapsed time = 14.900684118270874 sec
----------
Epoch 25 / 600
train error: avg loss = 0.07380576
ES count = 1
Elapsed time = 13.630329847335815 sec
----------
Epoch 26 / 600
train error: avg loss = 0.06325188
Best loss is updated and ES count is reset.
Checkpoint saved to '/fsb/home/yutingwang/ytw_tangzq/schrodinger-bridge-sr-micrometeorology/data/DL_result/ExperimentSchrodingerBridge3dWind/config_wind_3d_ablation_no_pblh_night_large/checkpoint.pth'
Elapsed time = 15.143109560012817 sec
----------
Epoch 27 / 600
train error: avg loss = 0.07149340
ES count = 1
Elapsed time = 13.898078918457031 sec
----------
Epoch 28 / 600
train error: avg loss = 0.07487616
ES count = 2
Elapsed time = 13.488034009933472 sec
----------
Epoch 29 / 600
train error: avg loss = 0.05659156
Best loss is updated and ES count is reset.
Checkpoint saved to '/fsb/home/yutingwang/ytw_tangzq/schrodinger-bridge-sr-micrometeorology/data/DL_result/ExperimentSchrodingerBridge3dWind/config_wind_3d_ablation_no_pblh_night_large/checkpoint.pth'
Elapsed time = 14.243753910064697 sec
----------
Epoch 30 / 600
train error: avg loss = 0.06355741
ES count = 1
Elapsed time = 13.683719635009766 sec
----------
Epoch 31 / 600
train error: avg loss = 0.05841635
ES count = 2
Elapsed time = 14.242110967636108 sec
----------
Epoch 32 / 600
train error: avg loss = 0.05981472
ES count = 3
Elapsed time = 14.428851842880249 sec
----------
Epoch 33 / 600
train error: avg loss = 0.06660969
ES count = 4
Elapsed time = 13.998467206954956 sec
----------
Epoch 34 / 600
train error: avg loss = 0.05686368
ES count = 5
Elapsed time = 13.920598983764648 sec
----------
Epoch 35 / 600
train error: avg loss = 0.05935789
ES count = 6
Elapsed time = 14.653239488601685 sec
----------
Epoch 36 / 600
train error: avg loss = 0.05497893
Best loss is updated and ES count is reset.
Checkpoint saved to '/fsb/home/yutingwang/ytw_tangzq/schrodinger-bridge-sr-micrometeorology/data/DL_result/ExperimentSchrodingerBridge3dWind/config_wind_3d_ablation_no_pblh_night_large/checkpoint.pth'
Elapsed time = 14.465322494506836 sec
----------
Epoch 37 / 600
train error: avg loss = 0.05229085
Best loss is updated and ES count is reset.
Checkpoint saved to '/fsb/home/yutingwang/ytw_tangzq/schrodinger-bridge-sr-micrometeorology/data/DL_result/ExperimentSchrodingerBridge3dWind/config_wind_3d_ablation_no_pblh_night_large/checkpoint.pth'
Elapsed time = 14.266770601272583 sec
----------
Epoch 38 / 600
train error: avg loss = 0.05429812
ES count = 1
Elapsed time = 13.445601463317871 sec
----------
Epoch 39 / 600
train error: avg loss = 0.04873408
Best loss is updated and ES count is reset.
Checkpoint saved to '/fsb/home/yutingwang/ytw_tangzq/schrodinger-bridge-sr-micrometeorology/data/DL_result/ExperimentSchrodingerBridge3dWind/config_wind_3d_ablation_no_pblh_night_large/checkpoint.pth'
Elapsed time = 15.003782033920288 sec
----------
Epoch 40 / 600
train error: avg loss = 0.04917923
ES count = 1
Elapsed time = 13.879333019256592 sec
----------
Epoch 41 / 600
train error: avg loss = 0.04962138
ES count = 2
Elapsed time = 13.906548023223877 sec
----------
Epoch 42 / 600
train error: avg loss = 0.05260411
ES count = 3
Elapsed time = 14.022685050964355 sec
----------
Epoch 43 / 600
train error: avg loss = 0.05712111
ES count = 4
Elapsed time = 14.15722107887268 sec
----------
Epoch 44 / 600
train error: avg loss = 0.05126078
ES count = 5
Elapsed time = 14.082255125045776 sec
----------
Epoch 45 / 600
train error: avg loss = 0.04819236
Best loss is updated and ES count is reset.
Checkpoint saved to '/fsb/home/yutingwang/ytw_tangzq/schrodinger-bridge-sr-micrometeorology/data/DL_result/ExperimentSchrodingerBridge3dWind/config_wind_3d_ablation_no_pblh_night_large/checkpoint.pth'
Elapsed time = 14.555817365646362 sec
----------
Epoch 46 / 600
train error: avg loss = 0.05829630
ES count = 1
Elapsed time = 13.90637755393982 sec
----------
Epoch 47 / 600
train error: avg loss = 0.04594417
Best loss is updated and ES count is reset.
Checkpoint saved to '/fsb/home/yutingwang/ytw_tangzq/schrodinger-bridge-sr-micrometeorology/data/DL_result/ExperimentSchrodingerBridge3dWind/config_wind_3d_ablation_no_pblh_night_large/checkpoint.pth'
Elapsed time = 15.101423025131226 sec
----------
Epoch 48 / 600
train error: avg loss = 0.04538493
Best loss is updated and ES count is reset.
Checkpoint saved to '/fsb/home/yutingwang/ytw_tangzq/schrodinger-bridge-sr-micrometeorology/data/DL_result/ExperimentSchrodingerBridge3dWind/config_wind_3d_ablation_no_pblh_night_large/checkpoint.pth'
Elapsed time = 14.371105194091797 sec
----------
Epoch 49 / 600
train error: avg loss = 0.04310563
Best loss is updated and ES count is reset.
Checkpoint saved to '/fsb/home/yutingwang/ytw_tangzq/schrodinger-bridge-sr-micrometeorology/data/DL_result/ExperimentSchrodingerBridge3dWind/config_wind_3d_ablation_no_pblh_night_large/checkpoint.pth'
Elapsed time = 14.765335321426392 sec
----------
Epoch 50 / 600
train error: avg loss = 0.04652588
ES count = 1
Elapsed time = 13.740083694458008 sec
----------
Epoch 51 / 600
train error: avg loss = 0.04776326
ES count = 2
Elapsed time = 13.70827341079712 sec
----------
Epoch 52 / 600
train error: avg loss = 0.04645314
ES count = 3
Elapsed time = 14.079877614974976 sec
----------
Epoch 53 / 600
train error: avg loss = 0.04278733
Best loss is updated and ES count is reset.
Checkpoint saved to '/fsb/home/yutingwang/ytw_tangzq/schrodinger-bridge-sr-micrometeorology/data/DL_result/ExperimentSchrodingerBridge3dWind/config_wind_3d_ablation_no_pblh_night_large/checkpoint.pth'
Elapsed time = 14.692028522491455 sec
----------
Epoch 54 / 600
train error: avg loss = 0.04073753
Best loss is updated and ES count is reset.
Checkpoint saved to '/fsb/home/yutingwang/ytw_tangzq/schrodinger-bridge-sr-micrometeorology/data/DL_result/ExperimentSchrodingerBridge3dWind/config_wind_3d_ablation_no_pblh_night_large/checkpoint.pth'
Elapsed time = 14.330747127532959 sec
----------
Epoch 55 / 600
train error: avg loss = 0.04253420
ES count = 1
Elapsed time = 14.034514665603638 sec
----------
Epoch 56 / 600
train error: avg loss = 0.04549664
ES count = 2
Elapsed time = 14.175825834274292 sec
----------
Epoch 57 / 600
train error: avg loss = 0.04689908
ES count = 3
Elapsed time = 13.282642364501953 sec
----------
Epoch 58 / 600
train error: avg loss = 0.05094413
ES count = 4
Elapsed time = 13.89583134651184 sec
----------
Epoch 59 / 600
train error: avg loss = 0.04457202
ES count = 5
Elapsed time = 14.179306983947754 sec
----------
Epoch 60 / 600
train error: avg loss = 0.04647805
ES count = 6
Elapsed time = 13.775368928909302 sec
----------
Epoch 61 / 600
train error: avg loss = 0.04094866
ES count = 7
Elapsed time = 14.289857149124146 sec
----------
Epoch 62 / 600
train error: avg loss = 0.03788817
Best loss is updated and ES count is reset.
Checkpoint saved to '/fsb/home/yutingwang/ytw_tangzq/schrodinger-bridge-sr-micrometeorology/data/DL_result/ExperimentSchrodingerBridge3dWind/config_wind_3d_ablation_no_pblh_night_large/checkpoint.pth'
Elapsed time = 14.969478845596313 sec
----------
Epoch 63 / 600
train error: avg loss = 0.03945028
ES count = 1
Elapsed time = 14.008892297744751 sec
----------
Epoch 64 / 600
train error: avg loss = 0.04571322
ES count = 2
Elapsed time = 14.041948795318604 sec
----------
Epoch 65 / 600
train error: avg loss = 0.03861507
ES count = 3
Elapsed time = 14.071987867355347 sec
----------
Epoch 66 / 600
train error: avg loss = 0.04332659
ES count = 4
Elapsed time = 14.05547571182251 sec
----------
Epoch 67 / 600
train error: avg loss = 0.04150670
ES count = 5
Elapsed time = 14.22507357597351 sec
----------
Epoch 68 / 600
train error: avg loss = 0.04065373
ES count = 6
Elapsed time = 14.142669916152954 sec
----------
Epoch 69 / 600
train error: avg loss = 0.03909092
ES count = 7
Elapsed time = 14.159468412399292 sec
----------
Epoch 70 / 600
train error: avg loss = 0.05283072
ES count = 8
Elapsed time = 14.062241792678833 sec
----------
Epoch 71 / 600
train error: avg loss = 0.04496063
ES count = 9
Elapsed time = 14.159681797027588 sec
----------
Epoch 72 / 600
train error: avg loss = 0.03988520
ES count = 10
Elapsed time = 14.27321457862854 sec
----------
Epoch 73 / 600
train error: avg loss = 0.03662580
Best loss is updated and ES count is reset.
Checkpoint saved to '/fsb/home/yutingwang/ytw_tangzq/schrodinger-bridge-sr-micrometeorology/data/DL_result/ExperimentSchrodingerBridge3dWind/config_wind_3d_ablation_no_pblh_night_large/checkpoint.pth'
Elapsed time = 14.774826049804688 sec
----------
Epoch 74 / 600
train error: avg loss = 0.04551145
ES count = 1
Elapsed time = 13.90338921546936 sec
----------
Epoch 75 / 600
train error: avg loss = 0.03538900
Best loss is updated and ES count is reset.
Checkpoint saved to '/fsb/home/yutingwang/ytw_tangzq/schrodinger-bridge-sr-micrometeorology/data/DL_result/ExperimentSchrodingerBridge3dWind/config_wind_3d_ablation_no_pblh_night_large/checkpoint.pth'
Elapsed time = 14.77719497680664 sec
----------
Epoch 76 / 600
train error: avg loss = 0.03611280
ES count = 1
Elapsed time = 14.137155055999756 sec
----------
Epoch 77 / 600
train error: avg loss = 0.04126466
ES count = 2
Elapsed time = 14.332292318344116 sec
----------
Epoch 78 / 600
train error: avg loss = 0.03607249
ES count = 3
Elapsed time = 14.016913890838623 sec
----------
Epoch 79 / 600
train error: avg loss = 0.03755403
ES count = 4
Elapsed time = 14.32154107093811 sec
----------
Epoch 80 / 600
train error: avg loss = 0.03941461
ES count = 5
Elapsed time = 13.99000072479248 sec
----------
Epoch 81 / 600
train error: avg loss = 0.04001630
ES count = 6
Elapsed time = 14.168415546417236 sec
----------
Epoch 82 / 600
train error: avg loss = 0.03382038
Best loss is updated and ES count is reset.
Checkpoint saved to '/fsb/home/yutingwang/ytw_tangzq/schrodinger-bridge-sr-micrometeorology/data/DL_result/ExperimentSchrodingerBridge3dWind/config_wind_3d_ablation_no_pblh_night_large/checkpoint.pth'
Elapsed time = 15.005103826522827 sec
----------
Epoch 83 / 600
train error: avg loss = 0.03655568
ES count = 1
Elapsed time = 14.19460916519165 sec
----------
Epoch 84 / 600
train error: avg loss = 0.03788937
ES count = 2
Elapsed time = 14.191593170166016 sec
----------
Epoch 85 / 600
train error: avg loss = 0.03891818
ES count = 3
Elapsed time = 14.238126754760742 sec
----------
Epoch 86 / 600
train error: avg loss = 0.04115693
ES count = 4
Elapsed time = 14.205783367156982 sec
----------
Epoch 87 / 600
train error: avg loss = 0.04950255
ES count = 5
Elapsed time = 14.082484006881714 sec
----------
Epoch 88 / 600
train error: avg loss = 0.09556052
ES count = 6
Elapsed time = 14.248674392700195 sec
----------
Epoch 89 / 600
train error: avg loss = 0.08676981
ES count = 7
Elapsed time = 14.127781391143799 sec
----------
Epoch 90 / 600
train error: avg loss = 0.05482515
ES count = 8
Elapsed time = 14.562532186508179 sec
----------
Epoch 91 / 600
train error: avg loss = 0.04339251
ES count = 9
Elapsed time = 13.878383874893188 sec
----------
Epoch 92 / 600
train error: avg loss = 0.04349723
ES count = 10
Elapsed time = 14.301637411117554 sec
----------
Epoch 93 / 600
train error: avg loss = 0.03937043
ES count = 11
Elapsed time = 14.116045475006104 sec
----------
Epoch 94 / 600
train error: avg loss = 0.03881147
ES count = 12
Elapsed time = 14.016140699386597 sec
----------
Epoch 95 / 600
train error: avg loss = 0.03797572
ES count = 13
Elapsed time = 13.88356351852417 sec
----------
Epoch 96 / 600
train error: avg loss = 0.03510310
ES count = 14
Elapsed time = 13.972158670425415 sec
----------
Epoch 97 / 600
train error: avg loss = 0.03716339
ES count = 15
Elapsed time = 14.322962522506714 sec
----------
Epoch 98 / 600
train error: avg loss = 0.03799611
ES count = 16
Elapsed time = 14.323121786117554 sec
----------
Epoch 99 / 600
train error: avg loss = 0.04038380
ES count = 17
Elapsed time = 13.976109266281128 sec
----------
Epoch 100 / 600
train error: avg loss = 0.04093333
ES count = 18
Epoch = 100. Save a periodic model snapshot.
Elapsed time = 14.613256692886353 sec
----------
Epoch 101 / 600
train error: avg loss = 0.04402510
ES count = 19
Elapsed time = 14.189794063568115 sec
----------
Epoch 102 / 600
train error: avg loss = 0.04365081
ES count = 20
Elapsed time = 14.261343955993652 sec
----------
Epoch 103 / 600
train error: avg loss = 0.03506004
ES count = 21
Elapsed time = 14.420918941497803 sec
----------
Epoch 104 / 600
train error: avg loss = 0.03386167
ES count = 22
Elapsed time = 14.315397500991821 sec
----------
Epoch 105 / 600
train error: avg loss = 0.03755646
ES count = 23
Elapsed time = 13.77658486366272 sec
----------
Epoch 106 / 600
train error: avg loss = 0.03253744
Best loss is updated and ES count is reset.
Checkpoint saved to '/fsb/home/yutingwang/ytw_tangzq/schrodinger-bridge-sr-micrometeorology/data/DL_result/ExperimentSchrodingerBridge3dWind/config_wind_3d_ablation_no_pblh_night_large/checkpoint.pth'
Elapsed time = 14.874748706817627 sec
----------
Epoch 107 / 600
train error: avg loss = 0.03712214
ES count = 1
Elapsed time = 14.202801704406738 sec
----------
Epoch 108 / 600
train error: avg loss = 0.03614160
ES count = 2
Elapsed time = 14.945523500442505 sec
----------
Epoch 109 / 600
train error: avg loss = 0.03440572
ES count = 3
Elapsed time = 14.21021294593811 sec
----------
Epoch 110 / 600
train error: avg loss = 0.03531221
ES count = 4
Elapsed time = 14.342691421508789 sec
----------
Epoch 111 / 600
train error: avg loss = 0.04540714
ES count = 5
Elapsed time = 14.594484090805054 sec
----------
Epoch 112 / 600
train error: avg loss = 0.03889549
ES count = 6
Elapsed time = 14.40880537033081 sec
----------
Epoch 113 / 600
train error: avg loss = 0.03537039
ES count = 7
Elapsed time = 14.102767944335938 sec
----------
Epoch 114 / 600
train error: avg loss = 0.03224907
Best loss is updated and ES count is reset.
Checkpoint saved to '/fsb/home/yutingwang/ytw_tangzq/schrodinger-bridge-sr-micrometeorology/data/DL_result/ExperimentSchrodingerBridge3dWind/config_wind_3d_ablation_no_pblh_night_large/checkpoint.pth'
Elapsed time = 14.88859748840332 sec
----------
Epoch 115 / 600
train error: avg loss = 0.03639954
ES count = 1
Elapsed time = 13.740521669387817 sec
----------
Epoch 116 / 600
train error: avg loss = 0.03286821
ES count = 2
Elapsed time = 14.647897243499756 sec
----------
Epoch 117 / 600
train error: avg loss = 0.03501281
ES count = 3
Elapsed time = 14.083901643753052 sec
----------
Epoch 118 / 600
train error: avg loss = 0.03450917
ES count = 4
Elapsed time = 14.23218035697937 sec
----------
Epoch 119 / 600
train error: avg loss = 0.03559759
ES count = 5
Elapsed time = 14.197198629379272 sec
----------
Epoch 120 / 600
train error: avg loss = 0.03669296
ES count = 6
Elapsed time = 14.030859231948853 sec
----------
Epoch 121 / 600
train error: avg loss = 0.03343589
ES count = 7
Elapsed time = 14.243637561798096 sec
----------
Epoch 122 / 600
train error: avg loss = 0.03381364
ES count = 8
Elapsed time = 14.111485958099365 sec
----------
Epoch 123 / 600
train error: avg loss = 0.04020901
ES count = 9
Elapsed time = 14.130865335464478 sec
----------
Epoch 124 / 600
train error: avg loss = 0.04004305
ES count = 10
Elapsed time = 14.113943338394165 sec
----------
Epoch 125 / 600
train error: avg loss = 0.03512069
ES count = 11
Elapsed time = 14.382515907287598 sec
----------
Epoch 126 / 600
train error: avg loss = 0.03455931
ES count = 12
Elapsed time = 14.127877473831177 sec
----------
Epoch 127 / 600
train error: avg loss = 0.03623839
ES count = 13
Elapsed time = 14.318094730377197 sec
----------
Epoch 128 / 600
train error: avg loss = 0.03329363
ES count = 14
Elapsed time = 14.030576229095459 sec
----------
Epoch 129 / 600
train error: avg loss = 0.03221079
Best loss is updated and ES count is reset.
Checkpoint saved to '/fsb/home/yutingwang/ytw_tangzq/schrodinger-bridge-sr-micrometeorology/data/DL_result/ExperimentSchrodingerBridge3dWind/config_wind_3d_ablation_no_pblh_night_large/checkpoint.pth'
Elapsed time = 14.662441730499268 sec
----------
Epoch 130 / 600
train error: avg loss = 0.03443699
ES count = 1
Elapsed time = 13.94432783126831 sec
----------
Epoch 131 / 600
train error: avg loss = 0.03277294
ES count = 2
Elapsed time = 14.181976318359375 sec
----------
Epoch 132 / 600
train error: avg loss = 0.03342224
ES count = 3
Elapsed time = 14.05193042755127 sec
----------
Epoch 133 / 600
train error: avg loss = 0.03254826
ES count = 4
Elapsed time = 13.915952205657959 sec
----------
Epoch 134 / 600
train error: avg loss = 0.03409941
ES count = 5
Elapsed time = 14.421912670135498 sec
----------
Epoch 135 / 600
train error: avg loss = 0.03396842
ES count = 6
Elapsed time = 14.477906465530396 sec
----------
Epoch 136 / 600
train error: avg loss = 0.03500965
ES count = 7
Elapsed time = 13.98599100112915 sec
----------
Epoch 137 / 600
train error: avg loss = 0.03176487
Best loss is updated and ES count is reset.
Checkpoint saved to '/fsb/home/yutingwang/ytw_tangzq/schrodinger-bridge-sr-micrometeorology/data/DL_result/ExperimentSchrodingerBridge3dWind/config_wind_3d_ablation_no_pblh_night_large/checkpoint.pth'
Elapsed time = 14.909176588058472 sec
----------
Epoch 138 / 600
train error: avg loss = 0.03300247
ES count = 1
Elapsed time = 14.137494802474976 sec
----------
Epoch 139 / 600
train error: avg loss = 0.03521936
ES count = 2
Elapsed time = 13.68378496170044 sec
----------
Epoch 140 / 600
train error: avg loss = 0.03497239
ES count = 3
Elapsed time = 14.349499702453613 sec
----------
Epoch 141 / 600
train error: avg loss = 0.03456428
ES count = 4
Elapsed time = 13.842940330505371 sec
----------
Epoch 142 / 600
train error: avg loss = 0.03674858
ES count = 5
Elapsed time = 13.76175045967102 sec
----------
Epoch 143 / 600
train error: avg loss = 0.03193050
ES count = 6
Elapsed time = 13.621758460998535 sec
----------
Epoch 144 / 600
train error: avg loss = 0.03729924
ES count = 7
Elapsed time = 13.630475521087646 sec
----------
Epoch 145 / 600
train error: avg loss = 0.03279665
ES count = 8
Elapsed time = 13.730712652206421 sec
----------
Epoch 146 / 600
train error: avg loss = 0.03264731
ES count = 9
Elapsed time = 13.670804977416992 sec
----------
Epoch 147 / 600
train error: avg loss = 0.03199179
ES count = 10
Elapsed time = 13.815800428390503 sec
----------
Epoch 148 / 600
train error: avg loss = 0.03107209
Best loss is updated and ES count is reset.
Checkpoint saved to '/fsb/home/yutingwang/ytw_tangzq/schrodinger-bridge-sr-micrometeorology/data/DL_result/ExperimentSchrodingerBridge3dWind/config_wind_3d_ablation_no_pblh_night_large/checkpoint.pth'
Elapsed time = 14.287678480148315 sec
----------
Epoch 149 / 600
train error: avg loss = 0.03342068
ES count = 1
Elapsed time = 13.91939926147461 sec
----------
Epoch 150 / 600
train error: avg loss = 0.03118953
ES count = 2
Elapsed time = 13.752284288406372 sec
----------
Epoch 151 / 600
train error: avg loss = 0.03254711
ES count = 3
Elapsed time = 14.087895631790161 sec
----------
Epoch 152 / 600
train error: avg loss = 0.02849567
Best loss is updated and ES count is reset.
Checkpoint saved to '/fsb/home/yutingwang/ytw_tangzq/schrodinger-bridge-sr-micrometeorology/data/DL_result/ExperimentSchrodingerBridge3dWind/config_wind_3d_ablation_no_pblh_night_large/checkpoint.pth'
Elapsed time = 14.766207218170166 sec
----------
Epoch 153 / 600
train error: avg loss = 0.04013605
ES count = 1
Elapsed time = 13.938591718673706 sec
----------
Epoch 154 / 600
train error: avg loss = 0.03755294
ES count = 2
Elapsed time = 14.061597108840942 sec
----------
Epoch 155 / 600
train error: avg loss = 0.03300067
ES count = 3
Elapsed time = 13.65206527709961 sec
----------
Epoch 156 / 600
train error: avg loss = 0.03146068
ES count = 4
Elapsed time = 14.259053468704224 sec
----------
Epoch 157 / 600
train error: avg loss = 0.03159891
ES count = 5
Elapsed time = 13.967815160751343 sec
----------
Epoch 158 / 600
train error: avg loss = 0.03107624
ES count = 6
Elapsed time = 14.119466066360474 sec
----------
Epoch 159 / 600
train error: avg loss = 0.03382280
ES count = 7
Elapsed time = 13.646236896514893 sec
----------
Epoch 160 / 600
train error: avg loss = 0.03289009
ES count = 8
Elapsed time = 13.787870407104492 sec
----------
Epoch 161 / 600
train error: avg loss = 0.03167820
ES count = 9
Elapsed time = 13.591323137283325 sec
----------
Epoch 162 / 600
train error: avg loss = 0.02880410
ES count = 10
Elapsed time = 13.521388292312622 sec
----------
Epoch 163 / 600
train error: avg loss = 0.03078984
ES count = 11
Elapsed time = 13.670374155044556 sec
----------
Epoch 164 / 600
train error: avg loss = 0.03670906
ES count = 12
Elapsed time = 13.584787130355835 sec
----------
Epoch 165 / 600
train error: avg loss = 0.03811606
ES count = 13
Elapsed time = 13.522052764892578 sec
----------
Epoch 166 / 600
train error: avg loss = 0.03068428
ES count = 14
Elapsed time = 13.751102685928345 sec
----------
Epoch 167 / 600
train error: avg loss = 0.03270962
ES count = 15
Elapsed time = 13.488381147384644 sec
----------
Epoch 168 / 600
train error: avg loss = 0.03129347
ES count = 16
Elapsed time = 13.8330557346344 sec
----------
Epoch 169 / 600
train error: avg loss = 0.03381823
ES count = 17
Elapsed time = 13.563270092010498 sec
----------
Epoch 170 / 600
train error: avg loss = 0.03699488
ES count = 18
Elapsed time = 14.224337339401245 sec
----------
Epoch 171 / 600
train error: avg loss = 0.03359286
ES count = 19
Elapsed time = 14.246139764785767 sec
----------
Epoch 172 / 600
train error: avg loss = 0.03093283
ES count = 20
Elapsed time = 14.399663209915161 sec
----------
Epoch 173 / 600
train error: avg loss = 0.03454154
ES count = 21
Elapsed time = 14.285017490386963 sec
----------
Epoch 174 / 600
train error: avg loss = 0.03126625
ES count = 22
Elapsed time = 14.29571795463562 sec
----------
Epoch 175 / 600
train error: avg loss = 0.03757689
ES count = 23
Elapsed time = 14.384581565856934 sec
----------
Epoch 176 / 600
train error: avg loss = 0.03134964
ES count = 24
Elapsed time = 13.99120044708252 sec
----------
Epoch 177 / 600
train error: avg loss = 0.03157705
ES count = 25
Elapsed time = 14.318289518356323 sec
----------
Epoch 178 / 600
train error: avg loss = 0.02837007
Best loss is updated and ES count is reset.
Checkpoint saved to '/fsb/home/yutingwang/ytw_tangzq/schrodinger-bridge-sr-micrometeorology/data/DL_result/ExperimentSchrodingerBridge3dWind/config_wind_3d_ablation_no_pblh_night_large/checkpoint.pth'
Elapsed time = 15.093595027923584 sec
----------
Epoch 179 / 600
train error: avg loss = 0.03177893
ES count = 1
Elapsed time = 14.1121244430542 sec
----------
Epoch 180 / 600
train error: avg loss = 0.02895539
ES count = 2
Elapsed time = 14.064549922943115 sec
----------
Epoch 181 / 600
train error: avg loss = 0.02988440
ES count = 3
Elapsed time = 14.280200719833374 sec
----------
Epoch 182 / 600
train error: avg loss = 0.03125122
ES count = 4
Elapsed time = 14.241201639175415 sec
----------
Epoch 183 / 600
train error: avg loss = 0.03459950
ES count = 5
Elapsed time = 14.318604946136475 sec
----------
Epoch 184 / 600
train error: avg loss = 0.03340832
ES count = 6
Elapsed time = 14.46224856376648 sec
----------
Epoch 185 / 600
train error: avg loss = 0.03044097
ES count = 7
Elapsed time = 14.069619417190552 sec
----------
Epoch 186 / 600
train error: avg loss = 0.03153082
ES count = 8
Elapsed time = 14.239170789718628 sec
----------
Epoch 187 / 600
train error: avg loss = 0.02995377
ES count = 9
Elapsed time = 14.225682735443115 sec
----------
Epoch 188 / 600
train error: avg loss = 0.03010648
ES count = 10
Elapsed time = 14.09873628616333 sec
----------
Epoch 189 / 600
train error: avg loss = 0.03191956
ES count = 11
Elapsed time = 14.443444728851318 sec
----------
Epoch 190 / 600
train error: avg loss = 0.03067550
ES count = 12
Elapsed time = 14.316728830337524 sec
----------
Epoch 191 / 600
train error: avg loss = 0.03089501
ES count = 13
Elapsed time = 14.37056827545166 sec
----------
Epoch 192 / 600
train error: avg loss = 0.03057182
ES count = 14
Elapsed time = 14.112673044204712 sec
----------
Epoch 193 / 600
train error: avg loss = 0.03095910
ES count = 15
Elapsed time = 14.090699672698975 sec
----------
Epoch 194 / 600
train error: avg loss = 0.03116094
ES count = 16
Elapsed time = 13.708846092224121 sec
----------
Epoch 195 / 600
train error: avg loss = 0.03192812
ES count = 17
Elapsed time = 14.024758577346802 sec
----------
Epoch 196 / 600
train error: avg loss = 0.03194546
ES count = 18
Elapsed time = 14.350114822387695 sec
----------
Epoch 197 / 600
train error: avg loss = 0.02858900
ES count = 19
Elapsed time = 13.902135848999023 sec
----------
Epoch 198 / 600
train error: avg loss = 0.03018038
ES count = 20
Elapsed time = 13.873422622680664 sec
----------
Epoch 199 / 600
train error: avg loss = 0.02940935
ES count = 21
Elapsed time = 14.27575969696045 sec
----------
Epoch 200 / 600
train error: avg loss = 0.03352899
ES count = 22
Epoch = 200. Save a periodic model snapshot.
Elapsed time = 13.897145986557007 sec
----------
Epoch 201 / 600
train error: avg loss = 0.03368393
ES count = 23
Elapsed time = 14.262617826461792 sec
----------
Epoch 202 / 600
train error: avg loss = 0.03020792
ES count = 24
Elapsed time = 14.048553466796875 sec
----------
Epoch 203 / 600
train error: avg loss = 0.02978405
ES count = 25
Elapsed time = 14.235898494720459 sec
----------
Epoch 204 / 600
train error: avg loss = 0.02918907
ES count = 26
Elapsed time = 14.018152713775635 sec
----------
Epoch 205 / 600
train error: avg loss = 0.03073214
ES count = 27
Elapsed time = 14.1743643283844 sec
----------
Epoch 206 / 600
train error: avg loss = 0.02982108
ES count = 28
Elapsed time = 14.040000438690186 sec
----------
Epoch 207 / 600
train error: avg loss = 0.03185288
ES count = 29
Elapsed time = 13.82705307006836 sec
----------
Epoch 208 / 600
train error: avg loss = 0.03119073
ES count = 30
Elapsed time = 14.001807689666748 sec
----------
Epoch 209 / 600
train error: avg loss = 0.02776503
Best loss is updated and ES count is reset.
Checkpoint saved to '/fsb/home/yutingwang/ytw_tangzq/schrodinger-bridge-sr-micrometeorology/data/DL_result/ExperimentSchrodingerBridge3dWind/config_wind_3d_ablation_no_pblh_night_large/checkpoint.pth'
Elapsed time = 14.379298686981201 sec
----------
Epoch 210 / 600
train error: avg loss = 0.02750521
Best loss is updated and ES count is reset.
Checkpoint saved to '/fsb/home/yutingwang/ytw_tangzq/schrodinger-bridge-sr-micrometeorology/data/DL_result/ExperimentSchrodingerBridge3dWind/config_wind_3d_ablation_no_pblh_night_large/checkpoint.pth'
Elapsed time = 14.93216586112976 sec
----------
Epoch 211 / 600
train error: avg loss = 0.02888772
ES count = 1
Elapsed time = 13.768134117126465 sec
----------
Epoch 212 / 600
train error: avg loss = 0.02823155
ES count = 2
Elapsed time = 13.657540798187256 sec
----------
Epoch 213 / 600
train error: avg loss = 0.02953544
ES count = 3
Elapsed time = 14.075089931488037 sec
----------
Epoch 214 / 600
train error: avg loss = 0.02878067
ES count = 4
Elapsed time = 13.926529884338379 sec
----------
Epoch 215 / 600
train error: avg loss = 0.03131763
ES count = 5
Elapsed time = 14.008454322814941 sec
----------
Epoch 216 / 600
train error: avg loss = 0.03424195
ES count = 6
Elapsed time = 13.784276247024536 sec
----------
Epoch 217 / 600
train error: avg loss = 0.03547493
ES count = 7
Elapsed time = 13.733562469482422 sec
----------
Epoch 218 / 600
train error: avg loss = 0.02981414
ES count = 8
Elapsed time = 13.90999436378479 sec
----------
Epoch 219 / 600
train error: avg loss = 0.03063119
ES count = 9
Elapsed time = 13.776287078857422 sec
----------
Epoch 220 / 600
train error: avg loss = 0.02943188
ES count = 10
Elapsed time = 13.80217456817627 sec
----------
Epoch 221 / 600
train error: avg loss = 0.02971610
ES count = 11
Elapsed time = 13.827317953109741 sec
----------
Epoch 222 / 600
train error: avg loss = 0.02895748
ES count = 12
Elapsed time = 13.785935401916504 sec
----------
Epoch 223 / 600
train error: avg loss = 0.03021858
ES count = 13
Elapsed time = 14.12494444847107 sec
----------
Epoch 224 / 600
train error: avg loss = 0.03074225
ES count = 14
Elapsed time = 13.551423072814941 sec
----------
Epoch 225 / 600
train error: avg loss = 0.03269586
ES count = 15
Elapsed time = 14.065054893493652 sec
----------
Epoch 226 / 600
train error: avg loss = 0.02943696
ES count = 16
Elapsed time = 13.881093978881836 sec
----------
Epoch 227 / 600
train error: avg loss = 0.02993128
ES count = 17
Elapsed time = 13.981269359588623 sec
----------
Epoch 228 / 600
train error: avg loss = 0.03087990
ES count = 18
Elapsed time = 14.161765098571777 sec
----------
Epoch 229 / 600
train error: avg loss = 0.03069606
ES count = 19
Elapsed time = 13.738918781280518 sec
----------
Epoch 230 / 600
train error: avg loss = 0.03359076
ES count = 20
Elapsed time = 13.97842288017273 sec
----------
Epoch 231 / 600
train error: avg loss = 0.03154696
ES count = 21
Elapsed time = 13.86845064163208 sec
----------
Epoch 232 / 600
train error: avg loss = 0.03035340
ES count = 22
Elapsed time = 13.923215866088867 sec
----------
Epoch 233 / 600
train error: avg loss = 0.02655920
Best loss is updated and ES count is reset.
Checkpoint saved to '/fsb/home/yutingwang/ytw_tangzq/schrodinger-bridge-sr-micrometeorology/data/DL_result/ExperimentSchrodingerBridge3dWind/config_wind_3d_ablation_no_pblh_night_large/checkpoint.pth'
Elapsed time = 14.593861818313599 sec
----------
Epoch 234 / 600
train error: avg loss = 0.02675340
ES count = 1
Elapsed time = 14.011064767837524 sec
----------
Epoch 235 / 600
train error: avg loss = 0.02951799
ES count = 2
Elapsed time = 13.76233458518982 sec
----------
Epoch 236 / 600
train error: avg loss = 0.02828492
ES count = 3
Elapsed time = 13.899947166442871 sec
----------
Epoch 237 / 600
train error: avg loss = 0.03026692
ES count = 4
Elapsed time = 14.239501953125 sec
----------
Epoch 238 / 600
train error: avg loss = 0.02709252
ES count = 5
Elapsed time = 13.896275520324707 sec
----------
Epoch 239 / 600
train error: avg loss = 0.03136396
ES count = 6
Elapsed time = 14.123825311660767 sec
----------
Epoch 240 / 600
train error: avg loss = 0.03496376
ES count = 7
Elapsed time = 13.959343433380127 sec
----------
Epoch 241 / 600
train error: avg loss = 0.02950162
ES count = 8
Elapsed time = 13.642396211624146 sec
----------
Epoch 242 / 600
train error: avg loss = 0.03582896
ES count = 9
Elapsed time = 13.937520503997803 sec
----------
Epoch 243 / 600
train error: avg loss = 0.16425655
ES count = 10
Elapsed time = 13.539039611816406 sec
----------
Epoch 244 / 600
train error: avg loss = 0.06960434
ES count = 11
Elapsed time = 13.474023818969727 sec
----------
Epoch 245 / 600
train error: avg loss = 0.03942400
ES count = 12
Elapsed time = 13.899383068084717 sec
----------
Epoch 246 / 600
train error: avg loss = 0.03293834
ES count = 13
Elapsed time = 13.520602703094482 sec
----------
Epoch 247 / 600
train error: avg loss = 0.03599534
ES count = 14
Elapsed time = 14.271856784820557 sec
----------
Epoch 248 / 600
train error: avg loss = 0.03342697
ES count = 15
Elapsed time = 13.790024757385254 sec
----------
Epoch 249 / 600
train error: avg loss = 0.03146036
ES count = 16
Elapsed time = 13.788443565368652 sec
----------
Epoch 250 / 600
train error: avg loss = 0.02922621
ES count = 17
Elapsed time = 13.85220217704773 sec
----------
Epoch 251 / 600
train error: avg loss = 0.03190301
ES count = 18
Elapsed time = 13.46038818359375 sec
----------
Epoch 252 / 600
train error: avg loss = 0.03051770
ES count = 19
Elapsed time = 13.93978214263916 sec
----------
Epoch 253 / 600
train error: avg loss = 0.02903363
ES count = 20
Elapsed time = 13.478601694107056 sec
----------
Epoch 254 / 600
train error: avg loss = 0.03261725
ES count = 21
Elapsed time = 13.437623500823975 sec
----------
Epoch 255 / 600
train error: avg loss = 0.02726282
ES count = 22
Elapsed time = 13.979350805282593 sec
----------
Epoch 256 / 600
train error: avg loss = 0.02857745
ES count = 23
Elapsed time = 13.639440059661865 sec
----------
Epoch 257 / 600
train error: avg loss = 0.02915238
ES count = 24
Elapsed time = 13.577905893325806 sec
----------
Epoch 258 / 600
train error: avg loss = 0.02797979
ES count = 25
Elapsed time = 13.818821430206299 sec
----------
Epoch 259 / 600
train error: avg loss = 0.02822688
ES count = 26
Elapsed time = 13.494370698928833 sec
----------
Epoch 260 / 600
train error: avg loss = 0.02803205
ES count = 27
Elapsed time = 14.386090278625488 sec
----------
Epoch 261 / 600
train error: avg loss = 0.02787467
ES count = 28
Elapsed time = 14.041638374328613 sec
----------
Epoch 262 / 600
train error: avg loss = 0.03163680
ES count = 29
Elapsed time = 14.172172784805298 sec
----------
Epoch 263 / 600
train error: avg loss = 0.02922253
ES count = 30
Elapsed time = 13.943834781646729 sec
----------
Epoch 264 / 600
train error: avg loss = 0.02862842
ES count = 31
Elapsed time = 13.669953346252441 sec
----------
Epoch 265 / 600
train error: avg loss = 0.02903020
ES count = 32
Elapsed time = 14.068382501602173 sec
----------
Epoch 266 / 600
train error: avg loss = 0.02841335
ES count = 33
Elapsed time = 14.117864847183228 sec
----------
Epoch 267 / 600
train error: avg loss = 0.02880047
ES count = 34
Elapsed time = 14.01818323135376 sec
----------
Epoch 268 / 600
train error: avg loss = 0.02953288
ES count = 35
Elapsed time = 13.59967827796936 sec
----------
Epoch 269 / 600
train error: avg loss = 0.02772005
ES count = 36
Elapsed time = 13.799962282180786 sec
----------
Epoch 270 / 600
train error: avg loss = 0.02686548
ES count = 37
Elapsed time = 14.463176488876343 sec
----------
Epoch 271 / 600
train error: avg loss = 0.02871209
ES count = 38
Elapsed time = 14.225332975387573 sec
----------
Epoch 272 / 600
train error: avg loss = 0.02940055
ES count = 39
Elapsed time = 14.478641510009766 sec
----------
Epoch 273 / 600
train error: avg loss = 0.02939304
ES count = 40
Elapsed time = 14.354007244110107 sec
----------
Epoch 274 / 600
train error: avg loss = 0.02701183
ES count = 41
Elapsed time = 14.123729944229126 sec
----------
Epoch 275 / 600
train error: avg loss = 0.02761758
ES count = 42
Elapsed time = 14.253964900970459 sec
----------
Epoch 276 / 600
train error: avg loss = 0.02719346
ES count = 43
Elapsed time = 14.234609365463257 sec
----------
Epoch 277 / 600
train error: avg loss = 0.02792699
ES count = 44
Elapsed time = 14.566556930541992 sec
----------
Epoch 278 / 600
train error: avg loss = 0.02687505
ES count = 45
Elapsed time = 14.449082851409912 sec
----------
Epoch 279 / 600
train error: avg loss = 0.02761688
ES count = 46
Elapsed time = 14.03292965888977 sec
----------
Epoch 280 / 600
train error: avg loss = 0.03079335
ES count = 47
Elapsed time = 14.146952867507935 sec
----------
Epoch 281 / 600
train error: avg loss = 0.02919380
ES count = 48
Elapsed time = 14.075156211853027 sec
----------
Epoch 282 / 600
train error: avg loss = 0.02643597
Best loss is updated and ES count is reset.
Checkpoint saved to '/fsb/home/yutingwang/ytw_tangzq/schrodinger-bridge-sr-micrometeorology/data/DL_result/ExperimentSchrodingerBridge3dWind/config_wind_3d_ablation_no_pblh_night_large/checkpoint.pth'
Elapsed time = 15.338618278503418 sec
----------
Epoch 283 / 600
train error: avg loss = 0.02788034
ES count = 1
Elapsed time = 14.352718591690063 sec
----------
Epoch 284 / 600
train error: avg loss = 0.03034389
ES count = 2
Elapsed time = 14.677967548370361 sec
----------
Epoch 285 / 600
train error: avg loss = 0.03308997
ES count = 3
Elapsed time = 14.153656482696533 sec
----------
Epoch 286 / 600
train error: avg loss = 0.03093581
ES count = 4
Elapsed time = 14.413274049758911 sec
----------
Epoch 287 / 600
train error: avg loss = 0.02911997
ES count = 5
Elapsed time = 14.356463432312012 sec
----------
Epoch 288 / 600
train error: avg loss = 0.02604113
Best loss is updated and ES count is reset.
Checkpoint saved to '/fsb/home/yutingwang/ytw_tangzq/schrodinger-bridge-sr-micrometeorology/data/DL_result/ExperimentSchrodingerBridge3dWind/config_wind_3d_ablation_no_pblh_night_large/checkpoint.pth'
Elapsed time = 15.048673629760742 sec
----------
Epoch 289 / 600
train error: avg loss = 0.03145996
ES count = 1
Elapsed time = 14.354247093200684 sec
----------
Epoch 290 / 600
train error: avg loss = 0.03031647
ES count = 2
Elapsed time = 14.200308322906494 sec
----------
Epoch 291 / 600
train error: avg loss = 0.02911297
ES count = 3
Elapsed time = 14.180264472961426 sec
----------
Epoch 292 / 600
train error: avg loss = 0.02805523
ES count = 4
Elapsed time = 14.791521787643433 sec
----------
Epoch 293 / 600
train error: avg loss = 0.02933367
ES count = 5
Elapsed time = 13.965642929077148 sec
----------
Epoch 294 / 600
train error: avg loss = 0.02749531
ES count = 6
Elapsed time = 14.19481110572815 sec
----------
Epoch 295 / 600
train error: avg loss = 0.02684798
ES count = 7
Elapsed time = 14.419783353805542 sec
----------
Epoch 296 / 600
train error: avg loss = 0.02780656
ES count = 8
Elapsed time = 14.299655199050903 sec
----------
Epoch 297 / 600
train error: avg loss = 0.02773526
ES count = 9
Elapsed time = 14.254286766052246 sec
----------
Epoch 298 / 600
train error: avg loss = 0.03358711
ES count = 10
Elapsed time = 14.129963159561157 sec
----------
Epoch 299 / 600
train error: avg loss = 0.03168874
ES count = 11
Elapsed time = 14.312291145324707 sec
----------
Epoch 300 / 600
train error: avg loss = 0.02720441
ES count = 12
Epoch = 300. Save a periodic model snapshot.
Elapsed time = 14.351231336593628 sec
----------
Epoch 301 / 600
train error: avg loss = 0.02900670
ES count = 13
Elapsed time = 14.132416248321533 sec
----------
Epoch 302 / 600
train error: avg loss = 0.02779170
ES count = 14
Elapsed time = 14.214490413665771 sec
----------
Epoch 303 / 600
train error: avg loss = 0.02647029
ES count = 15
Elapsed time = 14.017729759216309 sec
----------
Epoch 304 / 600
train error: avg loss = 0.02774861
ES count = 16
Elapsed time = 14.200889587402344 sec
----------
Epoch 305 / 600
train error: avg loss = 0.02723989
ES count = 17
Elapsed time = 14.24805498123169 sec
----------
Epoch 306 / 600
train error: avg loss = 0.03182159
ES count = 18
Elapsed time = 14.194194078445435 sec
----------
Epoch 307 / 600
train error: avg loss = 0.02976565
ES count = 19
Elapsed time = 13.977066040039062 sec
----------
Epoch 308 / 600
train error: avg loss = 0.02765706
ES count = 20
Elapsed time = 13.836297273635864 sec
----------
Epoch 309 / 600
train error: avg loss = 0.02620705
ES count = 21
Elapsed time = 14.087769269943237 sec
----------
Epoch 310 / 600
train error: avg loss = 0.02763742
ES count = 22
Elapsed time = 14.05817461013794 sec
----------
Epoch 311 / 600
train error: avg loss = 0.02758170
ES count = 23
Elapsed time = 14.17362928390503 sec
----------
Epoch 312 / 600
train error: avg loss = 0.02749823
ES count = 24
Elapsed time = 13.916071653366089 sec
----------
Epoch 313 / 600
train error: avg loss = 0.02653968
ES count = 25
Elapsed time = 13.941285848617554 sec
----------
Epoch 314 / 600
train error: avg loss = 0.02910097
ES count = 26
Elapsed time = 14.346558570861816 sec
----------
Epoch 315 / 600
train error: avg loss = 0.02642348
ES count = 27
Elapsed time = 13.956134557723999 sec
----------
Epoch 316 / 600
train error: avg loss = 0.02837824
ES count = 28
Elapsed time = 13.940508365631104 sec
----------
Epoch 317 / 600
train error: avg loss = 0.02658830
ES count = 29
Elapsed time = 14.084030628204346 sec
----------
Epoch 318 / 600
train error: avg loss = 0.02567165
Best loss is updated and ES count is reset.
Checkpoint saved to '/fsb/home/yutingwang/ytw_tangzq/schrodinger-bridge-sr-micrometeorology/data/DL_result/ExperimentSchrodingerBridge3dWind/config_wind_3d_ablation_no_pblh_night_large/checkpoint.pth'
Elapsed time = 14.898833513259888 sec
----------
Epoch 319 / 600
train error: avg loss = 0.02461975
Best loss is updated and ES count is reset.
Checkpoint saved to '/fsb/home/yutingwang/ytw_tangzq/schrodinger-bridge-sr-micrometeorology/data/DL_result/ExperimentSchrodingerBridge3dWind/config_wind_3d_ablation_no_pblh_night_large/checkpoint.pth'
Elapsed time = 14.991634130477905 sec
----------
Epoch 320 / 600
train error: avg loss = 0.02553124
ES count = 1
Elapsed time = 14.36023759841919 sec
----------
Epoch 321 / 600
train error: avg loss = 0.02757190
ES count = 2
Elapsed time = 14.370204448699951 sec
----------
Epoch 322 / 600
train error: avg loss = 0.02413270
Best loss is updated and ES count is reset.
Checkpoint saved to '/fsb/home/yutingwang/ytw_tangzq/schrodinger-bridge-sr-micrometeorology/data/DL_result/ExperimentSchrodingerBridge3dWind/config_wind_3d_ablation_no_pblh_night_large/checkpoint.pth'
Elapsed time = 14.930962324142456 sec
----------
Epoch 323 / 600
train error: avg loss = 0.02884187
ES count = 1
Elapsed time = 14.16256856918335 sec
----------
Epoch 324 / 600
train error: avg loss = 0.02680049
ES count = 2
Elapsed time = 13.987185716629028 sec
----------
Epoch 325 / 600
train error: avg loss = 0.02788801
ES count = 3
Elapsed time = 13.720272779464722 sec
----------
Epoch 326 / 600
train error: avg loss = 0.02754453
ES count = 4
Elapsed time = 14.184284448623657 sec
----------
Epoch 327 / 600
train error: avg loss = 0.02697687
ES count = 5
Elapsed time = 14.34116244316101 sec
----------
Epoch 328 / 600
train error: avg loss = 0.02821966
ES count = 6
Elapsed time = 14.348633766174316 sec
----------
Epoch 329 / 600
train error: avg loss = 0.02697310
ES count = 7
Elapsed time = 14.098281860351562 sec
----------
Epoch 330 / 600
train error: avg loss = 0.02648614
ES count = 8
Elapsed time = 13.780131578445435 sec
----------
Epoch 331 / 600
train error: avg loss = 0.02657107
ES count = 9
Elapsed time = 14.18842363357544 sec
----------
Epoch 332 / 600
train error: avg loss = 0.02454641
ES count = 10
Elapsed time = 14.051975965499878 sec
----------
Epoch 333 / 600
train error: avg loss = 0.02644178
ES count = 11
Elapsed time = 14.336096286773682 sec
----------
Epoch 334 / 600
train error: avg loss = 0.02811897
ES count = 12
Elapsed time = 14.019457340240479 sec
----------
Epoch 335 / 600
train error: avg loss = 0.02550227
ES count = 13
Elapsed time = 14.028324604034424 sec
----------
Epoch 336 / 600
train error: avg loss = 0.03016733
ES count = 14
Elapsed time = 14.534400463104248 sec
----------
Epoch 337 / 600
train error: avg loss = 0.02862473
ES count = 15
Elapsed time = 14.071683645248413 sec
----------
Epoch 338 / 600
train error: avg loss = 0.02447335
ES count = 16
Elapsed time = 14.314363718032837 sec
----------
Epoch 339 / 600
train error: avg loss = 0.02713790
ES count = 17
Elapsed time = 14.246005058288574 sec
----------
Epoch 340 / 600
train error: avg loss = 0.02744142
ES count = 18
Elapsed time = 14.366608381271362 sec
----------
Epoch 341 / 600
train error: avg loss = 0.02599439
ES count = 19
Elapsed time = 14.204951763153076 sec
----------
Epoch 342 / 600
train error: avg loss = 0.02861156
ES count = 20
Elapsed time = 14.27961540222168 sec
----------
Epoch 343 / 600
train error: avg loss = 0.02706082
ES count = 21
Elapsed time = 14.098130226135254 sec
----------
Epoch 344 / 600
train error: avg loss = 0.02656535
ES count = 22
Elapsed time = 13.99463677406311 sec
----------
Epoch 345 / 600
train error: avg loss = 0.02795323
ES count = 23
Elapsed time = 14.105274200439453 sec
----------
Epoch 346 / 600
train error: avg loss = 0.02718831
ES count = 24
Elapsed time = 14.242888689041138 sec
----------
Epoch 347 / 600
train error: avg loss = 0.02640870
ES count = 25
Elapsed time = 14.17458724975586 sec
----------
Epoch 348 / 600
train error: avg loss = 0.02678809
ES count = 26
Elapsed time = 13.873010158538818 sec
----------
Epoch 349 / 600
train error: avg loss = 0.02631775
ES count = 27
Elapsed time = 14.080309867858887 sec
----------
Epoch 350 / 600
train error: avg loss = 0.02567544
ES count = 28
Elapsed time = 13.998911380767822 sec
----------
Epoch 351 / 600
train error: avg loss = 0.02643602
ES count = 29
Elapsed time = 14.256157875061035 sec
----------
Epoch 352 / 600
train error: avg loss = 0.02991789
ES count = 30
Elapsed time = 13.912504434585571 sec
----------
Epoch 353 / 600
train error: avg loss = 0.02745914
ES count = 31
Elapsed time = 14.11811900138855 sec
----------
Epoch 354 / 600
train error: avg loss = 0.03128182
ES count = 32
Elapsed time = 13.907666444778442 sec
----------
Epoch 355 / 600
train error: avg loss = 0.02790584
ES count = 33
Elapsed time = 14.059877395629883 sec
----------
Epoch 356 / 600
train error: avg loss = 0.02638013
ES count = 34
Elapsed time = 14.321431636810303 sec
----------
Epoch 357 / 600
train error: avg loss = 0.02630597
ES count = 35
Elapsed time = 14.468791961669922 sec
----------
Epoch 358 / 600
train error: avg loss = 0.02865124
ES count = 36
Elapsed time = 14.171507120132446 sec
----------
Epoch 359 / 600
train error: avg loss = 0.02571360
ES count = 37
Elapsed time = 14.32293963432312 sec
----------
Epoch 360 / 600
train error: avg loss = 0.02788289
ES count = 38
Elapsed time = 13.777847051620483 sec
----------
Epoch 361 / 600
train error: avg loss = 0.02966411
ES count = 39
Elapsed time = 14.20230507850647 sec
----------
Epoch 362 / 600
train error: avg loss = 0.02381634
Best loss is updated and ES count is reset.
Checkpoint saved to '/fsb/home/yutingwang/ytw_tangzq/schrodinger-bridge-sr-micrometeorology/data/DL_result/ExperimentSchrodingerBridge3dWind/config_wind_3d_ablation_no_pblh_night_large/checkpoint.pth'
Elapsed time = 15.07191777229309 sec
----------
Epoch 363 / 600
train error: avg loss = 0.02544689
ES count = 1
Elapsed time = 14.028889417648315 sec
----------
Epoch 364 / 600
train error: avg loss = 0.02837454
ES count = 2
Elapsed time = 14.252812623977661 sec
----------
Epoch 365 / 600
train error: avg loss = 0.02456920
ES count = 3
Elapsed time = 14.12719178199768 sec
----------
Epoch 366 / 600
train error: avg loss = 0.02508916
ES count = 4
Elapsed time = 14.828513383865356 sec
----------
Epoch 367 / 600
train error: avg loss = 0.02826818
ES count = 5
Elapsed time = 14.505064964294434 sec
----------
Epoch 368 / 600
train error: avg loss = 0.02592264
ES count = 6
Elapsed time = 14.326162815093994 sec
----------
Epoch 369 / 600
train error: avg loss = 0.02532474
ES count = 7
Elapsed time = 14.371596813201904 sec
----------
Epoch 370 / 600
train error: avg loss = 0.02952885
ES count = 8
Elapsed time = 13.943967580795288 sec
----------
Epoch 371 / 600
train error: avg loss = 0.02900780
ES count = 9
Elapsed time = 14.454630851745605 sec
----------
Epoch 372 / 600
train error: avg loss = 0.02527535
ES count = 10
Elapsed time = 14.30076551437378 sec
----------
Epoch 373 / 600
train error: avg loss = 0.02648661
ES count = 11
Elapsed time = 13.960529804229736 sec
----------
Epoch 374 / 600
train error: avg loss = 0.02634933
ES count = 12
Elapsed time = 14.166309118270874 sec
----------
Epoch 375 / 600
train error: avg loss = 0.02528486
ES count = 13
Elapsed time = 14.082149505615234 sec
----------
Epoch 376 / 600
train error: avg loss = 0.02591242
ES count = 14
Elapsed time = 14.283805847167969 sec
----------
Epoch 377 / 600
train error: avg loss = 0.02617658
ES count = 15
Elapsed time = 14.090052366256714 sec
----------
Epoch 378 / 600
train error: avg loss = 0.02473457
ES count = 16
Elapsed time = 14.159616470336914 sec
----------
Epoch 379 / 600
train error: avg loss = 0.02704024
ES count = 17
Elapsed time = 14.274031162261963 sec
----------
Epoch 380 / 600
train error: avg loss = 0.02422054
ES count = 18
Elapsed time = 14.174365997314453 sec
----------
Epoch 381 / 600
train error: avg loss = 0.02382303
ES count = 19
Elapsed time = 14.175827503204346 sec
----------
Epoch 382 / 600
train error: avg loss = 0.02716208
ES count = 20
Elapsed time = 14.23247218132019 sec
----------
Epoch 383 / 600
train error: avg loss = 0.02701812
ES count = 21
Elapsed time = 14.869056224822998 sec
----------
Epoch 384 / 600
train error: avg loss = 0.02442371
ES count = 22
Elapsed time = 14.389922380447388 sec
----------
Epoch 385 / 600
train error: avg loss = 0.02697146
ES count = 23
Elapsed time = 13.936187267303467 sec
----------
Epoch 386 / 600
train error: avg loss = 0.02630629
ES count = 24
Elapsed time = 14.417619228363037 sec
----------
Epoch 387 / 600
train error: avg loss = 0.02656493
ES count = 25
Elapsed time = 14.392903327941895 sec
----------
Epoch 388 / 600
train error: avg loss = 0.02487266
ES count = 26
Elapsed time = 14.157607555389404 sec
----------
Epoch 389 / 600
train error: avg loss = 0.02637213
ES count = 27
Elapsed time = 14.769192695617676 sec
----------
Epoch 390 / 600
train error: avg loss = 0.02484209
ES count = 28
Elapsed time = 14.268655776977539 sec
----------
Epoch 391 / 600
train error: avg loss = 0.02563285
ES count = 29
Elapsed time = 14.030513286590576 sec
----------
Epoch 392 / 600
train error: avg loss = 0.02467936
ES count = 30
Elapsed time = 13.801834344863892 sec
----------
Epoch 393 / 600
train error: avg loss = 0.02835331
ES count = 31
Elapsed time = 14.086477518081665 sec
----------
Epoch 394 / 600
train error: avg loss = 0.02469754
ES count = 32
Elapsed time = 14.122105360031128 sec
----------
Epoch 395 / 600
train error: avg loss = 0.02565827
ES count = 33
Elapsed time = 13.822365522384644 sec
----------
Epoch 396 / 600
train error: avg loss = 0.02424355
ES count = 34
Elapsed time = 14.199302434921265 sec
----------
Epoch 397 / 600
train error: avg loss = 0.02621581
ES count = 35
Elapsed time = 14.335225582122803 sec
----------
Epoch 398 / 600
train error: avg loss = 0.02493998
ES count = 36
Elapsed time = 13.754298448562622 sec
----------
Epoch 399 / 600
train error: avg loss = 0.02623395
ES count = 37
Elapsed time = 14.472062110900879 sec
----------
Epoch 400 / 600
train error: avg loss = 0.02682606
ES count = 38
Epoch = 400. Save a periodic model snapshot.
Elapsed time = 14.051866292953491 sec
----------
Epoch 401 / 600
train error: avg loss = 0.02647069
ES count = 39
Elapsed time = 14.020527362823486 sec
----------
Epoch 402 / 600
train error: avg loss = 0.02722803
ES count = 40
Elapsed time = 14.248024463653564 sec
----------
Epoch 403 / 600
train error: avg loss = 0.02650373
ES count = 41
Elapsed time = 14.115431547164917 sec
----------
Epoch 404 / 600
train error: avg loss = 0.02524445
ES count = 42
Elapsed time = 13.796759605407715 sec
----------
Epoch 405 / 600
train error: avg loss = 0.02432476
ES count = 43
Elapsed time = 14.096800088882446 sec
----------
Epoch 406 / 600
train error: avg loss = 0.02545293
ES count = 44
Elapsed time = 14.030382871627808 sec
----------
Epoch 407 / 600
train error: avg loss = 0.02454151
ES count = 45
Elapsed time = 14.20626974105835 sec
----------
Epoch 408 / 600
train error: avg loss = 0.02473677
ES count = 46
Elapsed time = 14.186637163162231 sec
----------
Epoch 409 / 600
train error: avg loss = 0.02586528
ES count = 47
Elapsed time = 13.953210830688477 sec
----------
Epoch 410 / 600
train error: avg loss = 0.02478335
ES count = 48
Elapsed time = 13.976762533187866 sec
----------
Epoch 411 / 600
train error: avg loss = 0.02480183
ES count = 49
Elapsed time = 13.970478296279907 sec
----------
Epoch 412 / 600
train error: avg loss = 0.02645987
ES count = 50
Elapsed time = 14.204920053482056 sec
----------
Epoch 413 / 600
train error: avg loss = 0.02456987
ES count = 51
Elapsed time = 13.941980838775635 sec
----------
Epoch 414 / 600
train error: avg loss = 0.02965572
ES count = 52
Elapsed time = 13.911916732788086 sec
----------
Epoch 415 / 600
train error: avg loss = 0.09557189
ES count = 53
Elapsed time = 14.233663558959961 sec
----------
Epoch 416 / 600
train error: avg loss = 0.67014948
ES count = 54
Elapsed time = 14.211813926696777 sec
----------
Epoch 417 / 600
train error: avg loss = 0.66962050
ES count = 55
Elapsed time = 13.912462949752808 sec
----------
Epoch 418 / 600
train error: avg loss = 0.55730241
ES count = 56
Elapsed time = 14.054288148880005 sec
----------
Epoch 419 / 600
train error: avg loss = 0.46732812
ES count = 57
Elapsed time = 13.620907545089722 sec
----------
Epoch 420 / 600
train error: avg loss = 0.50942062
ES count = 58
Elapsed time = 14.252771854400635 sec
----------
Epoch 421 / 600
train error: avg loss = 0.44822839
ES count = 59
Elapsed time = 14.23749303817749 sec
----------
Epoch 422 / 600
train error: avg loss = 0.45302529
ES count = 60
Elapsed time = 14.061136722564697 sec
----------
Epoch 423 / 600
train error: avg loss = 0.42322217
ES count = 61
Elapsed time = 14.22451114654541 sec
----------
Epoch 424 / 600
train error: avg loss = 0.41715816
ES count = 62
Elapsed time = 13.810730934143066 sec
----------
Epoch 425 / 600
train error: avg loss = 0.42791765
ES count = 63
Elapsed time = 13.660790205001831 sec
----------
Epoch 426 / 600
train error: avg loss = 0.40129405
ES count = 64
Elapsed time = 14.105486154556274 sec
----------
Epoch 427 / 600
train error: avg loss = 0.39159521
ES count = 65
Elapsed time = 14.080811977386475 sec
----------
Epoch 428 / 600
train error: avg loss = 0.43823837
ES count = 66
Elapsed time = 14.297510623931885 sec
----------
Epoch 429 / 600
train error: avg loss = 0.38192384
ES count = 67
Elapsed time = 14.168620347976685 sec
----------
Epoch 430 / 600
train error: avg loss = 0.27330426
ES count = 68
Elapsed time = 13.759984731674194 sec
----------
Epoch 431 / 600
train error: avg loss = 0.16309704
ES count = 69
Elapsed time = 14.217259883880615 sec
----------
Epoch 432 / 600
train error: avg loss = 0.11501824
ES count = 70
Elapsed time = 14.127403259277344 sec
----------
Epoch 433 / 600
train error: avg loss = 0.08663474
ES count = 71
Elapsed time = 14.191668033599854 sec
----------
Epoch 434 / 600
train error: avg loss = 0.06648913
ES count = 72
Elapsed time = 14.575303077697754 sec
----------
Epoch 435 / 600
train error: avg loss = 0.05531359
ES count = 73
Elapsed time = 14.163443088531494 sec
----------
Epoch 436 / 600
train error: avg loss = 0.05327554
ES count = 74
Elapsed time = 14.377318143844604 sec
----------
Epoch 437 / 600
train error: avg loss = 0.04243100
ES count = 75
Elapsed time = 13.734970092773438 sec
----------
Epoch 438 / 600
train error: avg loss = 0.03850783
ES count = 76
Elapsed time = 14.609816789627075 sec
----------
Epoch 439 / 600
train error: avg loss = 0.04017423
ES count = 77
Elapsed time = 14.455919981002808 sec
----------
Epoch 440 / 600
train error: avg loss = 0.03549599
ES count = 78
Elapsed time = 13.796051502227783 sec
----------
Epoch 441 / 600
train error: avg loss = 0.03083617
ES count = 79
Elapsed time = 14.519734144210815 sec
----------
Epoch 442 / 600
train error: avg loss = 0.03014524
ES count = 80
Elapsed time = 13.346224784851074 sec
----------
Epoch 443 / 600
train error: avg loss = 0.03188372
ES count = 81
Elapsed time = 13.802084684371948 sec
----------
Epoch 444 / 600
train error: avg loss = 0.03080695
ES count = 82
Elapsed time = 13.995384216308594 sec
----------
Epoch 445 / 600
train error: avg loss = 0.03049273
ES count = 83
Elapsed time = 14.336784601211548 sec
----------
Epoch 446 / 600
train error: avg loss = 0.03068631
ES count = 84
Elapsed time = 14.389363527297974 sec
----------
Epoch 447 / 600
train error: avg loss = 0.03039817
ES count = 85
Elapsed time = 13.932341575622559 sec
----------
Epoch 448 / 600
train error: avg loss = 0.02879054
ES count = 86
Elapsed time = 14.239580154418945 sec
----------
Epoch 449 / 600
train error: avg loss = 0.02981259
ES count = 87
Elapsed time = 14.042888402938843 sec
----------
Epoch 450 / 600
train error: avg loss = 0.02933652
ES count = 88
Elapsed time = 13.633795261383057 sec
----------
Epoch 451 / 600
train error: avg loss = 0.02916093
ES count = 89
Elapsed time = 14.502941608428955 sec
----------
Epoch 452 / 600
train error: avg loss = 0.02768312
ES count = 90
Elapsed time = 14.05129885673523 sec
----------
Epoch 453 / 600
train error: avg loss = 0.02863781
ES count = 91
Elapsed time = 14.199205875396729 sec
----------
Epoch 454 / 600
train error: avg loss = 0.02846554
ES count = 92
Elapsed time = 14.185869932174683 sec
----------
Epoch 455 / 600
train error: avg loss = 0.02811018
ES count = 93
Elapsed time = 13.888980865478516 sec
----------
Epoch 456 / 600
train error: avg loss = 0.02888196
ES count = 94
Elapsed time = 14.413918018341064 sec
----------
Epoch 457 / 600
train error: avg loss = 0.02564830
ES count = 95
Elapsed time = 14.814066886901855 sec
----------
Epoch 458 / 600
train error: avg loss = 0.02974622
ES count = 96
Elapsed time = 13.953883409500122 sec
----------
Epoch 459 / 600
train error: avg loss = 0.02733914
ES count = 97
Elapsed time = 13.757744073867798 sec
----------
Epoch 460 / 600
train error: avg loss = 0.02760421
ES count = 98
Elapsed time = 14.016681671142578 sec
----------
Epoch 461 / 600
train error: avg loss = 0.02747309
ES count = 99
Elapsed time = 14.018134832382202 sec
----------
Epoch 462 / 600
train error: avg loss = 0.03902383
ES count = 100
Elapsed time = 13.731914520263672 sec
----------
Epoch 463 / 600
train error: avg loss = 0.02488311
ES count = 101
Elapsed time = 14.186595678329468 sec
----------
Epoch 464 / 600
train error: avg loss = 0.02632689
ES count = 102
Elapsed time = 14.697885274887085 sec
----------
Epoch 465 / 600
train error: avg loss = 0.02611871
ES count = 103
Elapsed time = 13.94616413116455 sec
----------
Epoch 466 / 600
train error: avg loss = 0.02663797
ES count = 104
Elapsed time = 14.303099632263184 sec
----------
Epoch 467 / 600
train error: avg loss = 0.02492523
ES count = 105
Elapsed time = 14.071921586990356 sec
----------
Epoch 468 / 600
train error: avg loss = 0.02686039
ES count = 106
Elapsed time = 15.184096574783325 sec
----------
Epoch 469 / 600
train error: avg loss = 0.02330464
Best loss is updated and ES count is reset.
Checkpoint saved to '/fsb/home/yutingwang/ytw_tangzq/schrodinger-bridge-sr-micrometeorology/data/DL_result/ExperimentSchrodingerBridge3dWind/config_wind_3d_ablation_no_pblh_night_large/checkpoint.pth'
Elapsed time = 15.182180404663086 sec
----------
Epoch 470 / 600
train error: avg loss = 0.02721377
ES count = 1
Elapsed time = 14.101359128952026 sec
----------
Epoch 471 / 600
train error: avg loss = 0.02526108
ES count = 2
Elapsed time = 14.884627103805542 sec
----------
Epoch 472 / 600
train error: avg loss = 0.02767551
ES count = 3
Elapsed time = 14.05641508102417 sec
----------
Epoch 473 / 600
train error: avg loss = 0.02529159
ES count = 4
Elapsed time = 14.521407127380371 sec
----------
Epoch 474 / 600
train error: avg loss = 0.02758270
ES count = 5
Elapsed time = 14.234267234802246 sec
----------
Epoch 475 / 600
train error: avg loss = 0.02558464
ES count = 6
Elapsed time = 14.158831119537354 sec
----------
Epoch 476 / 600
train error: avg loss = 0.02521830
ES count = 7
Elapsed time = 14.64867115020752 sec
----------
Epoch 477 / 600
train error: avg loss = 0.02683231
ES count = 8
Elapsed time = 14.521317720413208 sec
----------
Epoch 478 / 600
train error: avg loss = 0.02464873
ES count = 9
Elapsed time = 14.30755066871643 sec
----------
Epoch 479 / 600
train error: avg loss = 0.02534085
ES count = 10
Elapsed time = 14.211438417434692 sec
----------
Epoch 480 / 600
train error: avg loss = 0.02461731
ES count = 11
Elapsed time = 14.317280530929565 sec
----------
Epoch 481 / 600
train error: avg loss = 0.02465545
ES count = 12
Elapsed time = 15.105830669403076 sec
----------
Epoch 482 / 600
train error: avg loss = 0.02421984
ES count = 13
Elapsed time = 14.658390522003174 sec
----------
Epoch 483 / 600
train error: avg loss = 0.02664371
ES count = 14
Elapsed time = 14.142266273498535 sec
----------
Epoch 484 / 600
train error: avg loss = 0.02664776
ES count = 15
Elapsed time = 13.840415954589844 sec
----------
Epoch 485 / 600
train error: avg loss = 0.02863718
ES count = 16
Elapsed time = 13.73491883277893 sec
----------
Epoch 486 / 600
train error: avg loss = 0.02560028
ES count = 17
Elapsed time = 13.805269718170166 sec
----------
Epoch 487 / 600
train error: avg loss = 0.02409890
ES count = 18
Elapsed time = 14.598201036453247 sec
----------
Epoch 488 / 600
train error: avg loss = 0.02462023
ES count = 19
Elapsed time = 14.825502872467041 sec
----------
Epoch 489 / 600
train error: avg loss = 0.02337775
ES count = 20
Elapsed time = 14.851445198059082 sec
----------
Epoch 490 / 600
train error: avg loss = 0.02591786
ES count = 21
Elapsed time = 15.404198408126831 sec
----------
Epoch 491 / 600
train error: avg loss = 0.02327278
Best loss is updated and ES count is reset.
Checkpoint saved to '/fsb/home/yutingwang/ytw_tangzq/schrodinger-bridge-sr-micrometeorology/data/DL_result/ExperimentSchrodingerBridge3dWind/config_wind_3d_ablation_no_pblh_night_large/checkpoint.pth'
Elapsed time = 15.03723955154419 sec
----------
Epoch 492 / 600
train error: avg loss = 0.02638345
ES count = 1
Elapsed time = 14.120537281036377 sec
----------
Epoch 493 / 600
train error: avg loss = 0.02253198
Best loss is updated and ES count is reset.
Checkpoint saved to '/fsb/home/yutingwang/ytw_tangzq/schrodinger-bridge-sr-micrometeorology/data/DL_result/ExperimentSchrodingerBridge3dWind/config_wind_3d_ablation_no_pblh_night_large/checkpoint.pth'
Elapsed time = 14.92902159690857 sec
----------
Epoch 494 / 600
train error: avg loss = 0.02702530
ES count = 1
Elapsed time = 13.78893256187439 sec
----------
Epoch 495 / 600
train error: avg loss = 0.02795270
ES count = 2
Elapsed time = 14.297056436538696 sec
----------
Epoch 496 / 600
train error: avg loss = 0.02684093
ES count = 3
Elapsed time = 14.17907452583313 sec
----------
Epoch 497 / 600
train error: avg loss = 0.02439238
ES count = 4
Elapsed time = 14.33601975440979 sec
----------
Epoch 498 / 600
train error: avg loss = 0.02435842
ES count = 5
Elapsed time = 15.519477605819702 sec
----------
Epoch 499 / 600
train error: avg loss = 0.02812663
ES count = 6
Elapsed time = 14.093273639678955 sec
----------
Epoch 500 / 600
train error: avg loss = 0.02796209
ES count = 7
Epoch = 500. Save a periodic model snapshot.
Elapsed time = 14.13962197303772 sec
----------
Epoch 501 / 600
train error: avg loss = 0.02448076
ES count = 8
Elapsed time = 13.70199465751648 sec
----------
Epoch 502 / 600
train error: avg loss = 0.02364737
ES count = 9
Elapsed time = 13.621837854385376 sec
----------
Epoch 503 / 600
train error: avg loss = 0.02584571
ES count = 10
Elapsed time = 13.349135875701904 sec
----------
Epoch 504 / 600
train error: avg loss = 0.02286410
ES count = 11
Elapsed time = 13.713163375854492 sec
----------
Epoch 505 / 600
train error: avg loss = 0.02523293
ES count = 12
Elapsed time = 13.738248348236084 sec
----------
Epoch 506 / 600
train error: avg loss = 0.02521360
ES count = 13
Elapsed time = 13.523742437362671 sec
----------
Epoch 507 / 600
train error: avg loss = 0.02264211
ES count = 14
Elapsed time = 13.418763875961304 sec
----------
Epoch 508 / 600
train error: avg loss = 0.02474154
ES count = 15
Elapsed time = 13.996487855911255 sec
----------
Epoch 509 / 600
train error: avg loss = 0.02366605
ES count = 16
Elapsed time = 14.04153847694397 sec
----------
Epoch 510 / 600
train error: avg loss = 0.02419969
ES count = 17
Elapsed time = 14.314109563827515 sec
----------
Epoch 511 / 600
train error: avg loss = 0.02543484
ES count = 18
Elapsed time = 13.969954013824463 sec
----------
Epoch 512 / 600
train error: avg loss = 0.02705039
ES count = 19
Elapsed time = 14.153843641281128 sec
----------
Epoch 513 / 600
train error: avg loss = 0.02684515
ES count = 20
Elapsed time = 13.919187068939209 sec
----------
Epoch 514 / 600
train error: avg loss = 0.02262529
ES count = 21
Elapsed time = 13.681795120239258 sec
----------
Epoch 515 / 600
train error: avg loss = 0.02494004
ES count = 22
Elapsed time = 13.982683658599854 sec
----------
Epoch 516 / 600
train error: avg loss = 0.02427464
ES count = 23
Elapsed time = 13.835546970367432 sec
----------
Epoch 517 / 600
train error: avg loss = 0.02451678
ES count = 24
Elapsed time = 13.56535530090332 sec
----------
Epoch 518 / 600
train error: avg loss = 0.02356465
ES count = 25
Elapsed time = 13.870653629302979 sec
----------
Epoch 519 / 600
train error: avg loss = 0.02319387
ES count = 26
Elapsed time = 13.843083143234253 sec
----------
Epoch 520 / 600
train error: avg loss = 0.02605241
ES count = 27
Elapsed time = 13.579437494277954 sec
----------
Epoch 521 / 600
train error: avg loss = 0.02377805
ES count = 28
Elapsed time = 13.602733135223389 sec
----------
Epoch 522 / 600
train error: avg loss = 0.02260245
ES count = 29
Elapsed time = 13.512575149536133 sec
----------
Epoch 523 / 600
train error: avg loss = 0.02337801
ES count = 30
Elapsed time = 13.701090574264526 sec
----------
Epoch 524 / 600
train error: avg loss = 0.02352004
ES count = 31
Elapsed time = 13.721542596817017 sec
----------
Epoch 525 / 600
train error: avg loss = 0.02262020
ES count = 32
Elapsed time = 13.481640338897705 sec
----------
Epoch 526 / 600
train error: avg loss = 0.02386347
ES count = 33
Elapsed time = 13.795690059661865 sec
----------
Epoch 527 / 600
train error: avg loss = 0.02573155
ES count = 34
Elapsed time = 14.482585430145264 sec
----------
Epoch 528 / 600
train error: avg loss = 0.02435781
ES count = 35
Elapsed time = 14.434552669525146 sec
----------
Epoch 529 / 600
train error: avg loss = 0.02405082
ES count = 36
Elapsed time = 14.493719816207886 sec
----------
Epoch 530 / 600
train error: avg loss = 0.02902764
ES count = 37
Elapsed time = 14.228169679641724 sec
----------
Epoch 531 / 600
train error: avg loss = 0.02751205
ES count = 38
Elapsed time = 14.248399019241333 sec
----------
Epoch 532 / 600
train error: avg loss = 0.02461196
ES count = 39
Elapsed time = 14.43190336227417 sec
----------
Epoch 533 / 600
train error: avg loss = 0.02179144
Best loss is updated and ES count is reset.
Checkpoint saved to '/fsb/home/yutingwang/ytw_tangzq/schrodinger-bridge-sr-micrometeorology/data/DL_result/ExperimentSchrodingerBridge3dWind/config_wind_3d_ablation_no_pblh_night_large/checkpoint.pth'
Elapsed time = 14.862264633178711 sec
----------
Epoch 534 / 600
train error: avg loss = 0.02599522
ES count = 1
Elapsed time = 14.30154275894165 sec
----------
Epoch 535 / 600
train error: avg loss = 0.02483910
ES count = 2
Elapsed time = 14.407124042510986 sec
----------
Epoch 536 / 600
train error: avg loss = 0.02395451
ES count = 3
Elapsed time = 14.262918472290039 sec
----------
Epoch 537 / 600
train error: avg loss = 0.02341143
ES count = 4
Elapsed time = 14.483461380004883 sec
----------
Epoch 538 / 600
train error: avg loss = 0.02415279
ES count = 5
Elapsed time = 13.862204551696777 sec
----------
Epoch 539 / 600
train error: avg loss = 0.02361857
ES count = 6
Elapsed time = 14.376023769378662 sec
----------
Epoch 540 / 600
train error: avg loss = 0.02470776
ES count = 7
Elapsed time = 14.083457469940186 sec
----------
Epoch 541 / 600
train error: avg loss = 0.02543796
ES count = 8
Elapsed time = 14.50069546699524 sec
----------
Epoch 542 / 600
train error: avg loss = 0.02568025
ES count = 9
Elapsed time = 11.309414625167847 sec
----------
Epoch 543 / 600
train error: avg loss = 0.02169602
Best loss is updated and ES count is reset.
Checkpoint saved to '/fsb/home/yutingwang/ytw_tangzq/schrodinger-bridge-sr-micrometeorology/data/DL_result/ExperimentSchrodingerBridge3dWind/config_wind_3d_ablation_no_pblh_night_large/checkpoint.pth'
Elapsed time = 12.991814374923706 sec
----------
Epoch 544 / 600
train error: avg loss = 0.02404431
ES count = 1
Elapsed time = 11.14720344543457 sec
----------
Epoch 545 / 600
train error: avg loss = 0.02459463
ES count = 2
Elapsed time = 11.426721334457397 sec
----------
Epoch 546 / 600
train error: avg loss = 0.02375726
ES count = 3
Elapsed time = 10.84992504119873 sec
----------
Epoch 547 / 600
train error: avg loss = 0.02165091
Best loss is updated and ES count is reset.
Checkpoint saved to '/fsb/home/yutingwang/ytw_tangzq/schrodinger-bridge-sr-micrometeorology/data/DL_result/ExperimentSchrodingerBridge3dWind/config_wind_3d_ablation_no_pblh_night_large/checkpoint.pth'
Elapsed time = 12.819339990615845 sec
----------
Epoch 548 / 600
train error: avg loss = 0.02486281
ES count = 1
Elapsed time = 11.62936544418335 sec
----------
Epoch 549 / 600
train error: avg loss = 0.02412225
ES count = 2
Elapsed time = 10.947206974029541 sec
----------
Epoch 550 / 600
train error: avg loss = 0.02405320
ES count = 3
Elapsed time = 11.223374366760254 sec
----------
Epoch 551 / 600
train error: avg loss = 0.02471643
ES count = 4
Elapsed time = 11.709668397903442 sec
----------
Epoch 552 / 600
train error: avg loss = 0.03374940
ES count = 5
Elapsed time = 11.616233110427856 sec
----------
Epoch 553 / 600
train error: avg loss = 0.04578089
ES count = 6
Elapsed time = 11.544910430908203 sec
----------
Epoch 554 / 600
train error: avg loss = 0.02929301
ES count = 7
Elapsed time = 11.63752269744873 sec
----------
Epoch 555 / 600
train error: avg loss = 0.02771895
ES count = 8
Elapsed time = 11.620407104492188 sec
----------
Epoch 556 / 600
train error: avg loss = 0.02455672
ES count = 9
Elapsed time = 11.681644439697266 sec
----------
Epoch 557 / 600
train error: avg loss = 0.02361062
ES count = 10
Elapsed time = 11.897652864456177 sec
----------
Epoch 558 / 600
train error: avg loss = 0.02644187
ES count = 11
Elapsed time = 11.752077579498291 sec
----------
Epoch 559 / 600
train error: avg loss = 0.02215982
ES count = 12
Elapsed time = 11.921003341674805 sec
----------
Epoch 560 / 600
train error: avg loss = 0.02165725
ES count = 13
Elapsed time = 11.825085639953613 sec
----------
Epoch 561 / 600
train error: avg loss = 0.02378865
ES count = 14
Elapsed time = 11.99666142463684 sec
----------
Epoch 562 / 600
train error: avg loss = 0.02354436
ES count = 15
Elapsed time = 11.553893566131592 sec
----------
Epoch 563 / 600
train error: avg loss = 0.02365586
ES count = 16
Elapsed time = 11.70075273513794 sec
----------
Epoch 564 / 600
train error: avg loss = 0.02348137
ES count = 17
Elapsed time = 11.981884479522705 sec
----------
Epoch 565 / 600
train error: avg loss = 0.02491871
ES count = 18
Elapsed time = 11.859780073165894 sec
----------
Epoch 566 / 600
train error: avg loss = 0.02421589
ES count = 19
Elapsed time = 11.688915967941284 sec
----------
Epoch 567 / 600
train error: avg loss = 0.02327612
ES count = 20
Elapsed time = 11.658225536346436 sec
----------
Epoch 568 / 600
train error: avg loss = 0.02195535
ES count = 21
Elapsed time = 11.810331106185913 sec
----------
Epoch 569 / 600
train error: avg loss = 0.02218058
ES count = 22
Elapsed time = 11.435413360595703 sec
----------
Epoch 570 / 600
train error: avg loss = 0.02198750
ES count = 23
Elapsed time = 11.701679706573486 sec
----------
Epoch 571 / 600
train error: avg loss = 0.02146222
Best loss is updated and ES count is reset.
Checkpoint saved to '/fsb/home/yutingwang/ytw_tangzq/schrodinger-bridge-sr-micrometeorology/data/DL_result/ExperimentSchrodingerBridge3dWind/config_wind_3d_ablation_no_pblh_night_large/checkpoint.pth'
Elapsed time = 12.309347152709961 sec
----------
Epoch 572 / 600
train error: avg loss = 0.02478527
ES count = 1
Elapsed time = 11.668624639511108 sec
----------
Epoch 573 / 600
train error: avg loss = 0.02298239
ES count = 2
Elapsed time = 11.619771718978882 sec
----------
Epoch 574 / 600
train error: avg loss = 0.02470788
ES count = 3
Elapsed time = 11.163617134094238 sec
----------
Epoch 575 / 600
train error: avg loss = 0.02556313
ES count = 4
Elapsed time = 11.651588439941406 sec
----------
Epoch 576 / 600
train error: avg loss = 0.02544400
ES count = 5
Elapsed time = 11.48323106765747 sec
----------
Epoch 577 / 600
train error: avg loss = 0.02607052
ES count = 6
Elapsed time = 11.736066579818726 sec
----------
Epoch 578 / 600
train error: avg loss = 0.02565646
ES count = 7
Elapsed time = 11.59139347076416 sec
----------
Epoch 579 / 600
train error: avg loss = 0.02264610
ES count = 8
Elapsed time = 11.474788904190063 sec
----------
Epoch 580 / 600
train error: avg loss = 0.02197291
ES count = 9
Elapsed time = 11.75155758857727 sec
----------
Epoch 581 / 600
train error: avg loss = 0.02638736
ES count = 10
Elapsed time = 11.636090278625488 sec
----------
Epoch 582 / 600
train error: avg loss = 0.02450625
ES count = 11
Elapsed time = 11.495312452316284 sec
----------
Epoch 583 / 600
train error: avg loss = 0.02159055
ES count = 12
Elapsed time = 11.637699842453003 sec
----------
Epoch 584 / 600
train error: avg loss = 0.02592060
ES count = 13
Elapsed time = 11.52421498298645 sec
----------
Epoch 585 / 600
train error: avg loss = 0.02435617
ES count = 14
Elapsed time = 11.592365980148315 sec
----------
Epoch 586 / 600
train error: avg loss = 0.02244561
ES count = 15
Elapsed time = 11.573305606842041 sec
----------
Epoch 587 / 600
train error: avg loss = 0.02358626
ES count = 16
Elapsed time = 11.644596815109253 sec
----------
Epoch 588 / 600
train error: avg loss = 0.02319241
ES count = 17
Elapsed time = 11.577266931533813 sec
----------
Epoch 589 / 600
train error: avg loss = 0.02538399
ES count = 18
Elapsed time = 11.563598871231079 sec
----------
Epoch 590 / 600
train error: avg loss = 0.02464080
ES count = 19
Elapsed time = 11.688048839569092 sec
----------
Epoch 591 / 600
train error: avg loss = 0.02334360
ES count = 20
Elapsed time = 11.598078727722168 sec
----------
Epoch 592 / 600
train error: avg loss = 0.02262492
ES count = 21
Elapsed time = 11.806088209152222 sec
----------
Epoch 593 / 600
train error: avg loss = 0.02393296
ES count = 22
Elapsed time = 11.512109994888306 sec
----------
Epoch 594 / 600
train error: avg loss = 0.02252829
ES count = 23
Elapsed time = 11.441368103027344 sec
----------
Epoch 595 / 600
train error: avg loss = 0.02479753
ES count = 24
Elapsed time = 11.761479139328003 sec
----------
Epoch 596 / 600
train error: avg loss = 0.02261272
ES count = 25
Elapsed time = 11.529510498046875 sec
----------
Epoch 597 / 600
train error: avg loss = 0.02312728
ES count = 26
Elapsed time = 10.258766651153564 sec
----------
Epoch 598 / 600
train error: avg loss = 0.02517931
ES count = 27
Elapsed time = 10.197286367416382 sec
----------
Epoch 599 / 600
train error: avg loss = 0.02352821
ES count = 28
Elapsed time = 9.728919982910156 sec
----------
Epoch 600 / 600
train error: avg loss = 0.02531685
ES count = 29
Epoch = 600. Save a periodic model snapshot.
Elapsed time = 9.35524582862854 sec
----------
Epoch 601 / 600
train error: avg loss = 0.02456029
ES count = 30
Elapsed time = 10.063153266906738 sec
----------
Train end: 2026-07-15T16:31:10.652434+00:00 UTC
Best epoch: 571, best_loss: 0.02146222
Total elapsed time = 139.12726163466772 min

**************************************************
Make inference
**************************************************


Inference at epoch 100.
UNetDDPMVer01 is created
dataset_config.dataset_name='Dataset3dWind'
The total files = 480. A part of them is used for training.
train: 146/335 samples kept after day_night_filter=night
valid: 31/70 samples kept after day_night_filter=night
test: 35/75 samples kept after day_night_filter=night
All files give to dataset are 31.
Reading all files.
valid: dataset size = 31, batch num = 16

Requested 60 samples, but only 31 are available. Using all available data.
Inference out = /fsb/home/yutingwang/ytw_tangzq/schrodinger-bridge-sr-micrometeorology/data/DL_result/ExperimentSchrodingerBridge3dWind/config_wind_3d_ablation_no_pblh_night_large/inference_0100.pickle
Total elapsed time = 0.2791425863901774 min


Inference at epoch 200.
UNetDDPMVer01 is created
dataset_config.dataset_name='Dataset3dWind'
The total files = 480. A part of them is used for training.
train: 146/335 samples kept after day_night_filter=night
valid: 31/70 samples kept after day_night_filter=night
test: 35/75 samples kept after day_night_filter=night
All files give to dataset are 31.
Reading all files.
valid: dataset size = 31, batch num = 16

Requested 60 samples, but only 31 are available. Using all available data.
Inference out = /fsb/home/yutingwang/ytw_tangzq/schrodinger-bridge-sr-micrometeorology/data/DL_result/ExperimentSchrodingerBridge3dWind/config_wind_3d_ablation_no_pblh_night_large/inference_0200.pickle
Total elapsed time = 0.21540515025456747 min


Inference at epoch 300.
UNetDDPMVer01 is created
dataset_config.dataset_name='Dataset3dWind'
The total files = 480. A part of them is used for training.
train: 146/335 samples kept after day_night_filter=night
valid: 31/70 samples kept after day_night_filter=night
test: 35/75 samples kept after day_night_filter=night
All files give to dataset are 31.
Reading all files.
valid: dataset size = 31, batch num = 16

Requested 60 samples, but only 31 are available. Using all available data.
Inference out = /fsb/home/yutingwang/ytw_tangzq/schrodinger-bridge-sr-micrometeorology/data/DL_result/ExperimentSchrodingerBridge3dWind/config_wind_3d_ablation_no_pblh_night_large/inference_0300.pickle
Total elapsed time = 0.1860024094581604 min


Inference at epoch 400.
UNetDDPMVer01 is created
dataset_config.dataset_name='Dataset3dWind'
The total files = 480. A part of them is used for training.
train: 146/335 samples kept after day_night_filter=night
valid: 31/70 samples kept after day_night_filter=night
test: 35/75 samples kept after day_night_filter=night
All files give to dataset are 31.
Reading all files.
valid: dataset size = 31, batch num = 16

Requested 60 samples, but only 31 are available. Using all available data.
Inference out = /fsb/home/yutingwang/ytw_tangzq/schrodinger-bridge-sr-micrometeorology/data/DL_result/ExperimentSchrodingerBridge3dWind/config_wind_3d_ablation_no_pblh_night_large/inference_0400.pickle
Total elapsed time = 0.18584261337916055 min


Inference at epoch 500.
UNetDDPMVer01 is created
dataset_config.dataset_name='Dataset3dWind'
The total files = 480. A part of them is used for training.
train: 146/335 samples kept after day_night_filter=night
valid: 31/70 samples kept after day_night_filter=night
test: 35/75 samples kept after day_night_filter=night
All files give to dataset are 31.
Reading all files.
valid: dataset size = 31, batch num = 16

Requested 60 samples, but only 31 are available. Using all available data.
Inference out = /fsb/home/yutingwang/ytw_tangzq/schrodinger-bridge-sr-micrometeorology/data/DL_result/ExperimentSchrodingerBridge3dWind/config_wind_3d_ablation_no_pblh_night_large/inference_0500.pickle
Total elapsed time = 0.1746855099995931 min


Inference at epoch 600.
UNetDDPMVer01 is created
dataset_config.dataset_name='Dataset3dWind'
The total files = 480. A part of them is used for training.
train: 146/335 samples kept after day_night_filter=night
valid: 31/70 samples kept after day_night_filter=night
test: 35/75 samples kept after day_night_filter=night
All files give to dataset are 31.
Reading all files.
valid: dataset size = 31, batch num = 16

Requested 60 samples, but only 31 are available. Using all available data.
Inference out = /fsb/home/yutingwang/ytw_tangzq/schrodinger-bridge-sr-micrometeorology/data/DL_result/ExperimentSchrodingerBridge3dWind/config_wind_3d_ablation_no_pblh_night_large/inference_0600.pickle
Total elapsed time = 0.15875648657480876 min

End all inference processes.

End: Thu Jul 16 00:32:25 CST 2026

------------------------------------------------------------
Sender: LSF System <lsfadmin@m002>
Subject: Job 13763910: <abl_large_night_no_pblh> in cluster <hpc> Done

Job <abl_large_night_no_pblh> was submitted from host <login1> by user <ytw_tangzq> in cluster <hpc> at Wed Jul 15 22:10:28 2026
Job was executed on host(s) <6*m002>, in queue <723090ib>, as user <ytw_tangzq> in cluster <hpc> at Wed Jul 15 22:10:29 2026
</fsb/home/yutingwang/ytw_tangzq> was used as the home directory.
</fsb/home/yutingwang/ytw_tangzq/schrodinger-bridge-sr-micrometeorology> was used as the working directory.
Started at Wed Jul 15 22:10:29 2026
Terminated at Thu Jul 16 00:32:25 2026
Results reported at Thu Jul 16 00:32:25 2026

Your job looked like:

------------------------------------------------------------
# LSBATCH: User input
#!/bin/bash
# ============================================
# LSF — Day/Night Ablation Large (192x192, 64ch): NoPBLH (night)
# 192x192 + inner_ch=64 + pure L2 + GPU
# ============================================
#BSUB -q 723090ib
#BSUB -gpu "num=1:mode=exclusive_process"
#BSUB -n 4
#BSUB -R "rusage[mem=32000]"
#BSUB -J abl_large_night_no_pblh
#BSUB -o logs/abl_large_night_no_pblh_%J.out
#BSUB -e logs/abl_large_night_no_pblh_%J.err

module load anaconda/3
module load cuda/11.8.0
source activate wind3d

cd $LS_SUBCWD
mkdir -p logs

echo "=== Ablation: NoPBLH | Filter: night | Large (192x192, 64ch) ==="
echo "Config: configs/config_wind_3d_ablation_no_pblh_night_large.yml"
echo "Host: $(hostname)"
echo "GPU:  $(nvidia-smi --query-gpu=name,memory.total --format=csv,noheader 2>/dev/null || echo 'N/A')"
echo "Start: $(date)"
echo ""

python scripts/train_schrodinger_bridge_model.py \
  --config_path configs/config_wind_3d_ablation_no_pblh_night_large.yml \
  --experiment_name ExperimentSchrodingerBridge3dWind \
  --device cuda:0

echo ""
echo "End: $(date)"

------------------------------------------------------------

Successfully completed.

Resource usage summary:

    CPU time :                                   5049.62 sec.
    Max Memory :                                 2409 MB
    Average Memory :                             2322.27 MB
    Total Requested Memory :                     32000.00 MB
    Delta Memory :                               29591.00 MB
    Max Swap :                                   -
    Max Processes :                              8
    Max Threads :                                48
    Run time :                                   8516 sec.
    Turnaround time :                            8517 sec.

The output (if any) is above this job summary.



PS:

Read file <logs/abl_large_night_no_pblh_13763910.err> for stderr output of this job.

