=== Ablation: NoThermal | Filter: night | Large (192x192, 64ch) ===
Config: configs/config_wind_3d_ablation_no_thermal_night_large.yml
Host: m002
GPU:  NVIDIA GeForce RTX 3090, 24576 MiB
Start: Wed Jul 15 22:10:33 CST 2026

Experiment Schrodinger-Bridge 3D Wind Model is selected.

**************************************************
Show configuration
**************************************************

experiment_name='ExperimentSchrodingerBridge3dWind'
config_name='config_wind_3d_ablation_no_thermal_night_large'
config_path='configs/config_wind_3d_ablation_no_thermal_night_large.yml'
result_dir_path='/fsb/home/yutingwang/ytw_tangzq/schrodinger-bridge-sr-micrometeorology/data/DL_result/ExperimentSchrodingerBridge3dWind/config_wind_3d_ablation_no_thermal_night_large'

Input config = {
  "data": {
    "target_variable_names": [
      "hr_u_ml0",
      "hr_v_ml0",
      "hr_w_ml0",
      "hr_u_ml1",
      "hr_v_ml1",
      "hr_w_ml1",
      "hr_u_ml2",
      "hr_v_ml2",
      "hr_w_ml2",
      "hr_u_ml3",
      "hr_v_ml3",
      "hr_w_ml3",
      "hr_u_ml5",
      "hr_v_ml5",
      "hr_w_ml5",
      "hr_u_ml10",
      "hr_v_ml10",
      "hr_w_ml10"
    ],
    "input_variable_names": [
      "z",
      "lu",
      "psfc",
      "pblh"
    ],
    "biases": {
      "hr_u_ml0": -1.95426,
      "hr_v_ml0": 2.778181,
      "hr_w_ml0": -0.005726,
      "lr_u_ml0": -1.95424,
      "lr_v_ml0": 2.778251,
      "lr_w_ml0": -0.00573,
      "hr_u_ml1": -2.236401,
      "hr_v_ml1": 3.337655,
      "hr_w_ml1": -0.005083,
      "lr_u_ml1": -2.236384,
      "lr_v_ml1": 3.337749,
      "lr_w_ml1": -0.005087,
      "hr_u_ml2": -2.376027,
      "hr_v_ml2": 3.760786,
      "hr_w_ml2": -0.003274,
      "lr_u_ml2": -2.37602,
      "lr_v_ml2": 3.760872,
      "lr_w_ml2": -0.003278,
      "hr_u_ml3": -2.451712,
      "hr_v_ml3": 4.141908,
      "hr_w_ml3": -0.000605,
      "lr_u_ml3": -2.451715,
      "lr_v_ml3": 4.141976,
      "lr_w_ml3": -0.000607,
      "hr_u_ml5": -2.441044,
      "hr_v_ml5": 4.68079,
      "hr_w_ml5": 0.005137,
      "lr_u_ml5": -2.441062,
      "lr_v_ml5": 4.680834,
      "lr_w_ml5": 0.005142,
      "hr_u_ml10": -2.472078,
      "hr_v_ml10": 3.227569,
      "hr_w_ml10": 0.008199,
      "lr_u_ml10": -2.472082,
      "lr_v_ml10": 3.227579,
      "lr_w_ml10": 0.008219,
      "t2": 301.998962,
      "z": 37.488346,
      "lu": 16.725618,
      "tsk": 303.561615,
      "swdown": 269.639557,
      "glw": 431.122955,
      "hfx": 42.14484,
      "lh": 96.566574,
      "psfc": 99869.882812,
      "pblh": 525.545227
    },
    "scales": {
      "hr_u_ml0": 4.402796,
      "hr_v_ml0": 3.525334,
      "hr_w_ml0": 0.148159,
      "lr_u_ml0": 4.364602,
      "lr_v_ml0": 3.472649,
      "lr_w_ml0": 0.083609,
      "hr_u_ml1": 5.105578,
      "hr_v_ml1": 3.983906,
      "hr_w_ml1": 0.191652,
      "lr_u_ml1": 5.07354,
      "lr_v_ml1": 3.939374,
      "lr_w_ml1": 0.105055,
      "hr_u_ml2": 5.622042,
      "hr_v_ml2": 4.207778,
      "hr_w_ml2": 0.220411,
      "lr_u_ml2": 5.597043,
      "lr_v_ml2": 4.172642,
      "lr_w_ml2": 0.12159,
      "hr_u_ml3": 6.141271,
      "hr_v_ml3": 4.357533,
      "hr_w_ml3": 0.247615,
      "lr_u_ml3": 6.121758,
      "lr_v_ml3": 4.329672,
      "lr_w_ml3": 0.137457,
      "hr_u_ml5": 7.334366,
      "hr_v_ml5": 4.558024,
      "hr_w_ml5": 0.295489,
      "lr_u_ml5": 7.32196,
      "lr_v_ml5": 4.538525,
      "lr_w_ml5": 0.168024,
      "hr_u_ml10": 7.964198,
      "hr_v_ml10": 4.241252,
      "hr_w_ml10": 0.334629,
      "lr_u_ml10": 7.956287,
      "lr_v_ml10": 4.225603,
      "lr_w_ml10": 0.198061,
      "t2": 2.14623,
      "z": 79.458443,
      "lu": 9.772256,
      "tsk": 4.892428,
      "swdown": 347.248718,
      "glw": 14.475859,
      "hfx": 85.938927,
      "lh": 118.271515,
      "psfc": 908.404907,
      "pblh": 357.77951
    },
    "is_clipped": false,
    "min_clipped_value": null,
    "max_clipped_value": null,
    "missing_value": 0.0,
    "hr_data_shape": [
      192,
      192
    ],
    "hr_cropped_shape": [
      192,
      192
    ],
    "dtype": "float32",
    "discarded_minute_range": [
      1,
      30
    ],
    "day_night_filter": "night"
  },
  "loader": {
    "batch_size": 2,
    "dl_data_ver": "wrf_3d_v1",
    "train_valid_test_ratios": [
      0.7,
      0.145,
      0.155
    ],
    "num_workers": 4,
    "seed": 42
  },
  "train": {
    "epochs": 600,
    "early_stopping_patience": 400,
    "seed": 78268,
    "learning_rate": 0.0005,
    "optim_name": "AdamW",
    "loss": {
      "loss_name": "L2"
    },
    "use_amp": false,
    "ema_decay": null,
    "save_interval": 100
  },
  "model": {
    "in_channel": 22,
    "inner_channel": 64,
    "out_channel": 18,
    "res_blocks": 1,
    "channel_mults": [
      1,
      2,
      4,
      8,
      8
    ],
    "attn_res": [
      16
    ],
    "channels_each_head": 16,
    "dropout": 0.2,
    "resblock_updown": true,
    "max_period": 10.0
  },
  "si": {
    "n_timestep": 10,
    "eps": 0.2,
    "formula": "quadratic",
    "loss_type": "L2",
    "channel_weights": null,
    "divergence_weight": 0.0,
    "vorticity_weight": 0.0
  }
}

dataset_config.dataset_name='Dataset3dWind'
The total files = 480. A part of them is used for training.
train: 146/335 samples kept after day_night_filter=night
valid: 31/70 samples kept after day_night_filter=night
test: 35/75 samples kept after day_night_filter=night
All files give to dataset are 146.
Reading all files.
train: dataset size = 146, batch num = 73

All files give to dataset are 31.
Reading all files.
valid: dataset size = 31, batch num = 16

DEBUG-DICT_LOADERS:73
UNetDDPMVer01 is created
EMA self.decay=None
Optimizer is AdamW.
No checkpoint found at '/fsb/home/yutingwang/ytw_tangzq/schrodinger-bridge-sr-micrometeorology/data/DL_result/ExperimentSchrodingerBridge3dWind/config_wind_3d_ablation_no_thermal_night_large/checkpoint.pth'. Starting training from scratch.

**************************************************
Train model
**************************************************

Train start: 2026-07-15 14:12:02.999433+00:00 UTC
Saving interval = 100
EMA decay rate = None
Epoch 1 / 600
train error: avg loss = 0.57728217
Best loss is updated and ES count is reset.
Checkpoint saved to '/fsb/home/yutingwang/ytw_tangzq/schrodinger-bridge-sr-micrometeorology/data/DL_result/ExperimentSchrodingerBridge3dWind/config_wind_3d_ablation_no_thermal_night_large/checkpoint.pth'
Elapsed time = 17.0419979095459 sec
----------
Epoch 2 / 600
train error: avg loss = 0.33913463
Best loss is updated and ES count is reset.
Checkpoint saved to '/fsb/home/yutingwang/ytw_tangzq/schrodinger-bridge-sr-micrometeorology/data/DL_result/ExperimentSchrodingerBridge3dWind/config_wind_3d_ablation_no_thermal_night_large/checkpoint.pth'
Elapsed time = 11.319585800170898 sec
----------
Epoch 3 / 600
train error: avg loss = 0.21192029
Best loss is updated and ES count is reset.
Checkpoint saved to '/fsb/home/yutingwang/ytw_tangzq/schrodinger-bridge-sr-micrometeorology/data/DL_result/ExperimentSchrodingerBridge3dWind/config_wind_3d_ablation_no_thermal_night_large/checkpoint.pth'
Elapsed time = 11.624660730361938 sec
----------
Epoch 4 / 600
train error: avg loss = 0.18620052
Best loss is updated and ES count is reset.
Checkpoint saved to '/fsb/home/yutingwang/ytw_tangzq/schrodinger-bridge-sr-micrometeorology/data/DL_result/ExperimentSchrodingerBridge3dWind/config_wind_3d_ablation_no_thermal_night_large/checkpoint.pth'
Elapsed time = 12.794201135635376 sec
----------
Epoch 5 / 600
train error: avg loss = 0.14749285
Best loss is updated and ES count is reset.
Checkpoint saved to '/fsb/home/yutingwang/ytw_tangzq/schrodinger-bridge-sr-micrometeorology/data/DL_result/ExperimentSchrodingerBridge3dWind/config_wind_3d_ablation_no_thermal_night_large/checkpoint.pth'
Elapsed time = 12.812309503555298 sec
----------
Epoch 6 / 600
train error: avg loss = 0.12945205
Best loss is updated and ES count is reset.
Checkpoint saved to '/fsb/home/yutingwang/ytw_tangzq/schrodinger-bridge-sr-micrometeorology/data/DL_result/ExperimentSchrodingerBridge3dWind/config_wind_3d_ablation_no_thermal_night_large/checkpoint.pth'
Elapsed time = 13.070702314376831 sec
----------
Epoch 7 / 600
train error: avg loss = 0.12832502
Best loss is updated and ES count is reset.
Checkpoint saved to '/fsb/home/yutingwang/ytw_tangzq/schrodinger-bridge-sr-micrometeorology/data/DL_result/ExperimentSchrodingerBridge3dWind/config_wind_3d_ablation_no_thermal_night_large/checkpoint.pth'
Elapsed time = 13.27622938156128 sec
----------
Epoch 8 / 600
train error: avg loss = 0.12226384
Best loss is updated and ES count is reset.
Checkpoint saved to '/fsb/home/yutingwang/ytw_tangzq/schrodinger-bridge-sr-micrometeorology/data/DL_result/ExperimentSchrodingerBridge3dWind/config_wind_3d_ablation_no_thermal_night_large/checkpoint.pth'
Elapsed time = 13.41327977180481 sec
----------
Epoch 9 / 600
train error: avg loss = 0.11762882
Best loss is updated and ES count is reset.
Checkpoint saved to '/fsb/home/yutingwang/ytw_tangzq/schrodinger-bridge-sr-micrometeorology/data/DL_result/ExperimentSchrodingerBridge3dWind/config_wind_3d_ablation_no_thermal_night_large/checkpoint.pth'
Elapsed time = 14.30445671081543 sec
----------
Epoch 10 / 600
train error: avg loss = 0.09963579
Best loss is updated and ES count is reset.
Checkpoint saved to '/fsb/home/yutingwang/ytw_tangzq/schrodinger-bridge-sr-micrometeorology/data/DL_result/ExperimentSchrodingerBridge3dWind/config_wind_3d_ablation_no_thermal_night_large/checkpoint.pth'
Elapsed time = 13.874064683914185 sec
----------
Epoch 11 / 600
train error: avg loss = 0.09886853
Best loss is updated and ES count is reset.
Checkpoint saved to '/fsb/home/yutingwang/ytw_tangzq/schrodinger-bridge-sr-micrometeorology/data/DL_result/ExperimentSchrodingerBridge3dWind/config_wind_3d_ablation_no_thermal_night_large/checkpoint.pth'
Elapsed time = 13.702222108840942 sec
----------
Epoch 12 / 600
train error: avg loss = 0.09668047
Best loss is updated and ES count is reset.
Checkpoint saved to '/fsb/home/yutingwang/ytw_tangzq/schrodinger-bridge-sr-micrometeorology/data/DL_result/ExperimentSchrodingerBridge3dWind/config_wind_3d_ablation_no_thermal_night_large/checkpoint.pth'
Elapsed time = 13.392090082168579 sec
----------
Epoch 13 / 600
train error: avg loss = 0.08576721
Best loss is updated and ES count is reset.
Checkpoint saved to '/fsb/home/yutingwang/ytw_tangzq/schrodinger-bridge-sr-micrometeorology/data/DL_result/ExperimentSchrodingerBridge3dWind/config_wind_3d_ablation_no_thermal_night_large/checkpoint.pth'
Elapsed time = 13.134523153305054 sec
----------
Epoch 14 / 600
train error: avg loss = 0.09296572
ES count = 1
Elapsed time = 12.859687089920044 sec
----------
Epoch 15 / 600
train error: avg loss = 0.08321729
Best loss is updated and ES count is reset.
Checkpoint saved to '/fsb/home/yutingwang/ytw_tangzq/schrodinger-bridge-sr-micrometeorology/data/DL_result/ExperimentSchrodingerBridge3dWind/config_wind_3d_ablation_no_thermal_night_large/checkpoint.pth'
Elapsed time = 13.272223234176636 sec
----------
Epoch 16 / 600
train error: avg loss = 0.07591790
Best loss is updated and ES count is reset.
Checkpoint saved to '/fsb/home/yutingwang/ytw_tangzq/schrodinger-bridge-sr-micrometeorology/data/DL_result/ExperimentSchrodingerBridge3dWind/config_wind_3d_ablation_no_thermal_night_large/checkpoint.pth'
Elapsed time = 13.379167318344116 sec
----------
Epoch 17 / 600
train error: avg loss = 0.08046130
ES count = 1
Elapsed time = 11.762193202972412 sec
----------
Epoch 18 / 600
train error: avg loss = 0.06951883
Best loss is updated and ES count is reset.
Checkpoint saved to '/fsb/home/yutingwang/ytw_tangzq/schrodinger-bridge-sr-micrometeorology/data/DL_result/ExperimentSchrodingerBridge3dWind/config_wind_3d_ablation_no_thermal_night_large/checkpoint.pth'
Elapsed time = 13.387386798858643 sec
----------
Epoch 19 / 600
train error: avg loss = 0.07800972
ES count = 1
Elapsed time = 10.933422565460205 sec
----------
Epoch 20 / 600
train error: avg loss = 0.06975605
ES count = 2
Elapsed time = 12.17265510559082 sec
----------
Epoch 21 / 600
train error: avg loss = 0.06985060
ES count = 3
Elapsed time = 12.121745347976685 sec
----------
Epoch 22 / 600
train error: avg loss = 0.07553306
ES count = 4
Elapsed time = 12.172222375869751 sec
----------
Epoch 23 / 600
train error: avg loss = 0.06477679
Best loss is updated and ES count is reset.
Checkpoint saved to '/fsb/home/yutingwang/ytw_tangzq/schrodinger-bridge-sr-micrometeorology/data/DL_result/ExperimentSchrodingerBridge3dWind/config_wind_3d_ablation_no_thermal_night_large/checkpoint.pth'
Elapsed time = 13.351683616638184 sec
----------
Epoch 24 / 600
train error: avg loss = 0.06025809
Best loss is updated and ES count is reset.
Checkpoint saved to '/fsb/home/yutingwang/ytw_tangzq/schrodinger-bridge-sr-micrometeorology/data/DL_result/ExperimentSchrodingerBridge3dWind/config_wind_3d_ablation_no_thermal_night_large/checkpoint.pth'
Elapsed time = 13.040928602218628 sec
----------
Epoch 25 / 600
train error: avg loss = 0.06404663
ES count = 1
Elapsed time = 12.407877206802368 sec
----------
Epoch 26 / 600
train error: avg loss = 0.06063088
ES count = 2
Elapsed time = 12.06874680519104 sec
----------
Epoch 27 / 600
train error: avg loss = 0.06771480
ES count = 3
Elapsed time = 11.410364389419556 sec
----------
Epoch 28 / 600
train error: avg loss = 0.07584622
ES count = 4
Elapsed time = 12.18359899520874 sec
----------
Epoch 29 / 600
train error: avg loss = 0.05330946
Best loss is updated and ES count is reset.
Checkpoint saved to '/fsb/home/yutingwang/ytw_tangzq/schrodinger-bridge-sr-micrometeorology/data/DL_result/ExperimentSchrodingerBridge3dWind/config_wind_3d_ablation_no_thermal_night_large/checkpoint.pth'
Elapsed time = 13.31492304801941 sec
----------
Epoch 30 / 600
train error: avg loss = 0.05886236
ES count = 1
Elapsed time = 12.293363809585571 sec
----------
Epoch 31 / 600
train error: avg loss = 0.05306997
Best loss is updated and ES count is reset.
Checkpoint saved to '/fsb/home/yutingwang/ytw_tangzq/schrodinger-bridge-sr-micrometeorology/data/DL_result/ExperimentSchrodingerBridge3dWind/config_wind_3d_ablation_no_thermal_night_large/checkpoint.pth'
Elapsed time = 13.435625553131104 sec
----------
Epoch 32 / 600
train error: avg loss = 0.05424061
ES count = 1
Elapsed time = 12.644797325134277 sec
----------
Epoch 33 / 600
train error: avg loss = 0.06505546
ES count = 2
Elapsed time = 11.779480457305908 sec
----------
Epoch 34 / 600
train error: avg loss = 0.05391518
ES count = 3
Elapsed time = 12.721733331680298 sec
----------
Epoch 35 / 600
train error: avg loss = 0.05025884
Best loss is updated and ES count is reset.
Checkpoint saved to '/fsb/home/yutingwang/ytw_tangzq/schrodinger-bridge-sr-micrometeorology/data/DL_result/ExperimentSchrodingerBridge3dWind/config_wind_3d_ablation_no_thermal_night_large/checkpoint.pth'
Elapsed time = 13.277934312820435 sec
----------
Epoch 36 / 600
train error: avg loss = 0.05006316
Best loss is updated and ES count is reset.
Checkpoint saved to '/fsb/home/yutingwang/ytw_tangzq/schrodinger-bridge-sr-micrometeorology/data/DL_result/ExperimentSchrodingerBridge3dWind/config_wind_3d_ablation_no_thermal_night_large/checkpoint.pth'
Elapsed time = 13.290265798568726 sec
----------
Epoch 37 / 600
train error: avg loss = 0.04820255
Best loss is updated and ES count is reset.
Checkpoint saved to '/fsb/home/yutingwang/ytw_tangzq/schrodinger-bridge-sr-micrometeorology/data/DL_result/ExperimentSchrodingerBridge3dWind/config_wind_3d_ablation_no_thermal_night_large/checkpoint.pth'
Elapsed time = 13.472970247268677 sec
----------
Epoch 38 / 600
train error: avg loss = 0.04980294
ES count = 1
Elapsed time = 12.784325361251831 sec
----------
Epoch 39 / 600
train error: avg loss = 0.04333319
Best loss is updated and ES count is reset.
Checkpoint saved to '/fsb/home/yutingwang/ytw_tangzq/schrodinger-bridge-sr-micrometeorology/data/DL_result/ExperimentSchrodingerBridge3dWind/config_wind_3d_ablation_no_thermal_night_large/checkpoint.pth'
Elapsed time = 13.681569337844849 sec
----------
Epoch 40 / 600
train error: avg loss = 0.04418950
ES count = 1
Elapsed time = 13.060621976852417 sec
----------
Epoch 41 / 600
train error: avg loss = 0.04603562
ES count = 2
Elapsed time = 12.354465007781982 sec
----------
Epoch 42 / 600
train error: avg loss = 0.04955329
ES count = 3
Elapsed time = 13.13611650466919 sec
----------
Epoch 43 / 600
train error: avg loss = 0.05691646
ES count = 4
Elapsed time = 12.973282098770142 sec
----------
Epoch 44 / 600
train error: avg loss = 0.05018386
ES count = 5
Elapsed time = 13.119277715682983 sec
----------
Epoch 45 / 600
train error: avg loss = 0.04846676
ES count = 6
Elapsed time = 13.264416456222534 sec
----------
Epoch 46 / 600
train error: avg loss = 0.05426026
ES count = 7
Elapsed time = 13.287545680999756 sec
----------
Epoch 47 / 600
train error: avg loss = 0.04457345
ES count = 8
Elapsed time = 13.199694871902466 sec
----------
Epoch 48 / 600
train error: avg loss = 0.04425951
ES count = 9
Elapsed time = 13.135361433029175 sec
----------
Epoch 49 / 600
train error: avg loss = 0.04154107
Best loss is updated and ES count is reset.
Checkpoint saved to '/fsb/home/yutingwang/ytw_tangzq/schrodinger-bridge-sr-micrometeorology/data/DL_result/ExperimentSchrodingerBridge3dWind/config_wind_3d_ablation_no_thermal_night_large/checkpoint.pth'
Elapsed time = 13.821593046188354 sec
----------
Epoch 50 / 600
train error: avg loss = 0.04418173
ES count = 1
Elapsed time = 12.992769241333008 sec
----------
Epoch 51 / 600
train error: avg loss = 0.04700777
ES count = 2
Elapsed time = 13.044148445129395 sec
----------
Epoch 52 / 600
train error: avg loss = 0.04250457
ES count = 3
Elapsed time = 12.823071479797363 sec
----------
Epoch 53 / 600
train error: avg loss = 0.04022719
Best loss is updated and ES count is reset.
Checkpoint saved to '/fsb/home/yutingwang/ytw_tangzq/schrodinger-bridge-sr-micrometeorology/data/DL_result/ExperimentSchrodingerBridge3dWind/config_wind_3d_ablation_no_thermal_night_large/checkpoint.pth'
Elapsed time = 13.486334323883057 sec
----------
Epoch 54 / 600
train error: avg loss = 0.03968682
Best loss is updated and ES count is reset.
Checkpoint saved to '/fsb/home/yutingwang/ytw_tangzq/schrodinger-bridge-sr-micrometeorology/data/DL_result/ExperimentSchrodingerBridge3dWind/config_wind_3d_ablation_no_thermal_night_large/checkpoint.pth'
Elapsed time = 14.16606616973877 sec
----------
Epoch 55 / 600
train error: avg loss = 0.04353276
ES count = 1
Elapsed time = 12.399101495742798 sec
----------
Epoch 56 / 600
train error: avg loss = 0.04684014
ES count = 2
Elapsed time = 12.463418960571289 sec
----------
Epoch 57 / 600
train error: avg loss = 0.04970588
ES count = 3
Elapsed time = 12.516777992248535 sec
----------
Epoch 58 / 600
train error: avg loss = 0.05288481
ES count = 4
Elapsed time = 12.640921592712402 sec
----------
Epoch 59 / 600
train error: avg loss = 0.04597956
ES count = 5
Elapsed time = 12.02247667312622 sec
----------
Epoch 60 / 600
train error: avg loss = 0.04305996
ES count = 6
Elapsed time = 11.966496706008911 sec
----------
Epoch 61 / 600
train error: avg loss = 0.04199897
ES count = 7
Elapsed time = 12.528273105621338 sec
----------
Epoch 62 / 600
train error: avg loss = 0.03721631
Best loss is updated and ES count is reset.
Checkpoint saved to '/fsb/home/yutingwang/ytw_tangzq/schrodinger-bridge-sr-micrometeorology/data/DL_result/ExperimentSchrodingerBridge3dWind/config_wind_3d_ablation_no_thermal_night_large/checkpoint.pth'
Elapsed time = 13.569300413131714 sec
----------
Epoch 63 / 600
train error: avg loss = 0.03893736
ES count = 1
Elapsed time = 12.766148090362549 sec
----------
Epoch 64 / 600
train error: avg loss = 0.04402385
ES count = 2
Elapsed time = 12.249225616455078 sec
----------
Epoch 65 / 600
train error: avg loss = 0.03866112
ES count = 3
Elapsed time = 12.605530023574829 sec
----------
Epoch 66 / 600
train error: avg loss = 0.04060709
ES count = 4
Elapsed time = 12.479175090789795 sec
----------
Epoch 67 / 600
train error: avg loss = 0.04033354
ES count = 5
Elapsed time = 12.789096117019653 sec
----------
Epoch 68 / 600
train error: avg loss = 0.04226908
ES count = 6
Elapsed time = 12.388073444366455 sec
----------
Epoch 69 / 600
train error: avg loss = 0.04063270
ES count = 7
Elapsed time = 12.20773959159851 sec
----------
Epoch 70 / 600
train error: avg loss = 0.05623782
ES count = 8
Elapsed time = 12.392508506774902 sec
----------
Epoch 71 / 600
train error: avg loss = 0.04576707
ES count = 9
Elapsed time = 12.526257038116455 sec
----------
Epoch 72 / 600
train error: avg loss = 0.03939790
ES count = 10
Elapsed time = 12.803667068481445 sec
----------
Epoch 73 / 600
train error: avg loss = 0.03629930
Best loss is updated and ES count is reset.
Checkpoint saved to '/fsb/home/yutingwang/ytw_tangzq/schrodinger-bridge-sr-micrometeorology/data/DL_result/ExperimentSchrodingerBridge3dWind/config_wind_3d_ablation_no_thermal_night_large/checkpoint.pth'
Elapsed time = 13.137437105178833 sec
----------
Epoch 74 / 600
train error: avg loss = 0.04720621
ES count = 1
Elapsed time = 12.563765525817871 sec
----------
Epoch 75 / 600
train error: avg loss = 0.03505713
Best loss is updated and ES count is reset.
Checkpoint saved to '/fsb/home/yutingwang/ytw_tangzq/schrodinger-bridge-sr-micrometeorology/data/DL_result/ExperimentSchrodingerBridge3dWind/config_wind_3d_ablation_no_thermal_night_large/checkpoint.pth'
Elapsed time = 12.841039180755615 sec
----------
Epoch 76 / 600
train error: avg loss = 0.03620213
ES count = 1
Elapsed time = 12.593496084213257 sec
----------
Epoch 77 / 600
train error: avg loss = 0.04118383
ES count = 2
Elapsed time = 12.580557107925415 sec
----------
Epoch 78 / 600
train error: avg loss = 0.03625229
ES count = 3
Elapsed time = 12.782242774963379 sec
----------
Epoch 79 / 600
train error: avg loss = 0.03698189
ES count = 4
Elapsed time = 12.586874723434448 sec
----------
Epoch 80 / 600
train error: avg loss = 0.03916415
ES count = 5
Elapsed time = 12.927308797836304 sec
----------
Epoch 81 / 600
train error: avg loss = 0.03848296
ES count = 6
Elapsed time = 12.728656530380249 sec
----------
Epoch 82 / 600
train error: avg loss = 0.03191091
Best loss is updated and ES count is reset.
Checkpoint saved to '/fsb/home/yutingwang/ytw_tangzq/schrodinger-bridge-sr-micrometeorology/data/DL_result/ExperimentSchrodingerBridge3dWind/config_wind_3d_ablation_no_thermal_night_large/checkpoint.pth'
Elapsed time = 13.292038440704346 sec
----------
Epoch 83 / 600
train error: avg loss = 0.03667192
ES count = 1
Elapsed time = 12.49928069114685 sec
----------
Epoch 84 / 600
train error: avg loss = 0.03771377
ES count = 2
Elapsed time = 12.262747526168823 sec
----------
Epoch 85 / 600
train error: avg loss = 0.03688562
ES count = 3
Elapsed time = 12.357153177261353 sec
----------
Epoch 86 / 600
train error: avg loss = 0.03826114
ES count = 4
Elapsed time = 12.740278959274292 sec
----------
Epoch 87 / 600
train error: avg loss = 0.03757094
ES count = 5
Elapsed time = 12.369982481002808 sec
----------
Epoch 88 / 600
train error: avg loss = 0.03677304
ES count = 6
Elapsed time = 12.589773178100586 sec
----------
Epoch 89 / 600
train error: avg loss = 0.03792821
ES count = 7
Elapsed time = 12.559080362319946 sec
----------
Epoch 90 / 600
train error: avg loss = 0.03871663
ES count = 8
Elapsed time = 12.756584167480469 sec
----------
Epoch 91 / 600
train error: avg loss = 0.03340960
ES count = 9
Elapsed time = 12.56933069229126 sec
----------
Epoch 92 / 600
train error: avg loss = 0.03558585
ES count = 10
Elapsed time = 12.355078935623169 sec
----------
Epoch 93 / 600
train error: avg loss = 0.03578006
ES count = 11
Elapsed time = 12.37670373916626 sec
----------
Epoch 94 / 600
train error: avg loss = 0.03947998
ES count = 12
Elapsed time = 12.644293785095215 sec
----------
Epoch 95 / 600
train error: avg loss = 0.03919226
ES count = 13
Elapsed time = 12.532224893569946 sec
----------
Epoch 96 / 600
train error: avg loss = 0.03420484
ES count = 14
Elapsed time = 12.73400354385376 sec
----------
Epoch 97 / 600
train error: avg loss = 0.03547199
ES count = 15
Elapsed time = 12.747945547103882 sec
----------
Epoch 98 / 600
train error: avg loss = 0.03500633
ES count = 16
Elapsed time = 12.916221857070923 sec
----------
Epoch 99 / 600
train error: avg loss = 0.03786438
ES count = 17
Elapsed time = 12.706417083740234 sec
----------
Epoch 100 / 600
train error: avg loss = 0.03746033
ES count = 18
Epoch = 100. Save a periodic model snapshot.
Elapsed time = 13.215144395828247 sec
----------
Epoch 101 / 600
train error: avg loss = 0.03548132
ES count = 19
Elapsed time = 12.502362728118896 sec
----------
Epoch 102 / 600
train error: avg loss = 0.03652453
ES count = 20
Elapsed time = 12.704052925109863 sec
----------
Epoch 103 / 600
train error: avg loss = 0.03335354
ES count = 21
Elapsed time = 12.736610174179077 sec
----------
Epoch 104 / 600
train error: avg loss = 0.03331586
ES count = 22
Elapsed time = 12.89544129371643 sec
----------
Epoch 105 / 600
train error: avg loss = 0.03941241
ES count = 23
Elapsed time = 12.983825206756592 sec
----------
Epoch 106 / 600
train error: avg loss = 0.03098002
Best loss is updated and ES count is reset.
Checkpoint saved to '/fsb/home/yutingwang/ytw_tangzq/schrodinger-bridge-sr-micrometeorology/data/DL_result/ExperimentSchrodingerBridge3dWind/config_wind_3d_ablation_no_thermal_night_large/checkpoint.pth'
Elapsed time = 13.704677104949951 sec
----------
Epoch 107 / 600
train error: avg loss = 0.06429470
ES count = 1
Elapsed time = 13.118287801742554 sec
----------
Epoch 108 / 600
train error: avg loss = 0.28734979
ES count = 2
Elapsed time = 12.74547529220581 sec
----------
Epoch 109 / 600
train error: avg loss = 0.09628001
ES count = 3
Elapsed time = 13.122778177261353 sec
----------
Epoch 110 / 600
train error: avg loss = 0.07149518
ES count = 4
Elapsed time = 12.794485092163086 sec
----------
Epoch 111 / 600
train error: avg loss = 0.06013731
ES count = 5
Elapsed time = 13.240785360336304 sec
----------
Epoch 112 / 600
train error: avg loss = 0.05173307
ES count = 6
Elapsed time = 12.812856197357178 sec
----------
Epoch 113 / 600
train error: avg loss = 0.04551015
ES count = 7
Elapsed time = 13.239713668823242 sec
----------
Epoch 114 / 600
train error: avg loss = 0.04049837
ES count = 8
Elapsed time = 12.45309042930603 sec
----------
Epoch 115 / 600
train error: avg loss = 0.04084668
ES count = 9
Elapsed time = 12.760693311691284 sec
----------
Epoch 116 / 600
train error: avg loss = 0.03385509
ES count = 10
Elapsed time = 12.520562410354614 sec
----------
Epoch 117 / 600
train error: avg loss = 0.03677382
ES count = 11
Elapsed time = 12.606672286987305 sec
----------
Epoch 118 / 600
train error: avg loss = 0.03647720
ES count = 12
Elapsed time = 12.495481491088867 sec
----------
Epoch 119 / 600
train error: avg loss = 0.03743415
ES count = 13
Elapsed time = 12.550109386444092 sec
----------
Epoch 120 / 600
train error: avg loss = 0.03747021
ES count = 14
Elapsed time = 13.495626211166382 sec
----------
Epoch 121 / 600
train error: avg loss = 0.03474853
ES count = 15
Elapsed time = 12.742175102233887 sec
----------
Epoch 122 / 600
train error: avg loss = 0.03605984
ES count = 16
Elapsed time = 12.639577627182007 sec
----------
Epoch 123 / 600
train error: avg loss = 0.04171755
ES count = 17
Elapsed time = 12.509308576583862 sec
----------
Epoch 124 / 600
train error: avg loss = 0.03793138
ES count = 18
Elapsed time = 12.50507378578186 sec
----------
Epoch 125 / 600
train error: avg loss = 0.03343492
ES count = 19
Elapsed time = 12.731208562850952 sec
----------
Epoch 126 / 600
train error: avg loss = 0.03335671
ES count = 20
Elapsed time = 12.594204664230347 sec
----------
Epoch 127 / 600
train error: avg loss = 0.03502914
ES count = 21
Elapsed time = 12.639970064163208 sec
----------
Epoch 128 / 600
train error: avg loss = 0.03174272
ES count = 22
Elapsed time = 12.256929636001587 sec
----------
Epoch 129 / 600
train error: avg loss = 0.03230715
ES count = 23
Elapsed time = 12.583073139190674 sec
----------
Epoch 130 / 600
train error: avg loss = 0.03135416
ES count = 24
Elapsed time = 12.564227104187012 sec
----------
Epoch 131 / 600
train error: avg loss = 0.03204840
ES count = 25
Elapsed time = 12.701040506362915 sec
----------
Epoch 132 / 600
train error: avg loss = 0.03415318
ES count = 26
Elapsed time = 12.46623420715332 sec
----------
Epoch 133 / 600
train error: avg loss = 0.03390032
ES count = 27
Elapsed time = 12.69030475616455 sec
----------
Epoch 134 / 600
train error: avg loss = 0.03458292
ES count = 28
Elapsed time = 12.538370132446289 sec
----------
Epoch 135 / 600
train error: avg loss = 0.03826383
ES count = 29
Elapsed time = 12.503268957138062 sec
----------
Epoch 136 / 600
train error: avg loss = 0.03463135
ES count = 30
Elapsed time = 12.501468658447266 sec
----------
Epoch 137 / 600
train error: avg loss = 0.03133665
ES count = 31
Elapsed time = 12.478344440460205 sec
----------
Epoch 138 / 600
train error: avg loss = 0.03321314
ES count = 32
Elapsed time = 12.516098022460938 sec
----------
Epoch 139 / 600
train error: avg loss = 0.03530979
ES count = 33
Elapsed time = 12.586507081985474 sec
----------
Epoch 140 / 600
train error: avg loss = 0.03818450
ES count = 34
Elapsed time = 12.555887222290039 sec
----------
Epoch 141 / 600
train error: avg loss = 0.03388607
ES count = 35
Elapsed time = 12.531848192214966 sec
----------
Epoch 142 / 600
train error: avg loss = 0.03519689
ES count = 36
Elapsed time = 12.471524000167847 sec
----------
Epoch 143 / 600
train error: avg loss = 0.03338059
ES count = 37
Elapsed time = 12.492024421691895 sec
----------
Epoch 144 / 600
train error: avg loss = 0.03698927
ES count = 38
Elapsed time = 12.387943267822266 sec
----------
Epoch 145 / 600
train error: avg loss = 0.03276211
ES count = 39
Elapsed time = 12.306681871414185 sec
----------
Epoch 146 / 600
train error: avg loss = 0.03607254
ES count = 40
Elapsed time = 12.808936834335327 sec
----------
Epoch 147 / 600
train error: avg loss = 0.03261487
ES count = 41
Elapsed time = 12.575818538665771 sec
----------
Epoch 148 / 600
train error: avg loss = 0.03091580
Best loss is updated and ES count is reset.
Checkpoint saved to '/fsb/home/yutingwang/ytw_tangzq/schrodinger-bridge-sr-micrometeorology/data/DL_result/ExperimentSchrodingerBridge3dWind/config_wind_3d_ablation_no_thermal_night_large/checkpoint.pth'
Elapsed time = 13.167510509490967 sec
----------
Epoch 149 / 600
train error: avg loss = 0.03329586
ES count = 1
Elapsed time = 12.882973432540894 sec
----------
Epoch 150 / 600
train error: avg loss = 0.03126270
ES count = 2
Elapsed time = 12.471271276473999 sec
----------
Epoch 151 / 600
train error: avg loss = 0.03240341
ES count = 3
Elapsed time = 12.620705127716064 sec
----------
Epoch 152 / 600
train error: avg loss = 0.02789356
Best loss is updated and ES count is reset.
Checkpoint saved to '/fsb/home/yutingwang/ytw_tangzq/schrodinger-bridge-sr-micrometeorology/data/DL_result/ExperimentSchrodingerBridge3dWind/config_wind_3d_ablation_no_thermal_night_large/checkpoint.pth'
Elapsed time = 13.169431924819946 sec
----------
Epoch 153 / 600
train error: avg loss = 0.03301570
ES count = 1
Elapsed time = 12.208877563476562 sec
----------
Epoch 154 / 600
train error: avg loss = 0.03392331
ES count = 2
Elapsed time = 12.578361749649048 sec
----------
Epoch 155 / 600
train error: avg loss = 0.03295361
ES count = 3
Elapsed time = 12.3958420753479 sec
----------
Epoch 156 / 600
train error: avg loss = 0.03164143
ES count = 4
Elapsed time = 12.461669921875 sec
----------
Epoch 157 / 600
train error: avg loss = 0.03220554
ES count = 5
Elapsed time = 12.440531253814697 sec
----------
Epoch 158 / 600
train error: avg loss = 0.03075365
ES count = 6
Elapsed time = 12.274276971817017 sec
----------
Epoch 159 / 600
train error: avg loss = 0.03344887
ES count = 7
Elapsed time = 12.651095867156982 sec
----------
Epoch 160 / 600
train error: avg loss = 0.03143621
ES count = 8
Elapsed time = 12.445302724838257 sec
----------
Epoch 161 / 600
train error: avg loss = 0.03085663
ES count = 9
Elapsed time = 12.476420402526855 sec
----------
Epoch 162 / 600
train error: avg loss = 0.03052440
ES count = 10
Elapsed time = 12.384399175643921 sec
----------
Epoch 163 / 600
train error: avg loss = 0.03217207
ES count = 11
Elapsed time = 12.433862209320068 sec
----------
Epoch 164 / 600
train error: avg loss = 0.03783078
ES count = 12
Elapsed time = 13.096074104309082 sec
----------
Epoch 165 / 600
train error: avg loss = 0.03797891
ES count = 13
Elapsed time = 12.93482518196106 sec
----------
Epoch 166 / 600
train error: avg loss = 0.03066549
ES count = 14
Elapsed time = 12.870571374893188 sec
----------
Epoch 167 / 600
train error: avg loss = 0.03115787
ES count = 15
Elapsed time = 13.000538110733032 sec
----------
Epoch 168 / 600
train error: avg loss = 0.03172248
ES count = 16
Elapsed time = 12.728522300720215 sec
----------
Epoch 169 / 600
train error: avg loss = 0.03459781
ES count = 17
Elapsed time = 12.935006380081177 sec
----------
Epoch 170 / 600
train error: avg loss = 0.03962157
ES count = 18
Elapsed time = 12.623842716217041 sec
----------
Epoch 171 / 600
train error: avg loss = 0.03165430
ES count = 19
Elapsed time = 13.170982599258423 sec
----------
Epoch 172 / 600
train error: avg loss = 0.03031256
ES count = 20
Elapsed time = 12.906985759735107 sec
----------
Epoch 173 / 600
train error: avg loss = 0.03337759
ES count = 21
Elapsed time = 12.721666812896729 sec
----------
Epoch 174 / 600
train error: avg loss = 0.03161107
ES count = 22
Elapsed time = 12.773768186569214 sec
----------
Epoch 175 / 600
train error: avg loss = 0.03328357
ES count = 23
Elapsed time = 12.955171585083008 sec
----------
Epoch 176 / 600
train error: avg loss = 0.02876945
ES count = 24
Elapsed time = 13.349263429641724 sec
----------
Epoch 177 / 600
train error: avg loss = 0.03080056
ES count = 25
Elapsed time = 13.116013765335083 sec
----------
Epoch 178 / 600
train error: avg loss = 0.02808817
ES count = 26
Elapsed time = 13.013846397399902 sec
----------
Epoch 179 / 600
train error: avg loss = 0.03150753
ES count = 27
Elapsed time = 13.051537990570068 sec
----------
Epoch 180 / 600
train error: avg loss = 0.02883874
ES count = 28
Elapsed time = 13.054153203964233 sec
----------
Epoch 181 / 600
train error: avg loss = 0.03116262
ES count = 29
Elapsed time = 13.37052845954895 sec
----------
Epoch 182 / 600
train error: avg loss = 0.03585388
ES count = 30
Elapsed time = 12.866846084594727 sec
----------
Epoch 183 / 600
train error: avg loss = 0.03389547
ES count = 31
Elapsed time = 13.272982835769653 sec
----------
Epoch 184 / 600
train error: avg loss = 0.03091560
ES count = 32
Elapsed time = 13.647208213806152 sec
----------
Epoch 185 / 600
train error: avg loss = 0.03059544
ES count = 33
Elapsed time = 12.86708116531372 sec
----------
Epoch 186 / 600
train error: avg loss = 0.03197621
ES count = 34
Elapsed time = 13.171069622039795 sec
----------
Epoch 187 / 600
train error: avg loss = 0.03014448
ES count = 35
Elapsed time = 13.324758291244507 sec
----------
Epoch 188 / 600
train error: avg loss = 0.02952454
ES count = 36
Elapsed time = 12.981166362762451 sec
----------
Epoch 189 / 600
train error: avg loss = 0.03189944
ES count = 37
Elapsed time = 13.40223479270935 sec
----------
Epoch 190 / 600
train error: avg loss = 0.03096543
ES count = 38
Elapsed time = 12.733879804611206 sec
----------
Epoch 191 / 600
train error: avg loss = 0.03064741
ES count = 39
Elapsed time = 13.311238288879395 sec
----------
Epoch 192 / 600
train error: avg loss = 0.03084059
ES count = 40
Elapsed time = 13.069700002670288 sec
----------
Epoch 193 / 600
train error: avg loss = 0.03146538
ES count = 41
Elapsed time = 12.754010915756226 sec
----------
Epoch 194 / 600
train error: avg loss = 0.03300220
ES count = 42
Elapsed time = 12.875871658325195 sec
----------
Epoch 195 / 600
train error: avg loss = 0.03071615
ES count = 43
Elapsed time = 12.745912075042725 sec
----------
Epoch 196 / 600
train error: avg loss = 0.03143800
ES count = 44
Elapsed time = 13.096784830093384 sec
----------
Epoch 197 / 600
train error: avg loss = 0.03036433
ES count = 45
Elapsed time = 13.248920679092407 sec
----------
Epoch 198 / 600
train error: avg loss = 0.03150217
ES count = 46
Elapsed time = 12.89024806022644 sec
----------
Epoch 199 / 600
train error: avg loss = 0.02941406
ES count = 47
Elapsed time = 13.111058712005615 sec
----------
Epoch 200 / 600
train error: avg loss = 0.03195026
ES count = 48
Epoch = 200. Save a periodic model snapshot.
Elapsed time = 13.352589845657349 sec
----------
Epoch 201 / 600
train error: avg loss = 0.03146637
ES count = 49
Elapsed time = 13.009775638580322 sec
----------
Epoch 202 / 600
train error: avg loss = 0.02870935
ES count = 50
Elapsed time = 13.329903364181519 sec
----------
Epoch 203 / 600
train error: avg loss = 0.02952130
ES count = 51
Elapsed time = 13.05842924118042 sec
----------
Epoch 204 / 600
train error: avg loss = 0.02962359
ES count = 52
Elapsed time = 13.301114320755005 sec
----------
Epoch 205 / 600
train error: avg loss = 0.03005388
ES count = 53
Elapsed time = 13.137293100357056 sec
----------
Epoch 206 / 600
train error: avg loss = 0.02897384
ES count = 54
Elapsed time = 13.42540454864502 sec
----------
Epoch 207 / 600
train error: avg loss = 0.03523962
ES count = 55
Elapsed time = 13.251764297485352 sec
----------
Epoch 208 / 600
train error: avg loss = 0.03556763
ES count = 56
Elapsed time = 13.428992748260498 sec
----------
Epoch 209 / 600
train error: avg loss = 0.19041465
ES count = 57
Elapsed time = 13.134772300720215 sec
----------
Epoch 210 / 600
train error: avg loss = 0.13071126
ES count = 58
Elapsed time = 13.64966869354248 sec
----------
Epoch 211 / 600
train error: avg loss = 0.06677844
ES count = 59
Elapsed time = 13.26477599143982 sec
----------
Epoch 212 / 600
train error: avg loss = 0.04592825
ES count = 60
Elapsed time = 13.222520589828491 sec
----------
Epoch 213 / 600
train error: avg loss = 0.03807645
ES count = 61
Elapsed time = 13.165414810180664 sec
----------
Epoch 214 / 600
train error: avg loss = 0.03370470
ES count = 62
Elapsed time = 12.920820713043213 sec
----------
Epoch 215 / 600
train error: avg loss = 0.03401757
ES count = 63
Elapsed time = 13.056551218032837 sec
----------
Epoch 216 / 600
train error: avg loss = 0.03195938
ES count = 64
Elapsed time = 13.112736940383911 sec
----------
Epoch 217 / 600
train error: avg loss = 0.03394642
ES count = 65
Elapsed time = 12.78335428237915 sec
----------
Epoch 218 / 600
train error: avg loss = 0.02931269
ES count = 66
Elapsed time = 13.023049116134644 sec
----------
Epoch 219 / 600
train error: avg loss = 0.03213041
ES count = 67
Elapsed time = 12.945410966873169 sec
----------
Epoch 220 / 600
train error: avg loss = 0.03102900
ES count = 68
Elapsed time = 12.955769777297974 sec
----------
Epoch 221 / 600
train error: avg loss = 0.03043833
ES count = 69
Elapsed time = 12.739486932754517 sec
----------
Epoch 222 / 600
train error: avg loss = 0.03003092
ES count = 70
Elapsed time = 13.101309776306152 sec
----------
Epoch 223 / 600
train error: avg loss = 0.03087098
ES count = 71
Elapsed time = 13.077258586883545 sec
----------
Epoch 224 / 600
train error: avg loss = 0.03092349
ES count = 72
Elapsed time = 13.240371465682983 sec
----------
Epoch 225 / 600
train error: avg loss = 0.03241393
ES count = 73
Elapsed time = 13.1887526512146 sec
----------
Epoch 226 / 600
train error: avg loss = 0.02920124
ES count = 74
Elapsed time = 13.227350950241089 sec
----------
Epoch 227 / 600
train error: avg loss = 0.03121622
ES count = 75
Elapsed time = 13.115893363952637 sec
----------
Epoch 228 / 600
train error: avg loss = 0.03370346
ES count = 76
Elapsed time = 12.893862247467041 sec
----------
Epoch 229 / 600
train error: avg loss = 0.03234395
ES count = 77
Elapsed time = 12.678577899932861 sec
----------
Epoch 230 / 600
train error: avg loss = 0.03088073
ES count = 78
Elapsed time = 13.07079553604126 sec
----------
Epoch 231 / 600
train error: avg loss = 0.02959485
ES count = 79
Elapsed time = 12.904623985290527 sec
----------
Epoch 232 / 600
train error: avg loss = 0.02945792
ES count = 80
Elapsed time = 13.0841224193573 sec
----------
Epoch 233 / 600
train error: avg loss = 0.02737360
Best loss is updated and ES count is reset.
Checkpoint saved to '/fsb/home/yutingwang/ytw_tangzq/schrodinger-bridge-sr-micrometeorology/data/DL_result/ExperimentSchrodingerBridge3dWind/config_wind_3d_ablation_no_thermal_night_large/checkpoint.pth'
Elapsed time = 14.082261323928833 sec
----------
Epoch 234 / 600
train error: avg loss = 0.02759229
ES count = 1
Elapsed time = 13.087949991226196 sec
----------
Epoch 235 / 600
train error: avg loss = 0.03049877
ES count = 2
Elapsed time = 13.058553218841553 sec
----------
Epoch 236 / 600
train error: avg loss = 0.02868336
ES count = 3
Elapsed time = 12.837919473648071 sec
----------
Epoch 237 / 600
train error: avg loss = 0.03009648
ES count = 4
Elapsed time = 13.24409008026123 sec
----------
Epoch 238 / 600
train error: avg loss = 0.02653662
Best loss is updated and ES count is reset.
Checkpoint saved to '/fsb/home/yutingwang/ytw_tangzq/schrodinger-bridge-sr-micrometeorology/data/DL_result/ExperimentSchrodingerBridge3dWind/config_wind_3d_ablation_no_thermal_night_large/checkpoint.pth'
Elapsed time = 13.609601974487305 sec
----------
Epoch 239 / 600
train error: avg loss = 0.03285804
ES count = 1
Elapsed time = 13.068995714187622 sec
----------
Epoch 240 / 600
train error: avg loss = 0.03809559
ES count = 2
Elapsed time = 13.124695062637329 sec
----------
Epoch 241 / 600
train error: avg loss = 0.03422169
ES count = 3
Elapsed time = 12.94680380821228 sec
----------
Epoch 242 / 600
train error: avg loss = 0.03555277
ES count = 4
Elapsed time = 13.068349838256836 sec
----------
Epoch 243 / 600
train error: avg loss = 0.03013376
ES count = 5
Elapsed time = 12.966407537460327 sec
----------
Epoch 244 / 600
train error: avg loss = 0.02727266
ES count = 6
Elapsed time = 12.833795547485352 sec
----------
Epoch 245 / 600
train error: avg loss = 0.02662125
ES count = 7
Elapsed time = 13.189428329467773 sec
----------
Epoch 246 / 600
train error: avg loss = 0.02637692
Best loss is updated and ES count is reset.
Checkpoint saved to '/fsb/home/yutingwang/ytw_tangzq/schrodinger-bridge-sr-micrometeorology/data/DL_result/ExperimentSchrodingerBridge3dWind/config_wind_3d_ablation_no_thermal_night_large/checkpoint.pth'
Elapsed time = 13.654787063598633 sec
----------
Epoch 247 / 600
train error: avg loss = 0.03092087
ES count = 1
Elapsed time = 12.987051725387573 sec
----------
Epoch 248 / 600
train error: avg loss = 0.03029340
ES count = 2
Elapsed time = 13.032575607299805 sec
----------
Epoch 249 / 600
train error: avg loss = 0.02863407
ES count = 3
Elapsed time = 13.324748039245605 sec
----------
Epoch 250 / 600
train error: avg loss = 0.02754204
ES count = 4
Elapsed time = 13.044095277786255 sec
----------
Epoch 251 / 600
train error: avg loss = 0.03100647
ES count = 5
Elapsed time = 13.140849351882935 sec
----------
Epoch 252 / 600
train error: avg loss = 0.03346517
ES count = 6
Elapsed time = 13.10203766822815 sec
----------
Epoch 253 / 600
train error: avg loss = 0.03332353
ES count = 7
Elapsed time = 13.13536810874939 sec
----------
Epoch 254 / 600
train error: avg loss = 0.03383042
ES count = 8
Elapsed time = 13.073407649993896 sec
----------
Epoch 255 / 600
train error: avg loss = 0.02690384
ES count = 9
Elapsed time = 12.704249143600464 sec
----------
Epoch 256 / 600
train error: avg loss = 0.02824216
ES count = 10
Elapsed time = 12.787837266921997 sec
----------
Epoch 257 / 600
train error: avg loss = 0.02875598
ES count = 11
Elapsed time = 12.439706325531006 sec
----------
Epoch 258 / 600
train error: avg loss = 0.02744340
ES count = 12
Elapsed time = 12.774463176727295 sec
----------
Epoch 259 / 600
train error: avg loss = 0.02752644
ES count = 13
Elapsed time = 12.341382503509521 sec
----------
Epoch 260 / 600
train error: avg loss = 0.02823741
ES count = 14
Elapsed time = 12.834551572799683 sec
----------
Epoch 261 / 600
train error: avg loss = 0.02790885
ES count = 15
Elapsed time = 12.766926527023315 sec
----------
Epoch 262 / 600
train error: avg loss = 0.03102847
ES count = 16
Elapsed time = 12.489453077316284 sec
----------
Epoch 263 / 600
train error: avg loss = 0.02773119
ES count = 17
Elapsed time = 12.674308776855469 sec
----------
Epoch 264 / 600
train error: avg loss = 0.02844316
ES count = 18
Elapsed time = 12.794671297073364 sec
----------
Epoch 265 / 600
train error: avg loss = 0.02917752
ES count = 19
Elapsed time = 12.54885220527649 sec
----------
Epoch 266 / 600
train error: avg loss = 0.02829940
ES count = 20
Elapsed time = 12.693494319915771 sec
----------
Epoch 267 / 600
train error: avg loss = 0.03182545
ES count = 21
Elapsed time = 12.749459505081177 sec
----------
Epoch 268 / 600
train error: avg loss = 0.03009733
ES count = 22
Elapsed time = 12.609441757202148 sec
----------
Epoch 269 / 600
train error: avg loss = 0.02769442
ES count = 23
Elapsed time = 12.701352596282959 sec
----------
Epoch 270 / 600
train error: avg loss = 0.02708298
ES count = 24
Elapsed time = 12.528510808944702 sec
----------
Epoch 271 / 600
train error: avg loss = 0.02872985
ES count = 25
Elapsed time = 12.569340229034424 sec
----------
Epoch 272 / 600
train error: avg loss = 0.02886440
ES count = 26
Elapsed time = 12.611435174942017 sec
----------
Epoch 273 / 600
train error: avg loss = 0.02959507
ES count = 27
Elapsed time = 12.401135444641113 sec
----------
Epoch 274 / 600
train error: avg loss = 0.02836559
ES count = 28
Elapsed time = 12.507288694381714 sec
----------
Epoch 275 / 600
train error: avg loss = 0.02849893
ES count = 29
Elapsed time = 12.552547216415405 sec
----------
Epoch 276 / 600
train error: avg loss = 0.02702495
ES count = 30
Elapsed time = 12.334779024124146 sec
----------
Epoch 277 / 600
train error: avg loss = 0.02732120
ES count = 31
Elapsed time = 12.659323692321777 sec
----------
Epoch 278 / 600
train error: avg loss = 0.02629544
Best loss is updated and ES count is reset.
Checkpoint saved to '/fsb/home/yutingwang/ytw_tangzq/schrodinger-bridge-sr-micrometeorology/data/DL_result/ExperimentSchrodingerBridge3dWind/config_wind_3d_ablation_no_thermal_night_large/checkpoint.pth'
Elapsed time = 13.191916704177856 sec
----------
Epoch 279 / 600
train error: avg loss = 0.02750564
ES count = 1
Elapsed time = 12.398263216018677 sec
----------
Epoch 280 / 600
train error: avg loss = 0.03022373
ES count = 2
Elapsed time = 12.895534753799438 sec
----------
Epoch 281 / 600
train error: avg loss = 0.03294856
ES count = 3
Elapsed time = 12.583094358444214 sec
----------
Epoch 282 / 600
train error: avg loss = 0.02853470
ES count = 4
Elapsed time = 12.533879280090332 sec
----------
Epoch 283 / 600
train error: avg loss = 0.02951968
ES count = 5
Elapsed time = 12.659103155136108 sec
----------
Epoch 284 / 600
train error: avg loss = 0.02738041
ES count = 6
Elapsed time = 12.400268077850342 sec
----------
Epoch 285 / 600
train error: avg loss = 0.03066101
ES count = 7
Elapsed time = 12.600359916687012 sec
----------
Epoch 286 / 600
train error: avg loss = 0.02921664
ES count = 8
Elapsed time = 12.931072235107422 sec
----------
Epoch 287 / 600
train error: avg loss = 0.02865245
ES count = 9
Elapsed time = 12.917963743209839 sec
----------
Epoch 288 / 600
train error: avg loss = 0.02646595
ES count = 10
Elapsed time = 12.626160860061646 sec
----------
Epoch 289 / 600
train error: avg loss = 0.03175257
ES count = 11
Elapsed time = 12.619372606277466 sec
----------
Epoch 290 / 600
train error: avg loss = 0.03058863
ES count = 12
Elapsed time = 12.46113920211792 sec
----------
Epoch 291 / 600
train error: avg loss = 0.03004105
ES count = 13
Elapsed time = 13.224581480026245 sec
----------
Epoch 292 / 600
train error: avg loss = 0.02855401
ES count = 14
Elapsed time = 12.624499082565308 sec
----------
Epoch 293 / 600
train error: avg loss = 0.02903289
ES count = 15
Elapsed time = 12.643340587615967 sec
----------
Epoch 294 / 600
train error: avg loss = 0.02722292
ES count = 16
Elapsed time = 13.067692041397095 sec
----------
Epoch 295 / 600
train error: avg loss = 0.02723841
ES count = 17
Elapsed time = 12.81928038597107 sec
----------
Epoch 296 / 600
train error: avg loss = 0.02935448
ES count = 18
Elapsed time = 12.99987006187439 sec
----------
Epoch 297 / 600
train error: avg loss = 0.02780811
ES count = 19
Elapsed time = 12.789729833602905 sec
----------
Epoch 298 / 600
train error: avg loss = 0.03101456
ES count = 20
Elapsed time = 12.609116077423096 sec
----------
Epoch 299 / 600
train error: avg loss = 0.03153367
ES count = 21
Elapsed time = 12.830542087554932 sec
----------
Epoch 300 / 600
train error: avg loss = 0.02747774
ES count = 22
Epoch = 300. Save a periodic model snapshot.
Elapsed time = 12.894068479537964 sec
----------
Epoch 301 / 600
train error: avg loss = 0.02930231
ES count = 23
Elapsed time = 12.697429656982422 sec
----------
Epoch 302 / 600
train error: avg loss = 0.02797200
ES count = 24
Elapsed time = 12.571874380111694 sec
----------
Epoch 303 / 600
train error: avg loss = 0.02655526
ES count = 25
Elapsed time = 12.497864961624146 sec
----------
Epoch 304 / 600
train error: avg loss = 0.02791267
ES count = 26
Elapsed time = 12.552958011627197 sec
----------
Epoch 305 / 600
train error: avg loss = 0.02814715
ES count = 27
Elapsed time = 12.68663763999939 sec
----------
Epoch 306 / 600
train error: avg loss = 0.02961411
ES count = 28
Elapsed time = 12.679399013519287 sec
----------
Epoch 307 / 600
train error: avg loss = 0.05898051
ES count = 29
Elapsed time = 12.927715063095093 sec
----------
Epoch 308 / 600
train error: avg loss = 0.13241098
ES count = 30
Elapsed time = 12.546316862106323 sec
----------
Epoch 309 / 600
train error: avg loss = 0.04621225
ES count = 31
Elapsed time = 12.66680383682251 sec
----------
Epoch 310 / 600
train error: avg loss = 0.03424600
ES count = 32
Elapsed time = 13.055225372314453 sec
----------
Epoch 311 / 600
train error: avg loss = 0.03126860
ES count = 33
Elapsed time = 12.334670305252075 sec
----------
Epoch 312 / 600
train error: avg loss = 0.02988708
ES count = 34
Elapsed time = 12.654375553131104 sec
----------
Epoch 313 / 600
train error: avg loss = 0.02907888
ES count = 35
Elapsed time = 12.666847467422485 sec
----------
Epoch 314 / 600
train error: avg loss = 0.02909854
ES count = 36
Elapsed time = 12.375807762145996 sec
----------
Epoch 315 / 600
train error: avg loss = 0.02685717
ES count = 37
Elapsed time = 12.573940515518188 sec
----------
Epoch 316 / 600
train error: avg loss = 0.02897606
ES count = 38
Elapsed time = 12.46160101890564 sec
----------
Epoch 317 / 600
train error: avg loss = 0.02775849
ES count = 39
Elapsed time = 12.597359895706177 sec
----------
Epoch 318 / 600
train error: avg loss = 0.02715878
ES count = 40
Elapsed time = 12.3368661403656 sec
----------
Epoch 319 / 600
train error: avg loss = 0.02521625
Best loss is updated and ES count is reset.
Checkpoint saved to '/fsb/home/yutingwang/ytw_tangzq/schrodinger-bridge-sr-micrometeorology/data/DL_result/ExperimentSchrodingerBridge3dWind/config_wind_3d_ablation_no_thermal_night_large/checkpoint.pth'
Elapsed time = 13.503886938095093 sec
----------
Epoch 320 / 600
train error: avg loss = 0.02578457
ES count = 1
Elapsed time = 12.375421047210693 sec
----------
Epoch 321 / 600
train error: avg loss = 0.02846664
ES count = 2
Elapsed time = 12.639491558074951 sec
----------
Epoch 322 / 600
train error: avg loss = 0.02406252
Best loss is updated and ES count is reset.
Checkpoint saved to '/fsb/home/yutingwang/ytw_tangzq/schrodinger-bridge-sr-micrometeorology/data/DL_result/ExperimentSchrodingerBridge3dWind/config_wind_3d_ablation_no_thermal_night_large/checkpoint.pth'
Elapsed time = 13.624851942062378 sec
----------
Epoch 323 / 600
train error: avg loss = 0.02864982
ES count = 1
Elapsed time = 12.510243654251099 sec
----------
Epoch 324 / 600
train error: avg loss = 0.02710845
ES count = 2
Elapsed time = 12.885679244995117 sec
----------
Epoch 325 / 600
train error: avg loss = 0.02900901
ES count = 3
Elapsed time = 12.509512901306152 sec
----------
Epoch 326 / 600
train error: avg loss = 0.02965190
ES count = 4
Elapsed time = 12.644856452941895 sec
----------
Epoch 327 / 600
train error: avg loss = 0.02772243
ES count = 5
Elapsed time = 12.777685165405273 sec
----------
Epoch 328 / 600
train error: avg loss = 0.02839148
ES count = 6
Elapsed time = 12.50197720527649 sec
----------
Epoch 329 / 600
train error: avg loss = 0.02724085
ES count = 7
Elapsed time = 12.677594423294067 sec
----------
Epoch 330 / 600
train error: avg loss = 0.02700868
ES count = 8
Elapsed time = 12.774824857711792 sec
----------
Epoch 331 / 600
train error: avg loss = 0.02665055
ES count = 9
Elapsed time = 12.596445798873901 sec
----------
Epoch 332 / 600
train error: avg loss = 0.02543949
ES count = 10
Elapsed time = 12.753870725631714 sec
----------
Epoch 333 / 600
train error: avg loss = 0.02696522
ES count = 11
Elapsed time = 12.656341075897217 sec
----------
Epoch 334 / 600
train error: avg loss = 0.02746108
ES count = 12
Elapsed time = 12.665141820907593 sec
----------
Epoch 335 / 600
train error: avg loss = 0.02465068
ES count = 13
Elapsed time = 13.053069353103638 sec
----------
Epoch 336 / 600
train error: avg loss = 0.02864609
ES count = 14
Elapsed time = 12.770268678665161 sec
----------
Epoch 337 / 600
train error: avg loss = 0.02740962
ES count = 15
Elapsed time = 12.736493825912476 sec
----------
Epoch 338 / 600
train error: avg loss = 0.02420844
ES count = 16
Elapsed time = 12.679163694381714 sec
----------
Epoch 339 / 600
train error: avg loss = 0.02762432
ES count = 17
Elapsed time = 12.391700029373169 sec
----------
Epoch 340 / 600
train error: avg loss = 0.02915831
ES count = 18
Elapsed time = 12.659608364105225 sec
----------
Epoch 341 / 600
train error: avg loss = 0.02660284
ES count = 19
Elapsed time = 13.064941883087158 sec
----------
Epoch 342 / 600
train error: avg loss = 0.02916836
ES count = 20
Elapsed time = 13.224346160888672 sec
----------
Epoch 343 / 600
train error: avg loss = 0.02781176
ES count = 21
Elapsed time = 13.20033073425293 sec
----------
Epoch 344 / 600
train error: avg loss = 0.02739900
ES count = 22
Elapsed time = 12.943917512893677 sec
----------
Epoch 345 / 600
train error: avg loss = 0.02838123
ES count = 23
Elapsed time = 13.624009370803833 sec
----------
Epoch 346 / 600
train error: avg loss = 0.02798141
ES count = 24
Elapsed time = 13.10250210762024 sec
----------
Epoch 347 / 600
train error: avg loss = 0.02759540
ES count = 25
Elapsed time = 13.09031057357788 sec
----------
Epoch 348 / 600
train error: avg loss = 0.02718396
ES count = 26
Elapsed time = 13.084192752838135 sec
----------
Epoch 349 / 600
train error: avg loss = 0.02668304
ES count = 27
Elapsed time = 13.27442741394043 sec
----------
Epoch 350 / 600
train error: avg loss = 0.02608228
ES count = 28
Elapsed time = 13.053255558013916 sec
----------
Epoch 351 / 600
train error: avg loss = 0.02709535
ES count = 29
Elapsed time = 13.111398220062256 sec
----------
Epoch 352 / 600
train error: avg loss = 0.03024040
ES count = 30
Elapsed time = 12.606468439102173 sec
----------
Epoch 353 / 600
train error: avg loss = 0.02733628
ES count = 31
Elapsed time = 13.0931236743927 sec
----------
Epoch 354 / 600
train error: avg loss = 0.03108953
ES count = 32
Elapsed time = 12.948754787445068 sec
----------
Epoch 355 / 600
train error: avg loss = 0.02792694
ES count = 33
Elapsed time = 12.895447015762329 sec
----------
Epoch 356 / 600
train error: avg loss = 0.02717223
ES count = 34
Elapsed time = 13.263798713684082 sec
----------
Epoch 357 / 600
train error: avg loss = 0.02666406
ES count = 35
Elapsed time = 13.317968845367432 sec
----------
Epoch 358 / 600
train error: avg loss = 0.02852806
ES count = 36
Elapsed time = 13.066060304641724 sec
----------
Epoch 359 / 600
train error: avg loss = 0.02772948
ES count = 37
Elapsed time = 13.007723093032837 sec
----------
Epoch 360 / 600
train error: avg loss = 0.02745803
ES count = 38
Elapsed time = 12.620189189910889 sec
----------
Epoch 361 / 600
train error: avg loss = 0.02800759
ES count = 39
Elapsed time = 12.76114273071289 sec
----------
Epoch 362 / 600
train error: avg loss = 0.02581783
ES count = 40
Elapsed time = 12.619444370269775 sec
----------
Epoch 363 / 600
train error: avg loss = 0.02792963
ES count = 41
Elapsed time = 12.275418281555176 sec
----------
Epoch 364 / 600
train error: avg loss = 0.02993351
ES count = 42
Elapsed time = 12.719911813735962 sec
----------
Epoch 365 / 600
train error: avg loss = 0.02563876
ES count = 43
Elapsed time = 12.529221534729004 sec
----------
Epoch 366 / 600
train error: avg loss = 0.03038630
ES count = 44
Elapsed time = 12.55215072631836 sec
----------
Epoch 367 / 600
train error: avg loss = 0.03072537
ES count = 45
Elapsed time = 12.720314502716064 sec
----------
Epoch 368 / 600
train error: avg loss = 0.02644741
ES count = 46
Elapsed time = 12.391912460327148 sec
----------
Epoch 369 / 600
train error: avg loss = 0.02591231
ES count = 47
Elapsed time = 12.629385948181152 sec
----------
Epoch 370 / 600
train error: avg loss = 0.02815830
ES count = 48
Elapsed time = 12.642488956451416 sec
----------
Epoch 371 / 600
train error: avg loss = 0.02733054
ES count = 49
Elapsed time = 12.398512125015259 sec
----------
Epoch 372 / 600
train error: avg loss = 0.02490224
ES count = 50
Elapsed time = 12.500885486602783 sec
----------
Epoch 373 / 600
train error: avg loss = 0.02580759
ES count = 51
Elapsed time = 12.62333345413208 sec
----------
Epoch 374 / 600
train error: avg loss = 0.02651575
ES count = 52
Elapsed time = 12.620670795440674 sec
----------
Epoch 375 / 600
train error: avg loss = 0.02562711
ES count = 53
Elapsed time = 12.309205293655396 sec
----------
Epoch 376 / 600
train error: avg loss = 0.02637277
ES count = 54
Elapsed time = 12.314316749572754 sec
----------
Epoch 377 / 600
train error: avg loss = 0.02664824
ES count = 55
Elapsed time = 12.558090925216675 sec
----------
Epoch 378 / 600
train error: avg loss = 0.02495904
ES count = 56
Elapsed time = 12.569732666015625 sec
----------
Epoch 379 / 600
train error: avg loss = 0.02741337
ES count = 57
Elapsed time = 12.74814248085022 sec
----------
Epoch 380 / 600
train error: avg loss = 0.02480096
ES count = 58
Elapsed time = 12.452054500579834 sec
----------
Epoch 381 / 600
train error: avg loss = 0.02394857
Best loss is updated and ES count is reset.
Checkpoint saved to '/fsb/home/yutingwang/ytw_tangzq/schrodinger-bridge-sr-micrometeorology/data/DL_result/ExperimentSchrodingerBridge3dWind/config_wind_3d_ablation_no_thermal_night_large/checkpoint.pth'
Elapsed time = 13.18867039680481 sec
----------
Epoch 382 / 600
train error: avg loss = 0.02742485
ES count = 1
Elapsed time = 12.531977891921997 sec
----------
Epoch 383 / 600
train error: avg loss = 0.03122632
ES count = 2
Elapsed time = 12.472526788711548 sec
----------
Epoch 384 / 600
train error: avg loss = 0.14680182
ES count = 3
Elapsed time = 12.254831790924072 sec
----------
Epoch 385 / 600
train error: avg loss = 0.13894586
ES count = 4
Elapsed time = 12.70562195777893 sec
----------
Epoch 386 / 600
train error: avg loss = 0.04886336
ES count = 5
Elapsed time = 12.568652153015137 sec
----------
Epoch 387 / 600
train error: avg loss = 0.03581323
ES count = 6
Elapsed time = 12.522477626800537 sec
----------
Epoch 388 / 600
train error: avg loss = 0.02937013
ES count = 7
Elapsed time = 12.428388118743896 sec
----------
Epoch 389 / 600
train error: avg loss = 0.02957699
ES count = 8
Elapsed time = 12.362251281738281 sec
----------
Epoch 390 / 600
train error: avg loss = 0.02925340
ES count = 9
Elapsed time = 12.655630350112915 sec
----------
Epoch 391 / 600
train error: avg loss = 0.02912339
ES count = 10
Elapsed time = 12.330435752868652 sec
----------
Epoch 392 / 600
train error: avg loss = 0.02721488
ES count = 11
Elapsed time = 12.232640743255615 sec
----------
Epoch 393 / 600
train error: avg loss = 0.03075148
ES count = 12
Elapsed time = 12.716667413711548 sec
----------
Epoch 394 / 600
train error: avg loss = 0.02687089
ES count = 13
Elapsed time = 12.482393741607666 sec
----------
Epoch 395 / 600
train error: avg loss = 0.02706691
ES count = 14
Elapsed time = 12.65141487121582 sec
----------
Epoch 396 / 600
train error: avg loss = 0.02565891
ES count = 15
Elapsed time = 12.536882638931274 sec
----------
Epoch 397 / 600
train error: avg loss = 0.02705029
ES count = 16
Elapsed time = 12.54654049873352 sec
----------
Epoch 398 / 600
train error: avg loss = 0.02637202
ES count = 17
Elapsed time = 12.5073721408844 sec
----------
Epoch 399 / 600
train error: avg loss = 0.02769989
ES count = 18
Elapsed time = 12.599949359893799 sec
----------
Epoch 400 / 600
train error: avg loss = 0.02649731
ES count = 19
Epoch = 400. Save a periodic model snapshot.
Elapsed time = 12.611498594284058 sec
----------
Epoch 401 / 600
train error: avg loss = 0.02385988
Best loss is updated and ES count is reset.
Checkpoint saved to '/fsb/home/yutingwang/ytw_tangzq/schrodinger-bridge-sr-micrometeorology/data/DL_result/ExperimentSchrodingerBridge3dWind/config_wind_3d_ablation_no_thermal_night_large/checkpoint.pth'
Elapsed time = 13.033311605453491 sec
----------
Epoch 402 / 600
train error: avg loss = 0.02631959
ES count = 1
Elapsed time = 12.724738836288452 sec
----------
Epoch 403 / 600
train error: avg loss = 0.02704314
ES count = 2
Elapsed time = 12.429176807403564 sec
----------
Epoch 404 / 600
train error: avg loss = 0.02654976
ES count = 3
Elapsed time = 12.772338390350342 sec
----------
Epoch 405 / 600
train error: avg loss = 0.02586102
ES count = 4
Elapsed time = 12.512404680252075 sec
----------
Epoch 406 / 600
train error: avg loss = 0.02719381
ES count = 5
Elapsed time = 12.494742631912231 sec
----------
Epoch 407 / 600
train error: avg loss = 0.02734889
ES count = 6
Elapsed time = 12.710182666778564 sec
----------
Epoch 408 / 600
train error: avg loss = 0.02710257
ES count = 7
Elapsed time = 12.557714939117432 sec
----------
Epoch 409 / 600
train error: avg loss = 0.02742308
ES count = 8
Elapsed time = 12.616594552993774 sec
----------
Epoch 410 / 600
train error: avg loss = 0.02609897
ES count = 9
Elapsed time = 12.628918409347534 sec
----------
Epoch 411 / 600
train error: avg loss = 0.02529271
ES count = 10
Elapsed time = 12.509226322174072 sec
----------
Epoch 412 / 600
train error: avg loss = 0.02723265
ES count = 11
Elapsed time = 12.710136890411377 sec
----------
Epoch 413 / 600
train error: avg loss = 0.02601182
ES count = 12
Elapsed time = 12.714003086090088 sec
----------
Epoch 414 / 600
train error: avg loss = 0.03059698
ES count = 13
Elapsed time = 12.502510786056519 sec
----------
Epoch 415 / 600
train error: avg loss = 0.02941360
ES count = 14
Elapsed time = 12.682435750961304 sec
----------
Epoch 416 / 600
train error: avg loss = 0.02569486
ES count = 15
Elapsed time = 12.593039274215698 sec
----------
Epoch 417 / 600
train error: avg loss = 0.02552818
ES count = 16
Elapsed time = 12.636804580688477 sec
----------
Epoch 418 / 600
train error: avg loss = 0.02612650
ES count = 17
Elapsed time = 12.58589768409729 sec
----------
Epoch 419 / 600
train error: avg loss = 0.02728447
ES count = 18
Elapsed time = 12.674439191818237 sec
----------
Epoch 420 / 600
train error: avg loss = 0.02718221
ES count = 19
Elapsed time = 12.58884859085083 sec
----------
Epoch 421 / 600
train error: avg loss = 0.02478720
ES count = 20
Elapsed time = 12.612855911254883 sec
----------
Epoch 422 / 600
train error: avg loss = 0.02628963
ES count = 21
Elapsed time = 12.715774059295654 sec
----------
Epoch 423 / 600
train error: avg loss = 0.02521265
ES count = 22
Elapsed time = 12.539635181427002 sec
----------
Epoch 424 / 600
train error: avg loss = 0.02640141
ES count = 23
Elapsed time = 12.89927363395691 sec
----------
Epoch 425 / 600
train error: avg loss = 0.02619064
ES count = 24
Elapsed time = 12.725146055221558 sec
----------
Epoch 426 / 600
train error: avg loss = 0.02441435
ES count = 25
Elapsed time = 12.580374240875244 sec
----------
Epoch 427 / 600
train error: avg loss = 0.02530299
ES count = 26
Elapsed time = 12.644315242767334 sec
----------
Epoch 428 / 600
train error: avg loss = 0.02816436
ES count = 27
Elapsed time = 12.42146110534668 sec
----------
Epoch 429 / 600
train error: avg loss = 0.02509923
ES count = 28
Elapsed time = 12.621813535690308 sec
----------
Epoch 430 / 600
train error: avg loss = 0.02501180
ES count = 29
Elapsed time = 12.711975336074829 sec
----------
Epoch 431 / 600
train error: avg loss = 0.02498390
ES count = 30
Elapsed time = 12.647151470184326 sec
----------
Epoch 432 / 600
train error: avg loss = 0.02455301
ES count = 31
Elapsed time = 12.358441829681396 sec
----------
Epoch 433 / 600
train error: avg loss = 0.02580314
ES count = 32
Elapsed time = 12.472512006759644 sec
----------
Epoch 434 / 600
train error: avg loss = 0.02577026
ES count = 33
Elapsed time = 12.929970979690552 sec
----------
Epoch 435 / 600
train error: avg loss = 0.02721952
ES count = 34
Elapsed time = 12.787014722824097 sec
----------
Epoch 436 / 600
train error: avg loss = 0.03070155
ES count = 35
Elapsed time = 12.80556845664978 sec
----------
Epoch 437 / 600
train error: avg loss = 0.02885879
ES count = 36
Elapsed time = 12.693885803222656 sec
----------
Epoch 438 / 600
train error: avg loss = 0.02699742
ES count = 37
Elapsed time = 12.718161821365356 sec
----------
Epoch 439 / 600
train error: avg loss = 0.03355371
ES count = 38
Elapsed time = 12.8866126537323 sec
----------
Epoch 440 / 600
train error: avg loss = 0.02924511
ES count = 39
Elapsed time = 12.695844173431396 sec
----------
Epoch 441 / 600
train error: avg loss = 0.02349861
Best loss is updated and ES count is reset.
Checkpoint saved to '/fsb/home/yutingwang/ytw_tangzq/schrodinger-bridge-sr-micrometeorology/data/DL_result/ExperimentSchrodingerBridge3dWind/config_wind_3d_ablation_no_thermal_night_large/checkpoint.pth'
Elapsed time = 13.407352924346924 sec
----------
Epoch 442 / 600
train error: avg loss = 0.02330561
Best loss is updated and ES count is reset.
Checkpoint saved to '/fsb/home/yutingwang/ytw_tangzq/schrodinger-bridge-sr-micrometeorology/data/DL_result/ExperimentSchrodingerBridge3dWind/config_wind_3d_ablation_no_thermal_night_large/checkpoint.pth'
Elapsed time = 13.3778395652771 sec
----------
Epoch 443 / 600
train error: avg loss = 0.02568259
ES count = 1
Elapsed time = 12.46317172050476 sec
----------
Epoch 444 / 600
train error: avg loss = 0.02535194
ES count = 2
Elapsed time = 12.637146472930908 sec
----------
Epoch 445 / 600
train error: avg loss = 0.02484678
ES count = 3
Elapsed time = 12.872392892837524 sec
----------
Epoch 446 / 600
train error: avg loss = 0.02530100
ES count = 4
Elapsed time = 12.72658634185791 sec
----------
Epoch 447 / 600
train error: avg loss = 0.02610320
ES count = 5
Elapsed time = 12.581717729568481 sec
----------
Epoch 448 / 600
train error: avg loss = 0.02541945
ES count = 6
Elapsed time = 13.270302534103394 sec
----------
Epoch 449 / 600
train error: avg loss = 0.02602656
ES count = 7
Elapsed time = 13.020036220550537 sec
----------
Epoch 450 / 600
train error: avg loss = 0.02591659
ES count = 8
Elapsed time = 13.23019027709961 sec
----------
Epoch 451 / 600
train error: avg loss = 0.02611155
ES count = 9
Elapsed time = 12.91593885421753 sec
----------
Epoch 452 / 600
train error: avg loss = 0.02397400
ES count = 10
Elapsed time = 12.473856687545776 sec
----------
Epoch 453 / 600
train error: avg loss = 0.02597881
ES count = 11
Elapsed time = 12.964613437652588 sec
----------
Epoch 454 / 600
train error: avg loss = 0.02636737
ES count = 12
Elapsed time = 12.69503116607666 sec
----------
Epoch 455 / 600
train error: avg loss = 0.02610873
ES count = 13
Elapsed time = 12.766669750213623 sec
----------
Epoch 456 / 600
train error: avg loss = 0.02659998
ES count = 14
Elapsed time = 13.03885817527771 sec
----------
Epoch 457 / 600
train error: avg loss = 0.02368356
ES count = 15
Elapsed time = 13.039134979248047 sec
----------
Epoch 458 / 600
train error: avg loss = 0.02738784
ES count = 16
Elapsed time = 12.670310974121094 sec
----------
Epoch 459 / 600
train error: avg loss = 0.02389528
ES count = 17
Elapsed time = 12.82208776473999 sec
----------
Epoch 460 / 600
train error: avg loss = 0.02982627
ES count = 18
Elapsed time = 12.635697841644287 sec
----------
Epoch 461 / 600
train error: avg loss = 0.03175938
ES count = 19
Elapsed time = 12.753758192062378 sec
----------
Epoch 462 / 600
train error: avg loss = 0.02703109
ES count = 20
Elapsed time = 12.884313583374023 sec
----------
Epoch 463 / 600
train error: avg loss = 0.02261865
Best loss is updated and ES count is reset.
Checkpoint saved to '/fsb/home/yutingwang/ytw_tangzq/schrodinger-bridge-sr-micrometeorology/data/DL_result/ExperimentSchrodingerBridge3dWind/config_wind_3d_ablation_no_thermal_night_large/checkpoint.pth'
Elapsed time = 13.400691986083984 sec
----------
Epoch 464 / 600
train error: avg loss = 0.02439319
ES count = 1
Elapsed time = 12.750368356704712 sec
----------
Epoch 465 / 600
train error: avg loss = 0.02476578
ES count = 2
Elapsed time = 12.627814769744873 sec
----------
Epoch 466 / 600
train error: avg loss = 0.02633763
ES count = 3
Elapsed time = 12.745761394500732 sec
----------
Epoch 467 / 600
train error: avg loss = 0.02378284
ES count = 4
Elapsed time = 12.480714321136475 sec
----------
Epoch 468 / 600
train error: avg loss = 0.02623002
ES count = 5
Elapsed time = 12.556103467941284 sec
----------
Epoch 469 / 600
train error: avg loss = 0.02236909
Best loss is updated and ES count is reset.
Checkpoint saved to '/fsb/home/yutingwang/ytw_tangzq/schrodinger-bridge-sr-micrometeorology/data/DL_result/ExperimentSchrodingerBridge3dWind/config_wind_3d_ablation_no_thermal_night_large/checkpoint.pth'
Elapsed time = 13.112022876739502 sec
----------
Epoch 470 / 600
train error: avg loss = 0.02610806
ES count = 1
Elapsed time = 12.752347469329834 sec
----------
Epoch 471 / 600
train error: avg loss = 0.02403759
ES count = 2
Elapsed time = 12.52079725265503 sec
----------
Epoch 472 / 600
train error: avg loss = 0.02635064
ES count = 3
Elapsed time = 12.575693845748901 sec
----------
Epoch 473 / 600
train error: avg loss = 0.02423524
ES count = 4
Elapsed time = 13.248603343963623 sec
----------
Epoch 474 / 600
train error: avg loss = 0.02682507
ES count = 5
Elapsed time = 12.806841135025024 sec
----------
Epoch 475 / 600
train error: avg loss = 0.02566875
ES count = 6
Elapsed time = 12.143620252609253 sec
----------
Epoch 476 / 600
train error: avg loss = 0.02469221
ES count = 7
Elapsed time = 13.118000984191895 sec
----------
Epoch 477 / 600
train error: avg loss = 0.02624889
ES count = 8
Elapsed time = 12.821601152420044 sec
----------
Epoch 478 / 600
train error: avg loss = 0.02476137
ES count = 9
Elapsed time = 12.299501657485962 sec
----------
Epoch 479 / 600
train error: avg loss = 0.02675241
ES count = 10
Elapsed time = 12.414714097976685 sec
----------
Epoch 480 / 600
train error: avg loss = 0.02396109
ES count = 11
Elapsed time = 12.211853981018066 sec
----------
Epoch 481 / 600
train error: avg loss = 0.02383140
ES count = 12
Elapsed time = 12.902880430221558 sec
----------
Epoch 482 / 600
train error: avg loss = 0.02342901
ES count = 13
Elapsed time = 13.112760305404663 sec
----------
Epoch 483 / 600
train error: avg loss = 0.02502010
ES count = 14
Elapsed time = 12.03227972984314 sec
----------
Epoch 484 / 600
train error: avg loss = 0.02844598
ES count = 15
Elapsed time = 11.808332443237305 sec
----------
Epoch 485 / 600
train error: avg loss = 0.02746540
ES count = 16
Elapsed time = 12.31901216506958 sec
----------
Epoch 486 / 600
train error: avg loss = 0.02504910
ES count = 17
Elapsed time = 12.512166023254395 sec
----------
Epoch 487 / 600
train error: avg loss = 0.02372653
ES count = 18
Elapsed time = 12.702877044677734 sec
----------
Epoch 488 / 600
train error: avg loss = 0.02436190
ES count = 19
Elapsed time = 12.458457231521606 sec
----------
Epoch 489 / 600
train error: avg loss = 0.02489953
ES count = 20
Elapsed time = 12.3057701587677 sec
----------
Epoch 490 / 600
train error: avg loss = 0.02611863
ES count = 21
Elapsed time = 12.43715214729309 sec
----------
Epoch 491 / 600
train error: avg loss = 0.02312605
ES count = 22
Elapsed time = 12.49381971359253 sec
----------
Epoch 492 / 600
train error: avg loss = 0.02597701
ES count = 23
Elapsed time = 12.084848880767822 sec
----------
Epoch 493 / 600
train error: avg loss = 0.02209563
Best loss is updated and ES count is reset.
Checkpoint saved to '/fsb/home/yutingwang/ytw_tangzq/schrodinger-bridge-sr-micrometeorology/data/DL_result/ExperimentSchrodingerBridge3dWind/config_wind_3d_ablation_no_thermal_night_large/checkpoint.pth'
Elapsed time = 13.022538661956787 sec
----------
Epoch 494 / 600
train error: avg loss = 0.02588004
ES count = 1
Elapsed time = 12.281020641326904 sec
----------
Epoch 495 / 600
train error: avg loss = 0.02738389
ES count = 2
Elapsed time = 11.828144311904907 sec
----------
Epoch 496 / 600
train error: avg loss = 0.03011417
ES count = 3
Elapsed time = 12.118247747421265 sec
----------
Epoch 497 / 600
train error: avg loss = 0.02538439
ES count = 4
Elapsed time = 12.139270782470703 sec
----------
Epoch 498 / 600
train error: avg loss = 0.02409405
ES count = 5
Elapsed time = 11.951903104782104 sec
----------
Epoch 499 / 600
train error: avg loss = 0.02636099
ES count = 6
Elapsed time = 12.409309148788452 sec
----------
Epoch 500 / 600
train error: avg loss = 0.02489758
ES count = 7
Epoch = 500. Save a periodic model snapshot.
Elapsed time = 13.289011716842651 sec
----------
Epoch 501 / 600
train error: avg loss = 0.02410668
ES count = 8
Elapsed time = 12.614463567733765 sec
----------
Epoch 502 / 600
train error: avg loss = 0.02389582
ES count = 9
Elapsed time = 12.613186359405518 sec
----------
Epoch 503 / 600
train error: avg loss = 0.02616247
ES count = 10
Elapsed time = 12.760470151901245 sec
----------
Epoch 504 / 600
train error: avg loss = 0.02307722
ES count = 11
Elapsed time = 12.526916265487671 sec
----------
Epoch 505 / 600
train error: avg loss = 0.02570062
ES count = 12
Elapsed time = 12.671605587005615 sec
----------
Epoch 506 / 600
train error: avg loss = 0.02660827
ES count = 13
Elapsed time = 12.900621891021729 sec
----------
Epoch 507 / 600
train error: avg loss = 0.02416836
ES count = 14
Elapsed time = 12.382103204727173 sec
----------
Epoch 508 / 600
train error: avg loss = 0.02556686
ES count = 15
Elapsed time = 12.375710725784302 sec
----------
Epoch 509 / 600
train error: avg loss = 0.02358143
ES count = 16
Elapsed time = 12.784903764724731 sec
----------
Epoch 510 / 600
train error: avg loss = 0.02388469
ES count = 17
Elapsed time = 12.35136342048645 sec
----------
Epoch 511 / 600
train error: avg loss = 0.02447163
ES count = 18
Elapsed time = 12.570732355117798 sec
----------
Epoch 512 / 600
train error: avg loss = 0.02364797
ES count = 19
Elapsed time = 12.451733350753784 sec
----------
Epoch 513 / 600
train error: avg loss = 0.02412201
ES count = 20
Elapsed time = 11.279112577438354 sec
----------
Epoch 514 / 600
train error: avg loss = 0.02195068
Best loss is updated and ES count is reset.
Checkpoint saved to '/fsb/home/yutingwang/ytw_tangzq/schrodinger-bridge-sr-micrometeorology/data/DL_result/ExperimentSchrodingerBridge3dWind/config_wind_3d_ablation_no_thermal_night_large/checkpoint.pth'
Elapsed time = 13.051976442337036 sec
----------
Epoch 515 / 600
train error: avg loss = 0.02413714
ES count = 1
Elapsed time = 11.70881962776184 sec
----------
Epoch 516 / 600
train error: avg loss = 0.02409381
ES count = 2
Elapsed time = 11.800334215164185 sec
----------
Epoch 517 / 600
train error: avg loss = 0.02454245
ES count = 3
Elapsed time = 11.852459192276001 sec
----------
Epoch 518 / 600
train error: avg loss = 0.02376127
ES count = 4
Elapsed time = 12.279511451721191 sec
----------
Epoch 519 / 600
train error: avg loss = 0.02318669
ES count = 5
Elapsed time = 11.966503143310547 sec
----------
Epoch 520 / 600
train error: avg loss = 0.02536660
ES count = 6
Elapsed time = 11.936886310577393 sec
----------
Epoch 521 / 600
train error: avg loss = 0.02314483
ES count = 7
Elapsed time = 11.350298643112183 sec
----------
Epoch 522 / 600
train error: avg loss = 0.02230288
ES count = 8
Elapsed time = 11.467445850372314 sec
----------
Epoch 523 / 600
train error: avg loss = 0.02361200
ES count = 9
Elapsed time = 12.513639688491821 sec
----------
Epoch 524 / 600
train error: avg loss = 0.02378125
ES count = 10
Elapsed time = 12.125277996063232 sec
----------
Epoch 525 / 600
train error: avg loss = 0.02334221
ES count = 11
Elapsed time = 12.227481842041016 sec
----------
Epoch 526 / 600
train error: avg loss = 0.02363422
ES count = 12
Elapsed time = 12.19904637336731 sec
----------
Epoch 527 / 600
train error: avg loss = 0.02549955
ES count = 13
Elapsed time = 12.59217095375061 sec
----------
Epoch 528 / 600
train error: avg loss = 0.02477163
ES count = 14
Elapsed time = 12.154094457626343 sec
----------
Epoch 529 / 600
train error: avg loss = 0.02493597
ES count = 15
Elapsed time = 11.752554893493652 sec
----------
Epoch 530 / 600
train error: avg loss = 0.02852384
ES count = 16
Elapsed time = 12.135377645492554 sec
----------
Epoch 531 / 600
train error: avg loss = 0.03520986
ES count = 17
Elapsed time = 12.541437864303589 sec
----------
Epoch 532 / 600
train error: avg loss = 0.02624996
ES count = 18
Elapsed time = 12.681666851043701 sec
----------
Epoch 533 / 600
train error: avg loss = 0.02216742
ES count = 19
Elapsed time = 11.849952220916748 sec
----------
Epoch 534 / 600
train error: avg loss = 0.02619018
ES count = 20
Elapsed time = 11.61044430732727 sec
----------
Epoch 535 / 600
train error: avg loss = 0.02454673
ES count = 21
Elapsed time = 11.9147789478302 sec
----------
Epoch 536 / 600
train error: avg loss = 0.02407748
ES count = 22
Elapsed time = 11.789356231689453 sec
----------
Epoch 537 / 600
train error: avg loss = 0.02345098
ES count = 23
Elapsed time = 12.254096269607544 sec
----------
Epoch 538 / 600
train error: avg loss = 0.02329801
ES count = 24
Elapsed time = 12.320554971694946 sec
----------
Epoch 539 / 600
train error: avg loss = 0.02335419
ES count = 25
Elapsed time = 12.244030714035034 sec
----------
Epoch 540 / 600
train error: avg loss = 0.02405235
ES count = 26
Elapsed time = 12.1008882522583 sec
----------
Epoch 541 / 600
train error: avg loss = 0.02511304
ES count = 27
Elapsed time = 12.335780143737793 sec
----------
Epoch 542 / 600
train error: avg loss = 0.02616826
ES count = 28
Elapsed time = 12.171909093856812 sec
----------
Epoch 543 / 600
train error: avg loss = 0.02231522
ES count = 29
Elapsed time = 12.071911334991455 sec
----------
Epoch 544 / 600
train error: avg loss = 0.02395457
ES count = 30
Elapsed time = 12.011296510696411 sec
----------
Epoch 545 / 600
train error: avg loss = 0.02438379
ES count = 31
Elapsed time = 11.766379356384277 sec
----------
Epoch 546 / 600
train error: avg loss = 0.02347237
ES count = 32
Elapsed time = 12.358850240707397 sec
----------
Epoch 547 / 600
train error: avg loss = 0.02119490
Best loss is updated and ES count is reset.
Checkpoint saved to '/fsb/home/yutingwang/ytw_tangzq/schrodinger-bridge-sr-micrometeorology/data/DL_result/ExperimentSchrodingerBridge3dWind/config_wind_3d_ablation_no_thermal_night_large/checkpoint.pth'
Elapsed time = 13.224738597869873 sec
----------
Epoch 548 / 600
train error: avg loss = 0.02413313
ES count = 1
Elapsed time = 12.403975248336792 sec
----------
Epoch 549 / 600
train error: avg loss = 0.02671099
ES count = 2
Elapsed time = 12.155277967453003 sec
----------
Epoch 550 / 600
train error: avg loss = 0.02455109
ES count = 3
Elapsed time = 12.353708982467651 sec
----------
Epoch 551 / 600
train error: avg loss = 0.02328214
ES count = 4
Elapsed time = 12.437127590179443 sec
----------
Epoch 552 / 600
train error: avg loss = 0.02348667
ES count = 5
Elapsed time = 12.378889560699463 sec
----------
Epoch 553 / 600
train error: avg loss = 0.02449639
ES count = 6
Elapsed time = 12.555121660232544 sec
----------
Epoch 554 / 600
train error: avg loss = 0.02324565
ES count = 7
Elapsed time = 12.723766803741455 sec
----------
Epoch 555 / 600
train error: avg loss = 0.02521386
ES count = 8
Elapsed time = 12.568711996078491 sec
----------
Epoch 556 / 600
train error: avg loss = 0.02297103
ES count = 9
Elapsed time = 13.375128030776978 sec
----------
Epoch 557 / 600
train error: avg loss = 0.02283168
ES count = 10
Elapsed time = 13.115339994430542 sec
----------
Epoch 558 / 600
train error: avg loss = 0.02704521
ES count = 11
Elapsed time = 12.213390827178955 sec
----------
Epoch 559 / 600
train error: avg loss = 0.02295178
ES count = 12
Elapsed time = 13.048186779022217 sec
----------
Epoch 560 / 600
train error: avg loss = 0.02513692
ES count = 13
Elapsed time = 12.48622441291809 sec
----------
Epoch 561 / 600
train error: avg loss = 0.02781591
ES count = 14
Elapsed time = 12.881288290023804 sec
----------
Epoch 562 / 600
train error: avg loss = 0.02632182
ES count = 15
Elapsed time = 13.277035474777222 sec
----------
Epoch 563 / 600
train error: avg loss = 0.02417220
ES count = 16
Elapsed time = 12.495710372924805 sec
----------
Epoch 564 / 600
train error: avg loss = 0.02360100
ES count = 17
Elapsed time = 12.664818286895752 sec
----------
Epoch 565 / 600
train error: avg loss = 0.02455863
ES count = 18
Elapsed time = 13.01145625114441 sec
----------
Epoch 566 / 600
train error: avg loss = 0.02395104
ES count = 19
Elapsed time = 13.252665042877197 sec
----------
Epoch 567 / 600
train error: avg loss = 0.02315543
ES count = 20
Elapsed time = 13.057961702346802 sec
----------
Epoch 568 / 600
train error: avg loss = 0.02142679
ES count = 21
Elapsed time = 12.815298795700073 sec
----------
Epoch 569 / 600
train error: avg loss = 0.02211231
ES count = 22
Elapsed time = 12.437127828598022 sec
----------
Epoch 570 / 600
train error: avg loss = 0.02217890
ES count = 23
Elapsed time = 12.888223886489868 sec
----------
Epoch 571 / 600
train error: avg loss = 0.02196369
ES count = 24
Elapsed time = 12.949343919754028 sec
----------
Epoch 572 / 600
train error: avg loss = 0.02536464
ES count = 25
Elapsed time = 12.853368759155273 sec
----------
Epoch 573 / 600
train error: avg loss = 0.02419697
ES count = 26
Elapsed time = 13.07576608657837 sec
----------
Epoch 574 / 600
train error: avg loss = 0.02415675
ES count = 27
Elapsed time = 12.980263710021973 sec
----------
Epoch 575 / 600
train error: avg loss = 0.02365431
ES count = 28
Elapsed time = 13.01244306564331 sec
----------
Epoch 576 / 600
train error: avg loss = 0.02454273
ES count = 29
Elapsed time = 13.271433353424072 sec
----------
Epoch 577 / 600
train error: avg loss = 0.02260199
ES count = 30
Elapsed time = 13.188079833984375 sec
----------
Epoch 578 / 600
train error: avg loss = 0.02457979
ES count = 31
Elapsed time = 13.283361911773682 sec
----------
Epoch 579 / 600
train error: avg loss = 0.02222636
ES count = 32
Elapsed time = 13.397599697113037 sec
----------
Epoch 580 / 600
train error: avg loss = 0.02197485
ES count = 33
Elapsed time = 12.96732211112976 sec
----------
Epoch 581 / 600
train error: avg loss = 0.02667182
ES count = 34
Elapsed time = 13.172133922576904 sec
----------
Epoch 582 / 600
train error: avg loss = 0.02497822
ES count = 35
Elapsed time = 13.1299307346344 sec
----------
Epoch 583 / 600
train error: avg loss = 0.02306115
ES count = 36
Elapsed time = 12.929685354232788 sec
----------
Epoch 584 / 600
train error: avg loss = 0.02630600
ES count = 37
Elapsed time = 13.278760433197021 sec
----------
Epoch 585 / 600
train error: avg loss = 0.02460356
ES count = 38
Elapsed time = 12.756993293762207 sec
----------
Epoch 586 / 600
train error: avg loss = 0.02307474
ES count = 39
Elapsed time = 12.332523584365845 sec
----------
Epoch 587 / 600
train error: avg loss = 0.02317123
ES count = 40
Elapsed time = 12.613419771194458 sec
----------
Epoch 588 / 600
train error: avg loss = 0.02352299
ES count = 41
Elapsed time = 12.60546326637268 sec
----------
Epoch 589 / 600
train error: avg loss = 0.02563085
ES count = 42
Elapsed time = 12.554215431213379 sec
----------
Epoch 590 / 600
train error: avg loss = 0.02534411
ES count = 43
Elapsed time = 13.163806200027466 sec
----------
Epoch 591 / 600
train error: avg loss = 0.02335325
ES count = 44
Elapsed time = 12.635223865509033 sec
----------
Epoch 592 / 600
train error: avg loss = 0.02386492
ES count = 45
Elapsed time = 12.5224027633667 sec
----------
Epoch 593 / 600
train error: avg loss = 0.02570588
ES count = 46
Elapsed time = 12.633605241775513 sec
----------
Epoch 594 / 600
train error: avg loss = 0.02689174
ES count = 47
Elapsed time = 12.475426435470581 sec
----------
Epoch 595 / 600
train error: avg loss = 0.02589096
ES count = 48
Elapsed time = 12.434763193130493 sec
----------
Epoch 596 / 600
train error: avg loss = 0.02290322
ES count = 49
Elapsed time = 12.60753607749939 sec
----------
Epoch 597 / 600
train error: avg loss = 0.02388302
ES count = 50
Elapsed time = 12.463488340377808 sec
----------
Epoch 598 / 600
train error: avg loss = 0.02341968
ES count = 51
Elapsed time = 12.210514068603516 sec
----------
Epoch 599 / 600
train error: avg loss = 0.02276175
ES count = 52
Elapsed time = 12.528019189834595 sec
----------
Epoch 600 / 600
train error: avg loss = 0.02454728
ES count = 53
Epoch = 600. Save a periodic model snapshot.
Elapsed time = 12.630143880844116 sec
----------
Epoch 601 / 600
train error: avg loss = 0.02446465
ES count = 54
Elapsed time = 12.580292463302612 sec
----------
Train end: 2026-07-15T16:19:38.177987+00:00 UTC
Best epoch: 547, best_loss: 0.02119490
Total elapsed time = 127.58602087100347 min

**************************************************
Make inference
**************************************************


Inference at epoch 100.
UNetDDPMVer01 is created
dataset_config.dataset_name='Dataset3dWind'
The total files = 480. A part of them is used for training.
train: 146/335 samples kept after day_night_filter=night
valid: 31/70 samples kept after day_night_filter=night
test: 35/75 samples kept after day_night_filter=night
All files give to dataset are 31.
Reading all files.
valid: dataset size = 31, batch num = 16

Requested 60 samples, but only 31 are available. Using all available data.
Inference out = /fsb/home/yutingwang/ytw_tangzq/schrodinger-bridge-sr-micrometeorology/data/DL_result/ExperimentSchrodingerBridge3dWind/config_wind_3d_ablation_no_thermal_night_large/inference_0100.pickle
Total elapsed time = 0.5214358329772949 min


Inference at epoch 200.
UNetDDPMVer01 is created
dataset_config.dataset_name='Dataset3dWind'
The total files = 480. A part of them is used for training.
train: 146/335 samples kept after day_night_filter=night
valid: 31/70 samples kept after day_night_filter=night
test: 35/75 samples kept after day_night_filter=night
All files give to dataset are 31.
Reading all files.
valid: dataset size = 31, batch num = 16

Requested 60 samples, but only 31 are available. Using all available data.
Inference out = /fsb/home/yutingwang/ytw_tangzq/schrodinger-bridge-sr-micrometeorology/data/DL_result/ExperimentSchrodingerBridge3dWind/config_wind_3d_ablation_no_thermal_night_large/inference_0200.pickle
Total elapsed time = 0.24754631916681927 min


Inference at epoch 300.
UNetDDPMVer01 is created
dataset_config.dataset_name='Dataset3dWind'
The total files = 480. A part of them is used for training.
train: 146/335 samples kept after day_night_filter=night
valid: 31/70 samples kept after day_night_filter=night
test: 35/75 samples kept after day_night_filter=night
All files give to dataset are 31.
Reading all files.
valid: dataset size = 31, batch num = 16

Requested 60 samples, but only 31 are available. Using all available data.
Inference out = /fsb/home/yutingwang/ytw_tangzq/schrodinger-bridge-sr-micrometeorology/data/DL_result/ExperimentSchrodingerBridge3dWind/config_wind_3d_ablation_no_thermal_night_large/inference_0300.pickle
Total elapsed time = 0.209523610273997 min


Inference at epoch 400.
UNetDDPMVer01 is created
dataset_config.dataset_name='Dataset3dWind'
The total files = 480. A part of them is used for training.
train: 146/335 samples kept after day_night_filter=night
valid: 31/70 samples kept after day_night_filter=night
test: 35/75 samples kept after day_night_filter=night
All files give to dataset are 31.
Reading all files.
valid: dataset size = 31, batch num = 16

Requested 60 samples, but only 31 are available. Using all available data.
Inference out = /fsb/home/yutingwang/ytw_tangzq/schrodinger-bridge-sr-micrometeorology/data/DL_result/ExperimentSchrodingerBridge3dWind/config_wind_3d_ablation_no_thermal_night_large/inference_0400.pickle
Total elapsed time = 0.22994033495585123 min


Inference at epoch 500.
UNetDDPMVer01 is created
dataset_config.dataset_name='Dataset3dWind'
The total files = 480. A part of them is used for training.
train: 146/335 samples kept after day_night_filter=night
valid: 31/70 samples kept after day_night_filter=night
test: 35/75 samples kept after day_night_filter=night
All files give to dataset are 31.
Reading all files.
valid: dataset size = 31, batch num = 16

Requested 60 samples, but only 31 are available. Using all available data.
Inference out = /fsb/home/yutingwang/ytw_tangzq/schrodinger-bridge-sr-micrometeorology/data/DL_result/ExperimentSchrodingerBridge3dWind/config_wind_3d_ablation_no_thermal_night_large/inference_0500.pickle
Total elapsed time = 0.24822556177775065 min


Inference at epoch 600.
UNetDDPMVer01 is created
dataset_config.dataset_name='Dataset3dWind'
The total files = 480. A part of them is used for training.
train: 146/335 samples kept after day_night_filter=night
valid: 31/70 samples kept after day_night_filter=night
test: 35/75 samples kept after day_night_filter=night
All files give to dataset are 31.
Reading all files.
valid: dataset size = 31, batch num = 16

Requested 60 samples, but only 31 are available. Using all available data.
Inference out = /fsb/home/yutingwang/ytw_tangzq/schrodinger-bridge-sr-micrometeorology/data/DL_result/ExperimentSchrodingerBridge3dWind/config_wind_3d_ablation_no_thermal_night_large/inference_0600.pickle
Total elapsed time = 0.16959178845087688 min

End all inference processes.

End: Thu Jul 16 00:21:21 CST 2026

------------------------------------------------------------
Sender: LSF System <lsfadmin@m002>
Subject: Job 13763908: <abl_large_night_no_thermal> in cluster <hpc> Done

Job <abl_large_night_no_thermal> was submitted from host <login1> by user <ytw_tangzq> in cluster <hpc> at Wed Jul 15 22:10:28 2026
Job was executed on host(s) <6*m002>, in queue <723090ib>, as user <ytw_tangzq> in cluster <hpc> at Wed Jul 15 22:10:29 2026
</fsb/home/yutingwang/ytw_tangzq> was used as the home directory.
</fsb/home/yutingwang/ytw_tangzq/schrodinger-bridge-sr-micrometeorology> was used as the working directory.
Started at Wed Jul 15 22:10:29 2026
Terminated at Thu Jul 16 00:21:21 2026
Results reported at Thu Jul 16 00:21:21 2026

Your job looked like:

------------------------------------------------------------
# LSBATCH: User input
#!/bin/bash
# ============================================
# LSF — Day/Night Ablation Large (192x192, 64ch): NoThermal (night)
# 192x192 + inner_ch=64 + pure L2 + GPU
# ============================================
#BSUB -q 723090ib
#BSUB -gpu "num=1:mode=exclusive_process"
#BSUB -n 4
#BSUB -R "rusage[mem=32000]"
#BSUB -J abl_large_night_no_thermal
#BSUB -o logs/abl_large_night_no_thermal_%J.out
#BSUB -e logs/abl_large_night_no_thermal_%J.err

module load anaconda/3
module load cuda/11.8.0
source activate wind3d

cd $LS_SUBCWD
mkdir -p logs

echo "=== Ablation: NoThermal | Filter: night | Large (192x192, 64ch) ==="
echo "Config: configs/config_wind_3d_ablation_no_thermal_night_large.yml"
echo "Host: $(hostname)"
echo "GPU:  $(nvidia-smi --query-gpu=name,memory.total --format=csv,noheader 2>/dev/null || echo 'N/A')"
echo "Start: $(date)"
echo ""

python scripts/train_schrodinger_bridge_model.py \
  --config_path configs/config_wind_3d_ablation_no_thermal_night_large.yml \
  --experiment_name ExperimentSchrodingerBridge3dWind \
  --device cuda:0

echo ""
echo "End: $(date)"

------------------------------------------------------------

Successfully completed.

Resource usage summary:

    CPU time :                                   4980.81 sec.
    Max Memory :                                 2390 MB
    Average Memory :                             2248.03 MB
    Total Requested Memory :                     32000.00 MB
    Delta Memory :                               29610.00 MB
    Max Swap :                                   -
    Max Processes :                              8
    Max Threads :                                48
    Run time :                                   7852 sec.
    Turnaround time :                            7853 sec.

The output (if any) is above this job summary.



PS:

Read file <logs/abl_large_night_no_thermal_13763908.err> for stderr output of this job.

