=== Ablation: NoTerrain | Filter: night | Large (192x192, 64ch) ===
Config: configs/config_wind_3d_ablation_no_terrain_night_large.yml
Host: m003
GPU:  NVIDIA GeForce RTX 3090, 24576 MiB
Start: Wed Jul 15 22:10:33 CST 2026

Experiment Schrodinger-Bridge 3D Wind Model is selected.

**************************************************
Show configuration
**************************************************

experiment_name='ExperimentSchrodingerBridge3dWind'
config_name='config_wind_3d_ablation_no_terrain_night_large'
config_path='configs/config_wind_3d_ablation_no_terrain_night_large.yml'
result_dir_path='/fsb/home/yutingwang/ytw_tangzq/schrodinger-bridge-sr-micrometeorology/data/DL_result/ExperimentSchrodingerBridge3dWind/config_wind_3d_ablation_no_terrain_night_large'

Input config = {
  "data": {
    "target_variable_names": [
      "hr_u_ml0",
      "hr_v_ml0",
      "hr_w_ml0",
      "hr_u_ml1",
      "hr_v_ml1",
      "hr_w_ml1",
      "hr_u_ml2",
      "hr_v_ml2",
      "hr_w_ml2",
      "hr_u_ml3",
      "hr_v_ml3",
      "hr_w_ml3",
      "hr_u_ml5",
      "hr_v_ml5",
      "hr_w_ml5",
      "hr_u_ml10",
      "hr_v_ml10",
      "hr_w_ml10"
    ],
    "input_variable_names": [
      "t2",
      "tsk",
      "swdown",
      "glw",
      "hfx",
      "lh",
      "psfc",
      "pblh"
    ],
    "biases": {
      "hr_u_ml0": -1.95426,
      "hr_v_ml0": 2.778181,
      "hr_w_ml0": -0.005726,
      "lr_u_ml0": -1.95424,
      "lr_v_ml0": 2.778251,
      "lr_w_ml0": -0.00573,
      "hr_u_ml1": -2.236401,
      "hr_v_ml1": 3.337655,
      "hr_w_ml1": -0.005083,
      "lr_u_ml1": -2.236384,
      "lr_v_ml1": 3.337749,
      "lr_w_ml1": -0.005087,
      "hr_u_ml2": -2.376027,
      "hr_v_ml2": 3.760786,
      "hr_w_ml2": -0.003274,
      "lr_u_ml2": -2.37602,
      "lr_v_ml2": 3.760872,
      "lr_w_ml2": -0.003278,
      "hr_u_ml3": -2.451712,
      "hr_v_ml3": 4.141908,
      "hr_w_ml3": -0.000605,
      "lr_u_ml3": -2.451715,
      "lr_v_ml3": 4.141976,
      "lr_w_ml3": -0.000607,
      "hr_u_ml5": -2.441044,
      "hr_v_ml5": 4.68079,
      "hr_w_ml5": 0.005137,
      "lr_u_ml5": -2.441062,
      "lr_v_ml5": 4.680834,
      "lr_w_ml5": 0.005142,
      "hr_u_ml10": -2.472078,
      "hr_v_ml10": 3.227569,
      "hr_w_ml10": 0.008199,
      "lr_u_ml10": -2.472082,
      "lr_v_ml10": 3.227579,
      "lr_w_ml10": 0.008219,
      "t2": 301.998962,
      "z": 37.488346,
      "lu": 16.725618,
      "tsk": 303.561615,
      "swdown": 269.639557,
      "glw": 431.122955,
      "hfx": 42.14484,
      "lh": 96.566574,
      "psfc": 99869.882812,
      "pblh": 525.545227
    },
    "scales": {
      "hr_u_ml0": 4.402796,
      "hr_v_ml0": 3.525334,
      "hr_w_ml0": 0.148159,
      "lr_u_ml0": 4.364602,
      "lr_v_ml0": 3.472649,
      "lr_w_ml0": 0.083609,
      "hr_u_ml1": 5.105578,
      "hr_v_ml1": 3.983906,
      "hr_w_ml1": 0.191652,
      "lr_u_ml1": 5.07354,
      "lr_v_ml1": 3.939374,
      "lr_w_ml1": 0.105055,
      "hr_u_ml2": 5.622042,
      "hr_v_ml2": 4.207778,
      "hr_w_ml2": 0.220411,
      "lr_u_ml2": 5.597043,
      "lr_v_ml2": 4.172642,
      "lr_w_ml2": 0.12159,
      "hr_u_ml3": 6.141271,
      "hr_v_ml3": 4.357533,
      "hr_w_ml3": 0.247615,
      "lr_u_ml3": 6.121758,
      "lr_v_ml3": 4.329672,
      "lr_w_ml3": 0.137457,
      "hr_u_ml5": 7.334366,
      "hr_v_ml5": 4.558024,
      "hr_w_ml5": 0.295489,
      "lr_u_ml5": 7.32196,
      "lr_v_ml5": 4.538525,
      "lr_w_ml5": 0.168024,
      "hr_u_ml10": 7.964198,
      "hr_v_ml10": 4.241252,
      "hr_w_ml10": 0.334629,
      "lr_u_ml10": 7.956287,
      "lr_v_ml10": 4.225603,
      "lr_w_ml10": 0.198061,
      "t2": 2.14623,
      "z": 79.458443,
      "lu": 9.772256,
      "tsk": 4.892428,
      "swdown": 347.248718,
      "glw": 14.475859,
      "hfx": 85.938927,
      "lh": 118.271515,
      "psfc": 908.404907,
      "pblh": 357.77951
    },
    "is_clipped": false,
    "min_clipped_value": null,
    "max_clipped_value": null,
    "missing_value": 0.0,
    "hr_data_shape": [
      192,
      192
    ],
    "hr_cropped_shape": [
      192,
      192
    ],
    "dtype": "float32",
    "discarded_minute_range": [
      1,
      30
    ],
    "day_night_filter": "night"
  },
  "loader": {
    "batch_size": 2,
    "dl_data_ver": "wrf_3d_v1",
    "train_valid_test_ratios": [
      0.7,
      0.145,
      0.155
    ],
    "num_workers": 4,
    "seed": 42
  },
  "train": {
    "epochs": 600,
    "early_stopping_patience": 400,
    "seed": 78268,
    "learning_rate": 0.0005,
    "optim_name": "AdamW",
    "loss": {
      "loss_name": "L2"
    },
    "use_amp": false,
    "ema_decay": null,
    "save_interval": 100
  },
  "model": {
    "in_channel": 26,
    "inner_channel": 64,
    "out_channel": 18,
    "res_blocks": 1,
    "channel_mults": [
      1,
      2,
      4,
      8,
      8
    ],
    "attn_res": [
      16
    ],
    "channels_each_head": 16,
    "dropout": 0.2,
    "resblock_updown": true,
    "max_period": 10.0
  },
  "si": {
    "n_timestep": 10,
    "eps": 0.2,
    "formula": "quadratic",
    "loss_type": "L2",
    "channel_weights": null,
    "divergence_weight": 0.0,
    "vorticity_weight": 0.0
  }
}

dataset_config.dataset_name='Dataset3dWind'
The total files = 480. A part of them is used for training.
train: 146/335 samples kept after day_night_filter=night
valid: 31/70 samples kept after day_night_filter=night
test: 35/75 samples kept after day_night_filter=night
All files give to dataset are 146.
Reading all files.
train: dataset size = 146, batch num = 73

All files give to dataset are 31.
Reading all files.
valid: dataset size = 31, batch num = 16

DEBUG-DICT_LOADERS:73
UNetDDPMVer01 is created
EMA self.decay=None
Optimizer is AdamW.
No checkpoint found at '/fsb/home/yutingwang/ytw_tangzq/schrodinger-bridge-sr-micrometeorology/data/DL_result/ExperimentSchrodingerBridge3dWind/config_wind_3d_ablation_no_terrain_night_large/checkpoint.pth'. Starting training from scratch.

**************************************************
Train model
**************************************************

Train start: 2026-07-15 14:12:03.000194+00:00 UTC
Saving interval = 100
EMA decay rate = None
Epoch 1 / 600
train error: avg loss = 0.55512603
Best loss is updated and ES count is reset.
Checkpoint saved to '/fsb/home/yutingwang/ytw_tangzq/schrodinger-bridge-sr-micrometeorology/data/DL_result/ExperimentSchrodingerBridge3dWind/config_wind_3d_ablation_no_terrain_night_large/checkpoint.pth'
Elapsed time = 13.700947046279907 sec
----------
Epoch 2 / 600
train error: avg loss = 0.35818939
Best loss is updated and ES count is reset.
Checkpoint saved to '/fsb/home/yutingwang/ytw_tangzq/schrodinger-bridge-sr-micrometeorology/data/DL_result/ExperimentSchrodingerBridge3dWind/config_wind_3d_ablation_no_terrain_night_large/checkpoint.pth'
Elapsed time = 8.060830116271973 sec
----------
Epoch 3 / 600
train error: avg loss = 0.24579539
Best loss is updated and ES count is reset.
Checkpoint saved to '/fsb/home/yutingwang/ytw_tangzq/schrodinger-bridge-sr-micrometeorology/data/DL_result/ExperimentSchrodingerBridge3dWind/config_wind_3d_ablation_no_terrain_night_large/checkpoint.pth'
Elapsed time = 8.478708028793335 sec
----------
Epoch 4 / 600
train error: avg loss = 0.20425571
Best loss is updated and ES count is reset.
Checkpoint saved to '/fsb/home/yutingwang/ytw_tangzq/schrodinger-bridge-sr-micrometeorology/data/DL_result/ExperimentSchrodingerBridge3dWind/config_wind_3d_ablation_no_terrain_night_large/checkpoint.pth'
Elapsed time = 8.436331033706665 sec
----------
Epoch 5 / 600
train error: avg loss = 0.15746288
Best loss is updated and ES count is reset.
Checkpoint saved to '/fsb/home/yutingwang/ytw_tangzq/schrodinger-bridge-sr-micrometeorology/data/DL_result/ExperimentSchrodingerBridge3dWind/config_wind_3d_ablation_no_terrain_night_large/checkpoint.pth'
Elapsed time = 8.408166646957397 sec
----------
Epoch 6 / 600
train error: avg loss = 0.13532769
Best loss is updated and ES count is reset.
Checkpoint saved to '/fsb/home/yutingwang/ytw_tangzq/schrodinger-bridge-sr-micrometeorology/data/DL_result/ExperimentSchrodingerBridge3dWind/config_wind_3d_ablation_no_terrain_night_large/checkpoint.pth'
Elapsed time = 8.808250188827515 sec
----------
Epoch 7 / 600
train error: avg loss = 0.13960713
ES count = 1
Elapsed time = 7.667382001876831 sec
----------
Epoch 8 / 600
train error: avg loss = 0.12868189
Best loss is updated and ES count is reset.
Checkpoint saved to '/fsb/home/yutingwang/ytw_tangzq/schrodinger-bridge-sr-micrometeorology/data/DL_result/ExperimentSchrodingerBridge3dWind/config_wind_3d_ablation_no_terrain_night_large/checkpoint.pth'
Elapsed time = 8.258161306381226 sec
----------
Epoch 9 / 600
train error: avg loss = 0.12142292
Best loss is updated and ES count is reset.
Checkpoint saved to '/fsb/home/yutingwang/ytw_tangzq/schrodinger-bridge-sr-micrometeorology/data/DL_result/ExperimentSchrodingerBridge3dWind/config_wind_3d_ablation_no_terrain_night_large/checkpoint.pth'
Elapsed time = 8.53527021408081 sec
----------
Epoch 10 / 600
train error: avg loss = 0.10459736
Best loss is updated and ES count is reset.
Checkpoint saved to '/fsb/home/yutingwang/ytw_tangzq/schrodinger-bridge-sr-micrometeorology/data/DL_result/ExperimentSchrodingerBridge3dWind/config_wind_3d_ablation_no_terrain_night_large/checkpoint.pth'
Elapsed time = 8.795602798461914 sec
----------
Epoch 11 / 600
train error: avg loss = 0.10409136
Best loss is updated and ES count is reset.
Checkpoint saved to '/fsb/home/yutingwang/ytw_tangzq/schrodinger-bridge-sr-micrometeorology/data/DL_result/ExperimentSchrodingerBridge3dWind/config_wind_3d_ablation_no_terrain_night_large/checkpoint.pth'
Elapsed time = 8.422883033752441 sec
----------
Epoch 12 / 600
train error: avg loss = 0.09962951
Best loss is updated and ES count is reset.
Checkpoint saved to '/fsb/home/yutingwang/ytw_tangzq/schrodinger-bridge-sr-micrometeorology/data/DL_result/ExperimentSchrodingerBridge3dWind/config_wind_3d_ablation_no_terrain_night_large/checkpoint.pth'
Elapsed time = 8.37358283996582 sec
----------
Epoch 13 / 600
train error: avg loss = 0.09285602
Best loss is updated and ES count is reset.
Checkpoint saved to '/fsb/home/yutingwang/ytw_tangzq/schrodinger-bridge-sr-micrometeorology/data/DL_result/ExperimentSchrodingerBridge3dWind/config_wind_3d_ablation_no_terrain_night_large/checkpoint.pth'
Elapsed time = 8.274581909179688 sec
----------
Epoch 14 / 600
train error: avg loss = 0.09185947
Best loss is updated and ES count is reset.
Checkpoint saved to '/fsb/home/yutingwang/ytw_tangzq/schrodinger-bridge-sr-micrometeorology/data/DL_result/ExperimentSchrodingerBridge3dWind/config_wind_3d_ablation_no_terrain_night_large/checkpoint.pth'
Elapsed time = 8.386265754699707 sec
----------
Epoch 15 / 600
train error: avg loss = 0.08298541
Best loss is updated and ES count is reset.
Checkpoint saved to '/fsb/home/yutingwang/ytw_tangzq/schrodinger-bridge-sr-micrometeorology/data/DL_result/ExperimentSchrodingerBridge3dWind/config_wind_3d_ablation_no_terrain_night_large/checkpoint.pth'
Elapsed time = 8.262807130813599 sec
----------
Epoch 16 / 600
train error: avg loss = 0.08139908
Best loss is updated and ES count is reset.
Checkpoint saved to '/fsb/home/yutingwang/ytw_tangzq/schrodinger-bridge-sr-micrometeorology/data/DL_result/ExperimentSchrodingerBridge3dWind/config_wind_3d_ablation_no_terrain_night_large/checkpoint.pth'
Elapsed time = 8.695375919342041 sec
----------
Epoch 17 / 600
train error: avg loss = 0.07546006
Best loss is updated and ES count is reset.
Checkpoint saved to '/fsb/home/yutingwang/ytw_tangzq/schrodinger-bridge-sr-micrometeorology/data/DL_result/ExperimentSchrodingerBridge3dWind/config_wind_3d_ablation_no_terrain_night_large/checkpoint.pth'
Elapsed time = 8.579718112945557 sec
----------
Epoch 18 / 600
train error: avg loss = 0.07327763
Best loss is updated and ES count is reset.
Checkpoint saved to '/fsb/home/yutingwang/ytw_tangzq/schrodinger-bridge-sr-micrometeorology/data/DL_result/ExperimentSchrodingerBridge3dWind/config_wind_3d_ablation_no_terrain_night_large/checkpoint.pth'
Elapsed time = 8.797348737716675 sec
----------
Epoch 19 / 600
train error: avg loss = 0.09453108
ES count = 1
Elapsed time = 7.656096458435059 sec
----------
Epoch 20 / 600
train error: avg loss = 0.07987546
ES count = 2
Elapsed time = 7.638895034790039 sec
----------
Epoch 21 / 600
train error: avg loss = 0.07392300
ES count = 3
Elapsed time = 7.736297607421875 sec
----------
Epoch 22 / 600
train error: avg loss = 0.07217986
Best loss is updated and ES count is reset.
Checkpoint saved to '/fsb/home/yutingwang/ytw_tangzq/schrodinger-bridge-sr-micrometeorology/data/DL_result/ExperimentSchrodingerBridge3dWind/config_wind_3d_ablation_no_terrain_night_large/checkpoint.pth'
Elapsed time = 8.222955226898193 sec
----------
Epoch 23 / 600
train error: avg loss = 0.07326622
ES count = 1
Elapsed time = 7.694875478744507 sec
----------
Epoch 24 / 600
train error: avg loss = 0.07378732
ES count = 2
Elapsed time = 7.761821746826172 sec
----------
Epoch 25 / 600
train error: avg loss = 0.07244014
ES count = 3
Elapsed time = 7.8267600536346436 sec
----------
Epoch 26 / 600
train error: avg loss = 0.06374265
Best loss is updated and ES count is reset.
Checkpoint saved to '/fsb/home/yutingwang/ytw_tangzq/schrodinger-bridge-sr-micrometeorology/data/DL_result/ExperimentSchrodingerBridge3dWind/config_wind_3d_ablation_no_terrain_night_large/checkpoint.pth'
Elapsed time = 8.266149520874023 sec
----------
Epoch 27 / 600
train error: avg loss = 0.07274502
ES count = 1
Elapsed time = 7.535048723220825 sec
----------
Epoch 28 / 600
train error: avg loss = 0.07471374
ES count = 2
Elapsed time = 7.741567373275757 sec
----------
Epoch 29 / 600
train error: avg loss = 0.05778949
Best loss is updated and ES count is reset.
Checkpoint saved to '/fsb/home/yutingwang/ytw_tangzq/schrodinger-bridge-sr-micrometeorology/data/DL_result/ExperimentSchrodingerBridge3dWind/config_wind_3d_ablation_no_terrain_night_large/checkpoint.pth'
Elapsed time = 8.391692161560059 sec
----------
Epoch 30 / 600
train error: avg loss = 0.06381966
ES count = 1
Elapsed time = 7.487558841705322 sec
----------
Epoch 31 / 600
train error: avg loss = 0.05970140
ES count = 2
Elapsed time = 7.510681390762329 sec
----------
Epoch 32 / 600
train error: avg loss = 0.06036257
ES count = 3
Elapsed time = 7.943352222442627 sec
----------
Epoch 33 / 600
train error: avg loss = 0.07829880
ES count = 4
Elapsed time = 7.711583614349365 sec
----------
Epoch 34 / 600
train error: avg loss = 0.06852590
ES count = 5
Elapsed time = 7.670361518859863 sec
----------
Epoch 35 / 600
train error: avg loss = 0.06421930
ES count = 6
Elapsed time = 7.494919300079346 sec
----------
Epoch 36 / 600
train error: avg loss = 0.05825218
ES count = 7
Elapsed time = 7.626388311386108 sec
----------
Epoch 37 / 600
train error: avg loss = 0.05387920
Best loss is updated and ES count is reset.
Checkpoint saved to '/fsb/home/yutingwang/ytw_tangzq/schrodinger-bridge-sr-micrometeorology/data/DL_result/ExperimentSchrodingerBridge3dWind/config_wind_3d_ablation_no_terrain_night_large/checkpoint.pth'
Elapsed time = 8.146350145339966 sec
----------
Epoch 38 / 600
train error: avg loss = 0.05779102
ES count = 1
Elapsed time = 7.664127826690674 sec
----------
Epoch 39 / 600
train error: avg loss = 0.05179257
Best loss is updated and ES count is reset.
Checkpoint saved to '/fsb/home/yutingwang/ytw_tangzq/schrodinger-bridge-sr-micrometeorology/data/DL_result/ExperimentSchrodingerBridge3dWind/config_wind_3d_ablation_no_terrain_night_large/checkpoint.pth'
Elapsed time = 8.502924919128418 sec
----------
Epoch 40 / 600
train error: avg loss = 0.05297244
ES count = 1
Elapsed time = 7.595963478088379 sec
----------
Epoch 41 / 600
train error: avg loss = 0.05221102
ES count = 2
Elapsed time = 7.575635671615601 sec
----------
Epoch 42 / 600
train error: avg loss = 0.05653831
ES count = 3
Elapsed time = 7.578328371047974 sec
----------
Epoch 43 / 600
train error: avg loss = 0.06598454
ES count = 4
Elapsed time = 7.615558862686157 sec
----------
Epoch 44 / 600
train error: avg loss = 0.05606389
ES count = 5
Elapsed time = 7.453536748886108 sec
----------
Epoch 45 / 600
train error: avg loss = 0.05262074
ES count = 6
Elapsed time = 7.656323194503784 sec
----------
Epoch 46 / 600
train error: avg loss = 0.06166373
ES count = 7
Elapsed time = 7.527730226516724 sec
----------
Epoch 47 / 600
train error: avg loss = 0.04945307
Best loss is updated and ES count is reset.
Checkpoint saved to '/fsb/home/yutingwang/ytw_tangzq/schrodinger-bridge-sr-micrometeorology/data/DL_result/ExperimentSchrodingerBridge3dWind/config_wind_3d_ablation_no_terrain_night_large/checkpoint.pth'
Elapsed time = 8.51864767074585 sec
----------
Epoch 48 / 600
train error: avg loss = 0.04971042
ES count = 1
Elapsed time = 7.951278924942017 sec
----------
Epoch 49 / 600
train error: avg loss = 0.04615978
Best loss is updated and ES count is reset.
Checkpoint saved to '/fsb/home/yutingwang/ytw_tangzq/schrodinger-bridge-sr-micrometeorology/data/DL_result/ExperimentSchrodingerBridge3dWind/config_wind_3d_ablation_no_terrain_night_large/checkpoint.pth'
Elapsed time = 8.354505062103271 sec
----------
Epoch 50 / 600
train error: avg loss = 0.04749817
ES count = 1
Elapsed time = 7.538921356201172 sec
----------
Epoch 51 / 600
train error: avg loss = 0.04953947
ES count = 2
Elapsed time = 7.722484588623047 sec
----------
Epoch 52 / 600
train error: avg loss = 0.04872189
ES count = 3
Elapsed time = 7.561887979507446 sec
----------
Epoch 53 / 600
train error: avg loss = 0.04666746
ES count = 4
Elapsed time = 7.768110036849976 sec
----------
Epoch 54 / 600
train error: avg loss = 0.04446074
Best loss is updated and ES count is reset.
Checkpoint saved to '/fsb/home/yutingwang/ytw_tangzq/schrodinger-bridge-sr-micrometeorology/data/DL_result/ExperimentSchrodingerBridge3dWind/config_wind_3d_ablation_no_terrain_night_large/checkpoint.pth'
Elapsed time = 8.14963173866272 sec
----------
Epoch 55 / 600
train error: avg loss = 0.04578500
ES count = 1
Elapsed time = 7.492254734039307 sec
----------
Epoch 56 / 600
train error: avg loss = 0.04892096
ES count = 2
Elapsed time = 7.894006252288818 sec
----------
Epoch 57 / 600
train error: avg loss = 0.04766344
ES count = 3
Elapsed time = 7.581256866455078 sec
----------
Epoch 58 / 600
train error: avg loss = 0.05168776
ES count = 4
Elapsed time = 7.712292671203613 sec
----------
Epoch 59 / 600
train error: avg loss = 0.04800315
ES count = 5
Elapsed time = 7.839482307434082 sec
----------
Epoch 60 / 600
train error: avg loss = 0.04952851
ES count = 6
Elapsed time = 7.610925674438477 sec
----------
Epoch 61 / 600
train error: avg loss = 0.04508595
ES count = 7
Elapsed time = 7.640540361404419 sec
----------
Epoch 62 / 600
train error: avg loss = 0.04098564
Best loss is updated and ES count is reset.
Checkpoint saved to '/fsb/home/yutingwang/ytw_tangzq/schrodinger-bridge-sr-micrometeorology/data/DL_result/ExperimentSchrodingerBridge3dWind/config_wind_3d_ablation_no_terrain_night_large/checkpoint.pth'
Elapsed time = 8.650263547897339 sec
----------
Epoch 63 / 600
train error: avg loss = 0.04203512
ES count = 1
Elapsed time = 7.495379209518433 sec
----------
Epoch 64 / 600
train error: avg loss = 0.05086105
ES count = 2
Elapsed time = 7.6768903732299805 sec
----------
Epoch 65 / 600
train error: avg loss = 0.04116038
ES count = 3
Elapsed time = 7.696319580078125 sec
----------
Epoch 66 / 600
train error: avg loss = 0.04048846
Best loss is updated and ES count is reset.
Checkpoint saved to '/fsb/home/yutingwang/ytw_tangzq/schrodinger-bridge-sr-micrometeorology/data/DL_result/ExperimentSchrodingerBridge3dWind/config_wind_3d_ablation_no_terrain_night_large/checkpoint.pth'
Elapsed time = 8.501453638076782 sec
----------
Epoch 67 / 600
train error: avg loss = 0.04248823
ES count = 1
Elapsed time = 7.6032819747924805 sec
----------
Epoch 68 / 600
train error: avg loss = 0.04189674
ES count = 2
Elapsed time = 7.647180557250977 sec
----------
Epoch 69 / 600
train error: avg loss = 0.03993740
Best loss is updated and ES count is reset.
Checkpoint saved to '/fsb/home/yutingwang/ytw_tangzq/schrodinger-bridge-sr-micrometeorology/data/DL_result/ExperimentSchrodingerBridge3dWind/config_wind_3d_ablation_no_terrain_night_large/checkpoint.pth'
Elapsed time = 8.458289861679077 sec
----------
Epoch 70 / 600
train error: avg loss = 0.05600300
ES count = 1
Elapsed time = 7.351378917694092 sec
----------
Epoch 71 / 600
train error: avg loss = 0.04610795
ES count = 2
Elapsed time = 7.500192880630493 sec
----------
Epoch 72 / 600
train error: avg loss = 0.04294423
ES count = 3
Elapsed time = 7.722456693649292 sec
----------
Epoch 73 / 600
train error: avg loss = 0.04116583
ES count = 4
Elapsed time = 7.713111639022827 sec
----------
Epoch 74 / 600
train error: avg loss = 0.05207656
ES count = 5
Elapsed time = 7.72180438041687 sec
----------
Epoch 75 / 600
train error: avg loss = 0.03845834
Best loss is updated and ES count is reset.
Checkpoint saved to '/fsb/home/yutingwang/ytw_tangzq/schrodinger-bridge-sr-micrometeorology/data/DL_result/ExperimentSchrodingerBridge3dWind/config_wind_3d_ablation_no_terrain_night_large/checkpoint.pth'
Elapsed time = 8.335472822189331 sec
----------
Epoch 76 / 600
train error: avg loss = 0.03761356
Best loss is updated and ES count is reset.
Checkpoint saved to '/fsb/home/yutingwang/ytw_tangzq/schrodinger-bridge-sr-micrometeorology/data/DL_result/ExperimentSchrodingerBridge3dWind/config_wind_3d_ablation_no_terrain_night_large/checkpoint.pth'
Elapsed time = 8.376667261123657 sec
----------
Epoch 77 / 600
train error: avg loss = 0.04134532
ES count = 1
Elapsed time = 7.570856094360352 sec
----------
Epoch 78 / 600
train error: avg loss = 0.03784556
ES count = 2
Elapsed time = 7.5382630825042725 sec
----------
Epoch 79 / 600
train error: avg loss = 0.03925647
ES count = 3
Elapsed time = 7.8786561489105225 sec
----------
Epoch 80 / 600
train error: avg loss = 0.04227052
ES count = 4
Elapsed time = 7.809605598449707 sec
----------
Epoch 81 / 600
train error: avg loss = 0.04340176
ES count = 5
Elapsed time = 7.815653324127197 sec
----------
Epoch 82 / 600
train error: avg loss = 0.03822949
ES count = 6
Elapsed time = 7.400727272033691 sec
----------
Epoch 83 / 600
train error: avg loss = 0.03867227
ES count = 7
Elapsed time = 7.74495005607605 sec
----------
Epoch 84 / 600
train error: avg loss = 0.04070905
ES count = 8
Elapsed time = 7.831636667251587 sec
----------
Epoch 85 / 600
train error: avg loss = 0.03946367
ES count = 9
Elapsed time = 7.5378944873809814 sec
----------
Epoch 86 / 600
train error: avg loss = 0.04007628
ES count = 10
Elapsed time = 7.693411350250244 sec
----------
Epoch 87 / 600
train error: avg loss = 0.04803089
ES count = 11
Elapsed time = 7.66523551940918 sec
----------
Epoch 88 / 600
train error: avg loss = 0.03860702
ES count = 12
Elapsed time = 7.708436012268066 sec
----------
Epoch 89 / 600
train error: avg loss = 0.03979524
ES count = 13
Elapsed time = 7.626432657241821 sec
----------
Epoch 90 / 600
train error: avg loss = 0.03679241
Best loss is updated and ES count is reset.
Checkpoint saved to '/fsb/home/yutingwang/ytw_tangzq/schrodinger-bridge-sr-micrometeorology/data/DL_result/ExperimentSchrodingerBridge3dWind/config_wind_3d_ablation_no_terrain_night_large/checkpoint.pth'
Elapsed time = 8.373258829116821 sec
----------
Epoch 91 / 600
train error: avg loss = 0.03377172
Best loss is updated and ES count is reset.
Checkpoint saved to '/fsb/home/yutingwang/ytw_tangzq/schrodinger-bridge-sr-micrometeorology/data/DL_result/ExperimentSchrodingerBridge3dWind/config_wind_3d_ablation_no_terrain_night_large/checkpoint.pth'
Elapsed time = 8.586549520492554 sec
----------
Epoch 92 / 600
train error: avg loss = 0.03917462
ES count = 1
Elapsed time = 7.678689479827881 sec
----------
Epoch 93 / 600
train error: avg loss = 0.03882167
ES count = 2
Elapsed time = 7.947738409042358 sec
----------
Epoch 94 / 600
train error: avg loss = 0.03954931
ES count = 3
Elapsed time = 8.009276390075684 sec
----------
Epoch 95 / 600
train error: avg loss = 0.03757380
ES count = 4
Elapsed time = 7.35467529296875 sec
----------
Epoch 96 / 600
train error: avg loss = 0.03497589
ES count = 5
Elapsed time = 7.5713911056518555 sec
----------
Epoch 97 / 600
train error: avg loss = 0.03753178
ES count = 6
Elapsed time = 7.760653734207153 sec
----------
Epoch 98 / 600
train error: avg loss = 0.03535641
ES count = 7
Elapsed time = 7.70608925819397 sec
----------
Epoch 99 / 600
train error: avg loss = 0.03721633
ES count = 8
Elapsed time = 7.96408748626709 sec
----------
Epoch 100 / 600
train error: avg loss = 0.03655027
ES count = 9
Epoch = 100. Save a periodic model snapshot.
Elapsed time = 7.5499584674835205 sec
----------
Epoch 101 / 600
train error: avg loss = 0.05008670
ES count = 10
Elapsed time = 7.970584154129028 sec
----------
Epoch 102 / 600
train error: avg loss = 0.49584275
ES count = 11
Elapsed time = 7.637648105621338 sec
----------
Epoch 103 / 600
train error: avg loss = 0.66458188
ES count = 12
Elapsed time = 7.587803840637207 sec
----------
Epoch 104 / 600
train error: avg loss = 0.53918064
ES count = 13
Elapsed time = 7.523735046386719 sec
----------
Epoch 105 / 600
train error: avg loss = 0.45245333
ES count = 14
Elapsed time = 7.789377689361572 sec
----------
Epoch 106 / 600
train error: avg loss = 0.40831140
ES count = 15
Elapsed time = 7.524945020675659 sec
----------
Epoch 107 / 600
train error: avg loss = 0.46691226
ES count = 16
Elapsed time = 7.760759592056274 sec
----------
Epoch 108 / 600
train error: avg loss = 0.42843987
ES count = 17
Elapsed time = 7.9084789752960205 sec
----------
Epoch 109 / 600
train error: avg loss = 0.39971130
ES count = 18
Elapsed time = 7.664392471313477 sec
----------
Epoch 110 / 600
train error: avg loss = 0.43120742
ES count = 19
Elapsed time = 7.562463760375977 sec
----------
Epoch 111 / 600
train error: avg loss = 0.44612170
ES count = 20
Elapsed time = 7.595242738723755 sec
----------
Epoch 112 / 600
train error: avg loss = 0.41791008
ES count = 21
Elapsed time = 7.58730411529541 sec
----------
Epoch 113 / 600
train error: avg loss = 0.42787916
ES count = 22
Elapsed time = 7.412372827529907 sec
----------
Epoch 114 / 600
train error: avg loss = 0.40061806
ES count = 23
Elapsed time = 7.405949592590332 sec
----------
Epoch 115 / 600
train error: avg loss = 0.43848505
ES count = 24
Elapsed time = 7.6350202560424805 sec
----------
Epoch 116 / 600
train error: avg loss = 0.37508657
ES count = 25
Elapsed time = 7.603356122970581 sec
----------
Epoch 117 / 600
train error: avg loss = 0.42023560
ES count = 26
Elapsed time = 7.745859384536743 sec
----------
Epoch 118 / 600
train error: avg loss = 0.41821130
ES count = 27
Elapsed time = 7.812418222427368 sec
----------
Epoch 119 / 600
train error: avg loss = 0.42281941
ES count = 28
Elapsed time = 7.687527418136597 sec
----------
Epoch 120 / 600
train error: avg loss = 0.41357710
ES count = 29
Elapsed time = 7.613942861557007 sec
----------
Epoch 121 / 600
train error: avg loss = 0.39373945
ES count = 30
Elapsed time = 7.459559202194214 sec
----------
Epoch 122 / 600
train error: avg loss = 0.40441287
ES count = 31
Elapsed time = 7.773637771606445 sec
----------
Epoch 123 / 600
train error: avg loss = 0.41371347
ES count = 32
Elapsed time = 7.824324607849121 sec
----------
Epoch 124 / 600
train error: avg loss = 0.43317937
ES count = 33
Elapsed time = 7.544370174407959 sec
----------
Epoch 125 / 600
train error: avg loss = 0.42276436
ES count = 34
Elapsed time = 7.651882648468018 sec
----------
Epoch 126 / 600
train error: avg loss = 0.42062415
ES count = 35
Elapsed time = 7.860504865646362 sec
----------
Epoch 127 / 600
train error: avg loss = 0.42689755
ES count = 36
Elapsed time = 7.562143802642822 sec
----------
Epoch 128 / 600
train error: avg loss = 0.41039377
ES count = 37
Elapsed time = 7.6199867725372314 sec
----------
Epoch 129 / 600
train error: avg loss = 0.40214633
ES count = 38
Elapsed time = 7.482706308364868 sec
----------
Epoch 130 / 600
train error: avg loss = 0.40085957
ES count = 39
Elapsed time = 7.4949376583099365 sec
----------
Epoch 131 / 600
train error: avg loss = 0.38225410
ES count = 40
Elapsed time = 7.6208579540252686 sec
----------
Epoch 132 / 600
train error: avg loss = 0.40263511
ES count = 41
Elapsed time = 7.5731587409973145 sec
----------
Epoch 133 / 600
train error: avg loss = 0.39771194
ES count = 42
Elapsed time = 7.58711576461792 sec
----------
Epoch 134 / 600
train error: avg loss = 0.40650940
ES count = 43
Elapsed time = 7.8341145515441895 sec
----------
Epoch 135 / 600
train error: avg loss = 0.41629287
ES count = 44
Elapsed time = 7.498051166534424 sec
----------
Epoch 136 / 600
train error: avg loss = 0.37967044
ES count = 45
Elapsed time = 7.69749641418457 sec
----------
Epoch 137 / 600
train error: avg loss = 0.41695294
ES count = 46
Elapsed time = 7.8269805908203125 sec
----------
Epoch 138 / 600
train error: avg loss = 0.38707214
ES count = 47
Elapsed time = 7.586071014404297 sec
----------
Epoch 139 / 600
train error: avg loss = 0.40545892
ES count = 48
Elapsed time = 7.501150846481323 sec
----------
Epoch 140 / 600
train error: avg loss = 0.41574980
ES count = 49
Elapsed time = 7.52178692817688 sec
----------
Epoch 141 / 600
train error: avg loss = 0.41693345
ES count = 50
Elapsed time = 7.723922967910767 sec
----------
Epoch 142 / 600
train error: avg loss = 0.41622964
ES count = 51
Elapsed time = 7.873734712600708 sec
----------
Epoch 143 / 600
train error: avg loss = 0.38147688
ES count = 52
Elapsed time = 7.594862699508667 sec
----------
Epoch 144 / 600
train error: avg loss = 0.42664695
ES count = 53
Elapsed time = 7.867411375045776 sec
----------
Epoch 145 / 600
train error: avg loss = 0.38710555
ES count = 54
Elapsed time = 7.790999889373779 sec
----------
Epoch 146 / 600
train error: avg loss = 0.39614639
ES count = 55
Elapsed time = 7.8042192459106445 sec
----------
Epoch 147 / 600
train error: avg loss = 0.39488459
ES count = 56
Elapsed time = 7.441550254821777 sec
----------
Epoch 148 / 600
train error: avg loss = 0.39313280
ES count = 57
Elapsed time = 7.484468936920166 sec
----------
Epoch 149 / 600
train error: avg loss = 0.38186604
ES count = 58
Elapsed time = 7.83463716506958 sec
----------
Epoch 150 / 600
train error: avg loss = 0.38054379
ES count = 59
Elapsed time = 7.805452585220337 sec
----------
Epoch 151 / 600
train error: avg loss = 0.40534357
ES count = 60
Elapsed time = 7.703726053237915 sec
----------
Epoch 152 / 600
train error: avg loss = 0.31534206
ES count = 61
Elapsed time = 7.621295928955078 sec
----------
Epoch 153 / 600
train error: avg loss = 0.38270191
ES count = 62
Elapsed time = 7.687957525253296 sec
----------
Epoch 154 / 600
train error: avg loss = 0.35675136
ES count = 63
Elapsed time = 7.684942007064819 sec
----------
Epoch 155 / 600
train error: avg loss = 0.35116289
ES count = 64
Elapsed time = 7.926676273345947 sec
----------
Epoch 156 / 600
train error: avg loss = 0.37416765
ES count = 65
Elapsed time = 7.493565559387207 sec
----------
Epoch 157 / 600
train error: avg loss = 0.35280417
ES count = 66
Elapsed time = 7.702349424362183 sec
----------
Epoch 158 / 600
train error: avg loss = 0.36079470
ES count = 67
Elapsed time = 7.843142509460449 sec
----------
Epoch 159 / 600
train error: avg loss = 0.35785080
ES count = 68
Elapsed time = 7.603784561157227 sec
----------
Epoch 160 / 600
train error: avg loss = 0.33294379
ES count = 69
Elapsed time = 7.5882627964019775 sec
----------
Epoch 161 / 600
train error: avg loss = 0.32973526
ES count = 70
Elapsed time = 7.751801013946533 sec
----------
Epoch 162 / 600
train error: avg loss = 0.33652755
ES count = 71
Elapsed time = 7.6874706745147705 sec
----------
Epoch 163 / 600
train error: avg loss = 0.31236024
ES count = 72
Elapsed time = 7.6632866859436035 sec
----------
Epoch 164 / 600
train error: avg loss = 0.32056729
ES count = 73
Elapsed time = 7.6952056884765625 sec
----------
Epoch 165 / 600
train error: avg loss = 0.26208340
ES count = 74
Elapsed time = 7.5353617668151855 sec
----------
Epoch 166 / 600
train error: avg loss = 0.22309661
ES count = 75
Elapsed time = 7.439310550689697 sec
----------
Epoch 167 / 600
train error: avg loss = 0.23957614
ES count = 76
Elapsed time = 7.8150269985198975 sec
----------
Epoch 168 / 600
train error: avg loss = 0.22328926
ES count = 77
Elapsed time = 7.64863657951355 sec
----------
Epoch 169 / 600
train error: avg loss = 0.21430429
ES count = 78
Elapsed time = 7.795159578323364 sec
----------
Epoch 170 / 600
train error: avg loss = 0.20849351
ES count = 79
Elapsed time = 7.904876232147217 sec
----------
Epoch 171 / 600
train error: avg loss = 0.21390117
ES count = 80
Elapsed time = 7.7517311573028564 sec
----------
Epoch 172 / 600
train error: avg loss = 0.18800743
ES count = 81
Elapsed time = 7.544290065765381 sec
----------
Epoch 173 / 600
train error: avg loss = 0.19373709
ES count = 82
Elapsed time = 7.78990364074707 sec
----------
Epoch 174 / 600
train error: avg loss = 0.17635836
ES count = 83
Elapsed time = 7.51743745803833 sec
----------
Epoch 175 / 600
train error: avg loss = 0.18587478
ES count = 84
Elapsed time = 7.567908525466919 sec
----------
Epoch 176 / 600
train error: avg loss = 0.16338946
ES count = 85
Elapsed time = 7.52466893196106 sec
----------
Epoch 177 / 600
train error: avg loss = 0.17431543
ES count = 86
Elapsed time = 7.565243721008301 sec
----------
Epoch 178 / 600
train error: avg loss = 0.16407930
ES count = 87
Elapsed time = 7.859807968139648 sec
----------
Epoch 179 / 600
train error: avg loss = 0.18385921
ES count = 88
Elapsed time = 7.873986482620239 sec
----------
Epoch 180 / 600
train error: avg loss = 0.15238275
ES count = 89
Elapsed time = 7.676772117614746 sec
----------
Epoch 181 / 600
train error: avg loss = 0.15429752
ES count = 90
Elapsed time = 7.636876583099365 sec
----------
Epoch 182 / 600
train error: avg loss = 0.15912534
ES count = 91
Elapsed time = 7.946663856506348 sec
----------
Epoch 183 / 600
train error: avg loss = 0.15155688
ES count = 92
Elapsed time = 7.851414680480957 sec
----------
Epoch 184 / 600
train error: avg loss = 0.13563055
ES count = 93
Elapsed time = 7.559387683868408 sec
----------
Epoch 185 / 600
train error: avg loss = 0.13435173
ES count = 94
Elapsed time = 7.577930688858032 sec
----------
Epoch 186 / 600
train error: avg loss = 0.14755701
ES count = 95
Elapsed time = 7.638355016708374 sec
----------
Epoch 187 / 600
train error: avg loss = 0.13556694
ES count = 96
Elapsed time = 7.9658873081207275 sec
----------
Epoch 188 / 600
train error: avg loss = 0.14523437
ES count = 97
Elapsed time = 7.6045966148376465 sec
----------
Epoch 189 / 600
train error: avg loss = 0.13867052
ES count = 98
Elapsed time = 7.774039268493652 sec
----------
Epoch 190 / 600
train error: avg loss = 0.12317711
ES count = 99
Elapsed time = 7.636801481246948 sec
----------
Epoch 191 / 600
train error: avg loss = 0.12211977
ES count = 100
Elapsed time = 7.810051202774048 sec
----------
Epoch 192 / 600
train error: avg loss = 0.11466588
ES count = 101
Elapsed time = 7.4821836948394775 sec
----------
Epoch 193 / 600
train error: avg loss = 0.11420120
ES count = 102
Elapsed time = 7.668323516845703 sec
----------
Epoch 194 / 600
train error: avg loss = 0.10208885
ES count = 103
Elapsed time = 7.50225567817688 sec
----------
Epoch 195 / 600
train error: avg loss = 0.10817744
ES count = 104
Elapsed time = 7.78148889541626 sec
----------
Epoch 196 / 600
train error: avg loss = 0.13497308
ES count = 105
Elapsed time = 7.951806545257568 sec
----------
Epoch 197 / 600
train error: avg loss = 0.09935614
ES count = 106
Elapsed time = 7.62368631362915 sec
----------
Epoch 198 / 600
train error: avg loss = 0.09386664
ES count = 107
Elapsed time = 7.655439376831055 sec
----------
Epoch 199 / 600
train error: avg loss = 0.08294775
ES count = 108
Elapsed time = 7.745826482772827 sec
----------
Epoch 200 / 600
train error: avg loss = 0.08217129
ES count = 109
Epoch = 200. Save a periodic model snapshot.
Elapsed time = 7.830177307128906 sec
----------
Epoch 201 / 600
train error: avg loss = 0.08189848
ES count = 110
Elapsed time = 7.504846572875977 sec
----------
Epoch 202 / 600
train error: avg loss = 0.07619818
ES count = 111
Elapsed time = 7.615644216537476 sec
----------
Epoch 203 / 600
train error: avg loss = 0.07500406
ES count = 112
Elapsed time = 7.610480785369873 sec
----------
Epoch 204 / 600
train error: avg loss = 0.07337164
ES count = 113
Elapsed time = 7.9269490242004395 sec
----------
Epoch 205 / 600
train error: avg loss = 0.07331795
ES count = 114
Elapsed time = 7.805263042449951 sec
----------
Epoch 206 / 600
train error: avg loss = 0.07022016
ES count = 115
Elapsed time = 7.751887321472168 sec
----------
Epoch 207 / 600
train error: avg loss = 0.07233135
ES count = 116
Elapsed time = 7.813889503479004 sec
----------
Epoch 208 / 600
train error: avg loss = 0.08052730
ES count = 117
Elapsed time = 7.735258102416992 sec
----------
Epoch 209 / 600
train error: avg loss = 0.06556764
ES count = 118
Elapsed time = 7.60249137878418 sec
----------
Epoch 210 / 600
train error: avg loss = 0.06492222
ES count = 119
Elapsed time = 7.514400959014893 sec
----------
Epoch 211 / 600
train error: avg loss = 0.06674126
ES count = 120
Elapsed time = 7.652926445007324 sec
----------
Epoch 212 / 600
train error: avg loss = 0.06356607
ES count = 121
Elapsed time = 7.526411771774292 sec
----------
Epoch 213 / 600
train error: avg loss = 0.06307777
ES count = 122
Elapsed time = 7.660122632980347 sec
----------
Epoch 214 / 600
train error: avg loss = 0.06253579
ES count = 123
Elapsed time = 7.806684970855713 sec
----------
Epoch 215 / 600
train error: avg loss = 0.06451015
ES count = 124
Elapsed time = 7.809448719024658 sec
----------
Epoch 216 / 600
train error: avg loss = 0.06783894
ES count = 125
Elapsed time = 7.6152637004852295 sec
----------
Epoch 217 / 600
train error: avg loss = 0.06692764
ES count = 126
Elapsed time = 7.723800897598267 sec
----------
Epoch 218 / 600
train error: avg loss = 0.05960575
ES count = 127
Elapsed time = 7.597381830215454 sec
----------
Epoch 219 / 600
train error: avg loss = 0.06864605
ES count = 128
Elapsed time = 7.596105098724365 sec
----------
Epoch 220 / 600
train error: avg loss = 0.06053928
ES count = 129
Elapsed time = 7.735729217529297 sec
----------
Epoch 221 / 600
train error: avg loss = 0.06164460
ES count = 130
Elapsed time = 7.681370973587036 sec
----------
Epoch 222 / 600
train error: avg loss = 0.06160516
ES count = 131
Elapsed time = 7.5521931648254395 sec
----------
Epoch 223 / 600
train error: avg loss = 0.06396137
ES count = 132
Elapsed time = 7.5028345584869385 sec
----------
Epoch 224 / 600
train error: avg loss = 0.06522758
ES count = 133
Elapsed time = 7.495186805725098 sec
----------
Epoch 225 / 600
train error: avg loss = 0.06266638
ES count = 134
Elapsed time = 7.460285186767578 sec
----------
Epoch 226 / 600
train error: avg loss = 0.05712810
ES count = 135
Elapsed time = 7.888545513153076 sec
----------
Epoch 227 / 600
train error: avg loss = 0.06556804
ES count = 136
Elapsed time = 7.353747606277466 sec
----------
Epoch 228 / 600
train error: avg loss = 0.06090474
ES count = 137
Elapsed time = 7.503325462341309 sec
----------
Epoch 229 / 600
train error: avg loss = 0.05958333
ES count = 138
Elapsed time = 7.733571767807007 sec
----------
Epoch 230 / 600
train error: avg loss = 0.06184037
ES count = 139
Elapsed time = 7.7438342571258545 sec
----------
Epoch 231 / 600
train error: avg loss = 0.05746518
ES count = 140
Elapsed time = 7.79190468788147 sec
----------
Epoch 232 / 600
train error: avg loss = 0.05819969
ES count = 141
Elapsed time = 7.6888086795806885 sec
----------
Epoch 233 / 600
train error: avg loss = 0.05398955
ES count = 142
Elapsed time = 7.8278748989105225 sec
----------
Epoch 234 / 600
train error: avg loss = 0.05273150
ES count = 143
Elapsed time = 7.726737022399902 sec
----------
Epoch 235 / 600
train error: avg loss = 0.05839480
ES count = 144
Elapsed time = 7.4487104415893555 sec
----------
Epoch 236 / 600
train error: avg loss = 0.06113673
ES count = 145
Elapsed time = 7.692817687988281 sec
----------
Epoch 237 / 600
train error: avg loss = 0.05744339
ES count = 146
Elapsed time = 7.5233001708984375 sec
----------
Epoch 238 / 600
train error: avg loss = 0.05021193
ES count = 147
Elapsed time = 7.523711442947388 sec
----------
Epoch 239 / 600
train error: avg loss = 0.05360814
ES count = 148
Elapsed time = 7.9104461669921875 sec
----------
Epoch 240 / 600
train error: avg loss = 0.05870432
ES count = 149
Elapsed time = 8.0223867893219 sec
----------
Epoch 241 / 600
train error: avg loss = 0.05196622
ES count = 150
Elapsed time = 7.6053383350372314 sec
----------
Epoch 242 / 600
train error: avg loss = 0.05336508
ES count = 151
Elapsed time = 7.679203510284424 sec
----------
Epoch 243 / 600
train error: avg loss = 0.05331882
ES count = 152
Elapsed time = 7.6494057178497314 sec
----------
Epoch 244 / 600
train error: avg loss = 0.05036565
ES count = 153
Elapsed time = 7.778527498245239 sec
----------
Epoch 245 / 600
train error: avg loss = 0.05105744
ES count = 154
Elapsed time = 7.659699440002441 sec
----------
Epoch 246 / 600
train error: avg loss = 0.04894534
ES count = 155
Elapsed time = 7.714795112609863 sec
----------
Epoch 247 / 600
train error: avg loss = 0.05345487
ES count = 156
Elapsed time = 7.579705715179443 sec
----------
Epoch 248 / 600
train error: avg loss = 0.05139819
ES count = 157
Elapsed time = 7.549687147140503 sec
----------
Epoch 249 / 600
train error: avg loss = 0.05349808
ES count = 158
Elapsed time = 7.657283306121826 sec
----------
Epoch 250 / 600
train error: avg loss = 0.05353055
ES count = 159
Elapsed time = 7.742674827575684 sec
----------
Epoch 251 / 600
train error: avg loss = 0.05146684
ES count = 160
Elapsed time = 7.732534408569336 sec
----------
Epoch 252 / 600
train error: avg loss = 0.04748790
ES count = 161
Elapsed time = 7.835916996002197 sec
----------
Epoch 253 / 600
train error: avg loss = 0.04517373
ES count = 162
Elapsed time = 7.694834232330322 sec
----------
Epoch 254 / 600
train error: avg loss = 0.04876734
ES count = 163
Elapsed time = 7.525306940078735 sec
----------
Epoch 255 / 600
train error: avg loss = 0.04228019
ES count = 164
Elapsed time = 7.728251934051514 sec
----------
Epoch 256 / 600
train error: avg loss = 0.04710090
ES count = 165
Elapsed time = 7.825151205062866 sec
----------
Epoch 257 / 600
train error: avg loss = 0.05064296
ES count = 166
Elapsed time = 7.827709913253784 sec
----------
Epoch 258 / 600
train error: avg loss = 0.04377343
ES count = 167
Elapsed time = 7.465874195098877 sec
----------
Epoch 259 / 600
train error: avg loss = 0.04673816
ES count = 168
Elapsed time = 7.41014838218689 sec
----------
Epoch 260 / 600
train error: avg loss = 0.05179577
ES count = 169
Elapsed time = 7.583224058151245 sec
----------
Epoch 261 / 600
train error: avg loss = 0.04471810
ES count = 170
Elapsed time = 7.481772422790527 sec
----------
Epoch 262 / 600
train error: avg loss = 0.04497805
ES count = 171
Elapsed time = 7.9731762409210205 sec
----------
Epoch 263 / 600
train error: avg loss = 0.04156358
ES count = 172
Elapsed time = 7.679504871368408 sec
----------
Epoch 264 / 600
train error: avg loss = 0.04503442
ES count = 173
Elapsed time = 7.65049409866333 sec
----------
Epoch 265 / 600
train error: avg loss = 0.04387910
ES count = 174
Elapsed time = 7.655828237533569 sec
----------
Epoch 266 / 600
train error: avg loss = 0.04226949
ES count = 175
Elapsed time = 7.619781255722046 sec
----------
Epoch 267 / 600
train error: avg loss = 0.04502274
ES count = 176
Elapsed time = 7.636544227600098 sec
----------
Epoch 268 / 600
train error: avg loss = 0.04548256
ES count = 177
Elapsed time = 7.690500259399414 sec
----------
Epoch 269 / 600
train error: avg loss = 0.04152473
ES count = 178
Elapsed time = 7.5912816524505615 sec
----------
Epoch 270 / 600
train error: avg loss = 0.03955905
ES count = 179
Elapsed time = 7.909196853637695 sec
----------
Epoch 271 / 600
train error: avg loss = 0.04238669
ES count = 180
Elapsed time = 7.4817283153533936 sec
----------
Epoch 272 / 600
train error: avg loss = 0.04259921
ES count = 181
Elapsed time = 7.495741844177246 sec
----------
Epoch 273 / 600
train error: avg loss = 0.04360445
ES count = 182
Elapsed time = 7.930698871612549 sec
----------
Epoch 274 / 600
train error: avg loss = 0.04108660
ES count = 183
Elapsed time = 7.721791505813599 sec
----------
Epoch 275 / 600
train error: avg loss = 0.04223506
ES count = 184
Elapsed time = 7.554254770278931 sec
----------
Epoch 276 / 600
train error: avg loss = 0.04000844
ES count = 185
Elapsed time = 7.417309761047363 sec
----------
Epoch 277 / 600
train error: avg loss = 0.04357069
ES count = 186
Elapsed time = 7.673799753189087 sec
----------
Epoch 278 / 600
train error: avg loss = 0.04007848
ES count = 187
Elapsed time = 7.684720993041992 sec
----------
Epoch 279 / 600
train error: avg loss = 0.04519298
ES count = 188
Elapsed time = 7.516180038452148 sec
----------
Epoch 280 / 600
train error: avg loss = 0.04689849
ES count = 189
Elapsed time = 7.565038442611694 sec
----------
Epoch 281 / 600
train error: avg loss = 0.04263784
ES count = 190
Elapsed time = 7.932050704956055 sec
----------
Epoch 282 / 600
train error: avg loss = 0.03937555
ES count = 191
Elapsed time = 7.5988640785217285 sec
----------
Epoch 283 / 600
train error: avg loss = 0.03886797
ES count = 192
Elapsed time = 7.59627103805542 sec
----------
Epoch 284 / 600
train error: avg loss = 0.03894754
ES count = 193
Elapsed time = 7.690224647521973 sec
----------
Epoch 285 / 600
train error: avg loss = 0.04199288
ES count = 194
Elapsed time = 7.72019100189209 sec
----------
Epoch 286 / 600
train error: avg loss = 0.04005148
ES count = 195
Elapsed time = 7.952977657318115 sec
----------
Epoch 287 / 600
train error: avg loss = 0.03880846
ES count = 196
Elapsed time = 7.643344402313232 sec
----------
Epoch 288 / 600
train error: avg loss = 0.03749207
ES count = 197
Elapsed time = 7.3806421756744385 sec
----------
Epoch 289 / 600
train error: avg loss = 0.04810343
ES count = 198
Elapsed time = 7.707883834838867 sec
----------
Epoch 290 / 600
train error: avg loss = 0.04114825
ES count = 199
Elapsed time = 7.510545253753662 sec
----------
Epoch 291 / 600
train error: avg loss = 0.04188687
ES count = 200
Elapsed time = 7.584725856781006 sec
----------
Epoch 292 / 600
train error: avg loss = 0.04021056
ES count = 201
Elapsed time = 7.63310980796814 sec
----------
Epoch 293 / 600
train error: avg loss = 0.04018243
ES count = 202
Elapsed time = 7.541818618774414 sec
----------
Epoch 294 / 600
train error: avg loss = 0.03810286
ES count = 203
Elapsed time = 7.588845491409302 sec
----------
Epoch 295 / 600
train error: avg loss = 0.03752031
ES count = 204
Elapsed time = 7.667627573013306 sec
----------
Epoch 296 / 600
train error: avg loss = 0.03737203
ES count = 205
Elapsed time = 7.596963167190552 sec
----------
Epoch 297 / 600
train error: avg loss = 0.03757756
ES count = 206
Elapsed time = 7.6795079708099365 sec
----------
Epoch 298 / 600
train error: avg loss = 0.04444306
ES count = 207
Elapsed time = 7.786498785018921 sec
----------
Epoch 299 / 600
train error: avg loss = 0.04525461
ES count = 208
Elapsed time = 7.871150255203247 sec
----------
Epoch 300 / 600
train error: avg loss = 0.03619678
ES count = 209
Epoch = 300. Save a periodic model snapshot.
Elapsed time = 7.838612794876099 sec
----------
Epoch 301 / 600
train error: avg loss = 0.03908396
ES count = 210
Elapsed time = 7.68938422203064 sec
----------
Epoch 302 / 600
train error: avg loss = 0.03876470
ES count = 211
Elapsed time = 7.8999340534210205 sec
----------
Epoch 303 / 600
train error: avg loss = 0.03786655
ES count = 212
Elapsed time = 7.732053279876709 sec
----------
Epoch 304 / 600
train error: avg loss = 0.04052755
ES count = 213
Elapsed time = 7.52506160736084 sec
----------
Epoch 305 / 600
train error: avg loss = 0.03642786
ES count = 214
Elapsed time = 7.867303371429443 sec
----------
Epoch 306 / 600
train error: avg loss = 0.03843812
ES count = 215
Elapsed time = 7.618419408798218 sec
----------
Epoch 307 / 600
train error: avg loss = 0.04005762
ES count = 216
Elapsed time = 7.666755199432373 sec
----------
Epoch 308 / 600
train error: avg loss = 0.03861373
ES count = 217
Elapsed time = 7.515308380126953 sec
----------
Epoch 309 / 600
train error: avg loss = 0.03537883
ES count = 218
Elapsed time = 7.466740131378174 sec
----------
Epoch 310 / 600
train error: avg loss = 0.03738135
ES count = 219
Elapsed time = 7.841142416000366 sec
----------
Epoch 311 / 600
train error: avg loss = 0.03775869
ES count = 220
Elapsed time = 7.646622180938721 sec
----------
Epoch 312 / 600
train error: avg loss = 0.03575987
ES count = 221
Elapsed time = 7.728214979171753 sec
----------
Epoch 313 / 600
train error: avg loss = 0.03491747
ES count = 222
Elapsed time = 7.8248772621154785 sec
----------
Epoch 314 / 600
train error: avg loss = 0.03822625
ES count = 223
Elapsed time = 7.6689369678497314 sec
----------
Epoch 315 / 600
train error: avg loss = 0.03899139
ES count = 224
Elapsed time = 7.490652799606323 sec
----------
Epoch 316 / 600
train error: avg loss = 0.25054314
ES count = 225
Elapsed time = 7.686766624450684 sec
----------
Epoch 317 / 600
train error: avg loss = 0.73852129
ES count = 226
Elapsed time = 7.474029064178467 sec
----------
Epoch 318 / 600
train error: avg loss = 0.43125814
ES count = 227
Elapsed time = 7.796452045440674 sec
----------
Epoch 319 / 600
train error: avg loss = 0.39069349
ES count = 228
Elapsed time = 7.833146095275879 sec
----------
Epoch 320 / 600
train error: avg loss = 0.38649529
ES count = 229
Elapsed time = 7.732323408126831 sec
----------
Epoch 321 / 600
train error: avg loss = 0.43002880
ES count = 230
Elapsed time = 7.567061901092529 sec
----------
Epoch 322 / 600
train error: avg loss = 0.38469206
ES count = 231
Elapsed time = 7.66624641418457 sec
----------
Epoch 323 / 600
train error: avg loss = 0.45144322
ES count = 232
Elapsed time = 7.769456148147583 sec
----------
Epoch 324 / 600
train error: avg loss = 0.40046328
ES count = 233
Elapsed time = 7.628504753112793 sec
----------
Epoch 325 / 600
train error: avg loss = 0.43201274
ES count = 234
Elapsed time = 7.726420164108276 sec
----------
Epoch 326 / 600
train error: avg loss = 0.40076369
ES count = 235
Elapsed time = 7.643968105316162 sec
----------
Epoch 327 / 600
train error: avg loss = 0.37464068
ES count = 236
Elapsed time = 7.726067543029785 sec
----------
Epoch 328 / 600
train error: avg loss = 0.40415968
ES count = 237
Elapsed time = 7.675015211105347 sec
----------
Epoch 329 / 600
train error: avg loss = 0.42380207
ES count = 238
Elapsed time = 7.829164743423462 sec
----------
Epoch 330 / 600
train error: avg loss = 0.41466764
ES count = 239
Elapsed time = 7.589015007019043 sec
----------
Epoch 331 / 600
train error: avg loss = 0.39927724
ES count = 240
Elapsed time = 7.703046798706055 sec
----------
Epoch 332 / 600
train error: avg loss = 0.38478052
ES count = 241
Elapsed time = 7.68669867515564 sec
----------
Epoch 333 / 600
train error: avg loss = 0.38083670
ES count = 242
Elapsed time = 7.564959526062012 sec
----------
Epoch 334 / 600
train error: avg loss = 0.40061890
ES count = 243
Elapsed time = 7.677697658538818 sec
----------
Epoch 335 / 600
train error: avg loss = 0.36706227
ES count = 244
Elapsed time = 7.8852057456970215 sec
----------
Epoch 336 / 600
train error: avg loss = 0.38918088
ES count = 245
Elapsed time = 7.549362897872925 sec
----------
Epoch 337 / 600
train error: avg loss = 0.38368207
ES count = 246
Elapsed time = 7.807705879211426 sec
----------
Epoch 338 / 600
train error: avg loss = 0.36872043
ES count = 247
Elapsed time = 7.850109815597534 sec
----------
Epoch 339 / 600
train error: avg loss = 0.36327996
ES count = 248
Elapsed time = 7.628007650375366 sec
----------
Epoch 340 / 600
train error: avg loss = 0.37575191
ES count = 249
Elapsed time = 7.621929883956909 sec
----------
Epoch 341 / 600
train error: avg loss = 0.37700202
ES count = 250
Elapsed time = 7.597857236862183 sec
----------
Epoch 342 / 600
train error: avg loss = 0.41768709
ES count = 251
Elapsed time = 7.501535654067993 sec
----------
Epoch 343 / 600
train error: avg loss = 0.42796097
ES count = 252
Elapsed time = 7.5965001583099365 sec
----------
Epoch 344 / 600
train error: avg loss = 0.38883183
ES count = 253
Elapsed time = 8.052877187728882 sec
----------
Epoch 345 / 600
train error: avg loss = 0.38073248
ES count = 254
Elapsed time = 7.497717380523682 sec
----------
Epoch 346 / 600
train error: avg loss = 0.35116991
ES count = 255
Elapsed time = 7.817735195159912 sec
----------
Epoch 347 / 600
train error: avg loss = 0.30950094
ES count = 256
Elapsed time = 7.565340280532837 sec
----------
Epoch 348 / 600
train error: avg loss = 0.31981322
ES count = 257
Elapsed time = 7.5759663581848145 sec
----------
Epoch 349 / 600
train error: avg loss = 0.21700016
ES count = 258
Elapsed time = 7.589977025985718 sec
----------
Epoch 350 / 600
train error: avg loss = 0.15035468
ES count = 259
Elapsed time = 7.559882164001465 sec
----------
Epoch 351 / 600
train error: avg loss = 0.08378106
ES count = 260
Elapsed time = 7.737565517425537 sec
----------
Epoch 352 / 600
train error: avg loss = 0.07760442
ES count = 261
Elapsed time = 7.771492958068848 sec
----------
Epoch 353 / 600
train error: avg loss = 0.05878308
ES count = 262
Elapsed time = 7.866193532943726 sec
----------
Epoch 354 / 600
train error: avg loss = 0.05305088
ES count = 263
Elapsed time = 7.565187215805054 sec
----------
Epoch 355 / 600
train error: avg loss = 0.04434931
ES count = 264
Elapsed time = 7.592150449752808 sec
----------
Epoch 356 / 600
train error: avg loss = 0.04154213
ES count = 265
Elapsed time = 7.752634048461914 sec
----------
Epoch 357 / 600
train error: avg loss = 0.04412133
ES count = 266
Elapsed time = 7.5544281005859375 sec
----------
Epoch 358 / 600
train error: avg loss = 0.04148020
ES count = 267
Elapsed time = 7.664522886276245 sec
----------
Epoch 359 / 600
train error: avg loss = 0.03813080
ES count = 268
Elapsed time = 7.527195930480957 sec
----------
Epoch 360 / 600
train error: avg loss = 0.03883166
ES count = 269
Elapsed time = 7.679194927215576 sec
----------
Epoch 361 / 600
train error: avg loss = 0.03877697
ES count = 270
Elapsed time = 7.837834119796753 sec
----------
Epoch 362 / 600
train error: avg loss = 0.03506990
ES count = 271
Elapsed time = 7.530242204666138 sec
----------
Epoch 363 / 600
train error: avg loss = 0.03697349
ES count = 272
Elapsed time = 7.865616321563721 sec
----------
Epoch 364 / 600
train error: avg loss = 0.03890072
ES count = 273
Elapsed time = 7.9057533740997314 sec
----------
Epoch 365 / 600
train error: avg loss = 0.03573074
ES count = 274
Elapsed time = 7.6218626499176025 sec
----------
Epoch 366 / 600
train error: avg loss = 0.03584112
ES count = 275
Elapsed time = 7.558515548706055 sec
----------
Epoch 367 / 600
train error: avg loss = 0.03850935
ES count = 276
Elapsed time = 7.691645860671997 sec
----------
Epoch 368 / 600
train error: avg loss = 0.03512998
ES count = 277
Elapsed time = 7.600632429122925 sec
----------
Epoch 369 / 600
train error: avg loss = 0.03571662
ES count = 278
Elapsed time = 7.63823127746582 sec
----------
Epoch 370 / 600
train error: avg loss = 0.03910660
ES count = 279
Elapsed time = 7.899429082870483 sec
----------
Epoch 371 / 600
train error: avg loss = 0.04353631
ES count = 280
Elapsed time = 7.834353685379028 sec
----------
Epoch 372 / 600
train error: avg loss = 0.03714568
ES count = 281
Elapsed time = 7.705103635787964 sec
----------
Epoch 373 / 600
train error: avg loss = 0.03560985
ES count = 282
Elapsed time = 7.666924953460693 sec
----------
Epoch 374 / 600
train error: avg loss = 0.03579182
ES count = 283
Elapsed time = 7.727220773696899 sec
----------
Epoch 375 / 600
train error: avg loss = 0.03433756
ES count = 284
Elapsed time = 7.661250114440918 sec
----------
Epoch 376 / 600
train error: avg loss = 0.03594144
ES count = 285
Elapsed time = 7.911067485809326 sec
----------
Epoch 377 / 600
train error: avg loss = 0.03659318
ES count = 286
Elapsed time = 7.936089038848877 sec
----------
Epoch 378 / 600
train error: avg loss = 0.03514440
ES count = 287
Elapsed time = 7.6692116260528564 sec
----------
Epoch 379 / 600
train error: avg loss = 0.04145196
ES count = 288
Elapsed time = 7.697474241256714 sec
----------
Epoch 380 / 600
train error: avg loss = 0.03440376
ES count = 289
Elapsed time = 7.530250310897827 sec
----------
Epoch 381 / 600
train error: avg loss = 0.03213769
Best loss is updated and ES count is reset.
Checkpoint saved to '/fsb/home/yutingwang/ytw_tangzq/schrodinger-bridge-sr-micrometeorology/data/DL_result/ExperimentSchrodingerBridge3dWind/config_wind_3d_ablation_no_terrain_night_large/checkpoint.pth'
Elapsed time = 8.167113065719604 sec
----------
Epoch 382 / 600
train error: avg loss = 0.03659491
ES count = 1
Elapsed time = 7.710165739059448 sec
----------
Epoch 383 / 600
train error: avg loss = 0.03588898
ES count = 2
Elapsed time = 8.14544153213501 sec
----------
Epoch 384 / 600
train error: avg loss = 0.03299913
ES count = 3
Elapsed time = 7.699546813964844 sec
----------
Epoch 385 / 600
train error: avg loss = 0.03551244
ES count = 4
Elapsed time = 7.591752052307129 sec
----------
Epoch 386 / 600
train error: avg loss = 0.03479692
ES count = 5
Elapsed time = 7.805891513824463 sec
----------
Epoch 387 / 600
train error: avg loss = 0.03343601
ES count = 6
Elapsed time = 7.446690082550049 sec
----------
Epoch 388 / 600
train error: avg loss = 0.03286345
ES count = 7
Elapsed time = 7.632004499435425 sec
----------
Epoch 389 / 600
train error: avg loss = 0.03467996
ES count = 8
Elapsed time = 7.587186098098755 sec
----------
Epoch 390 / 600
train error: avg loss = 0.03239548
ES count = 9
Elapsed time = 7.922560930252075 sec
----------
Epoch 391 / 600
train error: avg loss = 0.03435983
ES count = 10
Elapsed time = 8.070803165435791 sec
----------
Epoch 392 / 600
train error: avg loss = 0.03330351
ES count = 11
Elapsed time = 7.827096223831177 sec
----------
Epoch 393 / 600
train error: avg loss = 0.03936836
ES count = 12
Elapsed time = 7.700614929199219 sec
----------
Epoch 394 / 600
train error: avg loss = 0.03666596
ES count = 13
Elapsed time = 7.694164514541626 sec
----------
Epoch 395 / 600
train error: avg loss = 0.03489906
ES count = 14
Elapsed time = 7.608619689941406 sec
----------
Epoch 396 / 600
train error: avg loss = 0.03308455
ES count = 15
Elapsed time = 8.01582646369934 sec
----------
Epoch 397 / 600
train error: avg loss = 0.03507134
ES count = 16
Elapsed time = 7.531144618988037 sec
----------
Epoch 398 / 600
train error: avg loss = 0.03323885
ES count = 17
Elapsed time = 7.93828010559082 sec
----------
Epoch 399 / 600
train error: avg loss = 0.03470692
ES count = 18
Elapsed time = 7.478415489196777 sec
----------
Epoch 400 / 600
train error: avg loss = 0.03496999
ES count = 19
Epoch = 400. Save a periodic model snapshot.
Elapsed time = 7.917128801345825 sec
----------
Epoch 401 / 600
train error: avg loss = 0.03560697
ES count = 20
Elapsed time = 7.971753120422363 sec
----------
Epoch 402 / 600
train error: avg loss = 0.03651417
ES count = 21
Elapsed time = 7.715782403945923 sec
----------
Epoch 403 / 600
train error: avg loss = 0.03745796
ES count = 22
Elapsed time = 7.713217735290527 sec
----------
Epoch 404 / 600
train error: avg loss = 0.03400286
ES count = 23
Elapsed time = 7.5799643993377686 sec
----------
Epoch 405 / 600
train error: avg loss = 0.03233586
ES count = 24
Elapsed time = 7.494038105010986 sec
----------
Epoch 406 / 600
train error: avg loss = 0.03317996
ES count = 25
Elapsed time = 7.754422903060913 sec
----------
Epoch 407 / 600
train error: avg loss = 0.03201858
Best loss is updated and ES count is reset.
Checkpoint saved to '/fsb/home/yutingwang/ytw_tangzq/schrodinger-bridge-sr-micrometeorology/data/DL_result/ExperimentSchrodingerBridge3dWind/config_wind_3d_ablation_no_terrain_night_large/checkpoint.pth'
Elapsed time = 8.388068675994873 sec
----------
Epoch 408 / 600
train error: avg loss = 0.03241522
ES count = 1
Elapsed time = 7.734215974807739 sec
----------
Epoch 409 / 600
train error: avg loss = 0.03461014
ES count = 2
Elapsed time = 7.730371475219727 sec
----------
Epoch 410 / 600
train error: avg loss = 0.03393017
ES count = 3
Elapsed time = 7.71773886680603 sec
----------
Epoch 411 / 600
train error: avg loss = 0.03362992
ES count = 4
Elapsed time = 7.70258641242981 sec
----------
Epoch 412 / 600
train error: avg loss = 0.03960080
ES count = 5
Elapsed time = 7.899319410324097 sec
----------
Epoch 413 / 600
train error: avg loss = 0.03519811
ES count = 6
Elapsed time = 7.6336870193481445 sec
----------
Epoch 414 / 600
train error: avg loss = 0.03681695
ES count = 7
Elapsed time = 7.60151219367981 sec
----------
Epoch 415 / 600
train error: avg loss = 0.03332656
ES count = 8
Elapsed time = 7.440065860748291 sec
----------
Epoch 416 / 600
train error: avg loss = 0.03317883
ES count = 9
Elapsed time = 7.746605634689331 sec
----------
Epoch 417 / 600
train error: avg loss = 0.03246901
ES count = 10
Elapsed time = 7.613671064376831 sec
----------
Epoch 418 / 600
train error: avg loss = 0.03326278
ES count = 11
Elapsed time = 7.535787343978882 sec
----------
Epoch 419 / 600
train error: avg loss = 0.03423999
ES count = 12
Elapsed time = 7.802363634109497 sec
----------
Epoch 420 / 600
train error: avg loss = 0.03495963
ES count = 13
Elapsed time = 7.511890649795532 sec
----------
Epoch 421 / 600
train error: avg loss = 0.03276026
ES count = 14
Elapsed time = 7.664546012878418 sec
----------
Epoch 422 / 600
train error: avg loss = 0.03312036
ES count = 15
Elapsed time = 7.822257995605469 sec
----------
Epoch 423 / 600
train error: avg loss = 0.03309886
ES count = 16
Elapsed time = 7.628398895263672 sec
----------
Epoch 424 / 600
train error: avg loss = 0.03369141
ES count = 17
Elapsed time = 7.718444585800171 sec
----------
Epoch 425 / 600
train error: avg loss = 0.03461491
ES count = 18
Elapsed time = 7.856781005859375 sec
----------
Epoch 426 / 600
train error: avg loss = 0.03164735
Best loss is updated and ES count is reset.
Checkpoint saved to '/fsb/home/yutingwang/ytw_tangzq/schrodinger-bridge-sr-micrometeorology/data/DL_result/ExperimentSchrodingerBridge3dWind/config_wind_3d_ablation_no_terrain_night_large/checkpoint.pth'
Elapsed time = 8.520140886306763 sec
----------
Epoch 427 / 600
train error: avg loss = 0.03170706
ES count = 1
Elapsed time = 7.529543399810791 sec
----------
Epoch 428 / 600
train error: avg loss = 0.03505449
ES count = 2
Elapsed time = 7.757288932800293 sec
----------
Epoch 429 / 600
train error: avg loss = 0.03357352
ES count = 3
Elapsed time = 7.354902744293213 sec
----------
Epoch 430 / 600
train error: avg loss = 0.03174913
ES count = 4
Elapsed time = 7.451463460922241 sec
----------
Epoch 431 / 600
train error: avg loss = 0.03069138
Best loss is updated and ES count is reset.
Checkpoint saved to '/fsb/home/yutingwang/ytw_tangzq/schrodinger-bridge-sr-micrometeorology/data/DL_result/ExperimentSchrodingerBridge3dWind/config_wind_3d_ablation_no_terrain_night_large/checkpoint.pth'
Elapsed time = 8.045848846435547 sec
----------
Epoch 432 / 600
train error: avg loss = 0.03099124
ES count = 1
Elapsed time = 8.303893804550171 sec
----------
Epoch 433 / 600
train error: avg loss = 0.03348679
ES count = 2
Elapsed time = 8.579838514328003 sec
----------
Epoch 434 / 600
train error: avg loss = 0.03355392
ES count = 3
Elapsed time = 8.844846487045288 sec
----------
Epoch 435 / 600
train error: avg loss = 0.03548627
ES count = 4
Elapsed time = 8.593310832977295 sec
----------
Epoch 436 / 600
train error: avg loss = 0.03867848
ES count = 5
Elapsed time = 8.646720170974731 sec
----------
Epoch 437 / 600
train error: avg loss = 0.03334002
ES count = 6
Elapsed time = 8.495765447616577 sec
----------
Epoch 438 / 600
train error: avg loss = 0.03076729
ES count = 7
Elapsed time = 8.288057565689087 sec
----------
Epoch 439 / 600
train error: avg loss = 0.03489470
ES count = 8
Elapsed time = 8.472771167755127 sec
----------
Epoch 440 / 600
train error: avg loss = 0.03178906
ES count = 9
Elapsed time = 8.805295944213867 sec
----------
Epoch 441 / 600
train error: avg loss = 0.02941980
Best loss is updated and ES count is reset.
Checkpoint saved to '/fsb/home/yutingwang/ytw_tangzq/schrodinger-bridge-sr-micrometeorology/data/DL_result/ExperimentSchrodingerBridge3dWind/config_wind_3d_ablation_no_terrain_night_large/checkpoint.pth'
Elapsed time = 9.145702600479126 sec
----------
Epoch 442 / 600
train error: avg loss = 0.02937443
Best loss is updated and ES count is reset.
Checkpoint saved to '/fsb/home/yutingwang/ytw_tangzq/schrodinger-bridge-sr-micrometeorology/data/DL_result/ExperimentSchrodingerBridge3dWind/config_wind_3d_ablation_no_terrain_night_large/checkpoint.pth'
Elapsed time = 9.017123699188232 sec
----------
Epoch 443 / 600
train error: avg loss = 0.03297038
ES count = 1
Elapsed time = 8.423874855041504 sec
----------
Epoch 444 / 600
train error: avg loss = 0.03411129
ES count = 2
Elapsed time = 8.458455801010132 sec
----------
Epoch 445 / 600
train error: avg loss = 0.03188703
ES count = 3
Elapsed time = 8.491271734237671 sec
----------
Epoch 446 / 600
train error: avg loss = 0.03357972
ES count = 4
Elapsed time = 8.272957563400269 sec
----------
Epoch 447 / 600
train error: avg loss = 0.03436319
ES count = 5
Elapsed time = 8.269387006759644 sec
----------
Epoch 448 / 600
train error: avg loss = 0.03320145
ES count = 6
Elapsed time = 8.449284791946411 sec
----------
Epoch 449 / 600
train error: avg loss = 0.03455767
ES count = 7
Elapsed time = 8.697108030319214 sec
----------
Epoch 450 / 600
train error: avg loss = 0.03351666
ES count = 8
Elapsed time = 8.979915857315063 sec
----------
Epoch 451 / 600
train error: avg loss = 0.03308731
ES count = 9
Elapsed time = 8.995875835418701 sec
----------
Epoch 452 / 600
train error: avg loss = 0.03184895
ES count = 10
Elapsed time = 8.292925596237183 sec
----------
Epoch 453 / 600
train error: avg loss = 0.03444936
ES count = 11
Elapsed time = 9.247912168502808 sec
----------
Epoch 454 / 600
train error: avg loss = 0.03202059
ES count = 12
Elapsed time = 8.397187232971191 sec
----------
Epoch 455 / 600
train error: avg loss = 0.03137300
ES count = 13
Elapsed time = 8.384355306625366 sec
----------
Epoch 456 / 600
train error: avg loss = 0.03250833
ES count = 14
Elapsed time = 8.525104284286499 sec
----------
Epoch 457 / 600
train error: avg loss = 0.02967951
ES count = 15
Elapsed time = 8.666330814361572 sec
----------
Epoch 458 / 600
train error: avg loss = 0.03543939
ES count = 16
Elapsed time = 8.542165040969849 sec
----------
Epoch 459 / 600
train error: avg loss = 0.03121025
ES count = 17
Elapsed time = 8.522192239761353 sec
----------
Epoch 460 / 600
train error: avg loss = 0.03509966
ES count = 18
Elapsed time = 8.457329511642456 sec
----------
Epoch 461 / 600
train error: avg loss = 0.03444350
ES count = 19
Elapsed time = 8.395593404769897 sec
----------
Epoch 462 / 600
train error: avg loss = 0.03403159
ES count = 20
Elapsed time = 8.622422456741333 sec
----------
Epoch 463 / 600
train error: avg loss = 0.02966502
ES count = 21
Elapsed time = 9.301295518875122 sec
----------
Epoch 464 / 600
train error: avg loss = 0.03105354
ES count = 22
Elapsed time = 7.902173280715942 sec
----------
Epoch 465 / 600
train error: avg loss = 0.03162427
ES count = 23
Elapsed time = 8.77384328842163 sec
----------
Epoch 466 / 600
train error: avg loss = 0.03302872
ES count = 24
Elapsed time = 8.690648555755615 sec
----------
Epoch 467 / 600
train error: avg loss = 0.03082879
ES count = 25
Elapsed time = 8.401299238204956 sec
----------
Epoch 468 / 600
train error: avg loss = 0.03283716
ES count = 26
Elapsed time = 8.83600640296936 sec
----------
Epoch 469 / 600
train error: avg loss = 0.02865507
Best loss is updated and ES count is reset.
Checkpoint saved to '/fsb/home/yutingwang/ytw_tangzq/schrodinger-bridge-sr-micrometeorology/data/DL_result/ExperimentSchrodingerBridge3dWind/config_wind_3d_ablation_no_terrain_night_large/checkpoint.pth'
Elapsed time = 9.050822734832764 sec
----------
Epoch 470 / 600
train error: avg loss = 0.03377710
ES count = 1
Elapsed time = 8.179149627685547 sec
----------
Epoch 471 / 600
train error: avg loss = 0.03122447
ES count = 2
Elapsed time = 8.947584867477417 sec
----------
Epoch 472 / 600
train error: avg loss = 0.03678586
ES count = 3
Elapsed time = 7.608465194702148 sec
----------
Epoch 473 / 600
train error: avg loss = 0.03154196
ES count = 4
Elapsed time = 8.869722843170166 sec
----------
Epoch 474 / 600
train error: avg loss = 0.03255588
ES count = 5
Elapsed time = 9.012946367263794 sec
----------
Epoch 475 / 600
train error: avg loss = 0.03101936
ES count = 6
Elapsed time = 7.533605575561523 sec
----------
Epoch 476 / 600
train error: avg loss = 0.02997002
ES count = 7
Elapsed time = 8.825144290924072 sec
----------
Epoch 477 / 600
train error: avg loss = 0.03166286
ES count = 8
Elapsed time = 9.578655242919922 sec
----------
Epoch 478 / 600
train error: avg loss = 0.03069535
ES count = 9
Elapsed time = 8.223707675933838 sec
----------
Epoch 479 / 600
train error: avg loss = 0.03158657
ES count = 10
Elapsed time = 7.615419864654541 sec
----------
Epoch 480 / 600
train error: avg loss = 0.03083695
ES count = 11
Elapsed time = 8.163105487823486 sec
----------
Epoch 481 / 600
train error: avg loss = 0.03133607
ES count = 12
Elapsed time = 9.512378692626953 sec
----------
Epoch 482 / 600
train error: avg loss = 0.03131387
ES count = 13
Elapsed time = 9.41112995147705 sec
----------
Epoch 483 / 600
train error: avg loss = 0.03176284
ES count = 14
Elapsed time = 8.373806953430176 sec
----------
Epoch 484 / 600
train error: avg loss = 0.03087429
ES count = 15
Elapsed time = 7.60943341255188 sec
----------
Epoch 485 / 600
train error: avg loss = 0.03235075
ES count = 16
Elapsed time = 7.466600656509399 sec
----------
Epoch 486 / 600
train error: avg loss = 0.03218953
ES count = 17
Elapsed time = 7.8007073402404785 sec
----------
Epoch 487 / 600
train error: avg loss = 0.02910095
ES count = 18
Elapsed time = 9.28937315940857 sec
----------
Epoch 488 / 600
train error: avg loss = 0.02990649
ES count = 19
Elapsed time = 9.406218767166138 sec
----------
Epoch 489 / 600
train error: avg loss = 0.02887767
ES count = 20
Elapsed time = 9.342674970626831 sec
----------
Epoch 490 / 600
train error: avg loss = 0.03307700
ES count = 21
Elapsed time = 9.369070529937744 sec
----------
Epoch 491 / 600
train error: avg loss = 0.02962728
ES count = 22
Elapsed time = 8.382980585098267 sec
----------
Epoch 492 / 600
train error: avg loss = 0.03194468
ES count = 23
Elapsed time = 7.492198467254639 sec
----------
Epoch 493 / 600
train error: avg loss = 0.02823633
Best loss is updated and ES count is reset.
Checkpoint saved to '/fsb/home/yutingwang/ytw_tangzq/schrodinger-bridge-sr-micrometeorology/data/DL_result/ExperimentSchrodingerBridge3dWind/config_wind_3d_ablation_no_terrain_night_large/checkpoint.pth'
Elapsed time = 8.30202841758728 sec
----------
Epoch 494 / 600
train error: avg loss = 0.03219847
ES count = 1
Elapsed time = 7.59175181388855 sec
----------
Epoch 495 / 600
train error: avg loss = 0.04134667
ES count = 2
Elapsed time = 7.689635753631592 sec
----------
Epoch 496 / 600
train error: avg loss = 0.13337386
ES count = 3
Elapsed time = 7.476603984832764 sec
----------
Epoch 497 / 600
train error: avg loss = 0.04909524
ES count = 4
Elapsed time = 7.4358251094818115 sec
----------
Epoch 498 / 600
train error: avg loss = 0.03674872
ES count = 5
Elapsed time = 8.393707275390625 sec
----------
Epoch 499 / 600
train error: avg loss = 0.03649466
ES count = 6
Elapsed time = 9.23690915107727 sec
----------
Epoch 500 / 600
train error: avg loss = 0.03276862
ES count = 7
Epoch = 500. Save a periodic model snapshot.
Elapsed time = 9.568812608718872 sec
----------
Epoch 501 / 600
train error: avg loss = 0.03166106
ES count = 8
Elapsed time = 9.142589330673218 sec
----------
Epoch 502 / 600
train error: avg loss = 0.03076339
ES count = 9
Elapsed time = 9.330223560333252 sec
----------
Epoch 503 / 600
train error: avg loss = 0.03259131
ES count = 10
Elapsed time = 9.27577519416809 sec
----------
Epoch 504 / 600
train error: avg loss = 0.02951091
ES count = 11
Elapsed time = 9.160297393798828 sec
----------
Epoch 505 / 600
train error: avg loss = 0.03184347
ES count = 12
Elapsed time = 9.248944997787476 sec
----------
Epoch 506 / 600
train error: avg loss = 0.03146388
ES count = 13
Elapsed time = 9.458613395690918 sec
----------
Epoch 507 / 600
train error: avg loss = 0.02848367
ES count = 14
Elapsed time = 9.777133703231812 sec
----------
Epoch 508 / 600
train error: avg loss = 0.03137601
ES count = 15
Elapsed time = 9.16764211654663 sec
----------
Epoch 509 / 600
train error: avg loss = 0.03011447
ES count = 16
Elapsed time = 9.108632326126099 sec
----------
Epoch 510 / 600
train error: avg loss = 0.03052036
ES count = 17
Elapsed time = 9.510181427001953 sec
----------
Epoch 511 / 600
train error: avg loss = 0.03119753
ES count = 18
Elapsed time = 9.612452030181885 sec
----------
Epoch 512 / 600
train error: avg loss = 0.02956093
ES count = 19
Elapsed time = 9.445926189422607 sec
----------
Epoch 513 / 600
train error: avg loss = 0.03005687
ES count = 20
Elapsed time = 8.46927809715271 sec
----------
Epoch 514 / 600
train error: avg loss = 0.02815125
Best loss is updated and ES count is reset.
Checkpoint saved to '/fsb/home/yutingwang/ytw_tangzq/schrodinger-bridge-sr-micrometeorology/data/DL_result/ExperimentSchrodingerBridge3dWind/config_wind_3d_ablation_no_terrain_night_large/checkpoint.pth'
Elapsed time = 8.61309027671814 sec
----------
Epoch 515 / 600
train error: avg loss = 0.03052455
ES count = 1
Elapsed time = 7.672782897949219 sec
----------
Epoch 516 / 600
train error: avg loss = 0.02965455
ES count = 2
Elapsed time = 7.6713361740112305 sec
----------
Epoch 517 / 600
train error: avg loss = 0.03069249
ES count = 3
Elapsed time = 7.595417499542236 sec
----------
Epoch 518 / 600
train error: avg loss = 0.03011655
ES count = 4
Elapsed time = 7.4686338901519775 sec
----------
Epoch 519 / 600
train error: avg loss = 0.02966211
ES count = 5
Elapsed time = 7.701019287109375 sec
----------
Epoch 520 / 600
train error: avg loss = 0.03329496
ES count = 6
Elapsed time = 7.809512138366699 sec
----------
Epoch 521 / 600
train error: avg loss = 0.02954053
ES count = 7
Elapsed time = 7.8837690353393555 sec
----------
Epoch 522 / 600
train error: avg loss = 0.02923397
ES count = 8
Elapsed time = 7.893678665161133 sec
----------
Epoch 523 / 600
train error: avg loss = 0.03108392
ES count = 9
Elapsed time = 7.522879362106323 sec
----------
Epoch 524 / 600
train error: avg loss = 0.03094942
ES count = 10
Elapsed time = 7.788090944290161 sec
----------
Epoch 525 / 600
train error: avg loss = 0.02876578
ES count = 11
Elapsed time = 7.832695722579956 sec
----------
Epoch 526 / 600
train error: avg loss = 0.03132342
ES count = 12
Elapsed time = 7.7861411571502686 sec
----------
Epoch 527 / 600
train error: avg loss = 0.03234338
ES count = 13
Elapsed time = 7.787222146987915 sec
----------
Epoch 528 / 600
train error: avg loss = 0.02973990
ES count = 14
Elapsed time = 7.550597906112671 sec
----------
Epoch 529 / 600
train error: avg loss = 0.02959621
ES count = 15
Elapsed time = 7.325579881668091 sec
----------
Epoch 530 / 600
train error: avg loss = 0.03052367
ES count = 16
Elapsed time = 7.792940616607666 sec
----------
Epoch 531 / 600
train error: avg loss = 0.03076190
ES count = 17
Elapsed time = 7.527172803878784 sec
----------
Epoch 532 / 600
train error: avg loss = 0.03145075
ES count = 18
Elapsed time = 7.659077167510986 sec
----------
Epoch 533 / 600
train error: avg loss = 0.02783185
Best loss is updated and ES count is reset.
Checkpoint saved to '/fsb/home/yutingwang/ytw_tangzq/schrodinger-bridge-sr-micrometeorology/data/DL_result/ExperimentSchrodingerBridge3dWind/config_wind_3d_ablation_no_terrain_night_large/checkpoint.pth'
Elapsed time = 8.394858837127686 sec
----------
Epoch 534 / 600
train error: avg loss = 0.03427140
ES count = 1
Elapsed time = 7.687312602996826 sec
----------
Epoch 535 / 600
train error: avg loss = 0.03340273
ES count = 2
Elapsed time = 7.74328351020813 sec
----------
Epoch 536 / 600
train error: avg loss = 0.03175731
ES count = 3
Elapsed time = 7.775705575942993 sec
----------
Epoch 537 / 600
train error: avg loss = 0.02959977
ES count = 4
Elapsed time = 7.4731972217559814 sec
----------
Epoch 538 / 600
train error: avg loss = 0.02963479
ES count = 5
Elapsed time = 7.843526840209961 sec
----------
Epoch 539 / 600
train error: avg loss = 0.02942755
ES count = 6
Elapsed time = 7.55844783782959 sec
----------
Epoch 540 / 600
train error: avg loss = 0.03209480
ES count = 7
Elapsed time = 7.712714433670044 sec
----------
Epoch 541 / 600
train error: avg loss = 0.03211972
ES count = 8
Elapsed time = 7.66009259223938 sec
----------
Epoch 542 / 600
train error: avg loss = 0.03193696
ES count = 9
Elapsed time = 7.961772680282593 sec
----------
Epoch 543 / 600
train error: avg loss = 0.02789849
ES count = 10
Elapsed time = 7.672183036804199 sec
----------
Epoch 544 / 600
train error: avg loss = 0.02924348
ES count = 11
Elapsed time = 7.590190172195435 sec
----------
Epoch 545 / 600
train error: avg loss = 0.03014161
ES count = 12
Elapsed time = 7.6964147090911865 sec
----------
Epoch 546 / 600
train error: avg loss = 0.02903474
ES count = 13
Elapsed time = 7.324486970901489 sec
----------
Epoch 547 / 600
train error: avg loss = 0.02721783
Best loss is updated and ES count is reset.
Checkpoint saved to '/fsb/home/yutingwang/ytw_tangzq/schrodinger-bridge-sr-micrometeorology/data/DL_result/ExperimentSchrodingerBridge3dWind/config_wind_3d_ablation_no_terrain_night_large/checkpoint.pth'
Elapsed time = 8.498517513275146 sec
----------
Epoch 548 / 600
train error: avg loss = 0.03054128
ES count = 1
Elapsed time = 7.585063934326172 sec
----------
Epoch 549 / 600
train error: avg loss = 0.03186699
ES count = 2
Elapsed time = 7.489477634429932 sec
----------
Epoch 550 / 600
train error: avg loss = 0.03086462
ES count = 3
Elapsed time = 7.61992073059082 sec
----------
Epoch 551 / 600
train error: avg loss = 0.02956493
ES count = 4
Elapsed time = 7.840956211090088 sec
----------
Epoch 552 / 600
train error: avg loss = 0.02985399
ES count = 5
Elapsed time = 7.586237192153931 sec
----------
Epoch 553 / 600
train error: avg loss = 0.03076007
ES count = 6
Elapsed time = 7.591874837875366 sec
----------
Epoch 554 / 600
train error: avg loss = 0.02879974
ES count = 7
Elapsed time = 7.578998327255249 sec
----------
Epoch 555 / 600
train error: avg loss = 0.03120258
ES count = 8
Elapsed time = 7.557176351547241 sec
----------
Epoch 556 / 600
train error: avg loss = 0.02897078
ES count = 9
Elapsed time = 7.784714221954346 sec
----------
Epoch 557 / 600
train error: avg loss = 0.02895589
ES count = 10
Elapsed time = 7.708498954772949 sec
----------
Epoch 558 / 600
train error: avg loss = 0.03231339
ES count = 11
Elapsed time = 7.78179669380188 sec
----------
Epoch 559 / 600
train error: avg loss = 0.02790451
ES count = 12
Elapsed time = 7.6623852252960205 sec
----------
Epoch 560 / 600
train error: avg loss = 0.02979444
ES count = 13
Elapsed time = 7.620506286621094 sec
----------
Epoch 561 / 600
train error: avg loss = 0.03049654
ES count = 14
Elapsed time = 7.719929218292236 sec
----------
Epoch 562 / 600
train error: avg loss = 0.03172796
ES count = 15
Elapsed time = 7.587763071060181 sec
----------
Epoch 563 / 600
train error: avg loss = 0.03195281
ES count = 16
Elapsed time = 7.540123224258423 sec
----------
Epoch 564 / 600
train error: avg loss = 0.02971612
ES count = 17
Elapsed time = 7.910846948623657 sec
----------
Epoch 565 / 600
train error: avg loss = 0.03219418
ES count = 18
Elapsed time = 7.6646552085876465 sec
----------
Epoch 566 / 600
train error: avg loss = 0.03084807
ES count = 19
Elapsed time = 7.409009695053101 sec
----------
Epoch 567 / 600
train error: avg loss = 0.02924409
ES count = 20
Elapsed time = 7.84398341178894 sec
----------
Epoch 568 / 600
train error: avg loss = 0.02672947
Best loss is updated and ES count is reset.
Checkpoint saved to '/fsb/home/yutingwang/ytw_tangzq/schrodinger-bridge-sr-micrometeorology/data/DL_result/ExperimentSchrodingerBridge3dWind/config_wind_3d_ablation_no_terrain_night_large/checkpoint.pth'
Elapsed time = 8.31141209602356 sec
----------
Epoch 569 / 600
train error: avg loss = 0.02774197
ES count = 1
Elapsed time = 7.432261228561401 sec
----------
Epoch 570 / 600
train error: avg loss = 0.02746844
ES count = 2
Elapsed time = 7.710618734359741 sec
----------
Epoch 571 / 600
train error: avg loss = 0.02718428
ES count = 3
Elapsed time = 7.73849630355835 sec
----------
Epoch 572 / 600
train error: avg loss = 0.02946311
ES count = 4
Elapsed time = 7.560129165649414 sec
----------
Epoch 573 / 600
train error: avg loss = 0.02893096
ES count = 5
Elapsed time = 7.955183267593384 sec
----------
Epoch 574 / 600
train error: avg loss = 0.03260863
ES count = 6
Elapsed time = 7.82202410697937 sec
----------
Epoch 575 / 600
train error: avg loss = 0.03323563
ES count = 7
Elapsed time = 7.733259677886963 sec
----------
Epoch 576 / 600
train error: avg loss = 0.03029647
ES count = 8
Elapsed time = 7.58198881149292 sec
----------
Epoch 577 / 600
train error: avg loss = 0.03425464
ES count = 9
Elapsed time = 7.909745216369629 sec
----------
Epoch 578 / 600
train error: avg loss = 0.03229859
ES count = 10
Elapsed time = 7.69752311706543 sec
----------
Epoch 579 / 600
train error: avg loss = 0.02813019
ES count = 11
Elapsed time = 7.647792816162109 sec
----------
Epoch 580 / 600
train error: avg loss = 0.02814214
ES count = 12
Elapsed time = 7.526204586029053 sec
----------
Epoch 581 / 600
train error: avg loss = 0.03285557
ES count = 13
Elapsed time = 7.877816915512085 sec
----------
Epoch 582 / 600
train error: avg loss = 0.02976628
ES count = 14
Elapsed time = 7.732965707778931 sec
----------
Epoch 583 / 600
train error: avg loss = 0.02704337
ES count = 15
Elapsed time = 7.565891981124878 sec
----------
Epoch 584 / 600
train error: avg loss = 0.03276175
ES count = 16
Elapsed time = 7.71026611328125 sec
----------
Epoch 585 / 600
train error: avg loss = 0.03043768
ES count = 17
Elapsed time = 7.830905914306641 sec
----------
Epoch 586 / 600
train error: avg loss = 0.02771945
ES count = 18
Elapsed time = 8.083233118057251 sec
----------
Epoch 587 / 600
train error: avg loss = 0.02916106
ES count = 19
Elapsed time = 7.632507562637329 sec
----------
Epoch 588 / 600
train error: avg loss = 0.02933660
ES count = 20
Elapsed time = 7.838946104049683 sec
----------
Epoch 589 / 600
train error: avg loss = 0.03147917
ES count = 21
Elapsed time = 7.381567001342773 sec
----------
Epoch 590 / 600
train error: avg loss = 0.03073004
ES count = 22
Elapsed time = 7.756353378295898 sec
----------
Epoch 591 / 600
train error: avg loss = 0.03000581
ES count = 23
Elapsed time = 7.887084484100342 sec
----------
Epoch 592 / 600
train error: avg loss = 0.02963274
ES count = 24
Elapsed time = 8.083091020584106 sec
----------
Epoch 593 / 600
train error: avg loss = 0.03147827
ES count = 25
Elapsed time = 7.791314601898193 sec
----------
Epoch 594 / 600
train error: avg loss = 0.02936334
ES count = 26
Elapsed time = 7.770799398422241 sec
----------
Epoch 595 / 600
train error: avg loss = 0.03180773
ES count = 27
Elapsed time = 7.990164279937744 sec
----------
Epoch 596 / 600
train error: avg loss = 0.02895125
ES count = 28
Elapsed time = 7.84218692779541 sec
----------
Epoch 597 / 600
train error: avg loss = 0.02934539
ES count = 29
Elapsed time = 7.5228681564331055 sec
----------
Epoch 598 / 600
train error: avg loss = 0.02990137
ES count = 30
Elapsed time = 7.512318849563599 sec
----------
Epoch 599 / 600
train error: avg loss = 0.02840052
ES count = 31
Elapsed time = 7.3740270137786865 sec
----------
Epoch 600 / 600
train error: avg loss = 0.03169170
ES count = 32
Epoch = 600. Save a periodic model snapshot.
Elapsed time = 8.154906272888184 sec
----------
Epoch 601 / 600
train error: avg loss = 0.03113164
ES count = 33
Elapsed time = 7.772213935852051 sec
----------
Train end: 2026-07-15T15:30:53.592335+00:00 UTC
Best epoch: 568, best_loss: 0.02672947
Total elapsed time = 78.84292047023773 min

**************************************************
Make inference
**************************************************


Inference at epoch 100.
UNetDDPMVer01 is created
dataset_config.dataset_name='Dataset3dWind'
The total files = 480. A part of them is used for training.
train: 146/335 samples kept after day_night_filter=night
valid: 31/70 samples kept after day_night_filter=night
test: 35/75 samples kept after day_night_filter=night
All files give to dataset are 31.
Reading all files.
valid: dataset size = 31, batch num = 16

Requested 60 samples, but only 31 are available. Using all available data.
Inference out = /fsb/home/yutingwang/ytw_tangzq/schrodinger-bridge-sr-micrometeorology/data/DL_result/ExperimentSchrodingerBridge3dWind/config_wind_3d_ablation_no_terrain_night_large/inference_0100.pickle
Total elapsed time = 0.5127478837966919 min


Inference at epoch 200.
UNetDDPMVer01 is created
dataset_config.dataset_name='Dataset3dWind'
The total files = 480. A part of them is used for training.
train: 146/335 samples kept after day_night_filter=night
valid: 31/70 samples kept after day_night_filter=night
test: 35/75 samples kept after day_night_filter=night
All files give to dataset are 31.
Reading all files.
valid: dataset size = 31, batch num = 16

Requested 60 samples, but only 31 are available. Using all available data.
Inference out = /fsb/home/yutingwang/ytw_tangzq/schrodinger-bridge-sr-micrometeorology/data/DL_result/ExperimentSchrodingerBridge3dWind/config_wind_3d_ablation_no_terrain_night_large/inference_0200.pickle
Total elapsed time = 0.19350354274113973 min


Inference at epoch 300.
UNetDDPMVer01 is created
dataset_config.dataset_name='Dataset3dWind'
The total files = 480. A part of them is used for training.
train: 146/335 samples kept after day_night_filter=night
valid: 31/70 samples kept after day_night_filter=night
test: 35/75 samples kept after day_night_filter=night
All files give to dataset are 31.
Reading all files.
valid: dataset size = 31, batch num = 16

Requested 60 samples, but only 31 are available. Using all available data.
Inference out = /fsb/home/yutingwang/ytw_tangzq/schrodinger-bridge-sr-micrometeorology/data/DL_result/ExperimentSchrodingerBridge3dWind/config_wind_3d_ablation_no_terrain_night_large/inference_0300.pickle
Total elapsed time = 0.20405985514322916 min


Inference at epoch 400.
UNetDDPMVer01 is created
dataset_config.dataset_name='Dataset3dWind'
The total files = 480. A part of them is used for training.
train: 146/335 samples kept after day_night_filter=night
valid: 31/70 samples kept after day_night_filter=night
test: 35/75 samples kept after day_night_filter=night
All files give to dataset are 31.
Reading all files.
valid: dataset size = 31, batch num = 16

Requested 60 samples, but only 31 are available. Using all available data.
Inference out = /fsb/home/yutingwang/ytw_tangzq/schrodinger-bridge-sr-micrometeorology/data/DL_result/ExperimentSchrodingerBridge3dWind/config_wind_3d_ablation_no_terrain_night_large/inference_0400.pickle
Total elapsed time = 0.18208850224812825 min


Inference at epoch 500.
UNetDDPMVer01 is created
dataset_config.dataset_name='Dataset3dWind'
The total files = 480. A part of them is used for training.
train: 146/335 samples kept after day_night_filter=night
valid: 31/70 samples kept after day_night_filter=night
test: 35/75 samples kept after day_night_filter=night
All files give to dataset are 31.
Reading all files.
valid: dataset size = 31, batch num = 16

Requested 60 samples, but only 31 are available. Using all available data.
Inference out = /fsb/home/yutingwang/ytw_tangzq/schrodinger-bridge-sr-micrometeorology/data/DL_result/ExperimentSchrodingerBridge3dWind/config_wind_3d_ablation_no_terrain_night_large/inference_0500.pickle
Total elapsed time = 0.2227789878845215 min


Inference at epoch 600.
UNetDDPMVer01 is created
dataset_config.dataset_name='Dataset3dWind'
The total files = 480. A part of them is used for training.
train: 146/335 samples kept after day_night_filter=night
valid: 31/70 samples kept after day_night_filter=night
test: 35/75 samples kept after day_night_filter=night
All files give to dataset are 31.
Reading all files.
valid: dataset size = 31, batch num = 16

Requested 60 samples, but only 31 are available. Using all available data.
Inference out = /fsb/home/yutingwang/ytw_tangzq/schrodinger-bridge-sr-micrometeorology/data/DL_result/ExperimentSchrodingerBridge3dWind/config_wind_3d_ablation_no_terrain_night_large/inference_0600.pickle
Total elapsed time = 0.1823944330215454 min

End all inference processes.

End: Wed Jul 15 23:32:29 CST 2026

------------------------------------------------------------
Sender: LSF System <lsfadmin@m003>
Subject: Job 13763906: <abl_large_night_no_terrain> in cluster <hpc> Done

Job <abl_large_night_no_terrain> was submitted from host <login1> by user <ytw_tangzq> in cluster <hpc> at Wed Jul 15 22:10:28 2026
Job was executed on host(s) <6*m003>, in queue <723090ib>, as user <ytw_tangzq> in cluster <hpc> at Wed Jul 15 22:10:29 2026
</fsb/home/yutingwang/ytw_tangzq> was used as the home directory.
</fsb/home/yutingwang/ytw_tangzq/schrodinger-bridge-sr-micrometeorology> was used as the working directory.
Started at Wed Jul 15 22:10:29 2026
Terminated at Wed Jul 15 23:32:29 2026
Results reported at Wed Jul 15 23:32:29 2026

Your job looked like:

------------------------------------------------------------
# LSBATCH: User input
#!/bin/bash
# ============================================
# LSF — Day/Night Ablation Large (192x192, 64ch): NoTerrain (night)
# 192x192 + inner_ch=64 + pure L2 + GPU
# ============================================
#BSUB -q 723090ib
#BSUB -gpu "num=1:mode=exclusive_process"
#BSUB -n 4
#BSUB -R "rusage[mem=32000]"
#BSUB -J abl_large_night_no_terrain
#BSUB -o logs/abl_large_night_no_terrain_%J.out
#BSUB -e logs/abl_large_night_no_terrain_%J.err

module load anaconda/3
module load cuda/11.8.0
source activate wind3d

cd $LS_SUBCWD
mkdir -p logs

echo "=== Ablation: NoTerrain | Filter: night | Large (192x192, 64ch) ==="
echo "Config: configs/config_wind_3d_ablation_no_terrain_night_large.yml"
echo "Host: $(hostname)"
echo "GPU:  $(nvidia-smi --query-gpu=name,memory.total --format=csv,noheader 2>/dev/null || echo 'N/A')"
echo "Start: $(date)"
echo ""

python scripts/train_schrodinger_bridge_model.py \
  --config_path configs/config_wind_3d_ablation_no_terrain_night_large.yml \
  --experiment_name ExperimentSchrodingerBridge3dWind \
  --device cuda:0

echo ""
echo "End: $(date)"

------------------------------------------------------------

Successfully completed.

Resource usage summary:

    CPU time :                                   5588.10 sec.
    Max Memory :                                 2438 MB
    Average Memory :                             2293.40 MB
    Total Requested Memory :                     32000.00 MB
    Delta Memory :                               29562.00 MB
    Max Swap :                                   -
    Max Processes :                              8
    Max Threads :                                48
    Run time :                                   4920 sec.
    Turnaround time :                            4921 sec.

The output (if any) is above this job summary.



PS:

Read file <logs/abl_large_night_no_terrain_13763906.err> for stderr output of this job.

