=== Ablation: NoPSFC | Filter: night | Large (192x192, 64ch) ===
Config: configs/config_wind_3d_ablation_no_pressure_night_large.yml
Host: m002
GPU:  NVIDIA GeForce RTX 3090, 24576 MiB
Start: Wed Jul 15 22:10:33 CST 2026

Experiment Schrodinger-Bridge 3D Wind Model is selected.

**************************************************
Show configuration
**************************************************

experiment_name='ExperimentSchrodingerBridge3dWind'
config_name='config_wind_3d_ablation_no_pressure_night_large'
config_path='configs/config_wind_3d_ablation_no_pressure_night_large.yml'
result_dir_path='/fsb/home/yutingwang/ytw_tangzq/schrodinger-bridge-sr-micrometeorology/data/DL_result/ExperimentSchrodingerBridge3dWind/config_wind_3d_ablation_no_pressure_night_large'

Input config = {
  "data": {
    "target_variable_names": [
      "hr_u_ml0",
      "hr_v_ml0",
      "hr_w_ml0",
      "hr_u_ml1",
      "hr_v_ml1",
      "hr_w_ml1",
      "hr_u_ml2",
      "hr_v_ml2",
      "hr_w_ml2",
      "hr_u_ml3",
      "hr_v_ml3",
      "hr_w_ml3",
      "hr_u_ml5",
      "hr_v_ml5",
      "hr_w_ml5",
      "hr_u_ml10",
      "hr_v_ml10",
      "hr_w_ml10"
    ],
    "input_variable_names": [
      "t2",
      "z",
      "lu",
      "tsk",
      "swdown",
      "glw",
      "hfx",
      "lh",
      "pblh"
    ],
    "biases": {
      "hr_u_ml0": -1.95426,
      "hr_v_ml0": 2.778181,
      "hr_w_ml0": -0.005726,
      "lr_u_ml0": -1.95424,
      "lr_v_ml0": 2.778251,
      "lr_w_ml0": -0.00573,
      "hr_u_ml1": -2.236401,
      "hr_v_ml1": 3.337655,
      "hr_w_ml1": -0.005083,
      "lr_u_ml1": -2.236384,
      "lr_v_ml1": 3.337749,
      "lr_w_ml1": -0.005087,
      "hr_u_ml2": -2.376027,
      "hr_v_ml2": 3.760786,
      "hr_w_ml2": -0.003274,
      "lr_u_ml2": -2.37602,
      "lr_v_ml2": 3.760872,
      "lr_w_ml2": -0.003278,
      "hr_u_ml3": -2.451712,
      "hr_v_ml3": 4.141908,
      "hr_w_ml3": -0.000605,
      "lr_u_ml3": -2.451715,
      "lr_v_ml3": 4.141976,
      "lr_w_ml3": -0.000607,
      "hr_u_ml5": -2.441044,
      "hr_v_ml5": 4.68079,
      "hr_w_ml5": 0.005137,
      "lr_u_ml5": -2.441062,
      "lr_v_ml5": 4.680834,
      "lr_w_ml5": 0.005142,
      "hr_u_ml10": -2.472078,
      "hr_v_ml10": 3.227569,
      "hr_w_ml10": 0.008199,
      "lr_u_ml10": -2.472082,
      "lr_v_ml10": 3.227579,
      "lr_w_ml10": 0.008219,
      "t2": 301.998962,
      "z": 37.488346,
      "lu": 16.725618,
      "tsk": 303.561615,
      "swdown": 269.639557,
      "glw": 431.122955,
      "hfx": 42.14484,
      "lh": 96.566574,
      "psfc": 99869.882812,
      "pblh": 525.545227
    },
    "scales": {
      "hr_u_ml0": 4.402796,
      "hr_v_ml0": 3.525334,
      "hr_w_ml0": 0.148159,
      "lr_u_ml0": 4.364602,
      "lr_v_ml0": 3.472649,
      "lr_w_ml0": 0.083609,
      "hr_u_ml1": 5.105578,
      "hr_v_ml1": 3.983906,
      "hr_w_ml1": 0.191652,
      "lr_u_ml1": 5.07354,
      "lr_v_ml1": 3.939374,
      "lr_w_ml1": 0.105055,
      "hr_u_ml2": 5.622042,
      "hr_v_ml2": 4.207778,
      "hr_w_ml2": 0.220411,
      "lr_u_ml2": 5.597043,
      "lr_v_ml2": 4.172642,
      "lr_w_ml2": 0.12159,
      "hr_u_ml3": 6.141271,
      "hr_v_ml3": 4.357533,
      "hr_w_ml3": 0.247615,
      "lr_u_ml3": 6.121758,
      "lr_v_ml3": 4.329672,
      "lr_w_ml3": 0.137457,
      "hr_u_ml5": 7.334366,
      "hr_v_ml5": 4.558024,
      "hr_w_ml5": 0.295489,
      "lr_u_ml5": 7.32196,
      "lr_v_ml5": 4.538525,
      "lr_w_ml5": 0.168024,
      "hr_u_ml10": 7.964198,
      "hr_v_ml10": 4.241252,
      "hr_w_ml10": 0.334629,
      "lr_u_ml10": 7.956287,
      "lr_v_ml10": 4.225603,
      "lr_w_ml10": 0.198061,
      "t2": 2.14623,
      "z": 79.458443,
      "lu": 9.772256,
      "tsk": 4.892428,
      "swdown": 347.248718,
      "glw": 14.475859,
      "hfx": 85.938927,
      "lh": 118.271515,
      "psfc": 908.404907,
      "pblh": 357.77951
    },
    "is_clipped": false,
    "min_clipped_value": null,
    "max_clipped_value": null,
    "missing_value": 0.0,
    "hr_data_shape": [
      192,
      192
    ],
    "hr_cropped_shape": [
      192,
      192
    ],
    "dtype": "float32",
    "discarded_minute_range": [
      1,
      30
    ],
    "day_night_filter": "night"
  },
  "loader": {
    "batch_size": 2,
    "dl_data_ver": "wrf_3d_v1",
    "train_valid_test_ratios": [
      0.7,
      0.145,
      0.155
    ],
    "num_workers": 4,
    "seed": 42
  },
  "train": {
    "epochs": 600,
    "early_stopping_patience": 400,
    "seed": 78268,
    "learning_rate": 0.0005,
    "optim_name": "AdamW",
    "loss": {
      "loss_name": "L2"
    },
    "use_amp": false,
    "ema_decay": null,
    "save_interval": 100
  },
  "model": {
    "in_channel": 27,
    "inner_channel": 64,
    "out_channel": 18,
    "res_blocks": 1,
    "channel_mults": [
      1,
      2,
      4,
      8,
      8
    ],
    "attn_res": [
      16
    ],
    "channels_each_head": 16,
    "dropout": 0.2,
    "resblock_updown": true,
    "max_period": 10.0
  },
  "si": {
    "n_timestep": 10,
    "eps": 0.2,
    "formula": "quadratic",
    "loss_type": "L2",
    "channel_weights": null,
    "divergence_weight": 0.0,
    "vorticity_weight": 0.0
  }
}

dataset_config.dataset_name='Dataset3dWind'
The total files = 480. A part of them is used for training.
train: 146/335 samples kept after day_night_filter=night
valid: 31/70 samples kept after day_night_filter=night
test: 35/75 samples kept after day_night_filter=night
All files give to dataset are 146.
Reading all files.
train: dataset size = 146, batch num = 73

All files give to dataset are 31.
Reading all files.
valid: dataset size = 31, batch num = 16

DEBUG-DICT_LOADERS:73
UNetDDPMVer01 is created
EMA self.decay=None
Optimizer is AdamW.
No checkpoint found at '/fsb/home/yutingwang/ytw_tangzq/schrodinger-bridge-sr-micrometeorology/data/DL_result/ExperimentSchrodingerBridge3dWind/config_wind_3d_ablation_no_pressure_night_large/checkpoint.pth'. Starting training from scratch.

**************************************************
Train model
**************************************************

Train start: 2026-07-15 14:12:03.007845+00:00 UTC
Saving interval = 100
EMA decay rate = None
Epoch 1 / 600
train error: avg loss = 0.55940781
Best loss is updated and ES count is reset.
Checkpoint saved to '/fsb/home/yutingwang/ytw_tangzq/schrodinger-bridge-sr-micrometeorology/data/DL_result/ExperimentSchrodingerBridge3dWind/config_wind_3d_ablation_no_pressure_night_large/checkpoint.pth'
Elapsed time = 18.737231731414795 sec
----------
Epoch 2 / 600
train error: avg loss = 0.36469231
Best loss is updated and ES count is reset.
Checkpoint saved to '/fsb/home/yutingwang/ytw_tangzq/schrodinger-bridge-sr-micrometeorology/data/DL_result/ExperimentSchrodingerBridge3dWind/config_wind_3d_ablation_no_pressure_night_large/checkpoint.pth'
Elapsed time = 13.614458560943604 sec
----------
Epoch 3 / 600
train error: avg loss = 0.24349083
Best loss is updated and ES count is reset.
Checkpoint saved to '/fsb/home/yutingwang/ytw_tangzq/schrodinger-bridge-sr-micrometeorology/data/DL_result/ExperimentSchrodingerBridge3dWind/config_wind_3d_ablation_no_pressure_night_large/checkpoint.pth'
Elapsed time = 13.59248661994934 sec
----------
Epoch 4 / 600
train error: avg loss = 0.20317391
Best loss is updated and ES count is reset.
Checkpoint saved to '/fsb/home/yutingwang/ytw_tangzq/schrodinger-bridge-sr-micrometeorology/data/DL_result/ExperimentSchrodingerBridge3dWind/config_wind_3d_ablation_no_pressure_night_large/checkpoint.pth'
Elapsed time = 13.430554866790771 sec
----------
Epoch 5 / 600
train error: avg loss = 0.15620656
Best loss is updated and ES count is reset.
Checkpoint saved to '/fsb/home/yutingwang/ytw_tangzq/schrodinger-bridge-sr-micrometeorology/data/DL_result/ExperimentSchrodingerBridge3dWind/config_wind_3d_ablation_no_pressure_night_large/checkpoint.pth'
Elapsed time = 14.093486070632935 sec
----------
Epoch 6 / 600
train error: avg loss = 0.13315393
Best loss is updated and ES count is reset.
Checkpoint saved to '/fsb/home/yutingwang/ytw_tangzq/schrodinger-bridge-sr-micrometeorology/data/DL_result/ExperimentSchrodingerBridge3dWind/config_wind_3d_ablation_no_pressure_night_large/checkpoint.pth'
Elapsed time = 14.162566423416138 sec
----------
Epoch 7 / 600
train error: avg loss = 0.13303400
Best loss is updated and ES count is reset.
Checkpoint saved to '/fsb/home/yutingwang/ytw_tangzq/schrodinger-bridge-sr-micrometeorology/data/DL_result/ExperimentSchrodingerBridge3dWind/config_wind_3d_ablation_no_pressure_night_large/checkpoint.pth'
Elapsed time = 14.915246486663818 sec
----------
Epoch 8 / 600
train error: avg loss = 0.12973227
Best loss is updated and ES count is reset.
Checkpoint saved to '/fsb/home/yutingwang/ytw_tangzq/schrodinger-bridge-sr-micrometeorology/data/DL_result/ExperimentSchrodingerBridge3dWind/config_wind_3d_ablation_no_pressure_night_large/checkpoint.pth'
Elapsed time = 14.0470290184021 sec
----------
Epoch 9 / 600
train error: avg loss = 0.11548513
Best loss is updated and ES count is reset.
Checkpoint saved to '/fsb/home/yutingwang/ytw_tangzq/schrodinger-bridge-sr-micrometeorology/data/DL_result/ExperimentSchrodingerBridge3dWind/config_wind_3d_ablation_no_pressure_night_large/checkpoint.pth'
Elapsed time = 13.72053837776184 sec
----------
Epoch 10 / 600
train error: avg loss = 0.10202128
Best loss is updated and ES count is reset.
Checkpoint saved to '/fsb/home/yutingwang/ytw_tangzq/schrodinger-bridge-sr-micrometeorology/data/DL_result/ExperimentSchrodingerBridge3dWind/config_wind_3d_ablation_no_pressure_night_large/checkpoint.pth'
Elapsed time = 14.353347539901733 sec
----------
Epoch 11 / 600
train error: avg loss = 0.10330778
ES count = 1
Elapsed time = 12.95878291130066 sec
----------
Epoch 12 / 600
train error: avg loss = 0.09616281
Best loss is updated and ES count is reset.
Checkpoint saved to '/fsb/home/yutingwang/ytw_tangzq/schrodinger-bridge-sr-micrometeorology/data/DL_result/ExperimentSchrodingerBridge3dWind/config_wind_3d_ablation_no_pressure_night_large/checkpoint.pth'
Elapsed time = 14.15771222114563 sec
----------
Epoch 13 / 600
train error: avg loss = 0.08804659
Best loss is updated and ES count is reset.
Checkpoint saved to '/fsb/home/yutingwang/ytw_tangzq/schrodinger-bridge-sr-micrometeorology/data/DL_result/ExperimentSchrodingerBridge3dWind/config_wind_3d_ablation_no_pressure_night_large/checkpoint.pth'
Elapsed time = 14.443295955657959 sec
----------
Epoch 14 / 600
train error: avg loss = 0.08512099
Best loss is updated and ES count is reset.
Checkpoint saved to '/fsb/home/yutingwang/ytw_tangzq/schrodinger-bridge-sr-micrometeorology/data/DL_result/ExperimentSchrodingerBridge3dWind/config_wind_3d_ablation_no_pressure_night_large/checkpoint.pth'
Elapsed time = 15.216694355010986 sec
----------
Epoch 15 / 600
train error: avg loss = 0.07941874
Best loss is updated and ES count is reset.
Checkpoint saved to '/fsb/home/yutingwang/ytw_tangzq/schrodinger-bridge-sr-micrometeorology/data/DL_result/ExperimentSchrodingerBridge3dWind/config_wind_3d_ablation_no_pressure_night_large/checkpoint.pth'
Elapsed time = 14.874396085739136 sec
----------
Epoch 16 / 600
train error: avg loss = 0.08043301
ES count = 1
Elapsed time = 13.82912564277649 sec
----------
Epoch 17 / 600
train error: avg loss = 0.07844793
Best loss is updated and ES count is reset.
Checkpoint saved to '/fsb/home/yutingwang/ytw_tangzq/schrodinger-bridge-sr-micrometeorology/data/DL_result/ExperimentSchrodingerBridge3dWind/config_wind_3d_ablation_no_pressure_night_large/checkpoint.pth'
Elapsed time = 15.220560312271118 sec
----------
Epoch 18 / 600
train error: avg loss = 0.07457695
Best loss is updated and ES count is reset.
Checkpoint saved to '/fsb/home/yutingwang/ytw_tangzq/schrodinger-bridge-sr-micrometeorology/data/DL_result/ExperimentSchrodingerBridge3dWind/config_wind_3d_ablation_no_pressure_night_large/checkpoint.pth'
Elapsed time = 14.876724481582642 sec
----------
Epoch 19 / 600
train error: avg loss = 0.08723020
ES count = 1
Elapsed time = 13.911592960357666 sec
----------
Epoch 20 / 600
train error: avg loss = 0.07213491
Best loss is updated and ES count is reset.
Checkpoint saved to '/fsb/home/yutingwang/ytw_tangzq/schrodinger-bridge-sr-micrometeorology/data/DL_result/ExperimentSchrodingerBridge3dWind/config_wind_3d_ablation_no_pressure_night_large/checkpoint.pth'
Elapsed time = 14.916988134384155 sec
----------
Epoch 21 / 600
train error: avg loss = 0.06532897
Best loss is updated and ES count is reset.
Checkpoint saved to '/fsb/home/yutingwang/ytw_tangzq/schrodinger-bridge-sr-micrometeorology/data/DL_result/ExperimentSchrodingerBridge3dWind/config_wind_3d_ablation_no_pressure_night_large/checkpoint.pth'
Elapsed time = 14.378872871398926 sec
----------
Epoch 22 / 600
train error: avg loss = 0.07068736
ES count = 1
Elapsed time = 13.17324423789978 sec
----------
Epoch 23 / 600
train error: avg loss = 0.06607475
ES count = 2
Elapsed time = 13.774826765060425 sec
----------
Epoch 24 / 600
train error: avg loss = 0.06482811
Best loss is updated and ES count is reset.
Checkpoint saved to '/fsb/home/yutingwang/ytw_tangzq/schrodinger-bridge-sr-micrometeorology/data/DL_result/ExperimentSchrodingerBridge3dWind/config_wind_3d_ablation_no_pressure_night_large/checkpoint.pth'
Elapsed time = 16.1030695438385 sec
----------
Epoch 25 / 600
train error: avg loss = 0.06910844
ES count = 1
Elapsed time = 14.441559076309204 sec
----------
Epoch 26 / 600
train error: avg loss = 0.06042585
Best loss is updated and ES count is reset.
Checkpoint saved to '/fsb/home/yutingwang/ytw_tangzq/schrodinger-bridge-sr-micrometeorology/data/DL_result/ExperimentSchrodingerBridge3dWind/config_wind_3d_ablation_no_pressure_night_large/checkpoint.pth'
Elapsed time = 15.360160112380981 sec
----------
Epoch 27 / 600
train error: avg loss = 0.06868154
ES count = 1
Elapsed time = 13.970164775848389 sec
----------
Epoch 28 / 600
train error: avg loss = 0.08256685
ES count = 2
Elapsed time = 13.502472400665283 sec
----------
Epoch 29 / 600
train error: avg loss = 0.05649685
Best loss is updated and ES count is reset.
Checkpoint saved to '/fsb/home/yutingwang/ytw_tangzq/schrodinger-bridge-sr-micrometeorology/data/DL_result/ExperimentSchrodingerBridge3dWind/config_wind_3d_ablation_no_pressure_night_large/checkpoint.pth'
Elapsed time = 14.452207088470459 sec
----------
Epoch 30 / 600
train error: avg loss = 0.06015603
ES count = 1
Elapsed time = 14.2048020362854 sec
----------
Epoch 31 / 600
train error: avg loss = 0.05673952
ES count = 2
Elapsed time = 13.968894004821777 sec
----------
Epoch 32 / 600
train error: avg loss = 0.05871498
ES count = 3
Elapsed time = 14.333271741867065 sec
----------
Epoch 33 / 600
train error: avg loss = 0.06676895
ES count = 4
Elapsed time = 14.345523595809937 sec
----------
Epoch 34 / 600
train error: avg loss = 0.06023242
ES count = 5
Elapsed time = 14.079254150390625 sec
----------
Epoch 35 / 600
train error: avg loss = 0.05879690
ES count = 6
Elapsed time = 14.159520149230957 sec
----------
Epoch 36 / 600
train error: avg loss = 0.05441791
Best loss is updated and ES count is reset.
Checkpoint saved to '/fsb/home/yutingwang/ytw_tangzq/schrodinger-bridge-sr-micrometeorology/data/DL_result/ExperimentSchrodingerBridge3dWind/config_wind_3d_ablation_no_pressure_night_large/checkpoint.pth'
Elapsed time = 14.777228116989136 sec
----------
Epoch 37 / 600
train error: avg loss = 0.05339197
Best loss is updated and ES count is reset.
Checkpoint saved to '/fsb/home/yutingwang/ytw_tangzq/schrodinger-bridge-sr-micrometeorology/data/DL_result/ExperimentSchrodingerBridge3dWind/config_wind_3d_ablation_no_pressure_night_large/checkpoint.pth'
Elapsed time = 15.333958148956299 sec
----------
Epoch 38 / 600
train error: avg loss = 0.05494382
ES count = 1
Elapsed time = 13.918766498565674 sec
----------
Epoch 39 / 600
train error: avg loss = 0.04935637
Best loss is updated and ES count is reset.
Checkpoint saved to '/fsb/home/yutingwang/ytw_tangzq/schrodinger-bridge-sr-micrometeorology/data/DL_result/ExperimentSchrodingerBridge3dWind/config_wind_3d_ablation_no_pressure_night_large/checkpoint.pth'
Elapsed time = 14.082917928695679 sec
----------
Epoch 40 / 600
train error: avg loss = 0.05041331
ES count = 1
Elapsed time = 13.638136863708496 sec
----------
Epoch 41 / 600
train error: avg loss = 0.05071744
ES count = 2
Elapsed time = 14.375089645385742 sec
----------
Epoch 42 / 600
train error: avg loss = 0.05542250
ES count = 3
Elapsed time = 13.947795391082764 sec
----------
Epoch 43 / 600
train error: avg loss = 0.06343172
ES count = 4
Elapsed time = 13.68229079246521 sec
----------
Epoch 44 / 600
train error: avg loss = 0.05205439
ES count = 5
Elapsed time = 13.919298648834229 sec
----------
Epoch 45 / 600
train error: avg loss = 0.04816533
Best loss is updated and ES count is reset.
Checkpoint saved to '/fsb/home/yutingwang/ytw_tangzq/schrodinger-bridge-sr-micrometeorology/data/DL_result/ExperimentSchrodingerBridge3dWind/config_wind_3d_ablation_no_pressure_night_large/checkpoint.pth'
Elapsed time = 14.340471267700195 sec
----------
Epoch 46 / 600
train error: avg loss = 0.05729139
ES count = 1
Elapsed time = 13.84561824798584 sec
----------
Epoch 47 / 600
train error: avg loss = 0.04516714
Best loss is updated and ES count is reset.
Checkpoint saved to '/fsb/home/yutingwang/ytw_tangzq/schrodinger-bridge-sr-micrometeorology/data/DL_result/ExperimentSchrodingerBridge3dWind/config_wind_3d_ablation_no_pressure_night_large/checkpoint.pth'
Elapsed time = 14.958641290664673 sec
----------
Epoch 48 / 600
train error: avg loss = 0.04641528
ES count = 1
Elapsed time = 13.652401208877563 sec
----------
Epoch 49 / 600
train error: avg loss = 0.04387743
Best loss is updated and ES count is reset.
Checkpoint saved to '/fsb/home/yutingwang/ytw_tangzq/schrodinger-bridge-sr-micrometeorology/data/DL_result/ExperimentSchrodingerBridge3dWind/config_wind_3d_ablation_no_pressure_night_large/checkpoint.pth'
Elapsed time = 15.086263418197632 sec
----------
Epoch 50 / 600
train error: avg loss = 0.04629349
ES count = 1
Elapsed time = 14.389544486999512 sec
----------
Epoch 51 / 600
train error: avg loss = 0.04630160
ES count = 2
Elapsed time = 13.71587347984314 sec
----------
Epoch 52 / 600
train error: avg loss = 0.04647533
ES count = 3
Elapsed time = 13.587945699691772 sec
----------
Epoch 53 / 600
train error: avg loss = 0.04260207
Best loss is updated and ES count is reset.
Checkpoint saved to '/fsb/home/yutingwang/ytw_tangzq/schrodinger-bridge-sr-micrometeorology/data/DL_result/ExperimentSchrodingerBridge3dWind/config_wind_3d_ablation_no_pressure_night_large/checkpoint.pth'
Elapsed time = 14.367095947265625 sec
----------
Epoch 54 / 600
train error: avg loss = 0.04072529
Best loss is updated and ES count is reset.
Checkpoint saved to '/fsb/home/yutingwang/ytw_tangzq/schrodinger-bridge-sr-micrometeorology/data/DL_result/ExperimentSchrodingerBridge3dWind/config_wind_3d_ablation_no_pressure_night_large/checkpoint.pth'
Elapsed time = 14.330929040908813 sec
----------
Epoch 55 / 600
train error: avg loss = 0.04286776
ES count = 1
Elapsed time = 13.999542236328125 sec
----------
Epoch 56 / 600
train error: avg loss = 0.04746733
ES count = 2
Elapsed time = 14.362040042877197 sec
----------
Epoch 57 / 600
train error: avg loss = 0.05284294
ES count = 3
Elapsed time = 14.347093105316162 sec
----------
Epoch 58 / 600
train error: avg loss = 0.05497960
ES count = 4
Elapsed time = 13.963057279586792 sec
----------
Epoch 59 / 600
train error: avg loss = 0.04577730
ES count = 5
Elapsed time = 13.879824876785278 sec
----------
Epoch 60 / 600
train error: avg loss = 0.04597867
ES count = 6
Elapsed time = 13.587367057800293 sec
----------
Epoch 61 / 600
train error: avg loss = 0.04264536
ES count = 7
Elapsed time = 13.58031439781189 sec
----------
Epoch 62 / 600
train error: avg loss = 0.03924492
Best loss is updated and ES count is reset.
Checkpoint saved to '/fsb/home/yutingwang/ytw_tangzq/schrodinger-bridge-sr-micrometeorology/data/DL_result/ExperimentSchrodingerBridge3dWind/config_wind_3d_ablation_no_pressure_night_large/checkpoint.pth'
Elapsed time = 14.693110942840576 sec
----------
Epoch 63 / 600
train error: avg loss = 0.04078470
ES count = 1
Elapsed time = 13.38941216468811 sec
----------
Epoch 64 / 600
train error: avg loss = 0.04717311
ES count = 2
Elapsed time = 13.752575397491455 sec
----------
Epoch 65 / 600
train error: avg loss = 0.03895296
Best loss is updated and ES count is reset.
Checkpoint saved to '/fsb/home/yutingwang/ytw_tangzq/schrodinger-bridge-sr-micrometeorology/data/DL_result/ExperimentSchrodingerBridge3dWind/config_wind_3d_ablation_no_pressure_night_large/checkpoint.pth'
Elapsed time = 14.7467679977417 sec
----------
Epoch 66 / 600
train error: avg loss = 0.04086454
ES count = 1
Elapsed time = 13.454813957214355 sec
----------
Epoch 67 / 600
train error: avg loss = 0.04266580
ES count = 2
Elapsed time = 13.888301610946655 sec
----------
Epoch 68 / 600
train error: avg loss = 0.04284971
ES count = 3
Elapsed time = 13.762130498886108 sec
----------
Epoch 69 / 600
train error: avg loss = 0.03942966
ES count = 4
Elapsed time = 13.964505672454834 sec
----------
Epoch 70 / 600
train error: avg loss = 0.05194324
ES count = 5
Elapsed time = 14.167897939682007 sec
----------
Epoch 71 / 600
train error: avg loss = 0.04251407
ES count = 6
Elapsed time = 14.010217189788818 sec
----------
Epoch 72 / 600
train error: avg loss = 0.03993412
ES count = 7
Elapsed time = 14.043123722076416 sec
----------
Epoch 73 / 600
train error: avg loss = 0.03752280
Best loss is updated and ES count is reset.
Checkpoint saved to '/fsb/home/yutingwang/ytw_tangzq/schrodinger-bridge-sr-micrometeorology/data/DL_result/ExperimentSchrodingerBridge3dWind/config_wind_3d_ablation_no_pressure_night_large/checkpoint.pth'
Elapsed time = 14.70116925239563 sec
----------
Epoch 74 / 600
train error: avg loss = 0.04765857
ES count = 1
Elapsed time = 13.860071182250977 sec
----------
Epoch 75 / 600
train error: avg loss = 0.03592479
Best loss is updated and ES count is reset.
Checkpoint saved to '/fsb/home/yutingwang/ytw_tangzq/schrodinger-bridge-sr-micrometeorology/data/DL_result/ExperimentSchrodingerBridge3dWind/config_wind_3d_ablation_no_pressure_night_large/checkpoint.pth'
Elapsed time = 14.427206039428711 sec
----------
Epoch 76 / 600
train error: avg loss = 0.03575297
Best loss is updated and ES count is reset.
Checkpoint saved to '/fsb/home/yutingwang/ytw_tangzq/schrodinger-bridge-sr-micrometeorology/data/DL_result/ExperimentSchrodingerBridge3dWind/config_wind_3d_ablation_no_pressure_night_large/checkpoint.pth'
Elapsed time = 14.439252614974976 sec
----------
Epoch 77 / 600
train error: avg loss = 0.04012801
ES count = 1
Elapsed time = 13.835750102996826 sec
----------
Epoch 78 / 600
train error: avg loss = 0.03672623
ES count = 2
Elapsed time = 13.78879189491272 sec
----------
Epoch 79 / 600
train error: avg loss = 0.03731828
ES count = 3
Elapsed time = 14.110390663146973 sec
----------
Epoch 80 / 600
train error: avg loss = 0.03895561
ES count = 4
Elapsed time = 13.792058944702148 sec
----------
Epoch 81 / 600
train error: avg loss = 0.03985517
ES count = 5
Elapsed time = 14.08057165145874 sec
----------
Epoch 82 / 600
train error: avg loss = 0.03674129
ES count = 6
Elapsed time = 13.755980730056763 sec
----------
Epoch 83 / 600
train error: avg loss = 0.03866022
ES count = 7
Elapsed time = 13.720319032669067 sec
----------
Epoch 84 / 600
train error: avg loss = 0.03830113
ES count = 8
Elapsed time = 13.74976110458374 sec
----------
Epoch 85 / 600
train error: avg loss = 0.03790898
ES count = 9
Elapsed time = 13.92012643814087 sec
----------
Epoch 86 / 600
train error: avg loss = 0.04137108
ES count = 10
Elapsed time = 13.81238055229187 sec
----------
Epoch 87 / 600
train error: avg loss = 0.05107073
ES count = 11
Elapsed time = 13.820033073425293 sec
----------
Epoch 88 / 600
train error: avg loss = 0.03963582
ES count = 12
Elapsed time = 13.937883615493774 sec
----------
Epoch 89 / 600
train error: avg loss = 0.03786662
ES count = 13
Elapsed time = 13.948305368423462 sec
----------
Epoch 90 / 600
train error: avg loss = 0.03555655
Best loss is updated and ES count is reset.
Checkpoint saved to '/fsb/home/yutingwang/ytw_tangzq/schrodinger-bridge-sr-micrometeorology/data/DL_result/ExperimentSchrodingerBridge3dWind/config_wind_3d_ablation_no_pressure_night_large/checkpoint.pth'
Elapsed time = 14.29831600189209 sec
----------
Epoch 91 / 600
train error: avg loss = 0.03260122
Best loss is updated and ES count is reset.
Checkpoint saved to '/fsb/home/yutingwang/ytw_tangzq/schrodinger-bridge-sr-micrometeorology/data/DL_result/ExperimentSchrodingerBridge3dWind/config_wind_3d_ablation_no_pressure_night_large/checkpoint.pth'
Elapsed time = 14.416980028152466 sec
----------
Epoch 92 / 600
train error: avg loss = 0.03612549
ES count = 1
Elapsed time = 13.974650859832764 sec
----------
Epoch 93 / 600
train error: avg loss = 0.03670722
ES count = 2
Elapsed time = 13.738762140274048 sec
----------
Epoch 94 / 600
train error: avg loss = 0.04233221
ES count = 3
Elapsed time = 13.489219427108765 sec
----------
Epoch 95 / 600
train error: avg loss = 0.04141851
ES count = 4
Elapsed time = 13.7143874168396 sec
----------
Epoch 96 / 600
train error: avg loss = 0.03480944
ES count = 5
Elapsed time = 13.594535112380981 sec
----------
Epoch 97 / 600
train error: avg loss = 0.03563740
ES count = 6
Elapsed time = 13.821721076965332 sec
----------
Epoch 98 / 600
train error: avg loss = 0.03525801
ES count = 7
Elapsed time = 13.596416473388672 sec
----------
Epoch 99 / 600
train error: avg loss = 0.03804358
ES count = 8
Elapsed time = 14.37724494934082 sec
----------
Epoch 100 / 600
train error: avg loss = 0.03978869
ES count = 9
Epoch = 100. Save a periodic model snapshot.
Elapsed time = 14.009141206741333 sec
----------
Epoch 101 / 600
train error: avg loss = 0.04322901
ES count = 10
Elapsed time = 13.674250602722168 sec
----------
Epoch 102 / 600
train error: avg loss = 0.04386771
ES count = 11
Elapsed time = 13.791675090789795 sec
----------
Epoch 103 / 600
train error: avg loss = 0.03343871
ES count = 12
Elapsed time = 14.131240367889404 sec
----------
Epoch 104 / 600
train error: avg loss = 0.03460345
ES count = 13
Elapsed time = 13.69951343536377 sec
----------
Epoch 105 / 600
train error: avg loss = 0.04039185
ES count = 14
Elapsed time = 13.851949214935303 sec
----------
Epoch 106 / 600
train error: avg loss = 0.03146578
Best loss is updated and ES count is reset.
Checkpoint saved to '/fsb/home/yutingwang/ytw_tangzq/schrodinger-bridge-sr-micrometeorology/data/DL_result/ExperimentSchrodingerBridge3dWind/config_wind_3d_ablation_no_pressure_night_large/checkpoint.pth'
Elapsed time = 15.053068161010742 sec
----------
Epoch 107 / 600
train error: avg loss = 0.03637572
ES count = 1
Elapsed time = 13.74047303199768 sec
----------
Epoch 108 / 600
train error: avg loss = 0.03515304
ES count = 2
Elapsed time = 13.709094047546387 sec
----------
Epoch 109 / 600
train error: avg loss = 0.03521773
ES count = 3
Elapsed time = 13.920030355453491 sec
----------
Epoch 110 / 600
train error: avg loss = 0.03586841
ES count = 4
Elapsed time = 13.85126543045044 sec
----------
Epoch 111 / 600
train error: avg loss = 0.04382643
ES count = 5
Elapsed time = 13.926122903823853 sec
----------
Epoch 112 / 600
train error: avg loss = 0.03896926
ES count = 6
Elapsed time = 13.682964086532593 sec
----------
Epoch 113 / 600
train error: avg loss = 0.03798753
ES count = 7
Elapsed time = 14.049259901046753 sec
----------
Epoch 114 / 600
train error: avg loss = 0.03402760
ES count = 8
Elapsed time = 13.729694843292236 sec
----------
Epoch 115 / 600
train error: avg loss = 0.03593033
ES count = 9
Elapsed time = 13.959609985351562 sec
----------
Epoch 116 / 600
train error: avg loss = 0.03010836
Best loss is updated and ES count is reset.
Checkpoint saved to '/fsb/home/yutingwang/ytw_tangzq/schrodinger-bridge-sr-micrometeorology/data/DL_result/ExperimentSchrodingerBridge3dWind/config_wind_3d_ablation_no_pressure_night_large/checkpoint.pth'
Elapsed time = 14.523974657058716 sec
----------
Epoch 117 / 600
train error: avg loss = 0.03375118
ES count = 1
Elapsed time = 13.870655059814453 sec
----------
Epoch 118 / 600
train error: avg loss = 0.03426046
ES count = 2
Elapsed time = 13.727269887924194 sec
----------
Epoch 119 / 600
train error: avg loss = 0.03486007
ES count = 3
Elapsed time = 13.757472276687622 sec
----------
Epoch 120 / 600
train error: avg loss = 0.03440567
ES count = 4
Elapsed time = 13.899664878845215 sec
----------
Epoch 121 / 600
train error: avg loss = 0.03245419
ES count = 5
Elapsed time = 13.760011672973633 sec
----------
Epoch 122 / 600
train error: avg loss = 0.03279875
ES count = 6
Elapsed time = 14.22053337097168 sec
----------
Epoch 123 / 600
train error: avg loss = 0.03587659
ES count = 7
Elapsed time = 14.42784857749939 sec
----------
Epoch 124 / 600
train error: avg loss = 0.04355629
ES count = 8
Elapsed time = 14.369619846343994 sec
----------
Epoch 125 / 600
train error: avg loss = 0.03660871
ES count = 9
Elapsed time = 14.061225891113281 sec
----------
Epoch 126 / 600
train error: avg loss = 0.03618102
ES count = 10
Elapsed time = 14.64443826675415 sec
----------
Epoch 127 / 600
train error: avg loss = 0.03619639
ES count = 11
Elapsed time = 14.477368116378784 sec
----------
Epoch 128 / 600
train error: avg loss = 0.03294739
ES count = 12
Elapsed time = 14.497611999511719 sec
----------
Epoch 129 / 600
train error: avg loss = 0.03164433
ES count = 13
Elapsed time = 14.219280481338501 sec
----------
Epoch 130 / 600
train error: avg loss = 0.03104085
ES count = 14
Elapsed time = 14.623607873916626 sec
----------
Epoch 131 / 600
train error: avg loss = 0.03238691
ES count = 15
Elapsed time = 14.151960372924805 sec
----------
Epoch 132 / 600
train error: avg loss = 0.03333910
ES count = 16
Elapsed time = 14.448628425598145 sec
----------
Epoch 133 / 600
train error: avg loss = 0.03180853
ES count = 17
Elapsed time = 14.361143112182617 sec
----------
Epoch 134 / 600
train error: avg loss = 0.03284071
ES count = 18
Elapsed time = 14.489667415618896 sec
----------
Epoch 135 / 600
train error: avg loss = 0.03180245
ES count = 19
Elapsed time = 14.21475863456726 sec
----------
Epoch 136 / 600
train error: avg loss = 0.03390184
ES count = 20
Elapsed time = 14.39534854888916 sec
----------
Epoch 137 / 600
train error: avg loss = 0.03100277
ES count = 21
Elapsed time = 14.40016794204712 sec
----------
Epoch 138 / 600
train error: avg loss = 0.03191077
ES count = 22
Elapsed time = 14.196182489395142 sec
----------
Epoch 139 / 600
train error: avg loss = 0.03534802
ES count = 23
Elapsed time = 14.372591257095337 sec
----------
Epoch 140 / 600
train error: avg loss = 0.04104002
ES count = 24
Elapsed time = 14.18546199798584 sec
----------
Epoch 141 / 600
train error: avg loss = 0.03630546
ES count = 25
Elapsed time = 14.17974591255188 sec
----------
Epoch 142 / 600
train error: avg loss = 0.03625317
ES count = 26
Elapsed time = 14.5003502368927 sec
----------
Epoch 143 / 600
train error: avg loss = 0.03205492
ES count = 27
Elapsed time = 14.436819553375244 sec
----------
Epoch 144 / 600
train error: avg loss = 0.03350261
ES count = 28
Elapsed time = 14.211704730987549 sec
----------
Epoch 145 / 600
train error: avg loss = 0.03083815
ES count = 29
Elapsed time = 14.232042789459229 sec
----------
Epoch 146 / 600
train error: avg loss = 0.03313093
ES count = 30
Elapsed time = 14.10201096534729 sec
----------
Epoch 147 / 600
train error: avg loss = 0.03187699
ES count = 31
Elapsed time = 14.38353157043457 sec
----------
Epoch 148 / 600
train error: avg loss = 0.03044848
ES count = 32
Elapsed time = 14.23201036453247 sec
----------
Epoch 149 / 600
train error: avg loss = 0.03321846
ES count = 33
Elapsed time = 13.839841365814209 sec
----------
Epoch 150 / 600
train error: avg loss = 0.03101927
ES count = 34
Elapsed time = 14.27589726448059 sec
----------
Epoch 151 / 600
train error: avg loss = 0.03225004
ES count = 35
Elapsed time = 13.697253942489624 sec
----------
Epoch 152 / 600
train error: avg loss = 0.02832321
Best loss is updated and ES count is reset.
Checkpoint saved to '/fsb/home/yutingwang/ytw_tangzq/schrodinger-bridge-sr-micrometeorology/data/DL_result/ExperimentSchrodingerBridge3dWind/config_wind_3d_ablation_no_pressure_night_large/checkpoint.pth'
Elapsed time = 14.662181377410889 sec
----------
Epoch 153 / 600
train error: avg loss = 0.03884943
ES count = 1
Elapsed time = 13.963572263717651 sec
----------
Epoch 154 / 600
train error: avg loss = 0.03602128
ES count = 2
Elapsed time = 13.764404773712158 sec
----------
Epoch 155 / 600
train error: avg loss = 0.03285294
ES count = 3
Elapsed time = 13.977972507476807 sec
----------
Epoch 156 / 600
train error: avg loss = 0.03145957
ES count = 4
Elapsed time = 14.125808477401733 sec
----------
Epoch 157 / 600
train error: avg loss = 0.03092817
ES count = 5
Elapsed time = 14.373411417007446 sec
----------
Epoch 158 / 600
train error: avg loss = 0.03027427
ES count = 6
Elapsed time = 14.204346895217896 sec
----------
Epoch 159 / 600
train error: avg loss = 0.03281996
ES count = 7
Elapsed time = 13.850448608398438 sec
----------
Epoch 160 / 600
train error: avg loss = 0.03298584
ES count = 8
Elapsed time = 13.632084846496582 sec
----------
Epoch 161 / 600
train error: avg loss = 0.03069285
ES count = 9
Elapsed time = 13.664682865142822 sec
----------
Epoch 162 / 600
train error: avg loss = 0.03003199
ES count = 10
Elapsed time = 14.015013217926025 sec
----------
Epoch 163 / 600
train error: avg loss = 0.03132789
ES count = 11
Elapsed time = 13.836865901947021 sec
----------
Epoch 164 / 600
train error: avg loss = 0.03642173
ES count = 12
Elapsed time = 13.923845529556274 sec
----------
Epoch 165 / 600
train error: avg loss = 0.18907640
ES count = 13
Elapsed time = 13.795638084411621 sec
----------
Epoch 166 / 600
train error: avg loss = 0.73056728
ES count = 14
Elapsed time = 13.721781015396118 sec
----------
Epoch 167 / 600
train error: avg loss = 0.63490105
ES count = 15
Elapsed time = 13.862049579620361 sec
----------
Epoch 168 / 600
train error: avg loss = 0.64138632
ES count = 16
Elapsed time = 13.708768606185913 sec
----------
Epoch 169 / 600
train error: avg loss = 0.55249151
ES count = 17
Elapsed time = 13.781699419021606 sec
----------
Epoch 170 / 600
train error: avg loss = 0.49231595
ES count = 18
Elapsed time = 14.037071228027344 sec
----------
Epoch 171 / 600
train error: avg loss = 0.49498748
ES count = 19
Elapsed time = 14.307820081710815 sec
----------
Epoch 172 / 600
train error: avg loss = 0.43567578
ES count = 20
Elapsed time = 13.696156024932861 sec
----------
Epoch 173 / 600
train error: avg loss = 0.47479140
ES count = 21
Elapsed time = 14.26246976852417 sec
----------
Epoch 174 / 600
train error: avg loss = 0.44168518
ES count = 22
Elapsed time = 14.060683012008667 sec
----------
Epoch 175 / 600
train error: avg loss = 0.44430992
ES count = 23
Elapsed time = 13.787477731704712 sec
----------
Epoch 176 / 600
train error: avg loss = 0.41863114
ES count = 24
Elapsed time = 13.810481071472168 sec
----------
Epoch 177 / 600
train error: avg loss = 0.43931456
ES count = 25
Elapsed time = 13.48363971710205 sec
----------
Epoch 178 / 600
train error: avg loss = 0.42959180
ES count = 26
Elapsed time = 13.49060845375061 sec
----------
Epoch 179 / 600
train error: avg loss = 0.44898731
ES count = 27
Elapsed time = 13.4174063205719 sec
----------
Epoch 180 / 600
train error: avg loss = 0.41604189
ES count = 28
Elapsed time = 13.8296639919281 sec
----------
Epoch 181 / 600
train error: avg loss = 0.42360718
ES count = 29
Elapsed time = 13.724978923797607 sec
----------
Epoch 182 / 600
train error: avg loss = 0.44155588
ES count = 30
Elapsed time = 13.427520036697388 sec
----------
Epoch 183 / 600
train error: avg loss = 0.41824272
ES count = 31
Elapsed time = 14.018588304519653 sec
----------
Epoch 184 / 600
train error: avg loss = 0.38996668
ES count = 32
Elapsed time = 13.75414514541626 sec
----------
Epoch 185 / 600
train error: avg loss = 0.39072738
ES count = 33
Elapsed time = 13.85482382774353 sec
----------
Epoch 186 / 600
train error: avg loss = 0.41782754
ES count = 34
Elapsed time = 13.771843194961548 sec
----------
Epoch 187 / 600
train error: avg loss = 0.41373352
ES count = 35
Elapsed time = 13.739853858947754 sec
----------
Epoch 188 / 600
train error: avg loss = 0.45802421
ES count = 36
Elapsed time = 13.826310873031616 sec
----------
Epoch 189 / 600
train error: avg loss = 0.42387826
ES count = 37
Elapsed time = 13.802396297454834 sec
----------
Epoch 190 / 600
train error: avg loss = 0.38814640
ES count = 38
Elapsed time = 13.833271026611328 sec
----------
Epoch 191 / 600
train error: avg loss = 0.42025280
ES count = 39
Elapsed time = 13.915194034576416 sec
----------
Epoch 192 / 600
train error: avg loss = 0.40673492
ES count = 40
Elapsed time = 13.860292196273804 sec
----------
Epoch 193 / 600
train error: avg loss = 0.43162021
ES count = 41
Elapsed time = 13.85277533531189 sec
----------
Epoch 194 / 600
train error: avg loss = 0.41021422
ES count = 42
Elapsed time = 13.798552751541138 sec
----------
Epoch 195 / 600
train error: avg loss = 0.39193136
ES count = 43
Elapsed time = 13.86165714263916 sec
----------
Epoch 196 / 600
train error: avg loss = 0.41116130
ES count = 44
Elapsed time = 13.464221000671387 sec
----------
Epoch 197 / 600
train error: avg loss = 0.40927096
ES count = 45
Elapsed time = 13.49954628944397 sec
----------
Epoch 198 / 600
train error: avg loss = 0.40958039
ES count = 46
Elapsed time = 13.851861000061035 sec
----------
Epoch 199 / 600
train error: avg loss = 0.50868745
ES count = 47
Elapsed time = 13.990799903869629 sec
----------
Epoch 200 / 600
train error: avg loss = 0.56524749
ES count = 48
Epoch = 200. Save a periodic model snapshot.
Elapsed time = 14.399084568023682 sec
----------
Epoch 201 / 600
train error: avg loss = 0.43121123
ES count = 49
Elapsed time = 13.6714928150177 sec
----------
Epoch 202 / 600
train error: avg loss = 0.40545058
ES count = 50
Elapsed time = 14.262580633163452 sec
----------
Epoch 203 / 600
train error: avg loss = 0.41886358
ES count = 51
Elapsed time = 13.385009765625 sec
----------
Epoch 204 / 600
train error: avg loss = 0.39704292
ES count = 52
Elapsed time = 13.753923892974854 sec
----------
Epoch 205 / 600
train error: avg loss = 0.40061133
ES count = 53
Elapsed time = 13.957511186599731 sec
----------
Epoch 206 / 600
train error: avg loss = 0.40517039
ES count = 54
Elapsed time = 14.171074867248535 sec
----------
Epoch 207 / 600
train error: avg loss = 0.43542385
ES count = 55
Elapsed time = 14.153410911560059 sec
----------
Epoch 208 / 600
train error: avg loss = 0.42237321
ES count = 56
Elapsed time = 13.83183765411377 sec
----------
Epoch 209 / 600
train error: avg loss = 0.40483250
ES count = 57
Elapsed time = 13.737279415130615 sec
----------
Epoch 210 / 600
train error: avg loss = 0.39244694
ES count = 58
Elapsed time = 13.757798910140991 sec
----------
Epoch 211 / 600
train error: avg loss = 0.41460408
ES count = 59
Elapsed time = 14.051503419876099 sec
----------
Epoch 212 / 600
train error: avg loss = 0.39802723
ES count = 60
Elapsed time = 13.836339473724365 sec
----------
Epoch 213 / 600
train error: avg loss = 0.41505242
ES count = 61
Elapsed time = 13.761033535003662 sec
----------
Epoch 214 / 600
train error: avg loss = 0.42286835
ES count = 62
Elapsed time = 14.210954427719116 sec
----------
Epoch 215 / 600
train error: avg loss = 0.38700581
ES count = 63
Elapsed time = 14.117120265960693 sec
----------
Epoch 216 / 600
train error: avg loss = 0.46869253
ES count = 64
Elapsed time = 13.965487718582153 sec
----------
Epoch 217 / 600
train error: avg loss = 0.58800558
ES count = 65
Elapsed time = 14.341476917266846 sec
----------
Epoch 218 / 600
train error: avg loss = 0.37186293
ES count = 66
Elapsed time = 13.697675228118896 sec
----------
Epoch 219 / 600
train error: avg loss = 0.41154653
ES count = 67
Elapsed time = 14.311891078948975 sec
----------
Epoch 220 / 600
train error: avg loss = 0.40547498
ES count = 68
Elapsed time = 14.303889989852905 sec
----------
Epoch 221 / 600
train error: avg loss = 0.40089464
ES count = 69
Elapsed time = 14.534876108169556 sec
----------
Epoch 222 / 600
train error: avg loss = 0.40268611
ES count = 70
Elapsed time = 14.004209995269775 sec
----------
Epoch 223 / 600
train error: avg loss = 0.40677143
ES count = 71
Elapsed time = 14.040228128433228 sec
----------
Epoch 224 / 600
train error: avg loss = 0.40498927
ES count = 72
Elapsed time = 14.01190733909607 sec
----------
Epoch 225 / 600
train error: avg loss = 0.43860690
ES count = 73
Elapsed time = 14.07334303855896 sec
----------
Epoch 226 / 600
train error: avg loss = 0.40396057
ES count = 74
Elapsed time = 14.176804304122925 sec
----------
Epoch 227 / 600
train error: avg loss = 0.41830355
ES count = 75
Elapsed time = 13.968369483947754 sec
----------
Epoch 228 / 600
train error: avg loss = 0.43799834
ES count = 76
Elapsed time = 14.105098724365234 sec
----------
Epoch 229 / 600
train error: avg loss = 0.41264051
ES count = 77
Elapsed time = 14.457732677459717 sec
----------
Epoch 230 / 600
train error: avg loss = 0.41140619
ES count = 78
Elapsed time = 13.372187852859497 sec
----------
Epoch 231 / 600
train error: avg loss = 0.38047407
ES count = 79
Elapsed time = 13.70172667503357 sec
----------
Epoch 232 / 600
train error: avg loss = 0.41189901
ES count = 80
Elapsed time = 13.758067607879639 sec
----------
Epoch 233 / 600
train error: avg loss = 0.37517622
ES count = 81
Elapsed time = 14.275983333587646 sec
----------
Epoch 234 / 600
train error: avg loss = 0.37342572
ES count = 82
Elapsed time = 14.189451932907104 sec
----------
Epoch 235 / 600
train error: avg loss = 0.41162502
ES count = 83
Elapsed time = 14.35087251663208 sec
----------
Epoch 236 / 600
train error: avg loss = 0.38442321
ES count = 84
Elapsed time = 14.384643793106079 sec
----------
Epoch 237 / 600
train error: avg loss = 0.39424656
ES count = 85
Elapsed time = 14.05648684501648 sec
----------
Epoch 238 / 600
train error: avg loss = 0.38023175
ES count = 86
Elapsed time = 14.557446956634521 sec
----------
Epoch 239 / 600
train error: avg loss = 0.40500069
ES count = 87
Elapsed time = 14.204607248306274 sec
----------
Epoch 240 / 600
train error: avg loss = 0.41174825
ES count = 88
Elapsed time = 14.096553802490234 sec
----------
Epoch 241 / 600
train error: avg loss = 0.40629248
ES count = 89
Elapsed time = 14.422979354858398 sec
----------
Epoch 242 / 600
train error: avg loss = 0.37969426
ES count = 90
Elapsed time = 14.392219066619873 sec
----------
Epoch 243 / 600
train error: avg loss = 0.37945411
ES count = 91
Elapsed time = 14.34283709526062 sec
----------
Epoch 244 / 600
train error: avg loss = 0.38896565
ES count = 92
Elapsed time = 14.359807252883911 sec
----------
Epoch 245 / 600
train error: avg loss = 0.38394597
ES count = 93
Elapsed time = 14.120634078979492 sec
----------
Epoch 246 / 600
train error: avg loss = 0.36655044
ES count = 94
Elapsed time = 14.240266561508179 sec
----------
Epoch 247 / 600
train error: avg loss = 0.41133974
ES count = 95
Elapsed time = 14.286398887634277 sec
----------
Epoch 248 / 600
train error: avg loss = 0.40002945
ES count = 96
Elapsed time = 14.306293725967407 sec
----------
Epoch 249 / 600
train error: avg loss = 0.41764602
ES count = 97
Elapsed time = 14.294345617294312 sec
----------
Epoch 250 / 600
train error: avg loss = 0.36894659
ES count = 98
Elapsed time = 13.964205503463745 sec
----------
Epoch 251 / 600
train error: avg loss = 0.40709899
ES count = 99
Elapsed time = 14.264920949935913 sec
----------
Epoch 252 / 600
train error: avg loss = 0.36521742
ES count = 100
Elapsed time = 13.8210928440094 sec
----------
Epoch 253 / 600
train error: avg loss = 0.33774463
ES count = 101
Elapsed time = 14.392351627349854 sec
----------
Epoch 254 / 600
train error: avg loss = 0.39000804
ES count = 102
Elapsed time = 14.18841814994812 sec
----------
Epoch 255 / 600
train error: avg loss = 0.33385219
ES count = 103
Elapsed time = 14.036266326904297 sec
----------
Epoch 256 / 600
train error: avg loss = 0.34706456
ES count = 104
Elapsed time = 14.425807476043701 sec
----------
Epoch 257 / 600
train error: avg loss = 0.37221186
ES count = 105
Elapsed time = 14.256776094436646 sec
----------
Epoch 258 / 600
train error: avg loss = 0.34167624
ES count = 106
Elapsed time = 14.420628547668457 sec
----------
Epoch 259 / 600
train error: avg loss = 0.33926288
ES count = 107
Elapsed time = 14.560986042022705 sec
----------
Epoch 260 / 600
train error: avg loss = 0.31287214
ES count = 108
Elapsed time = 14.097747802734375 sec
----------
Epoch 261 / 600
train error: avg loss = 0.31805612
ES count = 109
Elapsed time = 14.115108251571655 sec
----------
Epoch 262 / 600
train error: avg loss = 0.32469697
ES count = 110
Elapsed time = 14.139415264129639 sec
----------
Epoch 263 / 600
train error: avg loss = 0.26984038
ES count = 111
Elapsed time = 14.36386227607727 sec
----------
Epoch 264 / 600
train error: avg loss = 0.24147682
ES count = 112
Elapsed time = 14.059232711791992 sec
----------
Epoch 265 / 600
train error: avg loss = 0.22906737
ES count = 113
Elapsed time = 14.175674676895142 sec
----------
Epoch 266 / 600
train error: avg loss = 0.21179049
ES count = 114
Elapsed time = 14.105168104171753 sec
----------
Epoch 267 / 600
train error: avg loss = 0.21028763
ES count = 115
Elapsed time = 14.34038782119751 sec
----------
Epoch 268 / 600
train error: avg loss = 0.19332138
ES count = 116
Elapsed time = 14.320390462875366 sec
----------
Epoch 269 / 600
train error: avg loss = 0.17115188
ES count = 117
Elapsed time = 14.19298005104065 sec
----------
Epoch 270 / 600
train error: avg loss = 0.17034518
ES count = 118
Elapsed time = 14.260300874710083 sec
----------
Epoch 271 / 600
train error: avg loss = 0.16346589
ES count = 119
Elapsed time = 14.225569486618042 sec
----------
Epoch 272 / 600
train error: avg loss = 0.16074913
ES count = 120
Elapsed time = 13.989852666854858 sec
----------
Epoch 273 / 600
train error: avg loss = 0.14876241
ES count = 121
Elapsed time = 14.23593282699585 sec
----------
Epoch 274 / 600
train error: avg loss = 0.13540836
ES count = 122
Elapsed time = 13.836681842803955 sec
----------
Epoch 275 / 600
train error: avg loss = 0.13820674
ES count = 123
Elapsed time = 14.541806936264038 sec
----------
Epoch 276 / 600
train error: avg loss = 0.13160664
ES count = 124
Elapsed time = 14.166477918624878 sec
----------
Epoch 277 / 600
train error: avg loss = 0.12401532
ES count = 125
Elapsed time = 14.191572427749634 sec
----------
Epoch 278 / 600
train error: avg loss = 0.11055508
ES count = 126
Elapsed time = 14.265969276428223 sec
----------
Epoch 279 / 600
train error: avg loss = 0.11471182
ES count = 127
Elapsed time = 14.246632099151611 sec
----------
Epoch 280 / 600
train error: avg loss = 0.11694150
ES count = 128
Elapsed time = 14.016424655914307 sec
----------
Epoch 281 / 600
train error: avg loss = 0.10655584
ES count = 129
Elapsed time = 14.420352935791016 sec
----------
Epoch 282 / 600
train error: avg loss = 0.09425073
ES count = 130
Elapsed time = 14.295571088790894 sec
----------
Epoch 283 / 600
train error: avg loss = 0.09268714
ES count = 131
Elapsed time = 14.422587394714355 sec
----------
Epoch 284 / 600
train error: avg loss = 0.08900204
ES count = 132
Elapsed time = 14.43411636352539 sec
----------
Epoch 285 / 600
train error: avg loss = 0.09641508
ES count = 133
Elapsed time = 14.491446733474731 sec
----------
Epoch 286 / 600
train error: avg loss = 0.09032181
ES count = 134
Elapsed time = 14.317116022109985 sec
----------
Epoch 287 / 600
train error: avg loss = 0.08865781
ES count = 135
Elapsed time = 14.478122472763062 sec
----------
Epoch 288 / 600
train error: avg loss = 0.08599860
ES count = 136
Elapsed time = 14.220393896102905 sec
----------
Epoch 289 / 600
train error: avg loss = 0.08536516
ES count = 137
Elapsed time = 14.152801036834717 sec
----------
Epoch 290 / 600
train error: avg loss = 0.07798628
ES count = 138
Elapsed time = 14.34588360786438 sec
----------
Epoch 291 / 600
train error: avg loss = 0.07808523
ES count = 139
Elapsed time = 14.175403833389282 sec
----------
Epoch 292 / 600
train error: avg loss = 0.07796344
ES count = 140
Elapsed time = 14.57944917678833 sec
----------
Epoch 293 / 600
train error: avg loss = 0.07285101
ES count = 141
Elapsed time = 14.463455200195312 sec
----------
Epoch 294 / 600
train error: avg loss = 0.07197134
ES count = 142
Elapsed time = 14.319367408752441 sec
----------
Epoch 295 / 600
train error: avg loss = 0.07026984
ES count = 143
Elapsed time = 14.525933504104614 sec
----------
Epoch 296 / 600
train error: avg loss = 0.06664394
ES count = 144
Elapsed time = 14.102575063705444 sec
----------
Epoch 297 / 600
train error: avg loss = 0.07147709
ES count = 145
Elapsed time = 14.412614345550537 sec
----------
Epoch 298 / 600
train error: avg loss = 0.07713535
ES count = 146
Elapsed time = 14.176801919937134 sec
----------
Epoch 299 / 600
train error: avg loss = 0.07545608
ES count = 147
Elapsed time = 14.480487585067749 sec
----------
Epoch 300 / 600
train error: avg loss = 0.06305727
ES count = 148
Epoch = 300. Save a periodic model snapshot.
Elapsed time = 14.674993515014648 sec
----------
Epoch 301 / 600
train error: avg loss = 0.06786931
ES count = 149
Elapsed time = 14.433303594589233 sec
----------
Epoch 302 / 600
train error: avg loss = 0.06570273
ES count = 150
Elapsed time = 14.505784749984741 sec
----------
Epoch 303 / 600
train error: avg loss = 0.06178629
ES count = 151
Elapsed time = 14.318827867507935 sec
----------
Epoch 304 / 600
train error: avg loss = 0.06231645
ES count = 152
Elapsed time = 14.447219371795654 sec
----------
Epoch 305 / 600
train error: avg loss = 0.06092171
ES count = 153
Elapsed time = 14.24402666091919 sec
----------
Epoch 306 / 600
train error: avg loss = 0.06510841
ES count = 154
Elapsed time = 14.16202163696289 sec
----------
Epoch 307 / 600
train error: avg loss = 0.06334059
ES count = 155
Elapsed time = 14.291782140731812 sec
----------
Epoch 308 / 600
train error: avg loss = 0.05926086
ES count = 156
Elapsed time = 14.152877569198608 sec
----------
Epoch 309 / 600
train error: avg loss = 0.06129957
ES count = 157
Elapsed time = 14.63695502281189 sec
----------
Epoch 310 / 600
train error: avg loss = 0.06113740
ES count = 158
Elapsed time = 13.840276956558228 sec
----------
Epoch 311 / 600
train error: avg loss = 0.06143743
ES count = 159
Elapsed time = 14.28008770942688 sec
----------
Epoch 312 / 600
train error: avg loss = 0.05979056
ES count = 160
Elapsed time = 14.172696828842163 sec
----------
Epoch 313 / 600
train error: avg loss = 0.05407312
ES count = 161
Elapsed time = 13.7579026222229 sec
----------
Epoch 314 / 600
train error: avg loss = 0.05676303
ES count = 162
Elapsed time = 13.871897459030151 sec
----------
Epoch 315 / 600
train error: avg loss = 0.05172046
ES count = 163
Elapsed time = 13.64338231086731 sec
----------
Epoch 316 / 600
train error: avg loss = 0.05719459
ES count = 164
Elapsed time = 13.836674928665161 sec
----------
Epoch 317 / 600
train error: avg loss = 0.05486873
ES count = 165
Elapsed time = 14.098614931106567 sec
----------
Epoch 318 / 600
train error: avg loss = 0.05298845
ES count = 166
Elapsed time = 14.232407093048096 sec
----------
Epoch 319 / 600
train error: avg loss = 0.05100750
ES count = 167
Elapsed time = 14.181866645812988 sec
----------
Epoch 320 / 600
train error: avg loss = 0.04984217
ES count = 168
Elapsed time = 13.606011390686035 sec
----------
Epoch 321 / 600
train error: avg loss = 0.05539155
ES count = 169
Elapsed time = 14.344639301300049 sec
----------
Epoch 322 / 600
train error: avg loss = 0.04708844
ES count = 170
Elapsed time = 14.213807582855225 sec
----------
Epoch 323 / 600
train error: avg loss = 0.05683463
ES count = 171
Elapsed time = 13.437883615493774 sec
----------
Epoch 324 / 600
train error: avg loss = 0.05530890
ES count = 172
Elapsed time = 13.841348886489868 sec
----------
Epoch 325 / 600
train error: avg loss = 0.05475822
ES count = 173
Elapsed time = 13.70746111869812 sec
----------
Epoch 326 / 600
train error: avg loss = 0.05238988
ES count = 174
Elapsed time = 13.630674362182617 sec
----------
Epoch 327 / 600
train error: avg loss = 0.05188146
ES count = 175
Elapsed time = 14.036945819854736 sec
----------
Epoch 328 / 600
train error: avg loss = 0.05146738
ES count = 176
Elapsed time = 13.707299947738647 sec
----------
Epoch 329 / 600
train error: avg loss = 0.05153897
ES count = 177
Elapsed time = 13.870186567306519 sec
----------
Epoch 330 / 600
train error: avg loss = 0.05175924
ES count = 178
Elapsed time = 13.819276571273804 sec
----------
Epoch 331 / 600
train error: avg loss = 0.04949477
ES count = 179
Elapsed time = 13.736493825912476 sec
----------
Epoch 332 / 600
train error: avg loss = 0.04527601
ES count = 180
Elapsed time = 13.787572860717773 sec
----------
Epoch 333 / 600
train error: avg loss = 0.04694857
ES count = 181
Elapsed time = 13.836568355560303 sec
----------
Epoch 334 / 600
train error: avg loss = 0.04823926
ES count = 182
Elapsed time = 13.903077363967896 sec
----------
Epoch 335 / 600
train error: avg loss = 0.04238610
ES count = 183
Elapsed time = 13.596505165100098 sec
----------
Epoch 336 / 600
train error: avg loss = 0.04676100
ES count = 184
Elapsed time = 13.60267686843872 sec
----------
Epoch 337 / 600
train error: avg loss = 0.04677634
ES count = 185
Elapsed time = 14.01335859298706 sec
----------
Epoch 338 / 600
train error: avg loss = 0.04113347
ES count = 186
Elapsed time = 13.633554697036743 sec
----------
Epoch 339 / 600
train error: avg loss = 0.04482770
ES count = 187
Elapsed time = 13.766419172286987 sec
----------
Epoch 340 / 600
train error: avg loss = 0.04675410
ES count = 188
Elapsed time = 13.795039653778076 sec
----------
Epoch 341 / 600
train error: avg loss = 0.04380369
ES count = 189
Elapsed time = 13.570356130599976 sec
----------
Epoch 342 / 600
train error: avg loss = 0.04748697
ES count = 190
Elapsed time = 14.243503332138062 sec
----------
Epoch 343 / 600
train error: avg loss = 0.04739094
ES count = 191
Elapsed time = 13.492745637893677 sec
----------
Epoch 344 / 600
train error: avg loss = 0.04870435
ES count = 192
Elapsed time = 13.82219672203064 sec
----------
Epoch 345 / 600
train error: avg loss = 0.04720158
ES count = 193
Elapsed time = 13.512471437454224 sec
----------
Epoch 346 / 600
train error: avg loss = 0.04455524
ES count = 194
Elapsed time = 13.652691125869751 sec
----------
Epoch 347 / 600
train error: avg loss = 0.04282157
ES count = 195
Elapsed time = 13.623567342758179 sec
----------
Epoch 348 / 600
train error: avg loss = 0.04306259
ES count = 196
Elapsed time = 13.789673566818237 sec
----------
Epoch 349 / 600
train error: avg loss = 0.04245426
ES count = 197
Elapsed time = 13.717374086380005 sec
----------
Epoch 350 / 600
train error: avg loss = 0.04101598
ES count = 198
Elapsed time = 13.65456748008728 sec
----------
Epoch 351 / 600
train error: avg loss = 0.04278226
ES count = 199
Elapsed time = 13.71917176246643 sec
----------
Epoch 352 / 600
train error: avg loss = 0.04900339
ES count = 200
Elapsed time = 13.704915761947632 sec
----------
Epoch 353 / 600
train error: avg loss = 0.04189451
ES count = 201
Elapsed time = 13.845508098602295 sec
----------
Epoch 354 / 600
train error: avg loss = 0.04534139
ES count = 202
Elapsed time = 13.599432468414307 sec
----------
Epoch 355 / 600
train error: avg loss = 0.04212635
ES count = 203
Elapsed time = 13.87120795249939 sec
----------
Epoch 356 / 600
train error: avg loss = 0.04289742
ES count = 204
Elapsed time = 14.315682649612427 sec
----------
Epoch 357 / 600
train error: avg loss = 0.04305102
ES count = 205
Elapsed time = 13.545581579208374 sec
----------
Epoch 358 / 600
train error: avg loss = 0.04371281
ES count = 206
Elapsed time = 13.91023850440979 sec
----------
Epoch 359 / 600
train error: avg loss = 0.04115153
ES count = 207
Elapsed time = 13.61940860748291 sec
----------
Epoch 360 / 600
train error: avg loss = 0.04163015
ES count = 208
Elapsed time = 13.810739278793335 sec
----------
Epoch 361 / 600
train error: avg loss = 0.04773305
ES count = 209
Elapsed time = 13.73908257484436 sec
----------
Epoch 362 / 600
train error: avg loss = 0.03972854
ES count = 210
Elapsed time = 13.762288331985474 sec
----------
Epoch 363 / 600
train error: avg loss = 0.03987106
ES count = 211
Elapsed time = 13.938798427581787 sec
----------
Epoch 364 / 600
train error: avg loss = 0.04248614
ES count = 212
Elapsed time = 13.611435174942017 sec
----------
Epoch 365 / 600
train error: avg loss = 0.03803807
ES count = 213
Elapsed time = 13.510658264160156 sec
----------
Epoch 366 / 600
train error: avg loss = 0.03796808
ES count = 214
Elapsed time = 13.88778305053711 sec
----------
Epoch 367 / 600
train error: avg loss = 0.04086151
ES count = 215
Elapsed time = 14.24409532546997 sec
----------
Epoch 368 / 600
train error: avg loss = 0.03765649
ES count = 216
Elapsed time = 14.020389318466187 sec
----------
Epoch 369 / 600
train error: avg loss = 0.03833099
ES count = 217
Elapsed time = 13.852566480636597 sec
----------
Epoch 370 / 600
train error: avg loss = 0.04006663
ES count = 218
Elapsed time = 13.726784706115723 sec
----------
Epoch 371 / 600
train error: avg loss = 0.04111670
ES count = 219
Elapsed time = 13.924866914749146 sec
----------
Epoch 372 / 600
train error: avg loss = 0.03740349
ES count = 220
Elapsed time = 13.851356983184814 sec
----------
Epoch 373 / 600
train error: avg loss = 0.04948258
ES count = 221
Elapsed time = 13.962533473968506 sec
----------
Epoch 374 / 600
train error: avg loss = 0.04365394
ES count = 222
Elapsed time = 13.777247190475464 sec
----------
Epoch 375 / 600
train error: avg loss = 0.03896938
ES count = 223
Elapsed time = 13.565891742706299 sec
----------
Epoch 376 / 600
train error: avg loss = 0.03907373
ES count = 224
Elapsed time = 14.01849627494812 sec
----------
Epoch 377 / 600
train error: avg loss = 0.03869344
ES count = 225
Elapsed time = 13.944331169128418 sec
----------
Epoch 378 / 600
train error: avg loss = 0.03580289
ES count = 226
Elapsed time = 13.623093605041504 sec
----------
Epoch 379 / 600
train error: avg loss = 0.04117625
ES count = 227
Elapsed time = 13.789472579956055 sec
----------
Epoch 380 / 600
train error: avg loss = 0.03626067
ES count = 228
Elapsed time = 13.750507831573486 sec
----------
Epoch 381 / 600
train error: avg loss = 0.03559120
ES count = 229
Elapsed time = 13.871325254440308 sec
----------
Epoch 382 / 600
train error: avg loss = 0.03876562
ES count = 230
Elapsed time = 13.73449444770813 sec
----------
Epoch 383 / 600
train error: avg loss = 0.03838735
ES count = 231
Elapsed time = 13.700408458709717 sec
----------
Epoch 384 / 600
train error: avg loss = 0.04168470
ES count = 232
Elapsed time = 13.688891649246216 sec
----------
Epoch 385 / 600
train error: avg loss = 0.03977210
ES count = 233
Elapsed time = 13.739514589309692 sec
----------
Epoch 386 / 600
train error: avg loss = 0.03796879
ES count = 234
Elapsed time = 14.189083099365234 sec
----------
Epoch 387 / 600
train error: avg loss = 0.03539141
ES count = 235
Elapsed time = 13.621773958206177 sec
----------
Epoch 388 / 600
train error: avg loss = 0.03326135
ES count = 236
Elapsed time = 13.66001296043396 sec
----------
Epoch 389 / 600
train error: avg loss = 0.03508156
ES count = 237
Elapsed time = 13.893585681915283 sec
----------
Epoch 390 / 600
train error: avg loss = 0.03468438
ES count = 238
Elapsed time = 13.960514068603516 sec
----------
Epoch 391 / 600
train error: avg loss = 0.03708749
ES count = 239
Elapsed time = 13.665746927261353 sec
----------
Epoch 392 / 600
train error: avg loss = 0.03766143
ES count = 240
Elapsed time = 13.995258092880249 sec
----------
Epoch 393 / 600
train error: avg loss = 0.04122105
ES count = 241
Elapsed time = 13.875462532043457 sec
----------
Epoch 394 / 600
train error: avg loss = 0.03549518
ES count = 242
Elapsed time = 13.823195219039917 sec
----------
Epoch 395 / 600
train error: avg loss = 0.03625923
ES count = 243
Elapsed time = 14.51272439956665 sec
----------
Epoch 396 / 600
train error: avg loss = 0.03635451
ES count = 244
Elapsed time = 13.766895771026611 sec
----------
Epoch 397 / 600
train error: avg loss = 0.03760965
ES count = 245
Elapsed time = 13.519195556640625 sec
----------
Epoch 398 / 600
train error: avg loss = 0.03675832
ES count = 246
Elapsed time = 13.690622329711914 sec
----------
Epoch 399 / 600
train error: avg loss = 0.03769363
ES count = 247
Elapsed time = 13.908348560333252 sec
----------
Epoch 400 / 600
train error: avg loss = 0.03550478
ES count = 248
Epoch = 400. Save a periodic model snapshot.
Elapsed time = 14.408872127532959 sec
----------
Epoch 401 / 600
train error: avg loss = 0.03232599
ES count = 249
Elapsed time = 13.802035331726074 sec
----------
Epoch 402 / 600
train error: avg loss = 0.03685661
ES count = 250
Elapsed time = 14.345381259918213 sec
----------
Epoch 403 / 600
train error: avg loss = 0.03935420
ES count = 251
Elapsed time = 13.837143421173096 sec
----------
Epoch 404 / 600
train error: avg loss = 0.03543020
ES count = 252
Elapsed time = 13.902020931243896 sec
----------
Epoch 405 / 600
train error: avg loss = 0.03521623
ES count = 253
Elapsed time = 14.698593139648438 sec
----------
Epoch 406 / 600
train error: avg loss = 0.03825323
ES count = 254
Elapsed time = 14.138272285461426 sec
----------
Epoch 407 / 600
train error: avg loss = 0.03678570
ES count = 255
Elapsed time = 14.165082216262817 sec
----------
Epoch 408 / 600
train error: avg loss = 0.03542844
ES count = 256
Elapsed time = 14.30361533164978 sec
----------
Epoch 409 / 600
train error: avg loss = 0.03641011
ES count = 257
Elapsed time = 14.048367261886597 sec
----------
Epoch 410 / 600
train error: avg loss = 0.03659656
ES count = 258
Elapsed time = 14.546125173568726 sec
----------
Epoch 411 / 600
train error: avg loss = 0.03647879
ES count = 259
Elapsed time = 14.48827862739563 sec
----------
Epoch 412 / 600
train error: avg loss = 0.03741323
ES count = 260
Elapsed time = 14.441763877868652 sec
----------
Epoch 413 / 600
train error: avg loss = 0.03499767
ES count = 261
Elapsed time = 14.08984899520874 sec
----------
Epoch 414 / 600
train error: avg loss = 0.03859218
ES count = 262
Elapsed time = 14.504237174987793 sec
----------
Epoch 415 / 600
train error: avg loss = 0.03564927
ES count = 263
Elapsed time = 14.591970920562744 sec
----------
Epoch 416 / 600
train error: avg loss = 0.03475660
ES count = 264
Elapsed time = 14.443907499313354 sec
----------
Epoch 417 / 600
train error: avg loss = 0.03363594
ES count = 265
Elapsed time = 13.631697177886963 sec
----------
Epoch 418 / 600
train error: avg loss = 0.03303396
ES count = 266
Elapsed time = 14.056837797164917 sec
----------
Epoch 419 / 600
train error: avg loss = 0.03476711
ES count = 267
Elapsed time = 13.797377109527588 sec
----------
Epoch 420 / 600
train error: avg loss = 0.03562647
ES count = 268
Elapsed time = 14.041118144989014 sec
----------
Epoch 421 / 600
train error: avg loss = 0.03260545
ES count = 269
Elapsed time = 13.570745944976807 sec
----------
Epoch 422 / 600
train error: avg loss = 0.03491162
ES count = 270
Elapsed time = 13.381617784500122 sec
----------
Epoch 423 / 600
train error: avg loss = 0.03338962
ES count = 271
Elapsed time = 13.658174753189087 sec
----------
Epoch 424 / 600
train error: avg loss = 0.03375090
ES count = 272
Elapsed time = 13.525510311126709 sec
----------
Epoch 425 / 600
train error: avg loss = 0.03502973
ES count = 273
Elapsed time = 13.677517414093018 sec
----------
Epoch 426 / 600
train error: avg loss = 0.03209579
ES count = 274
Elapsed time = 13.769338369369507 sec
----------
Epoch 427 / 600
train error: avg loss = 0.03377926
ES count = 275
Elapsed time = 14.448488712310791 sec
----------
Epoch 428 / 600
train error: avg loss = 0.03686208
ES count = 276
Elapsed time = 13.680115461349487 sec
----------
Epoch 429 / 600
train error: avg loss = 0.03407512
ES count = 277
Elapsed time = 13.55150818824768 sec
----------
Epoch 430 / 600
train error: avg loss = 0.03278307
ES count = 278
Elapsed time = 13.643323421478271 sec
----------
Epoch 431 / 600
train error: avg loss = 0.03115030
ES count = 279
Elapsed time = 14.038635730743408 sec
----------
Epoch 432 / 600
train error: avg loss = 0.03189605
ES count = 280
Elapsed time = 13.919885396957397 sec
----------
Epoch 433 / 600
train error: avg loss = 0.03341000
ES count = 281
Elapsed time = 13.50364637374878 sec
----------
Epoch 434 / 600
train error: avg loss = 0.03305788
ES count = 282
Elapsed time = 13.93544602394104 sec
----------
Epoch 435 / 600
train error: avg loss = 0.03690945
ES count = 283
Elapsed time = 13.099963903427124 sec
----------
Epoch 436 / 600
train error: avg loss = 0.03797877
ES count = 284
Elapsed time = 13.965469598770142 sec
----------
Epoch 437 / 600
train error: avg loss = 0.03372737
ES count = 285
Elapsed time = 13.649227857589722 sec
----------
Epoch 438 / 600
train error: avg loss = 0.03223253
ES count = 286
Elapsed time = 13.133440732955933 sec
----------
Epoch 439 / 600
train error: avg loss = 0.04846000
ES count = 287
Elapsed time = 13.367567539215088 sec
----------
Epoch 440 / 600
train error: avg loss = 0.08213311
ES count = 288
Elapsed time = 13.20338487625122 sec
----------
Epoch 441 / 600
train error: avg loss = 0.04058682
ES count = 289
Elapsed time = 13.404618978500366 sec
----------
Epoch 442 / 600
train error: avg loss = 0.03451840
ES count = 290
Elapsed time = 13.67646837234497 sec
----------
Epoch 443 / 600
train error: avg loss = 0.03586047
ES count = 291
Elapsed time = 13.758824586868286 sec
----------
Epoch 444 / 600
train error: avg loss = 0.03442582
ES count = 292
Elapsed time = 13.709161043167114 sec
----------
Epoch 445 / 600
train error: avg loss = 0.03333680
ES count = 293
Elapsed time = 13.332231760025024 sec
----------
Epoch 446 / 600
train error: avg loss = 0.03409061
ES count = 294
Elapsed time = 12.93050765991211 sec
----------
Epoch 447 / 600
train error: avg loss = 0.03453964
ES count = 295
Elapsed time = 13.301818370819092 sec
----------
Epoch 448 / 600
train error: avg loss = 0.03360833
ES count = 296
Elapsed time = 13.762639284133911 sec
----------
Epoch 449 / 600
train error: avg loss = 0.03468109
ES count = 297
Elapsed time = 13.592819929122925 sec
----------
Epoch 450 / 600
train error: avg loss = 0.03370674
ES count = 298
Elapsed time = 13.782875299453735 sec
----------
Epoch 451 / 600
train error: avg loss = 0.03344799
ES count = 299
Elapsed time = 13.424686908721924 sec
----------
Epoch 452 / 600
train error: avg loss = 0.03085089
ES count = 300
Elapsed time = 13.374753475189209 sec
----------
Epoch 453 / 600
train error: avg loss = 0.03355920
ES count = 301
Elapsed time = 13.704561233520508 sec
----------
Epoch 454 / 600
train error: avg loss = 0.03372533
ES count = 302
Elapsed time = 13.001607418060303 sec
----------
Epoch 455 / 600
train error: avg loss = 0.03329631
ES count = 303
Elapsed time = 13.37942910194397 sec
----------
Epoch 456 / 600
train error: avg loss = 0.03377188
ES count = 304
Elapsed time = 13.81870436668396 sec
----------
Epoch 457 / 600
train error: avg loss = 0.03063816
ES count = 305
Elapsed time = 13.52196478843689 sec
----------
Epoch 458 / 600
train error: avg loss = 0.03638083
ES count = 306
Elapsed time = 13.73588752746582 sec
----------
Epoch 459 / 600
train error: avg loss = 0.03460537
ES count = 307
Elapsed time = 13.57227110862732 sec
----------
Epoch 460 / 600
train error: avg loss = 0.03261916
ES count = 308
Elapsed time = 13.800770282745361 sec
----------
Epoch 461 / 600
train error: avg loss = 0.03287191
ES count = 309
Elapsed time = 13.896350383758545 sec
----------
Epoch 462 / 600
train error: avg loss = 0.03373748
ES count = 310
Elapsed time = 12.925889015197754 sec
----------
Epoch 463 / 600
train error: avg loss = 0.02963852
ES count = 311
Elapsed time = 12.979039430618286 sec
----------
Epoch 464 / 600
train error: avg loss = 0.03163319
ES count = 312
Elapsed time = 13.11369514465332 sec
----------
Epoch 465 / 600
train error: avg loss = 0.03308783
ES count = 313
Elapsed time = 12.925656080245972 sec
----------
Epoch 466 / 600
train error: avg loss = 0.03286045
ES count = 314
Elapsed time = 13.124195098876953 sec
----------
Epoch 467 / 600
train error: avg loss = 0.03098355
ES count = 315
Elapsed time = 13.288763761520386 sec
----------
Epoch 468 / 600
train error: avg loss = 0.03321055
ES count = 316
Elapsed time = 12.534446477890015 sec
----------
Epoch 469 / 600
train error: avg loss = 0.02889299
ES count = 317
Elapsed time = 13.51175832748413 sec
----------
Epoch 470 / 600
train error: avg loss = 0.03262384
ES count = 318
Elapsed time = 13.41782808303833 sec
----------
Epoch 471 / 600
train error: avg loss = 0.03160421
ES count = 319
Elapsed time = 13.382574081420898 sec
----------
Epoch 472 / 600
train error: avg loss = 0.03606839
ES count = 320
Elapsed time = 13.324805974960327 sec
----------
Epoch 473 / 600
train error: avg loss = 0.03416469
ES count = 321
Elapsed time = 14.03179931640625 sec
----------
Epoch 474 / 600
train error: avg loss = 0.03359225
ES count = 322
Elapsed time = 13.080644845962524 sec
----------
Epoch 475 / 600
train error: avg loss = 0.03192058
ES count = 323
Elapsed time = 12.696662664413452 sec
----------
Epoch 476 / 600
train error: avg loss = 0.03136475
ES count = 324
Elapsed time = 13.06821346282959 sec
----------
Epoch 477 / 600
train error: avg loss = 0.03251107
ES count = 325
Elapsed time = 13.902380228042603 sec
----------
Epoch 478 / 600
train error: avg loss = 0.03261073
ES count = 326
Elapsed time = 13.752788543701172 sec
----------
Epoch 479 / 600
train error: avg loss = 0.03145396
ES count = 327
Elapsed time = 13.280494689941406 sec
----------
Epoch 480 / 600
train error: avg loss = 0.03000540
ES count = 328
Elapsed time = 13.90613055229187 sec
----------
Epoch 481 / 600
train error: avg loss = 0.03002159
ES count = 329
Elapsed time = 14.381783723831177 sec
----------
Epoch 482 / 600
train error: avg loss = 0.03082837
ES count = 330
Elapsed time = 13.807819843292236 sec
----------
Epoch 483 / 600
train error: avg loss = 0.03185808
ES count = 331
Elapsed time = 13.680743932723999 sec
----------
Epoch 484 / 600
train error: avg loss = 0.03111183
ES count = 332
Elapsed time = 13.886773109436035 sec
----------
Epoch 485 / 600
train error: avg loss = 0.03172794
ES count = 333
Elapsed time = 13.853700160980225 sec
----------
Epoch 486 / 600
train error: avg loss = 0.03194665
ES count = 334
Elapsed time = 13.16800856590271 sec
----------
Epoch 487 / 600
train error: avg loss = 0.03149237
ES count = 335
Elapsed time = 12.901252269744873 sec
----------
Epoch 488 / 600
train error: avg loss = 0.03202210
ES count = 336
Elapsed time = 14.325741291046143 sec
----------
Epoch 489 / 600
train error: avg loss = 0.03064801
ES count = 337
Elapsed time = 14.19566822052002 sec
----------
Epoch 490 / 600
train error: avg loss = 0.03845012
ES count = 338
Elapsed time = 14.229024410247803 sec
----------
Epoch 491 / 600
train error: avg loss = 0.03360716
ES count = 339
Elapsed time = 14.053924322128296 sec
----------
Epoch 492 / 600
train error: avg loss = 0.03482580
ES count = 340
Elapsed time = 14.329892873764038 sec
----------
Epoch 493 / 600
train error: avg loss = 0.02836471
ES count = 341
Elapsed time = 14.111201763153076 sec
----------
Epoch 494 / 600
train error: avg loss = 0.03158604
ES count = 342
Elapsed time = 13.382378101348877 sec
----------
Epoch 495 / 600
train error: avg loss = 0.03576014
ES count = 343
Elapsed time = 13.64810848236084 sec
----------
Epoch 496 / 600
train error: avg loss = 0.03557407
ES count = 344
Elapsed time = 13.749512434005737 sec
----------
Epoch 497 / 600
train error: avg loss = 0.03048303
ES count = 345
Elapsed time = 13.381399393081665 sec
----------
Epoch 498 / 600
train error: avg loss = 0.03009964
ES count = 346
Elapsed time = 14.04777717590332 sec
----------
Epoch 499 / 600
train error: avg loss = 0.03234608
ES count = 347
Elapsed time = 14.004244089126587 sec
----------
Epoch 500 / 600
train error: avg loss = 0.03081908
ES count = 348
Epoch = 500. Save a periodic model snapshot.
Elapsed time = 14.178870439529419 sec
----------
Epoch 501 / 600
train error: avg loss = 0.03011829
ES count = 349
Elapsed time = 14.382403373718262 sec
----------
Epoch 502 / 600
train error: avg loss = 0.03013158
ES count = 350
Elapsed time = 14.266803503036499 sec
----------
Epoch 503 / 600
train error: avg loss = 0.03165435
ES count = 351
Elapsed time = 14.26971697807312 sec
----------
Epoch 504 / 600
train error: avg loss = 0.02920573
ES count = 352
Elapsed time = 14.389259338378906 sec
----------
Epoch 505 / 600
train error: avg loss = 0.03310684
ES count = 353
Elapsed time = 14.355112552642822 sec
----------
Epoch 506 / 600
train error: avg loss = 0.03192312
ES count = 354
Elapsed time = 14.885831117630005 sec
----------
Epoch 507 / 600
train error: avg loss = 0.02823414
Best loss is updated and ES count is reset.
Checkpoint saved to '/fsb/home/yutingwang/ytw_tangzq/schrodinger-bridge-sr-micrometeorology/data/DL_result/ExperimentSchrodingerBridge3dWind/config_wind_3d_ablation_no_pressure_night_large/checkpoint.pth'
Elapsed time = 15.797495603561401 sec
----------
Epoch 508 / 600
train error: avg loss = 0.03064717
ES count = 1
Elapsed time = 14.673887252807617 sec
----------
Epoch 509 / 600
train error: avg loss = 0.02947926
ES count = 2
Elapsed time = 14.620375156402588 sec
----------
Epoch 510 / 600
train error: avg loss = 0.03023581
ES count = 3
Elapsed time = 14.776019811630249 sec
----------
Epoch 511 / 600
train error: avg loss = 0.03093285
ES count = 4
Elapsed time = 15.00377631187439 sec
----------
Epoch 512 / 600
train error: avg loss = 0.02963035
ES count = 5
Elapsed time = 15.003931522369385 sec
----------
Epoch 513 / 600
train error: avg loss = 0.03082862
ES count = 6
Elapsed time = 14.170941352844238 sec
----------
Epoch 514 / 600
train error: avg loss = 0.02837211
ES count = 7
Elapsed time = 14.154021501541138 sec
----------
Epoch 515 / 600
train error: avg loss = 0.03327342
ES count = 8
Elapsed time = 14.028764724731445 sec
----------
Epoch 516 / 600
train error: avg loss = 0.03017915
ES count = 9
Elapsed time = 14.200798749923706 sec
----------
Epoch 517 / 600
train error: avg loss = 0.03079504
ES count = 10
Elapsed time = 14.11845850944519 sec
----------
Epoch 518 / 600
train error: avg loss = 0.03107280
ES count = 11
Elapsed time = 13.841706275939941 sec
----------
Epoch 519 / 600
train error: avg loss = 0.03175749
ES count = 12
Elapsed time = 14.003820419311523 sec
----------
Epoch 520 / 600
train error: avg loss = 0.03330198
ES count = 13
Elapsed time = 14.03087067604065 sec
----------
Epoch 521 / 600
train error: avg loss = 0.03261305
ES count = 14
Elapsed time = 14.229946613311768 sec
----------
Epoch 522 / 600
train error: avg loss = 0.02991465
ES count = 15
Elapsed time = 13.992459535598755 sec
----------
Epoch 523 / 600
train error: avg loss = 0.03181728
ES count = 16
Elapsed time = 14.16817855834961 sec
----------
Epoch 524 / 600
train error: avg loss = 0.03003093
ES count = 17
Elapsed time = 13.986482381820679 sec
----------
Epoch 525 / 600
train error: avg loss = 0.02873925
ES count = 18
Elapsed time = 14.025546312332153 sec
----------
Epoch 526 / 600
train error: avg loss = 0.03023369
ES count = 19
Elapsed time = 14.332253694534302 sec
----------
Epoch 527 / 600
train error: avg loss = 0.03605442
ES count = 20
Elapsed time = 14.369961023330688 sec
----------
Epoch 528 / 600
train error: avg loss = 0.03061641
ES count = 21
Elapsed time = 13.88454532623291 sec
----------
Epoch 529 / 600
train error: avg loss = 0.03041307
ES count = 22
Elapsed time = 14.350470781326294 sec
----------
Epoch 530 / 600
train error: avg loss = 0.03260711
ES count = 23
Elapsed time = 14.203718662261963 sec
----------
Epoch 531 / 600
train error: avg loss = 0.03112581
ES count = 24
Elapsed time = 14.286436796188354 sec
----------
Epoch 532 / 600
train error: avg loss = 0.03064775
ES count = 25
Elapsed time = 14.411391258239746 sec
----------
Epoch 533 / 600
train error: avg loss = 0.02771975
Best loss is updated and ES count is reset.
Checkpoint saved to '/fsb/home/yutingwang/ytw_tangzq/schrodinger-bridge-sr-micrometeorology/data/DL_result/ExperimentSchrodingerBridge3dWind/config_wind_3d_ablation_no_pressure_night_large/checkpoint.pth'
Elapsed time = 14.966640949249268 sec
----------
Epoch 534 / 600
train error: avg loss = 0.03289672
ES count = 1
Elapsed time = 14.412541151046753 sec
----------
Epoch 535 / 600
train error: avg loss = 0.03083031
ES count = 2
Elapsed time = 14.152986764907837 sec
----------
Epoch 536 / 600
train error: avg loss = 0.02998960
ES count = 3
Elapsed time = 14.186401844024658 sec
----------
Epoch 537 / 600
train error: avg loss = 0.02902960
ES count = 4
Elapsed time = 14.292593002319336 sec
----------
Epoch 538 / 600
train error: avg loss = 0.02933697
ES count = 5
Elapsed time = 14.08682131767273 sec
----------
Epoch 539 / 600
train error: avg loss = 0.02913497
ES count = 6
Elapsed time = 14.895309686660767 sec
----------
Epoch 540 / 600
train error: avg loss = 0.03020297
ES count = 7
Elapsed time = 14.158859252929688 sec
----------
Epoch 541 / 600
train error: avg loss = 0.03177559
ES count = 8
Elapsed time = 14.50395679473877 sec
----------
Epoch 542 / 600
train error: avg loss = 0.03216424
ES count = 9
Elapsed time = 14.308841943740845 sec
----------
Epoch 543 / 600
train error: avg loss = 0.03063289
ES count = 10
Elapsed time = 14.086402177810669 sec
----------
Epoch 544 / 600
train error: avg loss = 0.03107587
ES count = 11
Elapsed time = 14.398715734481812 sec
----------
Epoch 545 / 600
train error: avg loss = 0.03076713
ES count = 12
Elapsed time = 14.323195457458496 sec
----------
Epoch 546 / 600
train error: avg loss = 0.02933846
ES count = 13
Elapsed time = 13.760884046554565 sec
----------
Epoch 547 / 600
train error: avg loss = 0.02704957
Best loss is updated and ES count is reset.
Checkpoint saved to '/fsb/home/yutingwang/ytw_tangzq/schrodinger-bridge-sr-micrometeorology/data/DL_result/ExperimentSchrodingerBridge3dWind/config_wind_3d_ablation_no_pressure_night_large/checkpoint.pth'
Elapsed time = 13.000758409500122 sec
----------
Epoch 548 / 600
train error: avg loss = 0.03127761
ES count = 1
Elapsed time = 11.358764410018921 sec
----------
Epoch 549 / 600
train error: avg loss = 0.03359302
ES count = 2
Elapsed time = 12.136149406433105 sec
----------
Epoch 550 / 600
train error: avg loss = 0.03027652
ES count = 3
Elapsed time = 13.881204843521118 sec
----------
Epoch 551 / 600
train error: avg loss = 0.02974225
ES count = 4
Elapsed time = 13.479773998260498 sec
----------
Epoch 552 / 600
train error: avg loss = 0.03094773
ES count = 5
Elapsed time = 12.373175859451294 sec
----------
Epoch 553 / 600
train error: avg loss = 0.03069583
ES count = 6
Elapsed time = 11.585790872573853 sec
----------
Epoch 554 / 600
train error: avg loss = 0.02904795
ES count = 7
Elapsed time = 11.182230234146118 sec
----------
Epoch 555 / 600
train error: avg loss = 0.03029639
ES count = 8
Elapsed time = 11.871362209320068 sec
----------
Epoch 556 / 600
train error: avg loss = 0.02804362
ES count = 9
Elapsed time = 11.702335119247437 sec
----------
Epoch 557 / 600
train error: avg loss = 0.02898855
ES count = 10
Elapsed time = 11.703375816345215 sec
----------
Epoch 558 / 600
train error: avg loss = 0.03401668
ES count = 11
Elapsed time = 11.469319820404053 sec
----------
Epoch 559 / 600
train error: avg loss = 0.02934751
ES count = 12
Elapsed time = 11.832265615463257 sec
----------
Epoch 560 / 600
train error: avg loss = 0.02845539
ES count = 13
Elapsed time = 11.545120239257812 sec
----------
Epoch 561 / 600
train error: avg loss = 0.03224824
ES count = 14
Elapsed time = 11.831543684005737 sec
----------
Epoch 562 / 600
train error: avg loss = 0.02999381
ES count = 15
Elapsed time = 11.816717147827148 sec
----------
Epoch 563 / 600
train error: avg loss = 0.02981358
ES count = 16
Elapsed time = 11.999361038208008 sec
----------
Epoch 564 / 600
train error: avg loss = 0.02945693
ES count = 17
Elapsed time = 11.861279010772705 sec
----------
Epoch 565 / 600
train error: avg loss = 0.03441440
ES count = 18
Elapsed time = 11.520977020263672 sec
----------
Epoch 566 / 600
train error: avg loss = 0.03313502
ES count = 19
Elapsed time = 11.819217681884766 sec
----------
Epoch 567 / 600
train error: avg loss = 0.02961603
ES count = 20
Elapsed time = 11.837908744812012 sec
----------
Epoch 568 / 600
train error: avg loss = 0.02730872
ES count = 21
Elapsed time = 11.82057499885559 sec
----------
Epoch 569 / 600
train error: avg loss = 0.02808603
ES count = 22
Elapsed time = 11.616231679916382 sec
----------
Epoch 570 / 600
train error: avg loss = 0.02739461
ES count = 23
Elapsed time = 11.677512168884277 sec
----------
Epoch 571 / 600
train error: avg loss = 0.02721561
ES count = 24
Elapsed time = 11.421348094940186 sec
----------
Epoch 572 / 600
train error: avg loss = 0.03074249
ES count = 25
Elapsed time = 11.474879503250122 sec
----------
Epoch 573 / 600
train error: avg loss = 0.02919319
ES count = 26
Elapsed time = 11.324774742126465 sec
----------
Epoch 574 / 600
train error: avg loss = 0.03049913
ES count = 27
Elapsed time = 11.745223999023438 sec
----------
Epoch 575 / 600
train error: avg loss = 0.02950059
ES count = 28
Elapsed time = 11.540095567703247 sec
----------
Epoch 576 / 600
train error: avg loss = 0.03069273
ES count = 29
Elapsed time = 11.615782976150513 sec
----------
Epoch 577 / 600
train error: avg loss = 0.03232145
ES count = 30
Elapsed time = 11.636796236038208 sec
----------
Epoch 578 / 600
train error: avg loss = 0.03208327
ES count = 31
Elapsed time = 11.662503480911255 sec
----------
Epoch 579 / 600
train error: avg loss = 0.02864663
ES count = 32
Elapsed time = 11.519258499145508 sec
----------
Epoch 580 / 600
train error: avg loss = 0.02726828
ES count = 33
Elapsed time = 11.621302127838135 sec
----------
Epoch 581 / 600
train error: avg loss = 0.03302842
ES count = 34
Elapsed time = 11.725269794464111 sec
----------
Epoch 582 / 600
train error: avg loss = 0.03036578
ES count = 35
Elapsed time = 11.88050127029419 sec
----------
Epoch 583 / 600
train error: avg loss = 0.02704149
Best loss is updated and ES count is reset.
Checkpoint saved to '/fsb/home/yutingwang/ytw_tangzq/schrodinger-bridge-sr-micrometeorology/data/DL_result/ExperimentSchrodingerBridge3dWind/config_wind_3d_ablation_no_pressure_night_large/checkpoint.pth'
Elapsed time = 12.072965383529663 sec
----------
Epoch 584 / 600
train error: avg loss = 0.03216104
ES count = 1
Elapsed time = 11.436942100524902 sec
----------
Epoch 585 / 600
train error: avg loss = 0.03012406
ES count = 2
Elapsed time = 11.829899787902832 sec
----------
Epoch 586 / 600
train error: avg loss = 0.02961096
ES count = 3
Elapsed time = 11.36861252784729 sec
----------
Epoch 587 / 600
train error: avg loss = 0.03064872
ES count = 4
Elapsed time = 11.559985876083374 sec
----------
Epoch 588 / 600
train error: avg loss = 0.03119876
ES count = 5
Elapsed time = 11.904056549072266 sec
----------
Epoch 589 / 600
train error: avg loss = 0.03178017
ES count = 6
Elapsed time = 11.739015102386475 sec
----------
Epoch 590 / 600
train error: avg loss = 0.02929551
ES count = 7
Elapsed time = 11.67127251625061 sec
----------
Epoch 591 / 600
train error: avg loss = 0.02866860
ES count = 8
Elapsed time = 11.906359195709229 sec
----------
Epoch 592 / 600
train error: avg loss = 0.02849083
ES count = 9
Elapsed time = 11.63978123664856 sec
----------
Epoch 593 / 600
train error: avg loss = 0.03011039
ES count = 10
Elapsed time = 11.66248106956482 sec
----------
Epoch 594 / 600
train error: avg loss = 0.02892964
ES count = 11
Elapsed time = 11.714517593383789 sec
----------
Epoch 595 / 600
train error: avg loss = 0.03084494
ES count = 12
Elapsed time = 11.799957275390625 sec
----------
Epoch 596 / 600
train error: avg loss = 0.02862899
ES count = 13
Elapsed time = 11.721328973770142 sec
----------
Epoch 597 / 600
train error: avg loss = 0.03004220
ES count = 14
Elapsed time = 11.857564449310303 sec
----------
Epoch 598 / 600
train error: avg loss = 0.03034197
ES count = 15
Elapsed time = 11.688229322433472 sec
----------
Epoch 599 / 600
train error: avg loss = 0.02845414
ES count = 16
Elapsed time = 11.774385690689087 sec
----------
Epoch 600 / 600
train error: avg loss = 0.03027657
ES count = 17
Epoch = 600. Save a periodic model snapshot.
Elapsed time = 11.978883028030396 sec
----------
Epoch 601 / 600
train error: avg loss = 0.03105971
ES count = 18
Elapsed time = 11.61751103401184 sec
----------
Train end: 2026-07-15T16:30:24.628663+00:00 UTC
Best epoch: 583, best_loss: 0.02704149
Total elapsed time = 138.36019792556763 min

**************************************************
Make inference
**************************************************


Inference at epoch 100.
UNetDDPMVer01 is created
dataset_config.dataset_name='Dataset3dWind'
The total files = 480. A part of them is used for training.
train: 146/335 samples kept after day_night_filter=night
valid: 31/70 samples kept after day_night_filter=night
test: 35/75 samples kept after day_night_filter=night
All files give to dataset are 31.
Reading all files.
valid: dataset size = 31, batch num = 16

Requested 60 samples, but only 31 are available. Using all available data.
Inference out = /fsb/home/yutingwang/ytw_tangzq/schrodinger-bridge-sr-micrometeorology/data/DL_result/ExperimentSchrodingerBridge3dWind/config_wind_3d_ablation_no_pressure_night_large/inference_0100.pickle
Total elapsed time = 0.2931822697321574 min


Inference at epoch 200.
UNetDDPMVer01 is created
dataset_config.dataset_name='Dataset3dWind'
The total files = 480. A part of them is used for training.
train: 146/335 samples kept after day_night_filter=night
valid: 31/70 samples kept after day_night_filter=night
test: 35/75 samples kept after day_night_filter=night
All files give to dataset are 31.
Reading all files.
valid: dataset size = 31, batch num = 16

Requested 60 samples, but only 31 are available. Using all available data.
Inference out = /fsb/home/yutingwang/ytw_tangzq/schrodinger-bridge-sr-micrometeorology/data/DL_result/ExperimentSchrodingerBridge3dWind/config_wind_3d_ablation_no_pressure_night_large/inference_0200.pickle
Total elapsed time = 0.1879037380218506 min


Inference at epoch 300.
UNetDDPMVer01 is created
dataset_config.dataset_name='Dataset3dWind'
The total files = 480. A part of them is used for training.
train: 146/335 samples kept after day_night_filter=night
valid: 31/70 samples kept after day_night_filter=night
test: 35/75 samples kept after day_night_filter=night
All files give to dataset are 31.
Reading all files.
valid: dataset size = 31, batch num = 16

Requested 60 samples, but only 31 are available. Using all available data.
Inference out = /fsb/home/yutingwang/ytw_tangzq/schrodinger-bridge-sr-micrometeorology/data/DL_result/ExperimentSchrodingerBridge3dWind/config_wind_3d_ablation_no_pressure_night_large/inference_0300.pickle
Total elapsed time = 0.18552966117858888 min


Inference at epoch 400.
UNetDDPMVer01 is created
dataset_config.dataset_name='Dataset3dWind'
The total files = 480. A part of them is used for training.
train: 146/335 samples kept after day_night_filter=night
valid: 31/70 samples kept after day_night_filter=night
test: 35/75 samples kept after day_night_filter=night
All files give to dataset are 31.
Reading all files.
valid: dataset size = 31, batch num = 16

Requested 60 samples, but only 31 are available. Using all available data.
Inference out = /fsb/home/yutingwang/ytw_tangzq/schrodinger-bridge-sr-micrometeorology/data/DL_result/ExperimentSchrodingerBridge3dWind/config_wind_3d_ablation_no_pressure_night_large/inference_0400.pickle
Total elapsed time = 0.1970998247464498 min


Inference at epoch 500.
UNetDDPMVer01 is created
dataset_config.dataset_name='Dataset3dWind'
The total files = 480. A part of them is used for training.
train: 146/335 samples kept after day_night_filter=night
valid: 31/70 samples kept after day_night_filter=night
test: 35/75 samples kept after day_night_filter=night
All files give to dataset are 31.
Reading all files.
valid: dataset size = 31, batch num = 16

Requested 60 samples, but only 31 are available. Using all available data.
Inference out = /fsb/home/yutingwang/ytw_tangzq/schrodinger-bridge-sr-micrometeorology/data/DL_result/ExperimentSchrodingerBridge3dWind/config_wind_3d_ablation_no_pressure_night_large/inference_0500.pickle
Total elapsed time = 0.21227964560190837 min


Inference at epoch 600.
UNetDDPMVer01 is created
dataset_config.dataset_name='Dataset3dWind'
The total files = 480. A part of them is used for training.
train: 146/335 samples kept after day_night_filter=night
valid: 31/70 samples kept after day_night_filter=night
test: 35/75 samples kept after day_night_filter=night
All files give to dataset are 31.
Reading all files.
valid: dataset size = 31, batch num = 16

Requested 60 samples, but only 31 are available. Using all available data.
Inference out = /fsb/home/yutingwang/ytw_tangzq/schrodinger-bridge-sr-micrometeorology/data/DL_result/ExperimentSchrodingerBridge3dWind/config_wind_3d_ablation_no_pressure_night_large/inference_0600.pickle
Total elapsed time = 0.19333521525065103 min

End all inference processes.

End: Thu Jul 16 00:31:43 CST 2026

------------------------------------------------------------
Sender: LSF System <lsfadmin@m002>
Subject: Job 13763912: <abl_large_night_no_pressure> in cluster <hpc> Done

Job <abl_large_night_no_pressure> was submitted from host <login1> by user <ytw_tangzq> in cluster <hpc> at Wed Jul 15 22:10:28 2026
Job was executed on host(s) <6*m002>, in queue <723090ib>, as user <ytw_tangzq> in cluster <hpc> at Wed Jul 15 22:10:29 2026
</fsb/home/yutingwang/ytw_tangzq> was used as the home directory.
</fsb/home/yutingwang/ytw_tangzq/schrodinger-bridge-sr-micrometeorology> was used as the working directory.
Started at Wed Jul 15 22:10:29 2026
Terminated at Thu Jul 16 00:31:43 2026
Results reported at Thu Jul 16 00:31:43 2026

Your job looked like:

------------------------------------------------------------
# LSBATCH: User input
#!/bin/bash
# ============================================
# LSF — Day/Night Ablation Large (192x192, 64ch): NoPSFC (night)
# 192x192 + inner_ch=64 + pure L2 + GPU
# ============================================
#BSUB -q 723090ib
#BSUB -gpu "num=1:mode=exclusive_process"
#BSUB -n 4
#BSUB -R "rusage[mem=32000]"
#BSUB -J abl_large_night_no_pressure
#BSUB -o logs/abl_large_night_no_pressure_%J.out
#BSUB -e logs/abl_large_night_no_pressure_%J.err

module load anaconda/3
module load cuda/11.8.0
source activate wind3d

cd $LS_SUBCWD
mkdir -p logs

echo "=== Ablation: NoPSFC | Filter: night | Large (192x192, 64ch) ==="
echo "Config: configs/config_wind_3d_ablation_no_pressure_night_large.yml"
echo "Host: $(hostname)"
echo "GPU:  $(nvidia-smi --query-gpu=name,memory.total --format=csv,noheader 2>/dev/null || echo 'N/A')"
echo "Start: $(date)"
echo ""

python scripts/train_schrodinger_bridge_model.py \
  --config_path configs/config_wind_3d_ablation_no_pressure_night_large.yml \
  --experiment_name ExperimentSchrodingerBridge3dWind \
  --device cuda:0

echo ""
echo "End: $(date)"

------------------------------------------------------------

Successfully completed.

Resource usage summary:

    CPU time :                                   5127.43 sec.
    Max Memory :                                 2464 MB
    Average Memory :                             2339.86 MB
    Total Requested Memory :                     32000.00 MB
    Delta Memory :                               29536.00 MB
    Max Swap :                                   -
    Max Processes :                              8
    Max Threads :                                48
    Run time :                                   8474 sec.
    Turnaround time :                            8475 sec.

The output (if any) is above this job summary.



PS:

Read file <logs/abl_large_night_no_pressure_13763912.err> for stderr output of this job.

