=== Ablation: NoTerrain | Filter: day | Large (192x192, 64ch) ===
Config: configs/config_wind_3d_ablation_no_terrain_day_large.yml
Host: m003
GPU:  NVIDIA GeForce RTX 3090, 24576 MiB
Start: Wed Jul 15 22:10:33 CST 2026

Experiment Schrodinger-Bridge 3D Wind Model is selected.

**************************************************
Show configuration
**************************************************

experiment_name='ExperimentSchrodingerBridge3dWind'
config_name='config_wind_3d_ablation_no_terrain_day_large'
config_path='configs/config_wind_3d_ablation_no_terrain_day_large.yml'
result_dir_path='/fsb/home/yutingwang/ytw_tangzq/schrodinger-bridge-sr-micrometeorology/data/DL_result/ExperimentSchrodingerBridge3dWind/config_wind_3d_ablation_no_terrain_day_large'

Input config = {
  "data": {
    "target_variable_names": [
      "hr_u_ml0",
      "hr_v_ml0",
      "hr_w_ml0",
      "hr_u_ml1",
      "hr_v_ml1",
      "hr_w_ml1",
      "hr_u_ml2",
      "hr_v_ml2",
      "hr_w_ml2",
      "hr_u_ml3",
      "hr_v_ml3",
      "hr_w_ml3",
      "hr_u_ml5",
      "hr_v_ml5",
      "hr_w_ml5",
      "hr_u_ml10",
      "hr_v_ml10",
      "hr_w_ml10"
    ],
    "input_variable_names": [
      "t2",
      "tsk",
      "swdown",
      "glw",
      "hfx",
      "lh",
      "psfc",
      "pblh"
    ],
    "biases": {
      "hr_u_ml0": -1.95426,
      "hr_v_ml0": 2.778181,
      "hr_w_ml0": -0.005726,
      "lr_u_ml0": -1.95424,
      "lr_v_ml0": 2.778251,
      "lr_w_ml0": -0.00573,
      "hr_u_ml1": -2.236401,
      "hr_v_ml1": 3.337655,
      "hr_w_ml1": -0.005083,
      "lr_u_ml1": -2.236384,
      "lr_v_ml1": 3.337749,
      "lr_w_ml1": -0.005087,
      "hr_u_ml2": -2.376027,
      "hr_v_ml2": 3.760786,
      "hr_w_ml2": -0.003274,
      "lr_u_ml2": -2.37602,
      "lr_v_ml2": 3.760872,
      "lr_w_ml2": -0.003278,
      "hr_u_ml3": -2.451712,
      "hr_v_ml3": 4.141908,
      "hr_w_ml3": -0.000605,
      "lr_u_ml3": -2.451715,
      "lr_v_ml3": 4.141976,
      "lr_w_ml3": -0.000607,
      "hr_u_ml5": -2.441044,
      "hr_v_ml5": 4.68079,
      "hr_w_ml5": 0.005137,
      "lr_u_ml5": -2.441062,
      "lr_v_ml5": 4.680834,
      "lr_w_ml5": 0.005142,
      "hr_u_ml10": -2.472078,
      "hr_v_ml10": 3.227569,
      "hr_w_ml10": 0.008199,
      "lr_u_ml10": -2.472082,
      "lr_v_ml10": 3.227579,
      "lr_w_ml10": 0.008219,
      "t2": 301.998962,
      "z": 37.488346,
      "lu": 16.725618,
      "tsk": 303.561615,
      "swdown": 269.639557,
      "glw": 431.122955,
      "hfx": 42.14484,
      "lh": 96.566574,
      "psfc": 99869.882812,
      "pblh": 525.545227
    },
    "scales": {
      "hr_u_ml0": 4.402796,
      "hr_v_ml0": 3.525334,
      "hr_w_ml0": 0.148159,
      "lr_u_ml0": 4.364602,
      "lr_v_ml0": 3.472649,
      "lr_w_ml0": 0.083609,
      "hr_u_ml1": 5.105578,
      "hr_v_ml1": 3.983906,
      "hr_w_ml1": 0.191652,
      "lr_u_ml1": 5.07354,
      "lr_v_ml1": 3.939374,
      "lr_w_ml1": 0.105055,
      "hr_u_ml2": 5.622042,
      "hr_v_ml2": 4.207778,
      "hr_w_ml2": 0.220411,
      "lr_u_ml2": 5.597043,
      "lr_v_ml2": 4.172642,
      "lr_w_ml2": 0.12159,
      "hr_u_ml3": 6.141271,
      "hr_v_ml3": 4.357533,
      "hr_w_ml3": 0.247615,
      "lr_u_ml3": 6.121758,
      "lr_v_ml3": 4.329672,
      "lr_w_ml3": 0.137457,
      "hr_u_ml5": 7.334366,
      "hr_v_ml5": 4.558024,
      "hr_w_ml5": 0.295489,
      "lr_u_ml5": 7.32196,
      "lr_v_ml5": 4.538525,
      "lr_w_ml5": 0.168024,
      "hr_u_ml10": 7.964198,
      "hr_v_ml10": 4.241252,
      "hr_w_ml10": 0.334629,
      "lr_u_ml10": 7.956287,
      "lr_v_ml10": 4.225603,
      "lr_w_ml10": 0.198061,
      "t2": 2.14623,
      "z": 79.458443,
      "lu": 9.772256,
      "tsk": 4.892428,
      "swdown": 347.248718,
      "glw": 14.475859,
      "hfx": 85.938927,
      "lh": 118.271515,
      "psfc": 908.404907,
      "pblh": 357.77951
    },
    "is_clipped": false,
    "min_clipped_value": null,
    "max_clipped_value": null,
    "missing_value": 0.0,
    "hr_data_shape": [
      192,
      192
    ],
    "hr_cropped_shape": [
      192,
      192
    ],
    "dtype": "float32",
    "discarded_minute_range": [
      1,
      30
    ],
    "day_night_filter": "day"
  },
  "loader": {
    "batch_size": 2,
    "dl_data_ver": "wrf_3d_v1",
    "train_valid_test_ratios": [
      0.7,
      0.145,
      0.155
    ],
    "num_workers": 4,
    "seed": 42
  },
  "train": {
    "epochs": 600,
    "early_stopping_patience": 400,
    "seed": 78268,
    "learning_rate": 0.0005,
    "optim_name": "AdamW",
    "loss": {
      "loss_name": "L2"
    },
    "use_amp": false,
    "ema_decay": null,
    "save_interval": 100
  },
  "model": {
    "in_channel": 26,
    "inner_channel": 64,
    "out_channel": 18,
    "res_blocks": 1,
    "channel_mults": [
      1,
      2,
      4,
      8,
      8
    ],
    "attn_res": [
      16
    ],
    "channels_each_head": 16,
    "dropout": 0.2,
    "resblock_updown": true,
    "max_period": 10.0
  },
  "si": {
    "n_timestep": 10,
    "eps": 0.2,
    "formula": "quadratic",
    "loss_type": "L2",
    "channel_weights": null,
    "divergence_weight": 0.0,
    "vorticity_weight": 0.0
  }
}

dataset_config.dataset_name='Dataset3dWind'
The total files = 480. A part of them is used for training.
train: 167/335 samples kept after day_night_filter=day
valid: 36/70 samples kept after day_night_filter=day
test: 37/75 samples kept after day_night_filter=day
All files give to dataset are 167.
Reading all files.
train: dataset size = 167, batch num = 83

All files give to dataset are 36.
Reading all files.
valid: dataset size = 36, batch num = 18

DEBUG-DICT_LOADERS:83
UNetDDPMVer01 is created
EMA self.decay=None
Optimizer is AdamW.
No checkpoint found at '/fsb/home/yutingwang/ytw_tangzq/schrodinger-bridge-sr-micrometeorology/data/DL_result/ExperimentSchrodingerBridge3dWind/config_wind_3d_ablation_no_terrain_day_large/checkpoint.pth'. Starting training from scratch.

**************************************************
Train model
**************************************************

Train start: 2026-07-15 14:12:03.001502+00:00 UTC
Saving interval = 100
EMA decay rate = None
Epoch 1 / 600
train error: avg loss = 0.72390034
Best loss is updated and ES count is reset.
Checkpoint saved to '/fsb/home/yutingwang/ytw_tangzq/schrodinger-bridge-sr-micrometeorology/data/DL_result/ExperimentSchrodingerBridge3dWind/config_wind_3d_ablation_no_terrain_day_large/checkpoint.pth'
Elapsed time = 15.192707777023315 sec
----------
Epoch 2 / 600
train error: avg loss = 0.39882135
Best loss is updated and ES count is reset.
Checkpoint saved to '/fsb/home/yutingwang/ytw_tangzq/schrodinger-bridge-sr-micrometeorology/data/DL_result/ExperimentSchrodingerBridge3dWind/config_wind_3d_ablation_no_terrain_day_large/checkpoint.pth'
Elapsed time = 9.207754373550415 sec
----------
Epoch 3 / 600
train error: avg loss = 0.29531540
Best loss is updated and ES count is reset.
Checkpoint saved to '/fsb/home/yutingwang/ytw_tangzq/schrodinger-bridge-sr-micrometeorology/data/DL_result/ExperimentSchrodingerBridge3dWind/config_wind_3d_ablation_no_terrain_day_large/checkpoint.pth'
Elapsed time = 9.57501769065857 sec
----------
Epoch 4 / 600
train error: avg loss = 0.21256753
Best loss is updated and ES count is reset.
Checkpoint saved to '/fsb/home/yutingwang/ytw_tangzq/schrodinger-bridge-sr-micrometeorology/data/DL_result/ExperimentSchrodingerBridge3dWind/config_wind_3d_ablation_no_terrain_day_large/checkpoint.pth'
Elapsed time = 9.3442063331604 sec
----------
Epoch 5 / 600
train error: avg loss = 0.17456926
Best loss is updated and ES count is reset.
Checkpoint saved to '/fsb/home/yutingwang/ytw_tangzq/schrodinger-bridge-sr-micrometeorology/data/DL_result/ExperimentSchrodingerBridge3dWind/config_wind_3d_ablation_no_terrain_day_large/checkpoint.pth'
Elapsed time = 9.480867624282837 sec
----------
Epoch 6 / 600
train error: avg loss = 0.16310479
Best loss is updated and ES count is reset.
Checkpoint saved to '/fsb/home/yutingwang/ytw_tangzq/schrodinger-bridge-sr-micrometeorology/data/DL_result/ExperimentSchrodingerBridge3dWind/config_wind_3d_ablation_no_terrain_day_large/checkpoint.pth'
Elapsed time = 9.39942193031311 sec
----------
Epoch 7 / 600
train error: avg loss = 0.14362119
Best loss is updated and ES count is reset.
Checkpoint saved to '/fsb/home/yutingwang/ytw_tangzq/schrodinger-bridge-sr-micrometeorology/data/DL_result/ExperimentSchrodingerBridge3dWind/config_wind_3d_ablation_no_terrain_day_large/checkpoint.pth'
Elapsed time = 9.352522611618042 sec
----------
Epoch 8 / 600
train error: avg loss = 0.14696695
ES count = 1
Elapsed time = 8.702816724777222 sec
----------
Epoch 9 / 600
train error: avg loss = 0.13964173
Best loss is updated and ES count is reset.
Checkpoint saved to '/fsb/home/yutingwang/ytw_tangzq/schrodinger-bridge-sr-micrometeorology/data/DL_result/ExperimentSchrodingerBridge3dWind/config_wind_3d_ablation_no_terrain_day_large/checkpoint.pth'
Elapsed time = 10.074194431304932 sec
----------
Epoch 10 / 600
train error: avg loss = 0.12549202
Best loss is updated and ES count is reset.
Checkpoint saved to '/fsb/home/yutingwang/ytw_tangzq/schrodinger-bridge-sr-micrometeorology/data/DL_result/ExperimentSchrodingerBridge3dWind/config_wind_3d_ablation_no_terrain_day_large/checkpoint.pth'
Elapsed time = 9.470981359481812 sec
----------
Epoch 11 / 600
train error: avg loss = 0.11255034
Best loss is updated and ES count is reset.
Checkpoint saved to '/fsb/home/yutingwang/ytw_tangzq/schrodinger-bridge-sr-micrometeorology/data/DL_result/ExperimentSchrodingerBridge3dWind/config_wind_3d_ablation_no_terrain_day_large/checkpoint.pth'
Elapsed time = 9.471521377563477 sec
----------
Epoch 12 / 600
train error: avg loss = 0.11301704
ES count = 1
Elapsed time = 8.757021427154541 sec
----------
Epoch 13 / 600
train error: avg loss = 0.11354668
ES count = 2
Elapsed time = 8.572943687438965 sec
----------
Epoch 14 / 600
train error: avg loss = 0.10586378
Best loss is updated and ES count is reset.
Checkpoint saved to '/fsb/home/yutingwang/ytw_tangzq/schrodinger-bridge-sr-micrometeorology/data/DL_result/ExperimentSchrodingerBridge3dWind/config_wind_3d_ablation_no_terrain_day_large/checkpoint.pth'
Elapsed time = 9.240823745727539 sec
----------
Epoch 15 / 600
train error: avg loss = 0.10291222
Best loss is updated and ES count is reset.
Checkpoint saved to '/fsb/home/yutingwang/ytw_tangzq/schrodinger-bridge-sr-micrometeorology/data/DL_result/ExperimentSchrodingerBridge3dWind/config_wind_3d_ablation_no_terrain_day_large/checkpoint.pth'
Elapsed time = 9.565694093704224 sec
----------
Epoch 16 / 600
train error: avg loss = 0.09273855
Best loss is updated and ES count is reset.
Checkpoint saved to '/fsb/home/yutingwang/ytw_tangzq/schrodinger-bridge-sr-micrometeorology/data/DL_result/ExperimentSchrodingerBridge3dWind/config_wind_3d_ablation_no_terrain_day_large/checkpoint.pth'
Elapsed time = 9.653785943984985 sec
----------
Epoch 17 / 600
train error: avg loss = 0.09715284
ES count = 1
Elapsed time = 8.653495788574219 sec
----------
Epoch 18 / 600
train error: avg loss = 0.08825128
Best loss is updated and ES count is reset.
Checkpoint saved to '/fsb/home/yutingwang/ytw_tangzq/schrodinger-bridge-sr-micrometeorology/data/DL_result/ExperimentSchrodingerBridge3dWind/config_wind_3d_ablation_no_terrain_day_large/checkpoint.pth'
Elapsed time = 9.117992639541626 sec
----------
Epoch 19 / 600
train error: avg loss = 0.08559287
Best loss is updated and ES count is reset.
Checkpoint saved to '/fsb/home/yutingwang/ytw_tangzq/schrodinger-bridge-sr-micrometeorology/data/DL_result/ExperimentSchrodingerBridge3dWind/config_wind_3d_ablation_no_terrain_day_large/checkpoint.pth'
Elapsed time = 9.51943826675415 sec
----------
Epoch 20 / 600
train error: avg loss = 0.08142458
Best loss is updated and ES count is reset.
Checkpoint saved to '/fsb/home/yutingwang/ytw_tangzq/schrodinger-bridge-sr-micrometeorology/data/DL_result/ExperimentSchrodingerBridge3dWind/config_wind_3d_ablation_no_terrain_day_large/checkpoint.pth'
Elapsed time = 9.380935430526733 sec
----------
Epoch 21 / 600
train error: avg loss = 0.07973870
Best loss is updated and ES count is reset.
Checkpoint saved to '/fsb/home/yutingwang/ytw_tangzq/schrodinger-bridge-sr-micrometeorology/data/DL_result/ExperimentSchrodingerBridge3dWind/config_wind_3d_ablation_no_terrain_day_large/checkpoint.pth'
Elapsed time = 9.646023273468018 sec
----------
Epoch 22 / 600
train error: avg loss = 0.08625489
ES count = 1
Elapsed time = 8.637050867080688 sec
----------
Epoch 23 / 600
train error: avg loss = 0.07844435
Best loss is updated and ES count is reset.
Checkpoint saved to '/fsb/home/yutingwang/ytw_tangzq/schrodinger-bridge-sr-micrometeorology/data/DL_result/ExperimentSchrodingerBridge3dWind/config_wind_3d_ablation_no_terrain_day_large/checkpoint.pth'
Elapsed time = 9.198803186416626 sec
----------
Epoch 24 / 600
train error: avg loss = 0.07090655
Best loss is updated and ES count is reset.
Checkpoint saved to '/fsb/home/yutingwang/ytw_tangzq/schrodinger-bridge-sr-micrometeorology/data/DL_result/ExperimentSchrodingerBridge3dWind/config_wind_3d_ablation_no_terrain_day_large/checkpoint.pth'
Elapsed time = 9.142407655715942 sec
----------
Epoch 25 / 600
train error: avg loss = 0.07319394
ES count = 1
Elapsed time = 8.585538864135742 sec
----------
Epoch 26 / 600
train error: avg loss = 0.07178509
ES count = 2
Elapsed time = 8.405753374099731 sec
----------
Epoch 27 / 600
train error: avg loss = 0.06467053
Best loss is updated and ES count is reset.
Checkpoint saved to '/fsb/home/yutingwang/ytw_tangzq/schrodinger-bridge-sr-micrometeorology/data/DL_result/ExperimentSchrodingerBridge3dWind/config_wind_3d_ablation_no_terrain_day_large/checkpoint.pth'
Elapsed time = 9.556535005569458 sec
----------
Epoch 28 / 600
train error: avg loss = 0.07470715
ES count = 1
Elapsed time = 8.625644445419312 sec
----------
Epoch 29 / 600
train error: avg loss = 0.06857365
ES count = 2
Elapsed time = 8.793739080429077 sec
----------
Epoch 30 / 600
train error: avg loss = 0.07660578
ES count = 3
Elapsed time = 8.709213733673096 sec
----------
Epoch 31 / 600
train error: avg loss = 0.06600851
ES count = 4
Elapsed time = 8.463394165039062 sec
----------
Epoch 32 / 600
train error: avg loss = 0.06918276
ES count = 5
Elapsed time = 8.731001853942871 sec
----------
Epoch 33 / 600
train error: avg loss = 0.05615900
Best loss is updated and ES count is reset.
Checkpoint saved to '/fsb/home/yutingwang/ytw_tangzq/schrodinger-bridge-sr-micrometeorology/data/DL_result/ExperimentSchrodingerBridge3dWind/config_wind_3d_ablation_no_terrain_day_large/checkpoint.pth'
Elapsed time = 9.347174882888794 sec
----------
Epoch 34 / 600
train error: avg loss = 0.05422976
Best loss is updated and ES count is reset.
Checkpoint saved to '/fsb/home/yutingwang/ytw_tangzq/schrodinger-bridge-sr-micrometeorology/data/DL_result/ExperimentSchrodingerBridge3dWind/config_wind_3d_ablation_no_terrain_day_large/checkpoint.pth'
Elapsed time = 9.532210350036621 sec
----------
Epoch 35 / 600
train error: avg loss = 0.05050930
Best loss is updated and ES count is reset.
Checkpoint saved to '/fsb/home/yutingwang/ytw_tangzq/schrodinger-bridge-sr-micrometeorology/data/DL_result/ExperimentSchrodingerBridge3dWind/config_wind_3d_ablation_no_terrain_day_large/checkpoint.pth'
Elapsed time = 9.300584554672241 sec
----------
Epoch 36 / 600
train error: avg loss = 0.06360119
ES count = 1
Elapsed time = 8.48927116394043 sec
----------
Epoch 37 / 600
train error: avg loss = 0.06307010
ES count = 2
Elapsed time = 8.594415664672852 sec
----------
Epoch 38 / 600
train error: avg loss = 0.06403257
ES count = 3
Elapsed time = 8.525279998779297 sec
----------
Epoch 39 / 600
train error: avg loss = 0.05815739
ES count = 4
Elapsed time = 8.654791831970215 sec
----------
Epoch 40 / 600
train error: avg loss = 0.05231604
ES count = 5
Elapsed time = 8.520328521728516 sec
----------
Epoch 41 / 600
train error: avg loss = 0.05963531
ES count = 6
Elapsed time = 8.300331115722656 sec
----------
Epoch 42 / 600
train error: avg loss = 0.04994455
Best loss is updated and ES count is reset.
Checkpoint saved to '/fsb/home/yutingwang/ytw_tangzq/schrodinger-bridge-sr-micrometeorology/data/DL_result/ExperimentSchrodingerBridge3dWind/config_wind_3d_ablation_no_terrain_day_large/checkpoint.pth'
Elapsed time = 9.842739582061768 sec
----------
Epoch 43 / 600
train error: avg loss = 0.05396988
ES count = 1
Elapsed time = 8.689839363098145 sec
----------
Epoch 44 / 600
train error: avg loss = 0.05198323
ES count = 2
Elapsed time = 8.615519523620605 sec
----------
Epoch 45 / 600
train error: avg loss = 0.05682642
ES count = 3
Elapsed time = 8.980075597763062 sec
----------
Epoch 46 / 600
train error: avg loss = 0.05206023
ES count = 4
Elapsed time = 8.443386316299438 sec
----------
Epoch 47 / 600
train error: avg loss = 0.04647344
Best loss is updated and ES count is reset.
Checkpoint saved to '/fsb/home/yutingwang/ytw_tangzq/schrodinger-bridge-sr-micrometeorology/data/DL_result/ExperimentSchrodingerBridge3dWind/config_wind_3d_ablation_no_terrain_day_large/checkpoint.pth'
Elapsed time = 9.487693786621094 sec
----------
Epoch 48 / 600
train error: avg loss = 0.05112203
ES count = 1
Elapsed time = 8.672621011734009 sec
----------
Epoch 49 / 600
train error: avg loss = 0.05055561
ES count = 2
Elapsed time = 8.827728748321533 sec
----------
Epoch 50 / 600
train error: avg loss = 0.04742660
ES count = 3
Elapsed time = 8.586039066314697 sec
----------
Epoch 51 / 600
train error: avg loss = 0.04762666
ES count = 4
Elapsed time = 8.278972148895264 sec
----------
Epoch 52 / 600
train error: avg loss = 0.05169578
ES count = 5
Elapsed time = 8.589752435684204 sec
----------
Epoch 53 / 600
train error: avg loss = 0.04727797
ES count = 6
Elapsed time = 8.627556562423706 sec
----------
Epoch 54 / 600
train error: avg loss = 0.05455883
ES count = 7
Elapsed time = 8.669735670089722 sec
----------
Epoch 55 / 600
train error: avg loss = 0.04882257
ES count = 8
Elapsed time = 8.743923425674438 sec
----------
Epoch 56 / 600
train error: avg loss = 0.05318945
ES count = 9
Elapsed time = 8.839537382125854 sec
----------
Epoch 57 / 600
train error: avg loss = 0.04858003
ES count = 10
Elapsed time = 8.503338813781738 sec
----------
Epoch 58 / 600
train error: avg loss = 0.04784403
ES count = 11
Elapsed time = 8.846302032470703 sec
----------
Epoch 59 / 600
train error: avg loss = 0.04500324
Best loss is updated and ES count is reset.
Checkpoint saved to '/fsb/home/yutingwang/ytw_tangzq/schrodinger-bridge-sr-micrometeorology/data/DL_result/ExperimentSchrodingerBridge3dWind/config_wind_3d_ablation_no_terrain_day_large/checkpoint.pth'
Elapsed time = 9.546435356140137 sec
----------
Epoch 60 / 600
train error: avg loss = 0.04894445
ES count = 1
Elapsed time = 8.66349458694458 sec
----------
Epoch 61 / 600
train error: avg loss = 0.04416925
Best loss is updated and ES count is reset.
Checkpoint saved to '/fsb/home/yutingwang/ytw_tangzq/schrodinger-bridge-sr-micrometeorology/data/DL_result/ExperimentSchrodingerBridge3dWind/config_wind_3d_ablation_no_terrain_day_large/checkpoint.pth'
Elapsed time = 9.140930414199829 sec
----------
Epoch 62 / 600
train error: avg loss = 0.04407731
Best loss is updated and ES count is reset.
Checkpoint saved to '/fsb/home/yutingwang/ytw_tangzq/schrodinger-bridge-sr-micrometeorology/data/DL_result/ExperimentSchrodingerBridge3dWind/config_wind_3d_ablation_no_terrain_day_large/checkpoint.pth'
Elapsed time = 9.048372507095337 sec
----------
Epoch 63 / 600
train error: avg loss = 0.04611431
ES count = 1
Elapsed time = 8.62551760673523 sec
----------
Epoch 64 / 600
train error: avg loss = 0.04849075
ES count = 2
Elapsed time = 8.718400239944458 sec
----------
Epoch 65 / 600
train error: avg loss = 0.09189109
ES count = 3
Elapsed time = 8.922698736190796 sec
----------
Epoch 66 / 600
train error: avg loss = 0.44787103
ES count = 4
Elapsed time = 8.646358966827393 sec
----------
Epoch 67 / 600
train error: avg loss = 0.14920234
ES count = 5
Elapsed time = 8.621145486831665 sec
----------
Epoch 68 / 600
train error: avg loss = 0.08928866
ES count = 6
Elapsed time = 8.513275384902954 sec
----------
Epoch 69 / 600
train error: avg loss = 0.06749596
ES count = 7
Elapsed time = 8.613919973373413 sec
----------
Epoch 70 / 600
train error: avg loss = 0.05760624
ES count = 8
Elapsed time = 8.455214977264404 sec
----------
Epoch 71 / 600
train error: avg loss = 0.05433816
ES count = 9
Elapsed time = 8.369255542755127 sec
----------
Epoch 72 / 600
train error: avg loss = 0.04581610
ES count = 10
Elapsed time = 8.690109252929688 sec
----------
Epoch 73 / 600
train error: avg loss = 0.04521837
ES count = 11
Elapsed time = 8.593410015106201 sec
----------
Epoch 74 / 600
train error: avg loss = 0.04771978
ES count = 12
Elapsed time = 8.625634908676147 sec
----------
Epoch 75 / 600
train error: avg loss = 0.04708334
ES count = 13
Elapsed time = 9.106101989746094 sec
----------
Epoch 76 / 600
train error: avg loss = 0.04171063
Best loss is updated and ES count is reset.
Checkpoint saved to '/fsb/home/yutingwang/ytw_tangzq/schrodinger-bridge-sr-micrometeorology/data/DL_result/ExperimentSchrodingerBridge3dWind/config_wind_3d_ablation_no_terrain_day_large/checkpoint.pth'
Elapsed time = 9.297406196594238 sec
----------
Epoch 77 / 600
train error: avg loss = 0.04627093
ES count = 1
Elapsed time = 8.684249639511108 sec
----------
Epoch 78 / 600
train error: avg loss = 0.04487495
ES count = 2
Elapsed time = 8.628506183624268 sec
----------
Epoch 79 / 600
train error: avg loss = 0.04115606
Best loss is updated and ES count is reset.
Checkpoint saved to '/fsb/home/yutingwang/ytw_tangzq/schrodinger-bridge-sr-micrometeorology/data/DL_result/ExperimentSchrodingerBridge3dWind/config_wind_3d_ablation_no_terrain_day_large/checkpoint.pth'
Elapsed time = 9.509299516677856 sec
----------
Epoch 80 / 600
train error: avg loss = 0.04149301
ES count = 1
Elapsed time = 8.380720853805542 sec
----------
Epoch 81 / 600
train error: avg loss = 0.04358185
ES count = 2
Elapsed time = 8.885560274124146 sec
----------
Epoch 82 / 600
train error: avg loss = 0.04772126
ES count = 3
Elapsed time = 8.509851217269897 sec
----------
Epoch 83 / 600
train error: avg loss = 0.04825485
ES count = 4
Elapsed time = 8.705653429031372 sec
----------
Epoch 84 / 600
train error: avg loss = 0.04134001
ES count = 5
Elapsed time = 8.83797812461853 sec
----------
Epoch 85 / 600
train error: avg loss = 0.04316409
ES count = 6
Elapsed time = 8.728956699371338 sec
----------
Epoch 86 / 600
train error: avg loss = 0.04387564
ES count = 7
Elapsed time = 8.418060779571533 sec
----------
Epoch 87 / 600
train error: avg loss = 0.04343183
ES count = 8
Elapsed time = 8.682234048843384 sec
----------
Epoch 88 / 600
train error: avg loss = 0.04015037
Best loss is updated and ES count is reset.
Checkpoint saved to '/fsb/home/yutingwang/ytw_tangzq/schrodinger-bridge-sr-micrometeorology/data/DL_result/ExperimentSchrodingerBridge3dWind/config_wind_3d_ablation_no_terrain_day_large/checkpoint.pth'
Elapsed time = 9.425674200057983 sec
----------
Epoch 89 / 600
train error: avg loss = 0.04392340
ES count = 1
Elapsed time = 8.554970026016235 sec
----------
Epoch 90 / 600
train error: avg loss = 0.04573030
ES count = 2
Elapsed time = 8.574912309646606 sec
----------
Epoch 91 / 600
train error: avg loss = 0.04945797
ES count = 3
Elapsed time = 8.613160371780396 sec
----------
Epoch 92 / 600
train error: avg loss = 0.04238204
ES count = 4
Elapsed time = 8.631413459777832 sec
----------
Epoch 93 / 600
train error: avg loss = 0.03923409
Best loss is updated and ES count is reset.
Checkpoint saved to '/fsb/home/yutingwang/ytw_tangzq/schrodinger-bridge-sr-micrometeorology/data/DL_result/ExperimentSchrodingerBridge3dWind/config_wind_3d_ablation_no_terrain_day_large/checkpoint.pth'
Elapsed time = 9.570557117462158 sec
----------
Epoch 94 / 600
train error: avg loss = 0.03928989
ES count = 1
Elapsed time = 8.571367263793945 sec
----------
Epoch 95 / 600
train error: avg loss = 0.04639627
ES count = 2
Elapsed time = 8.753129482269287 sec
----------
Epoch 96 / 600
train error: avg loss = 0.04378113
ES count = 3
Elapsed time = 8.906567573547363 sec
----------
Epoch 97 / 600
train error: avg loss = 0.04299572
ES count = 4
Elapsed time = 8.737544298171997 sec
----------
Epoch 98 / 600
train error: avg loss = 0.04066746
ES count = 5
Elapsed time = 8.565499544143677 sec
----------
Epoch 99 / 600
train error: avg loss = 0.03910301
Best loss is updated and ES count is reset.
Checkpoint saved to '/fsb/home/yutingwang/ytw_tangzq/schrodinger-bridge-sr-micrometeorology/data/DL_result/ExperimentSchrodingerBridge3dWind/config_wind_3d_ablation_no_terrain_day_large/checkpoint.pth'
Elapsed time = 9.33416748046875 sec
----------
Epoch 100 / 600
train error: avg loss = 0.03883798
Best loss is updated and ES count is reset.
Checkpoint saved to '/fsb/home/yutingwang/ytw_tangzq/schrodinger-bridge-sr-micrometeorology/data/DL_result/ExperimentSchrodingerBridge3dWind/config_wind_3d_ablation_no_terrain_day_large/checkpoint.pth'
Epoch = 100. Save a periodic model snapshot.
Elapsed time = 9.728344440460205 sec
----------
Epoch 101 / 600
train error: avg loss = 0.04164020
ES count = 1
Elapsed time = 8.613461971282959 sec
----------
Epoch 102 / 600
train error: avg loss = 0.03757391
Best loss is updated and ES count is reset.
Checkpoint saved to '/fsb/home/yutingwang/ytw_tangzq/schrodinger-bridge-sr-micrometeorology/data/DL_result/ExperimentSchrodingerBridge3dWind/config_wind_3d_ablation_no_terrain_day_large/checkpoint.pth'
Elapsed time = 9.227818012237549 sec
----------
Epoch 103 / 600
train error: avg loss = 0.04294155
ES count = 1
Elapsed time = 8.364881992340088 sec
----------
Epoch 104 / 600
train error: avg loss = 0.04379795
ES count = 2
Elapsed time = 8.523179769515991 sec
----------
Epoch 105 / 600
train error: avg loss = 0.04382994
ES count = 3
Elapsed time = 8.49105191230774 sec
----------
Epoch 106 / 600
train error: avg loss = 0.04169019
ES count = 4
Elapsed time = 8.521950244903564 sec
----------
Epoch 107 / 600
train error: avg loss = 0.03869060
ES count = 5
Elapsed time = 8.683878898620605 sec
----------
Epoch 108 / 600
train error: avg loss = 0.04038770
ES count = 6
Elapsed time = 8.82476258277893 sec
----------
Epoch 109 / 600
train error: avg loss = 0.05809390
ES count = 7
Elapsed time = 8.799478769302368 sec
----------
Epoch 110 / 600
train error: avg loss = 0.04343951
ES count = 8
Elapsed time = 8.776001453399658 sec
----------
Epoch 111 / 600
train error: avg loss = 0.04018838
ES count = 9
Elapsed time = 8.686280727386475 sec
----------
Epoch 112 / 600
train error: avg loss = 0.04113061
ES count = 10
Elapsed time = 8.655527114868164 sec
----------
Epoch 113 / 600
train error: avg loss = 0.03848853
ES count = 11
Elapsed time = 8.532543659210205 sec
----------
Epoch 114 / 600
train error: avg loss = 0.03727023
Best loss is updated and ES count is reset.
Checkpoint saved to '/fsb/home/yutingwang/ytw_tangzq/schrodinger-bridge-sr-micrometeorology/data/DL_result/ExperimentSchrodingerBridge3dWind/config_wind_3d_ablation_no_terrain_day_large/checkpoint.pth'
Elapsed time = 9.101795673370361 sec
----------
Epoch 115 / 600
train error: avg loss = 0.03749179
ES count = 1
Elapsed time = 8.51369857788086 sec
----------
Epoch 116 / 600
train error: avg loss = 0.03728810
ES count = 2
Elapsed time = 8.511935234069824 sec
----------
Epoch 117 / 600
train error: avg loss = 0.05248235
ES count = 3
Elapsed time = 8.57963752746582 sec
----------
Epoch 118 / 600
train error: avg loss = 0.04213194
ES count = 4
Elapsed time = 8.549490451812744 sec
----------
Epoch 119 / 600
train error: avg loss = 0.03817674
ES count = 5
Elapsed time = 8.482584476470947 sec
----------
Epoch 120 / 600
train error: avg loss = 0.03721234
Best loss is updated and ES count is reset.
Checkpoint saved to '/fsb/home/yutingwang/ytw_tangzq/schrodinger-bridge-sr-micrometeorology/data/DL_result/ExperimentSchrodingerBridge3dWind/config_wind_3d_ablation_no_terrain_day_large/checkpoint.pth'
Elapsed time = 9.363672494888306 sec
----------
Epoch 121 / 600
train error: avg loss = 0.03805940
ES count = 1
Elapsed time = 8.26616382598877 sec
----------
Epoch 122 / 600
train error: avg loss = 0.03889708
ES count = 2
Elapsed time = 8.442439556121826 sec
----------
Epoch 123 / 600
train error: avg loss = 0.04195072
ES count = 3
Elapsed time = 8.522750854492188 sec
----------
Epoch 124 / 600
train error: avg loss = 0.04609290
ES count = 4
Elapsed time = 8.519720554351807 sec
----------
Epoch 125 / 600
train error: avg loss = 0.03741287
ES count = 5
Elapsed time = 8.620813846588135 sec
----------
Epoch 126 / 600
train error: avg loss = 0.03703059
Best loss is updated and ES count is reset.
Checkpoint saved to '/fsb/home/yutingwang/ytw_tangzq/schrodinger-bridge-sr-micrometeorology/data/DL_result/ExperimentSchrodingerBridge3dWind/config_wind_3d_ablation_no_terrain_day_large/checkpoint.pth'
Elapsed time = 9.661747455596924 sec
----------
Epoch 127 / 600
train error: avg loss = 0.03855098
ES count = 1
Elapsed time = 8.50191617012024 sec
----------
Epoch 128 / 600
train error: avg loss = 0.04079514
ES count = 2
Elapsed time = 8.289769411087036 sec
----------
Epoch 129 / 600
train error: avg loss = 0.04839597
ES count = 3
Elapsed time = 8.461584329605103 sec
----------
Epoch 130 / 600
train error: avg loss = 0.04237554
ES count = 4
Elapsed time = 8.43988823890686 sec
----------
Epoch 131 / 600
train error: avg loss = 0.03874160
ES count = 5
Elapsed time = 8.521947860717773 sec
----------
Epoch 132 / 600
train error: avg loss = 0.03677326
Best loss is updated and ES count is reset.
Checkpoint saved to '/fsb/home/yutingwang/ytw_tangzq/schrodinger-bridge-sr-micrometeorology/data/DL_result/ExperimentSchrodingerBridge3dWind/config_wind_3d_ablation_no_terrain_day_large/checkpoint.pth'
Elapsed time = 9.525083541870117 sec
----------
Epoch 133 / 600
train error: avg loss = 0.04476231
ES count = 1
Elapsed time = 8.57331109046936 sec
----------
Epoch 134 / 600
train error: avg loss = 0.03825753
ES count = 2
Elapsed time = 8.60385537147522 sec
----------
Epoch 135 / 600
train error: avg loss = 0.03740066
ES count = 3
Elapsed time = 8.542289972305298 sec
----------
Epoch 136 / 600
train error: avg loss = 0.03733799
ES count = 4
Elapsed time = 8.647472381591797 sec
----------
Epoch 137 / 600
train error: avg loss = 0.04243623
ES count = 5
Elapsed time = 8.385111808776855 sec
----------
Epoch 138 / 600
train error: avg loss = 0.03744022
ES count = 6
Elapsed time = 8.717480421066284 sec
----------
Epoch 139 / 600
train error: avg loss = 0.03575659
Best loss is updated and ES count is reset.
Checkpoint saved to '/fsb/home/yutingwang/ytw_tangzq/schrodinger-bridge-sr-micrometeorology/data/DL_result/ExperimentSchrodingerBridge3dWind/config_wind_3d_ablation_no_terrain_day_large/checkpoint.pth'
Elapsed time = 9.357929944992065 sec
----------
Epoch 140 / 600
train error: avg loss = 0.03817220
ES count = 1
Elapsed time = 8.79550814628601 sec
----------
Epoch 141 / 600
train error: avg loss = 0.03605922
ES count = 2
Elapsed time = 8.400259256362915 sec
----------
Epoch 142 / 600
train error: avg loss = 0.03724437
ES count = 3
Elapsed time = 8.554502487182617 sec
----------
Epoch 143 / 600
train error: avg loss = 0.03590115
ES count = 4
Elapsed time = 8.526323795318604 sec
----------
Epoch 144 / 600
train error: avg loss = 0.03675469
ES count = 5
Elapsed time = 8.45479965209961 sec
----------
Epoch 145 / 600
train error: avg loss = 0.04872967
ES count = 6
Elapsed time = 8.361483573913574 sec
----------
Epoch 146 / 600
train error: avg loss = 0.70326082
ES count = 7
Elapsed time = 8.5854971408844 sec
----------
Epoch 147 / 600
train error: avg loss = 0.83168219
ES count = 8
Elapsed time = 8.499615669250488 sec
----------
Epoch 148 / 600
train error: avg loss = 0.82727551
ES count = 9
Elapsed time = 8.815222978591919 sec
----------
Epoch 149 / 600
train error: avg loss = 0.70475503
ES count = 10
Elapsed time = 8.584712743759155 sec
----------
Epoch 150 / 600
train error: avg loss = 0.71384024
ES count = 11
Elapsed time = 8.530272006988525 sec
----------
Epoch 151 / 600
train error: avg loss = 0.64136320
ES count = 12
Elapsed time = 8.467920780181885 sec
----------
Epoch 152 / 600
train error: avg loss = 0.61727827
ES count = 13
Elapsed time = 8.873562335968018 sec
----------
Epoch 153 / 600
train error: avg loss = 0.63060484
ES count = 14
Elapsed time = 8.706269979476929 sec
----------
Epoch 154 / 600
train error: avg loss = 0.61220564
ES count = 15
Elapsed time = 8.568071842193604 sec
----------
Epoch 155 / 600
train error: avg loss = 0.61010046
ES count = 16
Elapsed time = 8.5495285987854 sec
----------
Epoch 156 / 600
train error: avg loss = 0.59558248
ES count = 17
Elapsed time = 8.584354639053345 sec
----------
Epoch 157 / 600
train error: avg loss = 0.62276624
ES count = 18
Elapsed time = 8.47353744506836 sec
----------
Epoch 158 / 600
train error: avg loss = 0.62342784
ES count = 19
Elapsed time = 8.503338813781738 sec
----------
Epoch 159 / 600
train error: avg loss = 0.56974985
ES count = 20
Elapsed time = 8.82701587677002 sec
----------
Epoch 160 / 600
train error: avg loss = 0.60454197
ES count = 21
Elapsed time = 8.641584873199463 sec
----------
Epoch 161 / 600
train error: avg loss = 0.61405818
ES count = 22
Elapsed time = 8.46736454963684 sec
----------
Epoch 162 / 600
train error: avg loss = 0.57307143
ES count = 23
Elapsed time = 8.567846298217773 sec
----------
Epoch 163 / 600
train error: avg loss = 0.58515715
ES count = 24
Elapsed time = 8.691245794296265 sec
----------
Epoch 164 / 600
train error: avg loss = 0.62706162
ES count = 25
Elapsed time = 8.770135641098022 sec
----------
Epoch 165 / 600
train error: avg loss = 0.81214876
ES count = 26
Elapsed time = 8.768744707107544 sec
----------
Epoch 166 / 600
train error: avg loss = 0.65007723
ES count = 27
Elapsed time = 8.80461072921753 sec
----------
Epoch 167 / 600
train error: avg loss = 0.61167159
ES count = 28
Elapsed time = 8.669466495513916 sec
----------
Epoch 168 / 600
train error: avg loss = 0.63501090
ES count = 29
Elapsed time = 8.377882957458496 sec
----------
Epoch 169 / 600
train error: avg loss = 0.59917728
ES count = 30
Elapsed time = 8.613945484161377 sec
----------
Epoch 170 / 600
train error: avg loss = 0.61058335
ES count = 31
Elapsed time = 8.332934379577637 sec
----------
Epoch 171 / 600
train error: avg loss = 0.58669989
ES count = 32
Elapsed time = 8.77320408821106 sec
----------
Epoch 172 / 600
train error: avg loss = 0.60346156
ES count = 33
Elapsed time = 8.727594375610352 sec
----------
Epoch 173 / 600
train error: avg loss = 0.58206480
ES count = 34
Elapsed time = 8.896081447601318 sec
----------
Epoch 174 / 600
train error: avg loss = 0.63429990
ES count = 35
Elapsed time = 8.579569339752197 sec
----------
Epoch 175 / 600
train error: avg loss = 0.57465420
ES count = 36
Elapsed time = 8.559939622879028 sec
----------
Epoch 176 / 600
train error: avg loss = 0.59810139
ES count = 37
Elapsed time = 8.74341368675232 sec
----------
Epoch 177 / 600
train error: avg loss = 0.58266207
ES count = 38
Elapsed time = 8.739348649978638 sec
----------
Epoch 178 / 600
train error: avg loss = 0.58380430
ES count = 39
Elapsed time = 8.347383737564087 sec
----------
Epoch 179 / 600
train error: avg loss = 0.53007990
ES count = 40
Elapsed time = 8.662272930145264 sec
----------
Epoch 180 / 600
train error: avg loss = 0.58385038
ES count = 41
Elapsed time = 8.876452684402466 sec
----------
Epoch 181 / 600
train error: avg loss = 0.54961846
ES count = 42
Elapsed time = 8.575201749801636 sec
----------
Epoch 182 / 600
train error: avg loss = 0.61108921
ES count = 43
Elapsed time = 8.733813762664795 sec
----------
Epoch 183 / 600
train error: avg loss = 0.64283912
ES count = 44
Elapsed time = 8.482320547103882 sec
----------
Epoch 184 / 600
train error: avg loss = 0.55798237
ES count = 45
Elapsed time = 8.64434266090393 sec
----------
Epoch 185 / 600
train error: avg loss = 0.59575643
ES count = 46
Elapsed time = 8.66391396522522 sec
----------
Epoch 186 / 600
train error: avg loss = 0.58421287
ES count = 47
Elapsed time = 8.630398750305176 sec
----------
Epoch 187 / 600
train error: avg loss = 0.58899151
ES count = 48
Elapsed time = 8.515482425689697 sec
----------
Epoch 188 / 600
train error: avg loss = 0.58761142
ES count = 49
Elapsed time = 8.820667743682861 sec
----------
Epoch 189 / 600
train error: avg loss = 0.55280263
ES count = 50
Elapsed time = 8.72620177268982 sec
----------
Epoch 190 / 600
train error: avg loss = 0.56287832
ES count = 51
Elapsed time = 8.724013805389404 sec
----------
Epoch 191 / 600
train error: avg loss = 0.57897852
ES count = 52
Elapsed time = 8.707638025283813 sec
----------
Epoch 192 / 600
train error: avg loss = 0.52954431
ES count = 53
Elapsed time = 8.554542064666748 sec
----------
Epoch 193 / 600
train error: avg loss = 0.58102926
ES count = 54
Elapsed time = 8.58614468574524 sec
----------
Epoch 194 / 600
train error: avg loss = 0.59885353
ES count = 55
Elapsed time = 8.368427038192749 sec
----------
Epoch 195 / 600
train error: avg loss = 0.54605134
ES count = 56
Elapsed time = 8.708577156066895 sec
----------
Epoch 196 / 600
train error: avg loss = 0.59873186
ES count = 57
Elapsed time = 8.739974975585938 sec
----------
Epoch 197 / 600
train error: avg loss = 0.60505150
ES count = 58
Elapsed time = 8.826361656188965 sec
----------
Epoch 198 / 600
train error: avg loss = 0.63169962
ES count = 59
Elapsed time = 8.72547721862793 sec
----------
Epoch 199 / 600
train error: avg loss = 0.55862355
ES count = 60
Elapsed time = 8.79132890701294 sec
----------
Epoch 200 / 600
train error: avg loss = 0.61591915
ES count = 61
Epoch = 200. Save a periodic model snapshot.
Elapsed time = 9.359596729278564 sec
----------
Epoch 201 / 600
train error: avg loss = 0.61066476
ES count = 62
Elapsed time = 8.636559009552002 sec
----------
Epoch 202 / 600
train error: avg loss = 0.60622458
ES count = 63
Elapsed time = 8.452876567840576 sec
----------
Epoch 203 / 600
train error: avg loss = 0.53225967
ES count = 64
Elapsed time = 8.665988206863403 sec
----------
Epoch 204 / 600
train error: avg loss = 0.58829091
ES count = 65
Elapsed time = 8.904401302337646 sec
----------
Epoch 205 / 600
train error: avg loss = 0.53178655
ES count = 66
Elapsed time = 8.716372966766357 sec
----------
Epoch 206 / 600
train error: avg loss = 0.54043343
ES count = 67
Elapsed time = 8.590190172195435 sec
----------
Epoch 207 / 600
train error: avg loss = 0.55795554
ES count = 68
Elapsed time = 8.764537811279297 sec
----------
Epoch 208 / 600
train error: avg loss = 0.58311293
ES count = 69
Elapsed time = 8.602251291275024 sec
----------
Epoch 209 / 600
train error: avg loss = 0.54919106
ES count = 70
Elapsed time = 8.818296909332275 sec
----------
Epoch 210 / 600
train error: avg loss = 0.56090645
ES count = 71
Elapsed time = 8.793614149093628 sec
----------
Epoch 211 / 600
train error: avg loss = 0.63148732
ES count = 72
Elapsed time = 8.59258508682251 sec
----------
Epoch 212 / 600
train error: avg loss = 0.58387092
ES count = 73
Elapsed time = 8.619127988815308 sec
----------
Epoch 213 / 600
train error: avg loss = 0.58957893
ES count = 74
Elapsed time = 8.878522634506226 sec
----------
Epoch 214 / 600
train error: avg loss = 0.53644722
ES count = 75
Elapsed time = 8.614228010177612 sec
----------
Epoch 215 / 600
train error: avg loss = 0.56494724
ES count = 76
Elapsed time = 8.594588279724121 sec
----------
Epoch 216 / 600
train error: avg loss = 0.55167788
ES count = 77
Elapsed time = 8.508912086486816 sec
----------
Epoch 217 / 600
train error: avg loss = 0.55880790
ES count = 78
Elapsed time = 8.695420742034912 sec
----------
Epoch 218 / 600
train error: avg loss = 0.60752910
ES count = 79
Elapsed time = 8.774271011352539 sec
----------
Epoch 219 / 600
train error: avg loss = 0.61385734
ES count = 80
Elapsed time = 8.524007558822632 sec
----------
Epoch 220 / 600
train error: avg loss = 0.56712830
ES count = 81
Elapsed time = 8.65827488899231 sec
----------
Epoch 221 / 600
train error: avg loss = 0.58761754
ES count = 82
Elapsed time = 8.663443326950073 sec
----------
Epoch 222 / 600
train error: avg loss = 0.55129455
ES count = 83
Elapsed time = 8.812522411346436 sec
----------
Epoch 223 / 600
train error: avg loss = 0.56838776
ES count = 84
Elapsed time = 8.610214948654175 sec
----------
Epoch 224 / 600
train error: avg loss = 0.57970806
ES count = 85
Elapsed time = 8.536165952682495 sec
----------
Epoch 225 / 600
train error: avg loss = 0.55507662
ES count = 86
Elapsed time = 8.84663438796997 sec
----------
Epoch 226 / 600
train error: avg loss = 0.61050441
ES count = 87
Elapsed time = 8.469175577163696 sec
----------
Epoch 227 / 600
train error: avg loss = 0.56408065
ES count = 88
Elapsed time = 8.858160495758057 sec
----------
Epoch 228 / 600
train error: avg loss = 0.80135616
ES count = 89
Elapsed time = 8.667128324508667 sec
----------
Epoch 229 / 600
train error: avg loss = 0.58911144
ES count = 90
Elapsed time = 8.788343667984009 sec
----------
Epoch 230 / 600
train error: avg loss = 0.58385755
ES count = 91
Elapsed time = 8.680373430252075 sec
----------
Epoch 231 / 600
train error: avg loss = 0.58601266
ES count = 92
Elapsed time = 8.510201930999756 sec
----------
Epoch 232 / 600
train error: avg loss = 0.55251922
ES count = 93
Elapsed time = 8.779653310775757 sec
----------
Epoch 233 / 600
train error: avg loss = 0.71193133
ES count = 94
Elapsed time = 8.807268619537354 sec
----------
Epoch 234 / 600
train error: avg loss = 0.62870025
ES count = 95
Elapsed time = 8.5317542552948 sec
----------
Epoch 235 / 600
train error: avg loss = 0.58636831
ES count = 96
Elapsed time = 8.843275547027588 sec
----------
Epoch 236 / 600
train error: avg loss = 0.54780471
ES count = 97
Elapsed time = 8.817307233810425 sec
----------
Epoch 237 / 600
train error: avg loss = 0.60400465
ES count = 98
Elapsed time = 8.853719234466553 sec
----------
Epoch 238 / 600
train error: avg loss = 0.58683598
ES count = 99
Elapsed time = 8.697768926620483 sec
----------
Epoch 239 / 600
train error: avg loss = 0.56805289
ES count = 100
Elapsed time = 9.100536584854126 sec
----------
Epoch 240 / 600
train error: avg loss = 0.59195503
ES count = 101
Elapsed time = 8.625242233276367 sec
----------
Epoch 241 / 600
train error: avg loss = 0.54428500
ES count = 102
Elapsed time = 8.759456157684326 sec
----------
Epoch 242 / 600
train error: avg loss = 0.56877047
ES count = 103
Elapsed time = 8.895234823226929 sec
----------
Epoch 243 / 600
train error: avg loss = 0.59026955
ES count = 104
Elapsed time = 8.727930307388306 sec
----------
Epoch 244 / 600
train error: avg loss = 0.53250696
ES count = 105
Elapsed time = 8.559564113616943 sec
----------
Epoch 245 / 600
train error: avg loss = 0.53501238
ES count = 106
Elapsed time = 8.391201257705688 sec
----------
Epoch 246 / 600
train error: avg loss = 0.55727878
ES count = 107
Elapsed time = 8.42157793045044 sec
----------
Epoch 247 / 600
train error: avg loss = 0.54887529
ES count = 108
Elapsed time = 8.621137380599976 sec
----------
Epoch 248 / 600
train error: avg loss = 0.51732377
ES count = 109
Elapsed time = 8.688247442245483 sec
----------
Epoch 249 / 600
train error: avg loss = 0.55155084
ES count = 110
Elapsed time = 8.691574573516846 sec
----------
Epoch 250 / 600
train error: avg loss = 0.48131297
ES count = 111
Elapsed time = 8.728233575820923 sec
----------
Epoch 251 / 600
train error: avg loss = 0.55660877
ES count = 112
Elapsed time = 8.860576868057251 sec
----------
Epoch 252 / 600
train error: avg loss = 0.55494209
ES count = 113
Elapsed time = 8.644238233566284 sec
----------
Epoch 253 / 600
train error: avg loss = 0.51331353
ES count = 114
Elapsed time = 8.393489599227905 sec
----------
Epoch 254 / 600
train error: avg loss = 0.51972108
ES count = 115
Elapsed time = 8.93929672241211 sec
----------
Epoch 255 / 600
train error: avg loss = 0.49718536
ES count = 116
Elapsed time = 8.898681163787842 sec
----------
Epoch 256 / 600
train error: avg loss = 0.56900364
ES count = 117
Elapsed time = 8.637272596359253 sec
----------
Epoch 257 / 600
train error: avg loss = 0.53231327
ES count = 118
Elapsed time = 8.750068187713623 sec
----------
Epoch 258 / 600
train error: avg loss = 0.49224495
ES count = 119
Elapsed time = 8.541632175445557 sec
----------
Epoch 259 / 600
train error: avg loss = 0.50732169
ES count = 120
Elapsed time = 8.614965915679932 sec
----------
Epoch 260 / 600
train error: avg loss = 0.49720899
ES count = 121
Elapsed time = 8.428409814834595 sec
----------
Epoch 261 / 600
train error: avg loss = 0.47857141
ES count = 122
Elapsed time = 8.5263352394104 sec
----------
Epoch 262 / 600
train error: avg loss = 0.50985580
ES count = 123
Elapsed time = 8.756335258483887 sec
----------
Epoch 263 / 600
train error: avg loss = 0.55485765
ES count = 124
Elapsed time = 9.029064655303955 sec
----------
Epoch 264 / 600
train error: avg loss = 0.45211218
ES count = 125
Elapsed time = 8.600955963134766 sec
----------
Epoch 265 / 600
train error: avg loss = 0.44448363
ES count = 126
Elapsed time = 8.59447956085205 sec
----------
Epoch 266 / 600
train error: avg loss = 0.41465634
ES count = 127
Elapsed time = 8.639930248260498 sec
----------
Epoch 267 / 600
train error: avg loss = 0.41451590
ES count = 128
Elapsed time = 8.7972092628479 sec
----------
Epoch 268 / 600
train error: avg loss = 0.38235583
ES count = 129
Elapsed time = 8.340187549591064 sec
----------
Epoch 269 / 600
train error: avg loss = 0.42610619
ES count = 130
Elapsed time = 8.532892227172852 sec
----------
Epoch 270 / 600
train error: avg loss = 0.41540497
ES count = 131
Elapsed time = 8.870822429656982 sec
----------
Epoch 271 / 600
train error: avg loss = 0.37994292
ES count = 132
Elapsed time = 8.517266988754272 sec
----------
Epoch 272 / 600
train error: avg loss = 0.39170414
ES count = 133
Elapsed time = 8.600232601165771 sec
----------
Epoch 273 / 600
train error: avg loss = 0.34463883
ES count = 134
Elapsed time = 8.519604682922363 sec
----------
Epoch 274 / 600
train error: avg loss = 0.35020423
ES count = 135
Elapsed time = 8.675602436065674 sec
----------
Epoch 275 / 600
train error: avg loss = 0.31028000
ES count = 136
Elapsed time = 8.698439598083496 sec
----------
Epoch 276 / 600
train error: avg loss = 0.32842903
ES count = 137
Elapsed time = 8.495433807373047 sec
----------
Epoch 277 / 600
train error: avg loss = 0.29575478
ES count = 138
Elapsed time = 8.53052544593811 sec
----------
Epoch 278 / 600
train error: avg loss = 0.30322557
ES count = 139
Elapsed time = 8.707789897918701 sec
----------
Epoch 279 / 600
train error: avg loss = 0.29242678
ES count = 140
Elapsed time = 8.629793167114258 sec
----------
Epoch 280 / 600
train error: avg loss = 0.27032239
ES count = 141
Elapsed time = 8.581912279129028 sec
----------
Epoch 281 / 600
train error: avg loss = 0.25824543
ES count = 142
Elapsed time = 8.851792812347412 sec
----------
Epoch 282 / 600
train error: avg loss = 0.25509649
ES count = 143
Elapsed time = 8.803416013717651 sec
----------
Epoch 283 / 600
train error: avg loss = 0.24936263
ES count = 144
Elapsed time = 8.671712636947632 sec
----------
Epoch 284 / 600
train error: avg loss = 0.27222405
ES count = 145
Elapsed time = 8.472801923751831 sec
----------
Epoch 285 / 600
train error: avg loss = 0.24240029
ES count = 146
Elapsed time = 8.714698791503906 sec
----------
Epoch 286 / 600
train error: avg loss = 0.23715748
ES count = 147
Elapsed time = 8.904332876205444 sec
----------
Epoch 287 / 600
train error: avg loss = 0.21312340
ES count = 148
Elapsed time = 8.6217942237854 sec
----------
Epoch 288 / 600
train error: avg loss = 0.19385194
ES count = 149
Elapsed time = 8.744670867919922 sec
----------
Epoch 289 / 600
train error: avg loss = 0.17927443
ES count = 150
Elapsed time = 8.954402208328247 sec
----------
Epoch 290 / 600
train error: avg loss = 0.15640982
ES count = 151
Elapsed time = 8.515651226043701 sec
----------
Epoch 291 / 600
train error: avg loss = 0.16380484
ES count = 152
Elapsed time = 8.862024068832397 sec
----------
Epoch 292 / 600
train error: avg loss = 0.13645284
ES count = 153
Elapsed time = 8.703911781311035 sec
----------
Epoch 293 / 600
train error: avg loss = 0.13967424
ES count = 154
Elapsed time = 8.739574670791626 sec
----------
Epoch 294 / 600
train error: avg loss = 0.13281324
ES count = 155
Elapsed time = 8.529037714004517 sec
----------
Epoch 295 / 600
train error: avg loss = 0.12206388
ES count = 156
Elapsed time = 8.60024118423462 sec
----------
Epoch 296 / 600
train error: avg loss = 0.12764150
ES count = 157
Elapsed time = 8.83729338645935 sec
----------
Epoch 297 / 600
train error: avg loss = 0.10497012
ES count = 158
Elapsed time = 8.866243124008179 sec
----------
Epoch 298 / 600
train error: avg loss = 0.11551558
ES count = 159
Elapsed time = 8.49924921989441 sec
----------
Epoch 299 / 600
train error: avg loss = 0.11673973
ES count = 160
Elapsed time = 8.686675310134888 sec
----------
Epoch 300 / 600
train error: avg loss = 0.10703883
ES count = 161
Epoch = 300. Save a periodic model snapshot.
Elapsed time = 8.722493886947632 sec
----------
Epoch 301 / 600
train error: avg loss = 0.11493769
ES count = 162
Elapsed time = 8.939760446548462 sec
----------
Epoch 302 / 600
train error: avg loss = 0.10443587
ES count = 163
Elapsed time = 8.459105730056763 sec
----------
Epoch 303 / 600
train error: avg loss = 0.10144059
ES count = 164
Elapsed time = 8.674637079238892 sec
----------
Epoch 304 / 600
train error: avg loss = 0.11171624
ES count = 165
Elapsed time = 8.900034666061401 sec
----------
Epoch 305 / 600
train error: avg loss = 0.10067644
ES count = 166
Elapsed time = 8.629227638244629 sec
----------
Epoch 306 / 600
train error: avg loss = 0.10413299
ES count = 167
Elapsed time = 8.735278129577637 sec
----------
Epoch 307 / 600
train error: avg loss = 0.10169761
ES count = 168
Elapsed time = 8.554802179336548 sec
----------
Epoch 308 / 600
train error: avg loss = 0.09740399
ES count = 169
Elapsed time = 8.789933204650879 sec
----------
Epoch 309 / 600
train error: avg loss = 0.09500111
ES count = 170
Elapsed time = 8.662354230880737 sec
----------
Epoch 310 / 600
train error: avg loss = 0.09968208
ES count = 171
Elapsed time = 8.657515287399292 sec
----------
Epoch 311 / 600
train error: avg loss = 0.09365628
ES count = 172
Elapsed time = 8.607318878173828 sec
----------
Epoch 312 / 600
train error: avg loss = 0.09505694
ES count = 173
Elapsed time = 8.934805393218994 sec
----------
Epoch 313 / 600
train error: avg loss = 0.08595566
ES count = 174
Elapsed time = 8.642797231674194 sec
----------
Epoch 314 / 600
train error: avg loss = 0.08663006
ES count = 175
Elapsed time = 8.601817846298218 sec
----------
Epoch 315 / 600
train error: avg loss = 0.09021647
ES count = 176
Elapsed time = 8.954805135726929 sec
----------
Epoch 316 / 600
train error: avg loss = 0.08279405
ES count = 177
Elapsed time = 8.603147029876709 sec
----------
Epoch 317 / 600
train error: avg loss = 0.08749474
ES count = 178
Elapsed time = 8.830634832382202 sec
----------
Epoch 318 / 600
train error: avg loss = 0.08111036
ES count = 179
Elapsed time = 8.69973635673523 sec
----------
Epoch 319 / 600
train error: avg loss = 0.07642707
ES count = 180
Elapsed time = 9.108291149139404 sec
----------
Epoch 320 / 600
train error: avg loss = 0.08243037
ES count = 181
Elapsed time = 8.489250898361206 sec
----------
Epoch 321 / 600
train error: avg loss = 0.07740268
ES count = 182
Elapsed time = 8.416533470153809 sec
----------
Epoch 322 / 600
train error: avg loss = 0.07752256
ES count = 183
Elapsed time = 8.595284223556519 sec
----------
Epoch 323 / 600
train error: avg loss = 0.07969506
ES count = 184
Elapsed time = 8.834400415420532 sec
----------
Epoch 324 / 600
train error: avg loss = 0.07607622
ES count = 185
Elapsed time = 8.499337911605835 sec
----------
Epoch 325 / 600
train error: avg loss = 0.07480289
ES count = 186
Elapsed time = 8.626123428344727 sec
----------
Epoch 326 / 600
train error: avg loss = 0.08101070
ES count = 187
Elapsed time = 8.624414682388306 sec
----------
Epoch 327 / 600
train error: avg loss = 0.07883032
ES count = 188
Elapsed time = 8.953808069229126 sec
----------
Epoch 328 / 600
train error: avg loss = 0.06844710
ES count = 189
Elapsed time = 8.462143898010254 sec
----------
Epoch 329 / 600
train error: avg loss = 0.07848700
ES count = 190
Elapsed time = 8.585883855819702 sec
----------
Epoch 330 / 600
train error: avg loss = 0.07026044
ES count = 191
Elapsed time = 8.613999843597412 sec
----------
Epoch 331 / 600
train error: avg loss = 0.06993340
ES count = 192
Elapsed time = 8.599798679351807 sec
----------
Epoch 332 / 600
train error: avg loss = 0.06655177
ES count = 193
Elapsed time = 9.045709609985352 sec
----------
Epoch 333 / 600
train error: avg loss = 0.06690027
ES count = 194
Elapsed time = 8.42699122428894 sec
----------
Epoch 334 / 600
train error: avg loss = 0.06256055
ES count = 195
Elapsed time = 8.713676691055298 sec
----------
Epoch 335 / 600
train error: avg loss = 0.06256447
ES count = 196
Elapsed time = 8.521960258483887 sec
----------
Epoch 336 / 600
train error: avg loss = 0.07131238
ES count = 197
Elapsed time = 8.540788888931274 sec
----------
Epoch 337 / 600
train error: avg loss = 0.06565341
ES count = 198
Elapsed time = 8.628036975860596 sec
----------
Epoch 338 / 600
train error: avg loss = 0.06408002
ES count = 199
Elapsed time = 8.496944665908813 sec
----------
Epoch 339 / 600
train error: avg loss = 0.06584569
ES count = 200
Elapsed time = 8.637291193008423 sec
----------
Epoch 340 / 600
train error: avg loss = 0.06398380
ES count = 201
Elapsed time = 8.771053552627563 sec
----------
Epoch 341 / 600
train error: avg loss = 0.06037502
ES count = 202
Elapsed time = 8.859787702560425 sec
----------
Epoch 342 / 600
train error: avg loss = 0.06299250
ES count = 203
Elapsed time = 8.761862516403198 sec
----------
Epoch 343 / 600
train error: avg loss = 0.06147415
ES count = 204
Elapsed time = 8.488702058792114 sec
----------
Epoch 344 / 600
train error: avg loss = 0.06295059
ES count = 205
Elapsed time = 8.578751802444458 sec
----------
Epoch 345 / 600
train error: avg loss = 0.06019721
ES count = 206
Elapsed time = 8.57123589515686 sec
----------
Epoch 346 / 600
train error: avg loss = 0.06166126
ES count = 207
Elapsed time = 8.918706893920898 sec
----------
Epoch 347 / 600
train error: avg loss = 0.06264257
ES count = 208
Elapsed time = 8.63865852355957 sec
----------
Epoch 348 / 600
train error: avg loss = 0.06603000
ES count = 209
Elapsed time = 8.517382860183716 sec
----------
Epoch 349 / 600
train error: avg loss = 0.05939429
ES count = 210
Elapsed time = 8.748834609985352 sec
----------
Epoch 350 / 600
train error: avg loss = 0.05971947
ES count = 211
Elapsed time = 8.779474973678589 sec
----------
Epoch 351 / 600
train error: avg loss = 0.05721870
ES count = 212
Elapsed time = 8.97607946395874 sec
----------
Epoch 352 / 600
train error: avg loss = 0.05782181
ES count = 213
Elapsed time = 8.672458410263062 sec
----------
Epoch 353 / 600
train error: avg loss = 0.05641366
ES count = 214
Elapsed time = 8.833118677139282 sec
----------
Epoch 354 / 600
train error: avg loss = 0.05664109
ES count = 215
Elapsed time = 8.654218673706055 sec
----------
Epoch 355 / 600
train error: avg loss = 0.05794769
ES count = 216
Elapsed time = 8.550938367843628 sec
----------
Epoch 356 / 600
train error: avg loss = 0.05745812
ES count = 217
Elapsed time = 8.826149225234985 sec
----------
Epoch 357 / 600
train error: avg loss = 0.06278327
ES count = 218
Elapsed time = 8.773289918899536 sec
----------
Epoch 358 / 600
train error: avg loss = 0.05429974
ES count = 219
Elapsed time = 8.561033725738525 sec
----------
Epoch 359 / 600
train error: avg loss = 0.05330990
ES count = 220
Elapsed time = 8.56368112564087 sec
----------
Epoch 360 / 600
train error: avg loss = 0.05759560
ES count = 221
Elapsed time = 8.598667621612549 sec
----------
Epoch 361 / 600
train error: avg loss = 0.05622008
ES count = 222
Elapsed time = 8.78351378440857 sec
----------
Epoch 362 / 600
train error: avg loss = 0.05511799
ES count = 223
Elapsed time = 8.73093557357788 sec
----------
Epoch 363 / 600
train error: avg loss = 0.05382305
ES count = 224
Elapsed time = 8.529729843139648 sec
----------
Epoch 364 / 600
train error: avg loss = 0.06384230
ES count = 225
Elapsed time = 8.636599779129028 sec
----------
Epoch 365 / 600
train error: avg loss = 0.05627330
ES count = 226
Elapsed time = 8.85876178741455 sec
----------
Epoch 366 / 600
train error: avg loss = 0.05464387
ES count = 227
Elapsed time = 8.859345436096191 sec
----------
Epoch 367 / 600
train error: avg loss = 0.05454407
ES count = 228
Elapsed time = 8.644814491271973 sec
----------
Epoch 368 / 600
train error: avg loss = 0.05172779
ES count = 229
Elapsed time = 8.541658401489258 sec
----------
Epoch 369 / 600
train error: avg loss = 0.05434320
ES count = 230
Elapsed time = 8.618849039077759 sec
----------
Epoch 370 / 600
train error: avg loss = 0.05444367
ES count = 231
Elapsed time = 8.706546545028687 sec
----------
Epoch 371 / 600
train error: avg loss = 0.05177380
ES count = 232
Elapsed time = 8.566370010375977 sec
----------
Epoch 372 / 600
train error: avg loss = 0.05132253
ES count = 233
Elapsed time = 8.642714262008667 sec
----------
Epoch 373 / 600
train error: avg loss = 0.05054640
ES count = 234
Elapsed time = 8.74169135093689 sec
----------
Epoch 374 / 600
train error: avg loss = 0.04962228
ES count = 235
Elapsed time = 8.531936883926392 sec
----------
Epoch 375 / 600
train error: avg loss = 0.04948338
ES count = 236
Elapsed time = 8.726632595062256 sec
----------
Epoch 376 / 600
train error: avg loss = 0.05416808
ES count = 237
Elapsed time = 8.799697637557983 sec
----------
Epoch 377 / 600
train error: avg loss = 0.05845183
ES count = 238
Elapsed time = 8.954566955566406 sec
----------
Epoch 378 / 600
train error: avg loss = 0.04770915
ES count = 239
Elapsed time = 8.803391695022583 sec
----------
Epoch 379 / 600
train error: avg loss = 0.04970903
ES count = 240
Elapsed time = 8.502122163772583 sec
----------
Epoch 380 / 600
train error: avg loss = 0.05293386
ES count = 241
Elapsed time = 8.851154327392578 sec
----------
Epoch 381 / 600
train error: avg loss = 0.05582845
ES count = 242
Elapsed time = 9.577442169189453 sec
----------
Epoch 382 / 600
train error: avg loss = 0.05122243
ES count = 243
Elapsed time = 9.600008249282837 sec
----------
Epoch 383 / 600
train error: avg loss = 0.05243679
ES count = 244
Elapsed time = 9.49697494506836 sec
----------
Epoch 384 / 600
train error: avg loss = 0.05160508
ES count = 245
Elapsed time = 10.144620656967163 sec
----------
Epoch 385 / 600
train error: avg loss = 0.04977209
ES count = 246
Elapsed time = 9.729692459106445 sec
----------
Epoch 386 / 600
train error: avg loss = 0.05284017
ES count = 247
Elapsed time = 9.589681625366211 sec
----------
Epoch 387 / 600
train error: avg loss = 0.05141380
ES count = 248
Elapsed time = 9.929569482803345 sec
----------
Epoch 388 / 600
train error: avg loss = 0.04478314
ES count = 249
Elapsed time = 9.781208276748657 sec
----------
Epoch 389 / 600
train error: avg loss = 0.05084030
ES count = 250
Elapsed time = 10.050685405731201 sec
----------
Epoch 390 / 600
train error: avg loss = 0.05020569
ES count = 251
Elapsed time = 9.630483627319336 sec
----------
Epoch 391 / 600
train error: avg loss = 0.04742803
ES count = 252
Elapsed time = 9.804985046386719 sec
----------
Epoch 392 / 600
train error: avg loss = 0.04755762
ES count = 253
Elapsed time = 9.633881092071533 sec
----------
Epoch 393 / 600
train error: avg loss = 0.04932487
ES count = 254
Elapsed time = 9.59524917602539 sec
----------
Epoch 394 / 600
train error: avg loss = 0.05211810
ES count = 255
Elapsed time = 9.650785446166992 sec
----------
Epoch 395 / 600
train error: avg loss = 0.05102893
ES count = 256
Elapsed time = 9.71585988998413 sec
----------
Epoch 396 / 600
train error: avg loss = 0.05041831
ES count = 257
Elapsed time = 9.825437545776367 sec
----------
Epoch 397 / 600
train error: avg loss = 0.04744748
ES count = 258
Elapsed time = 9.424861431121826 sec
----------
Epoch 398 / 600
train error: avg loss = 0.04537396
ES count = 259
Elapsed time = 9.69882345199585 sec
----------
Epoch 399 / 600
train error: avg loss = 0.04601620
ES count = 260
Elapsed time = 10.121643543243408 sec
----------
Epoch 400 / 600
train error: avg loss = 0.04657068
ES count = 261
Epoch = 400. Save a periodic model snapshot.
Elapsed time = 9.681035280227661 sec
----------
Epoch 401 / 600
train error: avg loss = 0.04833750
ES count = 262
Elapsed time = 9.412549018859863 sec
----------
Epoch 402 / 600
train error: avg loss = 0.04552674
ES count = 263
Elapsed time = 9.8846755027771 sec
----------
Epoch 403 / 600
train error: avg loss = 0.07137344
ES count = 264
Elapsed time = 9.55881118774414 sec
----------
Epoch 404 / 600
train error: avg loss = 0.08373818
ES count = 265
Elapsed time = 9.615558624267578 sec
----------
Epoch 405 / 600
train error: avg loss = 0.05280076
ES count = 266
Elapsed time = 9.642276763916016 sec
----------
Epoch 406 / 600
train error: avg loss = 0.04983785
ES count = 267
Elapsed time = 9.796871423721313 sec
----------
Epoch 407 / 600
train error: avg loss = 0.04490171
ES count = 268
Elapsed time = 9.750028848648071 sec
----------
Epoch 408 / 600
train error: avg loss = 0.04715052
ES count = 269
Elapsed time = 9.314380168914795 sec
----------
Epoch 409 / 600
train error: avg loss = 0.04522293
ES count = 270
Elapsed time = 9.698657989501953 sec
----------
Epoch 410 / 600
train error: avg loss = 0.04781173
ES count = 271
Elapsed time = 10.264339208602905 sec
----------
Epoch 411 / 600
train error: avg loss = 0.04786778
ES count = 272
Elapsed time = 8.95082426071167 sec
----------
Epoch 412 / 600
train error: avg loss = 0.04751109
ES count = 273
Elapsed time = 10.252890586853027 sec
----------
Epoch 413 / 600
train error: avg loss = 0.04569278
ES count = 274
Elapsed time = 8.562588214874268 sec
----------
Epoch 414 / 600
train error: avg loss = 0.04613501
ES count = 275
Elapsed time = 10.832464933395386 sec
----------
Epoch 415 / 600
train error: avg loss = 0.04667724
ES count = 276
Elapsed time = 8.65810775756836 sec
----------
Epoch 416 / 600
train error: avg loss = 0.04449315
ES count = 277
Elapsed time = 10.246019124984741 sec
----------
Epoch 417 / 600
train error: avg loss = 0.04584523
ES count = 278
Elapsed time = 9.717902660369873 sec
----------
Epoch 418 / 600
train error: avg loss = 0.04479290
ES count = 279
Elapsed time = 8.642653942108154 sec
----------
Epoch 419 / 600
train error: avg loss = 0.04330131
ES count = 280
Elapsed time = 10.302531719207764 sec
----------
Epoch 420 / 600
train error: avg loss = 0.04464601
ES count = 281
Elapsed time = 10.268314838409424 sec
----------
Epoch 421 / 600
train error: avg loss = 0.04451208
ES count = 282
Elapsed time = 8.59610915184021 sec
----------
Epoch 422 / 600
train error: avg loss = 0.04709636
ES count = 283
Elapsed time = 8.901112794876099 sec
----------
Epoch 423 / 600
train error: avg loss = 0.04325723
ES count = 284
Elapsed time = 10.665600061416626 sec
----------
Epoch 424 / 600
train error: avg loss = 0.04213813
ES count = 285
Elapsed time = 10.878514051437378 sec
----------
Epoch 425 / 600
train error: avg loss = 0.04371048
ES count = 286
Elapsed time = 9.330349922180176 sec
----------
Epoch 426 / 600
train error: avg loss = 0.04567855
ES count = 287
Elapsed time = 8.680588722229004 sec
----------
Epoch 427 / 600
train error: avg loss = 0.04636004
ES count = 288
Elapsed time = 8.81299114227295 sec
----------
Epoch 428 / 600
train error: avg loss = 0.04454072
ES count = 289
Elapsed time = 10.042346239089966 sec
----------
Epoch 429 / 600
train error: avg loss = 0.04341018
ES count = 290
Elapsed time = 10.513286828994751 sec
----------
Epoch 430 / 600
train error: avg loss = 0.04191434
ES count = 291
Elapsed time = 10.80250597000122 sec
----------
Epoch 431 / 600
train error: avg loss = 0.04572973
ES count = 292
Elapsed time = 10.758754253387451 sec
----------
Epoch 432 / 600
train error: avg loss = 0.04228049
ES count = 293
Elapsed time = 9.321971654891968 sec
----------
Epoch 433 / 600
train error: avg loss = 0.04446266
ES count = 294
Elapsed time = 8.66783332824707 sec
----------
Epoch 434 / 600
train error: avg loss = 0.04244593
ES count = 295
Elapsed time = 8.52434515953064 sec
----------
Epoch 435 / 600
train error: avg loss = 0.04437203
ES count = 296
Elapsed time = 8.78248381614685 sec
----------
Epoch 436 / 600
train error: avg loss = 0.04408756
ES count = 297
Elapsed time = 8.71936297416687 sec
----------
Epoch 437 / 600
train error: avg loss = 0.04690821
ES count = 298
Elapsed time = 8.707685708999634 sec
----------
Epoch 438 / 600
train error: avg loss = 0.04520520
ES count = 299
Elapsed time = 9.659824132919312 sec
----------
Epoch 439 / 600
train error: avg loss = 0.04627618
ES count = 300
Elapsed time = 10.901923418045044 sec
----------
Epoch 440 / 600
train error: avg loss = 0.04106672
ES count = 301
Elapsed time = 10.74147629737854 sec
----------
Epoch 441 / 600
train error: avg loss = 0.04112090
ES count = 302
Elapsed time = 10.562715530395508 sec
----------
Epoch 442 / 600
train error: avg loss = 0.04481274
ES count = 303
Elapsed time = 10.66738510131836 sec
----------
Epoch 443 / 600
train error: avg loss = 0.04051338
ES count = 304
Elapsed time = 10.693729400634766 sec
----------
Epoch 444 / 600
train error: avg loss = 0.04188267
ES count = 305
Elapsed time = 10.44367265701294 sec
----------
Epoch 445 / 600
train error: avg loss = 0.04281534
ES count = 306
Elapsed time = 10.879169940948486 sec
----------
Epoch 446 / 600
train error: avg loss = 0.04008746
ES count = 307
Elapsed time = 10.559837341308594 sec
----------
Epoch 447 / 600
train error: avg loss = 0.04275290
ES count = 308
Elapsed time = 10.592468023300171 sec
----------
Epoch 448 / 600
train error: avg loss = 0.04183536
ES count = 309
Elapsed time = 10.36894941329956 sec
----------
Epoch 449 / 600
train error: avg loss = 0.04310729
ES count = 310
Elapsed time = 10.903322458267212 sec
----------
Epoch 450 / 600
train error: avg loss = 0.04427393
ES count = 311
Elapsed time = 10.879952430725098 sec
----------
Epoch 451 / 600
train error: avg loss = 0.04049850
ES count = 312
Elapsed time = 10.028767347335815 sec
----------
Epoch 452 / 600
train error: avg loss = 0.04226426
ES count = 313
Elapsed time = 8.685165166854858 sec
----------
Epoch 453 / 600
train error: avg loss = 0.04241755
ES count = 314
Elapsed time = 8.584770679473877 sec
----------
Epoch 454 / 600
train error: avg loss = 0.04071829
ES count = 315
Elapsed time = 8.792941808700562 sec
----------
Epoch 455 / 600
train error: avg loss = 0.04062187
ES count = 316
Elapsed time = 8.651890754699707 sec
----------
Epoch 456 / 600
train error: avg loss = 0.04143867
ES count = 317
Elapsed time = 8.617267847061157 sec
----------
Epoch 457 / 600
train error: avg loss = 0.03854206
ES count = 318
Elapsed time = 8.533573389053345 sec
----------
Epoch 458 / 600
train error: avg loss = 0.04257706
ES count = 319
Elapsed time = 8.743332862854004 sec
----------
Epoch 459 / 600
train error: avg loss = 0.03935930
ES count = 320
Elapsed time = 8.732450723648071 sec
----------
Epoch 460 / 600
train error: avg loss = 0.04046394
ES count = 321
Elapsed time = 8.638787746429443 sec
----------
Epoch 461 / 600
train error: avg loss = 0.04499300
ES count = 322
Elapsed time = 8.899733304977417 sec
----------
Epoch 462 / 600
train error: avg loss = 0.04206220
ES count = 323
Elapsed time = 8.587323665618896 sec
----------
Epoch 463 / 600
train error: avg loss = 0.04372388
ES count = 324
Elapsed time = 8.741626262664795 sec
----------
Epoch 464 / 600
train error: avg loss = 0.04210349
ES count = 325
Elapsed time = 8.579738140106201 sec
----------
Epoch 465 / 600
train error: avg loss = 0.03973817
ES count = 326
Elapsed time = 8.383727312088013 sec
----------
Epoch 466 / 600
train error: avg loss = 0.04188659
ES count = 327
Elapsed time = 8.550049066543579 sec
----------
Epoch 467 / 600
train error: avg loss = 0.03952608
ES count = 328
Elapsed time = 8.567896127700806 sec
----------
Epoch 468 / 600
train error: avg loss = 0.04014159
ES count = 329
Elapsed time = 8.582631826400757 sec
----------
Epoch 469 / 600
train error: avg loss = 0.03807608
ES count = 330
Elapsed time = 8.403719186782837 sec
----------
Epoch 470 / 600
train error: avg loss = 0.04313910
ES count = 331
Elapsed time = 8.876052618026733 sec
----------
Epoch 471 / 600
train error: avg loss = 0.04184121
ES count = 332
Elapsed time = 8.63313341140747 sec
----------
Epoch 472 / 600
train error: avg loss = 0.04181020
ES count = 333
Elapsed time = 8.66661524772644 sec
----------
Epoch 473 / 600
train error: avg loss = 0.04116662
ES count = 334
Elapsed time = 8.297593832015991 sec
----------
Epoch 474 / 600
train error: avg loss = 0.03965808
ES count = 335
Elapsed time = 8.400628089904785 sec
----------
Epoch 475 / 600
train error: avg loss = 0.04868236
ES count = 336
Elapsed time = 8.753089189529419 sec
----------
Epoch 476 / 600
train error: avg loss = 0.29482219
ES count = 337
Elapsed time = 8.629702806472778 sec
----------
Epoch 477 / 600
train error: avg loss = 0.18955451
ES count = 338
Elapsed time = 8.766300678253174 sec
----------
Epoch 478 / 600
train error: avg loss = 0.06405960
ES count = 339
Elapsed time = 8.648834466934204 sec
----------
Epoch 479 / 600
train error: avg loss = 0.04757399
ES count = 340
Elapsed time = 8.531461954116821 sec
----------
Epoch 480 / 600
train error: avg loss = 0.04537963
ES count = 341
Elapsed time = 8.689655542373657 sec
----------
Epoch 481 / 600
train error: avg loss = 0.04207392
ES count = 342
Elapsed time = 8.77358102798462 sec
----------
Epoch 482 / 600
train error: avg loss = 0.04312474
ES count = 343
Elapsed time = 8.789145946502686 sec
----------
Epoch 483 / 600
train error: avg loss = 0.04194129
ES count = 344
Elapsed time = 8.537588596343994 sec
----------
Epoch 484 / 600
train error: avg loss = 0.04353621
ES count = 345
Elapsed time = 8.848616123199463 sec
----------
Epoch 485 / 600
train error: avg loss = 0.04120862
ES count = 346
Elapsed time = 8.954829216003418 sec
----------
Epoch 486 / 600
train error: avg loss = 0.04223283
ES count = 347
Elapsed time = 8.626254796981812 sec
----------
Epoch 487 / 600
train error: avg loss = 0.04121125
ES count = 348
Elapsed time = 8.579803943634033 sec
----------
Epoch 488 / 600
train error: avg loss = 0.04014706
ES count = 349
Elapsed time = 8.735190153121948 sec
----------
Epoch 489 / 600
train error: avg loss = 0.04184039
ES count = 350
Elapsed time = 8.631786108016968 sec
----------
Epoch 490 / 600
train error: avg loss = 0.04024550
ES count = 351
Elapsed time = 8.74535846710205 sec
----------
Epoch 491 / 600
train error: avg loss = 0.04088871
ES count = 352
Elapsed time = 8.7776038646698 sec
----------
Epoch 492 / 600
train error: avg loss = 0.03654102
ES count = 353
Elapsed time = 8.730309963226318 sec
----------
Epoch 493 / 600
train error: avg loss = 0.03953953
ES count = 354
Elapsed time = 8.70514988899231 sec
----------
Epoch 494 / 600
train error: avg loss = 0.03718264
ES count = 355
Elapsed time = 8.702196836471558 sec
----------
Epoch 495 / 600
train error: avg loss = 0.04059919
ES count = 356
Elapsed time = 8.549620389938354 sec
----------
Epoch 496 / 600
train error: avg loss = 0.03945651
ES count = 357
Elapsed time = 8.865970611572266 sec
----------
Epoch 497 / 600
train error: avg loss = 0.04091372
ES count = 358
Elapsed time = 8.439355850219727 sec
----------
Epoch 498 / 600
train error: avg loss = 0.03991766
ES count = 359
Elapsed time = 8.659366607666016 sec
----------
Epoch 499 / 600
train error: avg loss = 0.04100059
ES count = 360
Elapsed time = 8.70048999786377 sec
----------
Epoch 500 / 600
train error: avg loss = 0.03788328
ES count = 361
Epoch = 500. Save a periodic model snapshot.
Elapsed time = 8.870511293411255 sec
----------
Epoch 501 / 600
train error: avg loss = 0.04380918
ES count = 362
Elapsed time = 8.656522750854492 sec
----------
Epoch 502 / 600
train error: avg loss = 0.04039180
ES count = 363
Elapsed time = 8.684746026992798 sec
----------
Epoch 503 / 600
train error: avg loss = 0.04014443
ES count = 364
Elapsed time = 8.828409671783447 sec
----------
Epoch 504 / 600
train error: avg loss = 0.03991288
ES count = 365
Elapsed time = 8.772834300994873 sec
----------
Epoch 505 / 600
train error: avg loss = 0.03937881
ES count = 366
Elapsed time = 8.62179708480835 sec
----------
Epoch 506 / 600
train error: avg loss = 0.04024126
ES count = 367
Elapsed time = 8.814448833465576 sec
----------
Epoch 507 / 600
train error: avg loss = 0.03777194
ES count = 368
Elapsed time = 8.856571912765503 sec
----------
Epoch 508 / 600
train error: avg loss = 0.03839428
ES count = 369
Elapsed time = 8.809265613555908 sec
----------
Epoch 509 / 600
train error: avg loss = 0.03986144
ES count = 370
Elapsed time = 8.61447525024414 sec
----------
Epoch 510 / 600
train error: avg loss = 0.03664896
ES count = 371
Elapsed time = 8.942691564559937 sec
----------
Epoch 511 / 600
train error: avg loss = 0.04320126
ES count = 372
Elapsed time = 8.71141242980957 sec
----------
Epoch 512 / 600
train error: avg loss = 0.03915966
ES count = 373
Elapsed time = 8.68021821975708 sec
----------
Epoch 513 / 600
train error: avg loss = 0.03699720
ES count = 374
Elapsed time = 8.852576971054077 sec
----------
Epoch 514 / 600
train error: avg loss = 0.04195798
ES count = 375
Elapsed time = 8.576869010925293 sec
----------
Epoch 515 / 600
train error: avg loss = 0.03901253
ES count = 376
Elapsed time = 8.846673250198364 sec
----------
Epoch 516 / 600
train error: avg loss = 0.03836419
ES count = 377
Elapsed time = 8.753174304962158 sec
----------
Epoch 517 / 600
train error: avg loss = 0.03969169
ES count = 378
Elapsed time = 8.696811199188232 sec
----------
Epoch 518 / 600
train error: avg loss = 0.04127785
ES count = 379
Elapsed time = 8.623963832855225 sec
----------
Epoch 519 / 600
train error: avg loss = 0.03861327
ES count = 380
Elapsed time = 8.792836427688599 sec
----------
Epoch 520 / 600
train error: avg loss = 0.03842139
ES count = 381
Elapsed time = 8.556490659713745 sec
----------
Epoch 521 / 600
train error: avg loss = 0.03683532
ES count = 382
Elapsed time = 8.972381353378296 sec
----------
Epoch 522 / 600
train error: avg loss = 0.04014846
ES count = 383
Elapsed time = 8.70102834701538 sec
----------
Epoch 523 / 600
train error: avg loss = 0.04371265
ES count = 384
Elapsed time = 8.748361110687256 sec
----------
Epoch 524 / 600
train error: avg loss = 0.04412162
ES count = 385
Elapsed time = 8.890385627746582 sec
----------
Epoch 525 / 600
train error: avg loss = 0.03990277
ES count = 386
Elapsed time = 8.729460000991821 sec
----------
Epoch 526 / 600
train error: avg loss = 0.03790401
ES count = 387
Elapsed time = 8.74240493774414 sec
----------
Epoch 527 / 600
train error: avg loss = 0.03742379
ES count = 388
Elapsed time = 8.72264814376831 sec
----------
Epoch 528 / 600
train error: avg loss = 0.04211582
ES count = 389
Elapsed time = 8.525013446807861 sec
----------
Epoch 529 / 600
train error: avg loss = 0.03937415
ES count = 390
Elapsed time = 8.740654945373535 sec
----------
Epoch 530 / 600
train error: avg loss = 0.03661536
ES count = 391
Elapsed time = 8.596842765808105 sec
----------
Epoch 531 / 600
train error: avg loss = 0.03717296
ES count = 392
Elapsed time = 8.508571147918701 sec
----------
Epoch 532 / 600
train error: avg loss = 0.03781361
ES count = 393
Elapsed time = 8.869726419448853 sec
----------
Epoch 533 / 600
train error: avg loss = 0.03803788
ES count = 394
Elapsed time = 8.684853792190552 sec
----------
Epoch 534 / 600
train error: avg loss = 0.03883728
ES count = 395
Elapsed time = 8.377070665359497 sec
----------
Epoch 535 / 600
train error: avg loss = 0.03732100
ES count = 396
Elapsed time = 8.389307022094727 sec
----------
Epoch 536 / 600
train error: avg loss = 0.03818339
ES count = 397
Elapsed time = 8.45948600769043 sec
----------
Epoch 537 / 600
train error: avg loss = 0.03911806
ES count = 398
Elapsed time = 8.550497770309448 sec
----------
Epoch 538 / 600
train error: avg loss = 0.03998033
ES count = 399
Elapsed time = 8.680876731872559 sec
----------
Epoch 539 / 600
train error: avg loss = 0.04168210
ES count = 400
Train end: 2026-07-15T15:31:48.690763+00:00 UTC
Best epoch: 139, best_loss: 0.03575659
Total elapsed time = 79.76122798124949 min

**************************************************
Make inference
**************************************************


Inference at epoch 100.
UNetDDPMVer01 is created
dataset_config.dataset_name='Dataset3dWind'
The total files = 480. A part of them is used for training.
train: 167/335 samples kept after day_night_filter=day
valid: 36/70 samples kept after day_night_filter=day
test: 37/75 samples kept after day_night_filter=day
All files give to dataset are 36.
Reading all files.
valid: dataset size = 36, batch num = 18

Requested 60 samples, but only 36 are available. Using all available data.
Inference out = /fsb/home/yutingwang/ytw_tangzq/schrodinger-bridge-sr-micrometeorology/data/DL_result/ExperimentSchrodingerBridge3dWind/config_wind_3d_ablation_no_terrain_day_large/inference_0100.pickle
Total elapsed time = 0.20196998119354248 min


Inference at epoch 200.
UNetDDPMVer01 is created
dataset_config.dataset_name='Dataset3dWind'
The total files = 480. A part of them is used for training.
train: 167/335 samples kept after day_night_filter=day
valid: 36/70 samples kept after day_night_filter=day
test: 37/75 samples kept after day_night_filter=day
All files give to dataset are 36.
Reading all files.
valid: dataset size = 36, batch num = 18

Requested 60 samples, but only 36 are available. Using all available data.
Inference out = /fsb/home/yutingwang/ytw_tangzq/schrodinger-bridge-sr-micrometeorology/data/DL_result/ExperimentSchrodingerBridge3dWind/config_wind_3d_ablation_no_terrain_day_large/inference_0200.pickle
Total elapsed time = 0.20035690466562908 min


Inference at epoch 300.
UNetDDPMVer01 is created
dataset_config.dataset_name='Dataset3dWind'
The total files = 480. A part of them is used for training.
train: 167/335 samples kept after day_night_filter=day
valid: 36/70 samples kept after day_night_filter=day
test: 37/75 samples kept after day_night_filter=day
All files give to dataset are 36.
Reading all files.
valid: dataset size = 36, batch num = 18

Requested 60 samples, but only 36 are available. Using all available data.
Inference out = /fsb/home/yutingwang/ytw_tangzq/schrodinger-bridge-sr-micrometeorology/data/DL_result/ExperimentSchrodingerBridge3dWind/config_wind_3d_ablation_no_terrain_day_large/inference_0300.pickle
Total elapsed time = 0.23119303385416667 min


Inference at epoch 400.
UNetDDPMVer01 is created
dataset_config.dataset_name='Dataset3dWind'
The total files = 480. A part of them is used for training.
train: 167/335 samples kept after day_night_filter=day
valid: 36/70 samples kept after day_night_filter=day
test: 37/75 samples kept after day_night_filter=day
All files give to dataset are 36.
Reading all files.
valid: dataset size = 36, batch num = 18

Requested 60 samples, but only 36 are available. Using all available data.
Inference out = /fsb/home/yutingwang/ytw_tangzq/schrodinger-bridge-sr-micrometeorology/data/DL_result/ExperimentSchrodingerBridge3dWind/config_wind_3d_ablation_no_terrain_day_large/inference_0400.pickle
Total elapsed time = 0.2155502676963806 min


Inference at epoch 500.
UNetDDPMVer01 is created
dataset_config.dataset_name='Dataset3dWind'
The total files = 480. A part of them is used for training.
train: 167/335 samples kept after day_night_filter=day
valid: 36/70 samples kept after day_night_filter=day
test: 37/75 samples kept after day_night_filter=day
All files give to dataset are 36.
Reading all files.
valid: dataset size = 36, batch num = 18

Requested 60 samples, but only 36 are available. Using all available data.
Inference out = /fsb/home/yutingwang/ytw_tangzq/schrodinger-bridge-sr-micrometeorology/data/DL_result/ExperimentSchrodingerBridge3dWind/config_wind_3d_ablation_no_terrain_day_large/inference_0500.pickle
Total elapsed time = 0.15901187658309937 min

End all inference processes.

End: Wed Jul 15 23:32:51 CST 2026

------------------------------------------------------------
Sender: LSF System <lsfadmin@m003>
Subject: Job 13763905: <abl_large_day_no_terrain> in cluster <hpc> Done

Job <abl_large_day_no_terrain> was submitted from host <login1> by user <ytw_tangzq> in cluster <hpc> at Wed Jul 15 22:10:28 2026
Job was executed on host(s) <6*m003>, in queue <723090ib>, as user <ytw_tangzq> in cluster <hpc> at Wed Jul 15 22:10:29 2026
</fsb/home/yutingwang/ytw_tangzq> was used as the home directory.
</fsb/home/yutingwang/ytw_tangzq/schrodinger-bridge-sr-micrometeorology> was used as the working directory.
Started at Wed Jul 15 22:10:29 2026
Terminated at Wed Jul 15 23:32:51 2026
Results reported at Wed Jul 15 23:32:51 2026

Your job looked like:

------------------------------------------------------------
# LSBATCH: User input
#!/bin/bash
# ============================================
# LSF — Day/Night Ablation Large (192x192, 64ch): NoTerrain (day)
# 192x192 + inner_ch=64 + pure L2 + GPU
# ============================================
#BSUB -q 723090ib
#BSUB -gpu "num=1:mode=exclusive_process"
#BSUB -n 4
#BSUB -R "rusage[mem=32000]"
#BSUB -J abl_large_day_no_terrain
#BSUB -o logs/abl_large_day_no_terrain_%J.out
#BSUB -e logs/abl_large_day_no_terrain_%J.err

module load anaconda/3
module load cuda/11.8.0
source activate wind3d

cd $LS_SUBCWD
mkdir -p logs

echo "=== Ablation: NoTerrain | Filter: day | Large (192x192, 64ch) ==="
echo "Config: configs/config_wind_3d_ablation_no_terrain_day_large.yml"
echo "Host: $(hostname)"
echo "GPU:  $(nvidia-smi --query-gpu=name,memory.total --format=csv,noheader 2>/dev/null || echo 'N/A')"
echo "Start: $(date)"
echo ""

python scripts/train_schrodinger_bridge_model.py \
  --config_path configs/config_wind_3d_ablation_no_terrain_day_large.yml \
  --experiment_name ExperimentSchrodingerBridge3dWind \
  --device cuda:0

echo ""
echo "End: $(date)"

------------------------------------------------------------

Successfully completed.

Resource usage summary:

    CPU time :                                   5707.66 sec.
    Max Memory :                                 2520 MB
    Average Memory :                             2441.24 MB
    Total Requested Memory :                     32000.00 MB
    Delta Memory :                               29480.00 MB
    Max Swap :                                   -
    Max Processes :                              8
    Max Threads :                                49
    Run time :                                   4942 sec.
    Turnaround time :                            4943 sec.

The output (if any) is above this job summary.



PS:

Read file <logs/abl_large_day_no_terrain_13763905.err> for stderr output of this job.

